warning: missing python package "xmlschema"; input file callbacks.xml will not be validated.
warning: missing python package "xmlschema"; input file callbacks.xml will not be validated.
warning: missing python package "xmlschema"; input file callbacks.xml will not be validated.
warning: missing python package "xmlschema"; input file callbacks.xml will not be validated.
warning: missing python package "xmlschema"; input file lua.xml will not be validated.
warning: missing python package "xmlschema"; input file lua.xml will not be validated.
warning: missing python package "xmlschema"; input file reference.xml will not be validated.
warning: missing python package "xmlschema"; input file callbacks.xml will not be validated.
warning: missing python package "xmlschema"; input file callbacks.xml will not be validated.
warning: missing python package "xmlschema"; input file callbacks.xml will not be validated.
warning: missing python package "xmlschema"; input file callbacks.xml will not be validated.
[01m[K/home/user/Desktop/New_ter/CoppeliaSim/build/sim_ros2_interface/generated/callbacks.cpp:[m[K In function ‘[01m[Kvoid[01;32m[K write__std_msgs__msg__MultiArrayLayout[m[K(const std_msgs::msg::MultiArrayLayout&, int, const ROS2WriteOptions*)[m[K’:
[01m[K/home/user/Desktop/New_ter/CoppeliaSim/build/sim_ros2_interface/generated/callbacks.cpp:3703:17:[m[K [01;31m[Kerror: [m[K‘[01m[Kwrite__std_msgs__msg__MultiArrayDimension[m[K’ was not declared in this scope; did you mean ‘[01m[KDEPRECATED__std_msgs__msg__MultiArrayDimension[m[K’?
 3703 |                 [01;31m[Kwrite__std_msgs__msg__MultiArrayDimension[m[K(msg.dim[i], stack, opt);
      |                 [01;31m[K^~~~~~~~~~~~~~~~~~~~~~~~~~~~~~~~~~~~~~~~~[m[K
      |                 [32m[KDEPRECATED__std_msgs__msg__MultiArrayDimension[m[K
[01m[K/home/user/Desktop/New_ter/CoppeliaSim/build/sim_ros2_interface/generated/callbacks.cpp:[m[K In function ‘[01m[Kvoid[01;32m[K read__std_msgs__msg__MultiArrayLayout[m[K(int, std_msgs::msg::MultiArrayLayout*, const ROS2ReadOptions*)[m[K’:
[01m[K/home/user/Desktop/New_ter/CoppeliaSim/build/sim_ros2_interface/generated/callbacks.cpp:3778:29:[m[K [01;31m[Kerror: [m[K‘[01m[Kread__std_msgs__msg__MultiArrayDimension[m[K’ was not declared in this scope; did you mean ‘[01m[KDEPRECATED__std_msgs__msg__MultiArrayDimension[m[K’?
 3778 |                             [01;31m[Kread__std_msgs__msg__MultiArrayDimension[m[K(stack, &v, opt);
      |                             [01;31m[K^~~~~~~~~~~~~~~~~~~~~~~~~~~~~~~~~~~~~~~~[m[K
      |                             [32m[KDEPRECATED__std_msgs__msg__MultiArrayDimension[m[K
gmake[2]: *** [CMakeFiles/simExtROS2.dir/build.make:227: CMakeFiles/simExtROS2.dir/generated/callbacks.cpp.o] Error 1
gmake[2]: *** Waiting for unfinished jobs....
gmake[1]: *** [CMakeFiles/Makefile2:164: CMakeFiles/simExtROS2.dir/all] Error 2
gmake: *** [Makefile:146: all] Error 2
