[0.024s] Invoking command in '/home/user/Desktop/New_ter/CoppeliaSim/build/sim_ros2_interface': CMAKE_PREFIX_PATH=${CMAKE_PREFIX_PATH}:/opt/ros/jazzy DEBUGINFOD_URLS=https://debuginfod.ubuntu.com /usr/bin/cmake /home/user/Desktop/New_ter/CoppeliaSim/programming/ros2_packages/sim_ros2_interface -DAMENT_CMAKE_SYMLINK_INSTALL=1 -DCMAKE_INSTALL_PREFIX=/home/user/Desktop/New_ter/CoppeliaSim/install/sim_ros2_interface
[0.136s] -- The C compiler identification is GNU 13.3.0
[0.253s] -- The CXX compiler identification is GNU 13.3.0
[0.315s] -- Detecting C compiler ABI info
[0.527s] -- Detecting C compiler ABI info - done
[0.530s] -- Check for working C compiler: /usr/bin/cc - skipped
[0.533s] -- Detecting C compile features
[0.533s] -- Detecting C compile features - done
[0.556s] -- Detecting CXX compiler ABI info
[0.787s] -- Detecting CXX compiler ABI info - done
[0.798s] -- Check for working CXX compiler: /usr/bin/c++ - skipped
[0.798s] -- Detecting CXX compile features
[0.800s] -- Detecting CXX compile features - done
[0.804s] -- Found ament_cmake: 2.5.5 (/opt/ros/jazzy/share/ament_cmake/cmake)
[1.044s] -- Found Python3: /usr/bin/python3 (found version "3.12.3") found components: Interpreter 
[1.192s] -- Override CMake install command with custom implementation using symlinks instead of copying resources
[1.242s] -- Found ament_cmake_ros: 0.12.0 (/opt/ros/jazzy/share/ament_cmake_ros/cmake)
[1.257s] -- Found diagnostic_msgs: 5.3.6 (/opt/ros/jazzy/share/diagnostic_msgs/cmake)
[1.329s] -- Found rosidl_generator_c: 4.6.7 (/opt/ros/jazzy/share/rosidl_generator_c/cmake)
[1.353s] -- Found rosidl_generator_cpp: 4.6.7 (/opt/ros/jazzy/share/rosidl_generator_cpp/cmake)
[1.381s] -- Using all available rosidl_typesupport_c: rosidl_typesupport_fastrtps_c;rosidl_typesupport_introspection_c
[1.408s] -- Using all available rosidl_typesupport_cpp: rosidl_typesupport_fastrtps_cpp;rosidl_typesupport_introspection_cpp
[1.539s] -- Found geometry_msgs: 5.3.6 (/opt/ros/jazzy/share/geometry_msgs/cmake)
[1.573s] -- Found lifecycle_msgs: 2.0.3 (/opt/ros/jazzy/share/lifecycle_msgs/cmake)
[1.609s] -- Found map_msgs: 2.4.1 (/opt/ros/jazzy/share/map_msgs/cmake)
[1.775s] -- Found pendulum_msgs: 0.33.9 (/opt/ros/jazzy/share/pendulum_msgs/cmake)
[1.794s] -- Found rosgraph_msgs: 2.0.3 (/opt/ros/jazzy/share/rosgraph_msgs/cmake)
[1.816s] -- Found shape_msgs: 5.3.6 (/opt/ros/jazzy/share/shape_msgs/cmake)
[1.847s] -- Found stereo_msgs: 5.3.6 (/opt/ros/jazzy/share/stereo_msgs/cmake)
[1.879s] -- Found tf2_geometry_msgs: 0.36.19 (/opt/ros/jazzy/share/tf2_geometry_msgs/cmake)
[1.895s] -- Found eigen3_cmake_module: 0.3.0 (/opt/ros/jazzy/share/eigen3_cmake_module/cmake)
[1.897s] -- Found Eigen3: TRUE (found version "3.4.0") 
[1.898s] -- Ensuring Eigen3 include directory is part of orocos-kdl CMake target
[2.069s] -- Found rmw_implementation_cmake: 7.3.3 (/opt/ros/jazzy/share/rmw_implementation_cmake/cmake)
[2.069s] -- Found rmw_fastrtps_cpp: 8.4.3 (/opt/ros/jazzy/share/rmw_fastrtps_cpp/cmake)
[2.266s] -- Found OpenSSL: /usr/lib/x86_64-linux-gnu/libcrypto.so (found version "3.0.13")  
[2.313s] -- Found FastRTPS: /opt/ros/jazzy/include (Required is at least version "2.13") 
[2.386s] -- Using RMW implementation 'rmw_fastrtps_cpp' as default
[2.632s] -- Found trajectory_msgs: 5.3.6 (/opt/ros/jazzy/share/trajectory_msgs/cmake)
[2.683s] -- Found visualization_msgs: 5.3.6 (/opt/ros/jazzy/share/visualization_msgs/cmake)
[2.742s] -- Found std_srvs: 5.3.6 (/opt/ros/jazzy/share/std_srvs/cmake)
[2.776s] -- Found example_interfaces: 0.12.0 (/opt/ros/jazzy/share/example_interfaces/cmake)
[2.815s] -- Found image_transport: 5.1.7 (/opt/ros/jazzy/share/image_transport/cmake)
[2.836s] -- Found aiguillages: 3.1.2 (/home/user/Desktop/New_ter/ros2_ws/install/aiguillages/share/aiguillages/cmake)
[2.855s] -- CoppeliaSim: LIBPLUGIN_DIR: /home/user/Desktop/New_ter/CoppeliaSim/programming/libPlugin.
[2.855s] -- CoppeliaSim: COPPELIASIM_ROOT_DIR: /home/user/Desktop/New_ter/CoppeliaSim.
[2.855s] -- Found CoppeliaSim installation at /home/user/Desktop/New_ter/CoppeliaSim.
[2.856s] -- Checking CoppeliaSim header version...
[3.524s] -- CoppeliaSim headers version 4.3.0 rev3
[3.545s] -- Found Boost: /usr/lib/x86_64-linux-gnu/cmake/Boost-1.83.0/BoostConfig.cmake (found version "1.83.0") found components: regex 
[3.566s] -- Found Git: /usr/bin/git (found version "2.43.0") 
[3.918s] -- Found Boost: /usr/lib/x86_64-linux-gnu/cmake/Boost-1.83.0/BoostConfig.cmake (found version "1.83.0")  
[3.922s] -- Adding simStubsGen command...
[4.207s] -- Reading plugin metadata...
[4.281s] warning: missing python package "xmlschema"; input file callbacks.xml will not be validated.
[4.341s] warning: missing python package "xmlschema"; input file callbacks.xml will not be validated.
[4.405s] -- Plugin: ROS2
[4.608s] -- Configuring done (4.6s)
[4.662s] -- Generating done (0.0s)
[4.672s] -- Build files have been written to: /home/user/Desktop/New_ter/CoppeliaSim/build/sim_ros2_interface
[4.722s] Invoked command in '/home/user/Desktop/New_ter/CoppeliaSim/build/sim_ros2_interface' returned '0': CMAKE_PREFIX_PATH=${CMAKE_PREFIX_PATH}:/opt/ros/jazzy DEBUGINFOD_URLS=https://debuginfod.ubuntu.com /usr/bin/cmake /home/user/Desktop/New_ter/CoppeliaSim/programming/ros2_packages/sim_ros2_interface -DAMENT_CMAKE_SYMLINK_INSTALL=1 -DCMAKE_INSTALL_PREFIX=/home/user/Desktop/New_ter/CoppeliaSim/install/sim_ros2_interface
[4.722s] Invoking command in '/home/user/Desktop/New_ter/CoppeliaSim/build/sim_ros2_interface': CMAKE_PREFIX_PATH=${CMAKE_PREFIX_PATH}:/opt/ros/jazzy DEBUGINFOD_URLS=https://debuginfod.ubuntu.com /usr/bin/cmake --build /home/user/Desktop/New_ter/CoppeliaSim/build/sim_ros2_interface -- -j4 -l4
[4.861s] [  2%] [34m[1mGenerating generated/actcli_sendGoal.cpp[0m
[4.861s] [  4%] [34m[1mGenerating generated/actcli_cancelLastGoal.cpp[0m
[4.869s] [  7%] [34m[1mGenerating generated/actcli_new.cpp[0m
[4.871s] [  9%] [34m[1mGenerating generated/actcli_del.cpp[0m
[5.167s] [ 12%] [34m[1mGenerating generated/actsrv_action_abort.cpp[0m
[5.248s] [ 14%] [34m[1mGenerating generated/actsrv_action_canceled.cpp[0m
[5.635s] [ 17%] [34m[1mGenerating generated/actsrv_action_execute.cpp[0m
[5.635s] [ 19%] [34m[1mGenerating generated/actsrv_action_is_active.cpp[0m
[5.655s] [ 21%] [34m[1mGenerating generated/actsrv_action_is_canceling.cpp[0m
[5.784s] [ 24%] [34m[1mGenerating generated/actsrv_action_is_executing.cpp[0m
[5.807s] [ 26%] [34m[1mGenerating generated/actsrv_action_publish_feedback.cpp[0m
[6.031s] [ 29%] [34m[1mGenerating generated/actsrv_action_succeed.cpp[0m
[6.047s] [ 31%] [34m[1mGenerating generated/actsrv_del.cpp[0m
[6.172s] [ 34%] [34m[1mGenerating generated/actsrv_new.cpp[0m
[6.382s] [ 36%] [34m[1mGenerating generated/callbacks.cpp[0m
[6.451s] [ 39%] [34m[1mGenerating generated/callbacks.h[0m
[6.483s] [ 41%] [34m[1mGenerating generated/cli_call.cpp[0m
[6.514s] [ 43%] [34m[1mGenerating generated/cli_del.cpp[0m
[6.746s] [ 46%] [34m[1mGenerating generated/cli_new.cpp[0m
[7.017s] [ 48%] [34m[1mGenerating generated/if_const.cpp[0m
[7.018s] [ 51%] [34m[1mGenerating generated/cli_wait.cpp[0m
[7.092s] [ 53%] [34m[1mGenerating generated/if_list.cpp[0m
[7.277s] [ 56%] [34m[1mGenerating generated/if_new.cpp[0m
[7.337s] [ 58%] [34m[1mGenerating generated/pub_del.cpp[0m
[7.407s] [ 60%] [34m[1mGenerating generated/pub_new.cpp[0m
[7.473s] [ 63%] [34m[1mGenerating generated/pub_publish.cpp[0m
[7.600s] [ 65%] [34m[1mGenerating generated/srv_del.cpp[0m
[7.766s] [ 68%] [34m[1mGenerating generated/srv_new.cpp[0m
[7.787s] [ 70%] [34m[1mGenerating generated/sub_del.cpp[0m
[8.055s] [ 73%] [34m[1mGenerating generated/sub_new.cpp[0m
[8.394s] [ 73%] Built target generate_ros_code
[8.428s] [ 75%] [34m[1mGenerating generated/stubs.cpp, generated/stubs.h, generated/plugin.h, generated/stubsPlusPlus.cpp, generated/index.json, generated/reference.html, generated/lua_calltips.cpp, generated/simROS2-typecheck.lua[0m
[8.523s] /home/user/Desktop/New_ter/CoppeliaSim/programming/libPlugin/simStubsGen/generate.py --verbose --xml-file /home/user/Desktop/New_ter/CoppeliaSim/programming/ros2_packages/sim_ros2_interface/meta/callbacks.xml --gen-all /home/user/Desktop/New_ter/CoppeliaSim/build/sim_ros2_interface/generated --lua-file /home/user/Desktop/New_ter/CoppeliaSim/programming/ros2_packages/sim_ros2_interface/simROS2.lua
[8.525s] warning: missing python package "xmlschema"; input file callbacks.xml will not be validated.
[8.532s] /usr/bin/python3 /home/user/Desktop/New_ter/CoppeliaSim/programming/libPlugin/simStubsGen/generate_lua_xml.py /home/user/Desktop/New_ter/CoppeliaSim/programming/ros2_packages/sim_ros2_interface/meta/callbacks.xml /home/user/Desktop/New_ter/CoppeliaSim/programming/ros2_packages/sim_ros2_interface/simROS2.lua /home/user/Desktop/New_ter/CoppeliaSim/build/sim_ros2_interface/generated/lua.xml
[8.605s] warning: missing python package "xmlschema"; input file callbacks.xml will not be validated.
[8.629s] /usr/bin/python3 /home/user/Desktop/New_ter/CoppeliaSim/programming/libPlugin/simStubsGen/merge_xml.py /home/user/Desktop/New_ter/CoppeliaSim/programming/ros2_packages/sim_ros2_interface/meta/callbacks.xml /home/user/Desktop/New_ter/CoppeliaSim/build/sim_ros2_interface/generated/lua.xml /home/user/Desktop/New_ter/CoppeliaSim/build/sim_ros2_interface/generated/reference.xml
[8.726s] xsltproc -o /home/user/Desktop/New_ter/CoppeliaSim/build/sim_ros2_interface/generated/reference.html /home/user/Desktop/New_ter/CoppeliaSim/programming/libPlugin/simStubsGen/xsl/reference.xsl /home/user/Desktop/New_ter/CoppeliaSim/build/sim_ros2_interface/generated/reference.xml
[8.776s] /usr/bin/python3 /home/user/Desktop/New_ter/CoppeliaSim/programming/libPlugin/simStubsGen/generate_lua_calltips.py /home/user/Desktop/New_ter/CoppeliaSim/build/sim_ros2_interface/generated/lua.xml /home/user/Desktop/New_ter/CoppeliaSim/build/sim_ros2_interface/generated/lua_calltips.cpp
[8.821s] warning: missing python package "xmlschema"; input file lua.xml will not be validated.
[8.830s] /usr/bin/python3 /home/user/Desktop/New_ter/CoppeliaSim/programming/libPlugin/simStubsGen/generate_lua_typechecker.py /home/user/Desktop/New_ter/CoppeliaSim/programming/ros2_packages/sim_ros2_interface/simROS2.lua /home/user/Desktop/New_ter/CoppeliaSim/build/sim_ros2_interface/generated/lua.xml /home/user/Desktop/New_ter/CoppeliaSim/build/sim_ros2_interface/generated/simROS2-typecheck.lua
[8.869s] warning: missing python package "xmlschema"; input file lua.xml will not be validated.
[8.877s] /usr/bin/python3 /home/user/Desktop/New_ter/CoppeliaSim/programming/libPlugin/simStubsGen/generate_api_index.py /home/user/Desktop/New_ter/CoppeliaSim/build/sim_ros2_interface/generated/reference.xml /home/user/Desktop/New_ter/CoppeliaSim/build/sim_ros2_interface/generated/index.json
[8.920s] warning: missing python package "xmlschema"; input file reference.xml will not be validated.
[8.940s] /usr/bin/python3 /home/user/Desktop/New_ter/CoppeliaSim/programming/libPlugin/simStubsGen/external/pycpp/pycpp.py -p xml_file=/home/user/Desktop/New_ter/CoppeliaSim/programming/ros2_packages/sim_ros2_interface/meta/callbacks.xml -p have_lua_calltips=True -P /home/user/Desktop/New_ter/CoppeliaSim/programming/libPlugin/simStubsGen -p lua_require=simROS2-typecheck -i /home/user/Desktop/New_ter/CoppeliaSim/programming/libPlugin/simStubsGen/cpp/stubs.cpp -o /home/user/Desktop/New_ter/CoppeliaSim/build/sim_ros2_interface/generated/stubs.cpp
[8.990s] warning: missing python package "xmlschema"; input file callbacks.xml will not be validated.
[9.010s] /usr/bin/python3 /home/user/Desktop/New_ter/CoppeliaSim/programming/libPlugin/simStubsGen/external/pycpp/pycpp.py -p xml_file=/home/user/Desktop/New_ter/CoppeliaSim/programming/ros2_packages/sim_ros2_interface/meta/callbacks.xml -p have_lua_calltips=True -P /home/user/Desktop/New_ter/CoppeliaSim/programming/libPlugin/simStubsGen -p lua_require=simROS2-typecheck -i /home/user/Desktop/New_ter/CoppeliaSim/programming/libPlugin/simStubsGen/cpp/stubs.h -o /home/user/Desktop/New_ter/CoppeliaSim/build/sim_ros2_interface/generated/stubs.h
[9.068s] warning: missing python package "xmlschema"; input file callbacks.xml will not be validated.
[9.097s] /usr/bin/python3 /home/user/Desktop/New_ter/CoppeliaSim/programming/libPlugin/simStubsGen/external/pycpp/pycpp.py -p xml_file=/home/user/Desktop/New_ter/CoppeliaSim/programming/ros2_packages/sim_ros2_interface/meta/callbacks.xml -p have_lua_calltips=True -P /home/user/Desktop/New_ter/CoppeliaSim/programming/libPlugin/simStubsGen -p lua_require=simROS2-typecheck -i /home/user/Desktop/New_ter/CoppeliaSim/programming/libPlugin/simStubsGen/cpp/plugin.h -o /home/user/Desktop/New_ter/CoppeliaSim/build/sim_ros2_interface/generated/plugin.h
[9.146s] warning: missing python package "xmlschema"; input file callbacks.xml will not be validated.
[9.173s] /usr/bin/python3 /home/user/Desktop/New_ter/CoppeliaSim/programming/libPlugin/simStubsGen/external/pycpp/pycpp.py -p xml_file=/home/user/Desktop/New_ter/CoppeliaSim/programming/ros2_packages/sim_ros2_interface/meta/callbacks.xml -p have_lua_calltips=True -P /home/user/Desktop/New_ter/CoppeliaSim/programming/libPlugin/simStubsGen -p lua_require=simROS2-typecheck -i /home/user/Desktop/New_ter/CoppeliaSim/programming/libPlugin/simStubsGen/cpp/stubsPlusPlus.cpp -o /home/user/Desktop/New_ter/CoppeliaSim/build/sim_ros2_interface/generated/stubsPlusPlus.cpp
[9.228s] warning: missing python package "xmlschema"; input file callbacks.xml will not be validated.
[9.374s] [ 80%] [32mBuilding CXX object CMakeFiles/simExtROS2.dir/home/user/Desktop/New_ter/CoppeliaSim/programming/libPlugin/simPlusPlus/Lib.cpp.o[0m
[9.374s] [ 80%] [32mBuilding CXX object CMakeFiles/simExtROS2.dir/generated/stubs.cpp.o[0m
[9.377s] [ 82%] [32mBuilding CXX object CMakeFiles/simExtROS2.dir/home/user/Desktop/New_ter/CoppeliaSim/programming/libPlugin/simPlusPlus/Plugin.cpp.o[0m
[9.416s] [ 85%] [32mBuilding CXX object CMakeFiles/simExtROS2.dir/home/user/Desktop/New_ter/CoppeliaSim/programming/common/simLib.cpp.o[0m
[10.048s] [ 87%] [32mBuilding CXX object CMakeFiles/simExtROS2.dir/home/user/Desktop/New_ter/CoppeliaSim/programming/libPlugin/simPlusPlus/Handle.cpp.o[0m
[10.639s] [ 90%] [32mBuilding CXX object CMakeFiles/simExtROS2.dir/src/sim_ros2_interface.cpp.o[0m
[12.924s] [ 92%] [32mBuilding CXX object CMakeFiles/simExtROS2.dir/src/ros_msg_builtin_io.cpp.o[0m
[14.154s] [ 95%] [32mBuilding CXX object CMakeFiles/simExtROS2.dir/generated/callbacks.cpp.o[0m
[25.602s] [01m[K/home/user/Desktop/New_ter/CoppeliaSim/build/sim_ros2_interface/generated/callbacks.cpp:[m[K In function ‘[01m[Kvoid[01;32m[K write__std_msgs__msg__MultiArrayLayout[m[K(const std_msgs::msg::MultiArrayLayout&, int, const ROS2WriteOptions*)[m[K’:
[25.602s] [01m[K/home/user/Desktop/New_ter/CoppeliaSim/build/sim_ros2_interface/generated/callbacks.cpp:3703:17:[m[K [01;31m[Kerror: [m[K‘[01m[Kwrite__std_msgs__msg__MultiArrayDimension[m[K’ was not declared in this scope; did you mean ‘[01m[KDEPRECATED__std_msgs__msg__MultiArrayDimension[m[K’?
[25.602s]  3703 |                 [01;31m[Kwrite__std_msgs__msg__MultiArrayDimension[m[K(msg.dim[i], stack, opt);
[25.603s]       |                 [01;31m[K^~~~~~~~~~~~~~~~~~~~~~~~~~~~~~~~~~~~~~~~~[m[K
[25.603s]       |                 [32m[KDEPRECATED__std_msgs__msg__MultiArrayDimension[m[K
[25.639s] [01m[K/home/user/Desktop/New_ter/CoppeliaSim/build/sim_ros2_interface/generated/callbacks.cpp:[m[K In function ‘[01m[Kvoid[01;32m[K read__std_msgs__msg__MultiArrayLayout[m[K(int, std_msgs::msg::MultiArrayLayout*, const ROS2ReadOptions*)[m[K’:
[25.639s] [01m[K/home/user/Desktop/New_ter/CoppeliaSim/build/sim_ros2_interface/generated/callbacks.cpp:3778:29:[m[K [01;31m[Kerror: [m[K‘[01m[Kread__std_msgs__msg__MultiArrayDimension[m[K’ was not declared in this scope; did you mean ‘[01m[KDEPRECATED__std_msgs__msg__MultiArrayDimension[m[K’?
[25.639s]  3778 |                             [01;31m[Kread__std_msgs__msg__MultiArrayDimension[m[K(stack, &v, opt);
[25.639s]       |                             [01;31m[K^~~~~~~~~~~~~~~~~~~~~~~~~~~~~~~~~~~~~~~~[m[K
[25.639s]       |                             [32m[KDEPRECATED__std_msgs__msg__MultiArrayDimension[m[K
[28.330s] gmake[2]: *** [CMakeFiles/simExtROS2.dir/build.make:227: CMakeFiles/simExtROS2.dir/generated/callbacks.cpp.o] Error 1
[28.331s] gmake[2]: *** Waiting for unfinished jobs....
[192.760s] gmake[1]: *** [CMakeFiles/Makefile2:164: CMakeFiles/simExtROS2.dir/all] Error 2
[192.761s] gmake: *** [Makefile:146: all] Error 2
[192.770s] Invoked command in '/home/user/Desktop/New_ter/CoppeliaSim/build/sim_ros2_interface' returned '2': CMAKE_PREFIX_PATH=${CMAKE_PREFIX_PATH}:/opt/ros/jazzy DEBUGINFOD_URLS=https://debuginfod.ubuntu.com /usr/bin/cmake --build /home/user/Desktop/New_ter/CoppeliaSim/build/sim_ros2_interface -- -j4 -l4
