[0.085s] Invoking command in '/home/user/Desktop/New_ter/CoppeliaSim/build/sim_ros2_interface': CMAKE_PREFIX_PATH=${CMAKE_PREFIX_PATH}:/opt/ros/jazzy DEBUGINFOD_URLS=https://debuginfod.ubuntu.com /usr/bin/cmake /home/user/Desktop/New_ter/CoppeliaSim/programming/ros2_packages/sim_ros2_interface -DAMENT_CMAKE_SYMLINK_INSTALL=1 -DCMAKE_INSTALL_PREFIX=/home/user/Desktop/New_ter/CoppeliaSim/install/sim_ros2_interface
[0.840s] -- The C compiler identification is GNU 13.3.0
[1.627s] -- The CXX compiler identification is GNU 13.3.0
[1.773s] -- Detecting C compiler ABI info
[2.341s] -- Detecting C compiler ABI info - done
[2.372s] -- Check for working C compiler: /usr/bin/cc - skipped
[2.378s] -- Detecting C compile features
[2.380s] -- Detecting C compile features - done
[2.440s] -- Detecting CXX compiler ABI info
[2.870s] -- Detecting CXX compiler ABI info - done
[2.906s] -- Check for working CXX compiler: /usr/bin/c++ - skipped
[2.906s] -- Detecting CXX compile features
[2.908s] -- Detecting CXX compile features - done
[3.008s] -- Found ament_cmake: 2.5.5 (/opt/ros/jazzy/share/ament_cmake/cmake)
[3.714s] -- Found Python3: /usr/bin/python3 (found version "3.12.3") found components: Interpreter 
[4.092s] -- Override CMake install command with custom implementation using symlinks instead of copying resources
[4.449s] -- Found ament_cmake_ros: 0.12.0 (/opt/ros/jazzy/share/ament_cmake_ros/cmake)
[4.548s] -- Found diagnostic_msgs: 5.3.6 (/opt/ros/jazzy/share/diagnostic_msgs/cmake)
[4.874s] -- Found rosidl_generator_c: 4.6.7 (/opt/ros/jazzy/share/rosidl_generator_c/cmake)
[4.958s] -- Found rosidl_generator_cpp: 4.6.7 (/opt/ros/jazzy/share/rosidl_generator_cpp/cmake)
[5.082s] -- Using all available rosidl_typesupport_c: rosidl_typesupport_fastrtps_c;rosidl_typesupport_introspection_c
[5.219s] -- Using all available rosidl_typesupport_cpp: rosidl_typesupport_fastrtps_cpp;rosidl_typesupport_introspection_cpp
[5.661s] -- Found geometry_msgs: 5.3.6 (/opt/ros/jazzy/share/geometry_msgs/cmake)
[5.775s] -- Found lifecycle_msgs: 2.0.3 (/opt/ros/jazzy/share/lifecycle_msgs/cmake)
[5.897s] -- Found map_msgs: 2.4.1 (/opt/ros/jazzy/share/map_msgs/cmake)
[6.371s] -- Found pendulum_msgs: 0.33.9 (/opt/ros/jazzy/share/pendulum_msgs/cmake)
[6.478s] -- Found rosgraph_msgs: 2.0.3 (/opt/ros/jazzy/share/rosgraph_msgs/cmake)
[6.584s] -- Found shape_msgs: 5.3.6 (/opt/ros/jazzy/share/shape_msgs/cmake)
[6.703s] -- Found stereo_msgs: 5.3.6 (/opt/ros/jazzy/share/stereo_msgs/cmake)
[6.837s] -- Found tf2_geometry_msgs: 0.36.19 (/opt/ros/jazzy/share/tf2_geometry_msgs/cmake)
[6.935s] -- Found eigen3_cmake_module: 0.3.0 (/opt/ros/jazzy/share/eigen3_cmake_module/cmake)
[6.945s] -- Found Eigen3: TRUE (found version "3.4.0") 
[6.947s] -- Ensuring Eigen3 include directory is part of orocos-kdl CMake target
[7.589s] -- Found rmw_implementation_cmake: 7.3.3 (/opt/ros/jazzy/share/rmw_implementation_cmake/cmake)
[7.631s] -- Found rmw_fastrtps_cpp: 8.4.3 (/opt/ros/jazzy/share/rmw_fastrtps_cpp/cmake)
[8.205s] -- Found OpenSSL: /usr/lib/x86_64-linux-gnu/libcrypto.so (found version "3.0.13")  
[8.265s] -- Found FastRTPS: /opt/ros/jazzy/include (Required is at least version "2.13") 
[8.357s] -- Using RMW implementation 'rmw_fastrtps_cpp' as default
[9.215s] -- Found trajectory_msgs: 5.3.6 (/opt/ros/jazzy/share/trajectory_msgs/cmake)
[9.350s] -- Found visualization_msgs: 5.3.6 (/opt/ros/jazzy/share/visualization_msgs/cmake)
[9.560s] -- Found std_srvs: 5.3.6 (/opt/ros/jazzy/share/std_srvs/cmake)
[9.682s] -- Found example_interfaces: 0.12.0 (/opt/ros/jazzy/share/example_interfaces/cmake)
[9.811s] -- Found image_transport: 5.1.7 (/opt/ros/jazzy/share/image_transport/cmake)
[9.869s] -- CoppeliaSim: LIBPLUGIN_DIR: /home/user/Desktop/New_ter/CoppeliaSim/programming/libPlugin.
[9.870s] -- CoppeliaSim: COPPELIASIM_ROOT_DIR: /home/user/Desktop/New_ter/CoppeliaSim.
[9.870s] -- Found CoppeliaSim installation at /home/user/Desktop/New_ter/CoppeliaSim.
[9.870s] -- Checking CoppeliaSim header version...
[12.282s] -- CoppeliaSim headers version 4.3.0 rev3
[12.370s] -- Found Boost: /usr/lib/x86_64-linux-gnu/cmake/Boost-1.83.0/BoostConfig.cmake (found version "1.83.0") found components: regex 
[12.412s] -- Found Git: /usr/bin/git (found version "2.43.0") 
[12.948s] -- Found Boost: /usr/lib/x86_64-linux-gnu/cmake/Boost-1.83.0/BoostConfig.cmake (found version "1.83.0")  
[12.955s] -- Adding simStubsGen command...
[13.370s] -- Reading plugin metadata...
[13.512s] warning: missing python package "xmlschema"; input file callbacks.xml will not be validated.
[13.634s] warning: missing python package "xmlschema"; input file callbacks.xml will not be validated.
[13.700s] -- Plugin: ROS2
[14.092s] -- Configuring done (13.8s)
[14.220s] -- Generating done (0.1s)
[14.242s] -- Build files have been written to: /home/user/Desktop/New_ter/CoppeliaSim/build/sim_ros2_interface
[14.292s] Invoked command in '/home/user/Desktop/New_ter/CoppeliaSim/build/sim_ros2_interface' returned '0': CMAKE_PREFIX_PATH=${CMAKE_PREFIX_PATH}:/opt/ros/jazzy DEBUGINFOD_URLS=https://debuginfod.ubuntu.com /usr/bin/cmake /home/user/Desktop/New_ter/CoppeliaSim/programming/ros2_packages/sim_ros2_interface -DAMENT_CMAKE_SYMLINK_INSTALL=1 -DCMAKE_INSTALL_PREFIX=/home/user/Desktop/New_ter/CoppeliaSim/install/sim_ros2_interface
[14.295s] Invoking command in '/home/user/Desktop/New_ter/CoppeliaSim/build/sim_ros2_interface': CMAKE_PREFIX_PATH=${CMAKE_PREFIX_PATH}:/opt/ros/jazzy DEBUGINFOD_URLS=https://debuginfod.ubuntu.com /usr/bin/cmake --build /home/user/Desktop/New_ter/CoppeliaSim/build/sim_ros2_interface -- -j4 -l4
[14.526s] [  2%] [34m[1mGenerating generated/actcli_new.cpp[0m
[14.533s] [  4%] [34m[1mGenerating generated/actcli_cancelLastGoal.cpp[0m
[14.553s] [  7%] [34m[1mGenerating generated/actcli_del.cpp[0m
[14.613s] [  9%] [34m[1mGenerating generated/actcli_sendGoal.cpp[0m
[16.333s] [ 14%] [34m[1mGenerating generated/actsrv_action_canceled.cpp[0m
[16.334s] [ 14%] [34m[1mGenerating generated/actsrv_action_abort.cpp[0m
[16.346s] [ 17%] [34m[1mGenerating generated/actsrv_action_execute.cpp[0m
[16.366s] [ 19%] [34m[1mGenerating generated/actsrv_action_is_active.cpp[0m
[16.878s] [ 21%] [34m[1mGenerating generated/actsrv_action_is_canceling.cpp[0m
[16.878s] [ 24%] [34m[1mGenerating generated/actsrv_action_is_executing.cpp[0m
[16.909s] [ 26%] [34m[1mGenerating generated/actsrv_action_publish_feedback.cpp[0m
[16.976s] [ 29%] [34m[1mGenerating generated/actsrv_action_succeed.cpp[0m
[17.499s] [ 31%] [34m[1mGenerating generated/actsrv_del.cpp[0m
[17.575s] [ 34%] [34m[1mGenerating generated/actsrv_new.cpp[0m
[17.583s] [ 36%] [34m[1mGenerating generated/callbacks.cpp[0m
[17.610s] [ 39%] [34m[1mGenerating generated/callbacks.h[0m
[18.005s] [ 41%] [34m[1mGenerating generated/cli_call.cpp[0m
[18.160s] [ 43%] [34m[1mGenerating generated/cli_del.cpp[0m
[18.270s] [ 46%] [34m[1mGenerating generated/cli_new.cpp[0m
[18.413s] [ 48%] [34m[1mGenerating generated/cli_wait.cpp[0m
[18.518s] [ 51%] [34m[1mGenerating generated/if_const.cpp[0m
[18.814s] [ 53%] [34m[1mGenerating generated/if_list.cpp[0m
[18.900s] [ 56%] [34m[1mGenerating generated/if_new.cpp[0m
[19.009s] [ 58%] [34m[1mGenerating generated/pub_del.cpp[0m
[19.073s] [ 60%] [34m[1mGenerating generated/pub_new.cpp[0m
[19.318s] [ 63%] [34m[1mGenerating generated/pub_publish.cpp[0m
[19.447s] [ 65%] [34m[1mGenerating generated/srv_del.cpp[0m
[19.594s] [ 68%] [34m[1mGenerating generated/srv_new.cpp[0m
[19.781s] [ 70%] [34m[1mGenerating generated/sub_del.cpp[0m
[19.931s] [ 73%] [34m[1mGenerating generated/sub_new.cpp[0m
[20.508s] [ 73%] Built target generate_ros_code
[20.560s] [ 75%] [34m[1mGenerating generated/stubs.cpp, generated/stubs.h, generated/plugin.h, generated/stubsPlusPlus.cpp, generated/index.json, generated/reference.html, generated/lua_calltips.cpp, generated/simROS2-typecheck.lua[0m
[20.649s] /home/user/Desktop/New_ter/CoppeliaSim/programming/libPlugin/simStubsGen/generate.py --verbose --xml-file /home/user/Desktop/New_ter/CoppeliaSim/programming/ros2_packages/sim_ros2_interface/meta/callbacks.xml --gen-all /home/user/Desktop/New_ter/CoppeliaSim/build/sim_ros2_interface/generated --lua-file /home/user/Desktop/New_ter/CoppeliaSim/programming/ros2_packages/sim_ros2_interface/simROS2.lua
[20.651s] warning: missing python package "xmlschema"; input file callbacks.xml will not be validated.
[20.660s] /usr/bin/python3 /home/user/Desktop/New_ter/CoppeliaSim/programming/libPlugin/simStubsGen/generate_lua_xml.py /home/user/Desktop/New_ter/CoppeliaSim/programming/ros2_packages/sim_ros2_interface/meta/callbacks.xml /home/user/Desktop/New_ter/CoppeliaSim/programming/ros2_packages/sim_ros2_interface/simROS2.lua /home/user/Desktop/New_ter/CoppeliaSim/build/sim_ros2_interface/generated/lua.xml
[20.785s] warning: missing python package "xmlschema"; input file callbacks.xml will not be validated.
[20.818s] /usr/bin/python3 /home/user/Desktop/New_ter/CoppeliaSim/programming/libPlugin/simStubsGen/merge_xml.py /home/user/Desktop/New_ter/CoppeliaSim/programming/ros2_packages/sim_ros2_interface/meta/callbacks.xml /home/user/Desktop/New_ter/CoppeliaSim/build/sim_ros2_interface/generated/lua.xml /home/user/Desktop/New_ter/CoppeliaSim/build/sim_ros2_interface/generated/reference.xml
[20.959s] xsltproc -o /home/user/Desktop/New_ter/CoppeliaSim/build/sim_ros2_interface/generated/reference.html /home/user/Desktop/New_ter/CoppeliaSim/programming/libPlugin/simStubsGen/xsl/reference.xsl /home/user/Desktop/New_ter/CoppeliaSim/build/sim_ros2_interface/generated/reference.xml
[21.044s] /usr/bin/python3 /home/user/Desktop/New_ter/CoppeliaSim/programming/libPlugin/simStubsGen/generate_lua_calltips.py /home/user/Desktop/New_ter/CoppeliaSim/build/sim_ros2_interface/generated/lua.xml /home/user/Desktop/New_ter/CoppeliaSim/build/sim_ros2_interface/generated/lua_calltips.cpp
[21.146s] warning: missing python package "xmlschema"; input file lua.xml will not be validated.
[21.167s] /usr/bin/python3 /home/user/Desktop/New_ter/CoppeliaSim/programming/libPlugin/simStubsGen/generate_lua_typechecker.py /home/user/Desktop/New_ter/CoppeliaSim/programming/ros2_packages/sim_ros2_interface/simROS2.lua /home/user/Desktop/New_ter/CoppeliaSim/build/sim_ros2_interface/generated/lua.xml /home/user/Desktop/New_ter/CoppeliaSim/build/sim_ros2_interface/generated/simROS2-typecheck.lua
[21.272s] warning: missing python package "xmlschema"; input file lua.xml will not be validated.
[21.287s] /usr/bin/python3 /home/user/Desktop/New_ter/CoppeliaSim/programming/libPlugin/simStubsGen/generate_api_index.py /home/user/Desktop/New_ter/CoppeliaSim/build/sim_ros2_interface/generated/reference.xml /home/user/Desktop/New_ter/CoppeliaSim/build/sim_ros2_interface/generated/index.json
[21.393s] warning: missing python package "xmlschema"; input file reference.xml will not be validated.
[21.430s] /usr/bin/python3 /home/user/Desktop/New_ter/CoppeliaSim/programming/libPlugin/simStubsGen/external/pycpp/pycpp.py -p xml_file=/home/user/Desktop/New_ter/CoppeliaSim/programming/ros2_packages/sim_ros2_interface/meta/callbacks.xml -p have_lua_calltips=True -P /home/user/Desktop/New_ter/CoppeliaSim/programming/libPlugin/simStubsGen -p lua_require=simROS2-typecheck -i /home/user/Desktop/New_ter/CoppeliaSim/programming/libPlugin/simStubsGen/cpp/stubs.cpp -o /home/user/Desktop/New_ter/CoppeliaSim/build/sim_ros2_interface/generated/stubs.cpp
[21.574s] warning: missing python package "xmlschema"; input file callbacks.xml will not be validated.
[21.617s] /usr/bin/python3 /home/user/Desktop/New_ter/CoppeliaSim/programming/libPlugin/simStubsGen/external/pycpp/pycpp.py -p xml_file=/home/user/Desktop/New_ter/CoppeliaSim/programming/ros2_packages/sim_ros2_interface/meta/callbacks.xml -p have_lua_calltips=True -P /home/user/Desktop/New_ter/CoppeliaSim/programming/libPlugin/simStubsGen -p lua_require=simROS2-typecheck -i /home/user/Desktop/New_ter/CoppeliaSim/programming/libPlugin/simStubsGen/cpp/stubs.h -o /home/user/Desktop/New_ter/CoppeliaSim/build/sim_ros2_interface/generated/stubs.h
[21.742s] warning: missing python package "xmlschema"; input file callbacks.xml will not be validated.
[21.782s] /usr/bin/python3 /home/user/Desktop/New_ter/CoppeliaSim/programming/libPlugin/simStubsGen/external/pycpp/pycpp.py -p xml_file=/home/user/Desktop/New_ter/CoppeliaSim/programming/ros2_packages/sim_ros2_interface/meta/callbacks.xml -p have_lua_calltips=True -P /home/user/Desktop/New_ter/CoppeliaSim/programming/libPlugin/simStubsGen -p lua_require=simROS2-typecheck -i /home/user/Desktop/New_ter/CoppeliaSim/programming/libPlugin/simStubsGen/cpp/plugin.h -o /home/user/Desktop/New_ter/CoppeliaSim/build/sim_ros2_interface/generated/plugin.h
[21.878s] warning: missing python package "xmlschema"; input file callbacks.xml will not be validated.
[21.907s] /usr/bin/python3 /home/user/Desktop/New_ter/CoppeliaSim/programming/libPlugin/simStubsGen/external/pycpp/pycpp.py -p xml_file=/home/user/Desktop/New_ter/CoppeliaSim/programming/ros2_packages/sim_ros2_interface/meta/callbacks.xml -p have_lua_calltips=True -P /home/user/Desktop/New_ter/CoppeliaSim/programming/libPlugin/simStubsGen -p lua_require=simROS2-typecheck -i /home/user/Desktop/New_ter/CoppeliaSim/programming/libPlugin/simStubsGen/cpp/stubsPlusPlus.cpp -o /home/user/Desktop/New_ter/CoppeliaSim/build/sim_ros2_interface/generated/stubsPlusPlus.cpp
[22.004s] warning: missing python package "xmlschema"; input file callbacks.xml will not be validated.
[22.249s] [ 78%] [32mBuilding CXX object CMakeFiles/simExtROS2.dir/home/user/Desktop/New_ter/CoppeliaSim/programming/libPlugin/simPlusPlus/Lib.cpp.o[0m
[22.250s] [ 80%] [32mBuilding CXX object CMakeFiles/simExtROS2.dir/generated/stubs.cpp.o[0m
[22.251s] [ 82%] [32mBuilding CXX object CMakeFiles/simExtROS2.dir/home/user/Desktop/New_ter/CoppeliaSim/programming/libPlugin/simPlusPlus/Plugin.cpp.o[0m
[22.274s] [ 85%] [32mBuilding CXX object CMakeFiles/simExtROS2.dir/home/user/Desktop/New_ter/CoppeliaSim/programming/common/simLib.cpp.o[0m
[24.474s] [ 87%] [32mBuilding CXX object CMakeFiles/simExtROS2.dir/home/user/Desktop/New_ter/CoppeliaSim/programming/libPlugin/simPlusPlus/Handle.cpp.o[0m
[27.274s] [ 90%] [32mBuilding CXX object CMakeFiles/simExtROS2.dir/src/sim_ros2_interface.cpp.o[0m
[28.980s] [ 92%] [32mBuilding CXX object CMakeFiles/simExtROS2.dir/src/ros_msg_builtin_io.cpp.o[0m
[33.139s] [ 95%] [32mBuilding CXX object CMakeFiles/simExtROS2.dir/generated/callbacks.cpp.o[0m
[344.543s] [ 97%] [32m[1mLinking CXX shared library libsimExtROS2.so[0m
[365.185s] [100%] Built target simExtROS2
[365.244s] Invoked command in '/home/user/Desktop/New_ter/CoppeliaSim/build/sim_ros2_interface' returned '0': CMAKE_PREFIX_PATH=${CMAKE_PREFIX_PATH}:/opt/ros/jazzy DEBUGINFOD_URLS=https://debuginfod.ubuntu.com /usr/bin/cmake --build /home/user/Desktop/New_ter/CoppeliaSim/build/sim_ros2_interface -- -j4 -l4
[365.299s] Invoking command in '/home/user/Desktop/New_ter/CoppeliaSim/build/sim_ros2_interface': CMAKE_PREFIX_PATH=${CMAKE_PREFIX_PATH}:/opt/ros/jazzy DEBUGINFOD_URLS=https://debuginfod.ubuntu.com /usr/bin/cmake --install /home/user/Desktop/New_ter/CoppeliaSim/build/sim_ros2_interface
[365.330s] -- Install configuration: ""
[365.335s] -- Execute custom install script
[365.342s] -- Up-to-date symlink: /home/user/Desktop/New_ter/CoppeliaSim/lua/simROS2-typecheck.lua
[365.347s] -- Up-to-date symlink: /home/user/Desktop/New_ter/CoppeliaSim/lua/simROS2.lua
[365.347s] -- Up-to-date symlink: /home/user/Desktop/New_ter/CoppeliaSim/helpFiles/en/simROS2.htm
[365.349s] -- Up-to-date symlink: /home/user/Desktop/New_ter/CoppeliaSim/helpFiles/index/simROS2.json
[365.351s] -- Up-to-date symlink: /home/user/Desktop/New_ter/CoppeliaSim/libsimExtROS2.so
[365.355s] -- Up-to-date symlink: /home/user/Desktop/New_ter/CoppeliaSim/install/sim_ros2_interface/share/ament_index/resource_index/package_run_dependencies/sim_ros2_interface
[365.360s] -- Up-to-date symlink: /home/user/Desktop/New_ter/CoppeliaSim/install/sim_ros2_interface/share/ament_index/resource_index/parent_prefix_path/sim_ros2_interface
[365.367s] -- Up-to-date symlink: /home/user/Desktop/New_ter/CoppeliaSim/install/sim_ros2_interface/share/sim_ros2_interface/environment/ament_prefix_path.sh
[365.375s] -- Up-to-date symlink: /home/user/Desktop/New_ter/CoppeliaSim/install/sim_ros2_interface/share/sim_ros2_interface/environment/ament_prefix_path.dsv
[365.378s] -- Up-to-date symlink: /home/user/Desktop/New_ter/CoppeliaSim/install/sim_ros2_interface/share/sim_ros2_interface/environment/path.sh
[365.379s] -- Up-to-date symlink: /home/user/Desktop/New_ter/CoppeliaSim/install/sim_ros2_interface/share/sim_ros2_interface/environment/path.dsv
[365.382s] -- Up-to-date symlink: /home/user/Desktop/New_ter/CoppeliaSim/install/sim_ros2_interface/share/sim_ros2_interface/local_setup.bash
[365.385s] -- Up-to-date symlink: /home/user/Desktop/New_ter/CoppeliaSim/install/sim_ros2_interface/share/sim_ros2_interface/local_setup.sh
[365.390s] -- Up-to-date symlink: /home/user/Desktop/New_ter/CoppeliaSim/install/sim_ros2_interface/share/sim_ros2_interface/local_setup.zsh
[365.394s] -- Up-to-date symlink: /home/user/Desktop/New_ter/CoppeliaSim/install/sim_ros2_interface/share/sim_ros2_interface/local_setup.dsv
[365.395s] -- Symlinking: /home/user/Desktop/New_ter/CoppeliaSim/install/sim_ros2_interface/share/sim_ros2_interface/package.dsv
[365.447s] -- Up-to-date symlink: /home/user/Desktop/New_ter/CoppeliaSim/install/sim_ros2_interface/share/ament_index/resource_index/packages/sim_ros2_interface
[365.452s] -- Up-to-date symlink: /home/user/Desktop/New_ter/CoppeliaSim/install/sim_ros2_interface/share/sim_ros2_interface/cmake/sim_ros2_interfaceConfig.cmake
[365.462s] -- Up-to-date symlink: /home/user/Desktop/New_ter/CoppeliaSim/install/sim_ros2_interface/share/sim_ros2_interface/cmake/sim_ros2_interfaceConfig-version.cmake
[365.462s] -- Up-to-date symlink: /home/user/Desktop/New_ter/CoppeliaSim/install/sim_ros2_interface/share/sim_ros2_interface/package.xml
[365.476s] Invoked command in '/home/user/Desktop/New_ter/CoppeliaSim/build/sim_ros2_interface' returned '0': CMAKE_PREFIX_PATH=${CMAKE_PREFIX_PATH}:/opt/ros/jazzy DEBUGINFOD_URLS=https://debuginfod.ubuntu.com /usr/bin/cmake --install /home/user/Desktop/New_ter/CoppeliaSim/build/sim_ros2_interface
