[0.021s] Invoking command in '/home/user/celluleflexible_en_cours_ROS2/ros_ws/build/launcher': CMAKE_PREFIX_PATH=${CMAKE_PREFIX_PATH}:/opt/ros/jazzy DEBUGINFOD_URLS=https://debuginfod.ubuntu.com /usr/bin/cmake /home/user/celluleflexible_en_cours_ROS2/ros_ws/src/launcher -DCMAKE_INSTALL_PREFIX=/home/user/celluleflexible_en_cours_ROS2/ros_ws/install/launcher
[0.180s] -- The C compiler identification is GNU 13.3.0
[0.275s] -- The CXX compiler identification is GNU 13.3.0
[0.296s] -- Detecting C compiler ABI info
[0.464s] -- Detecting C compiler ABI info - done
[0.467s] -- Check for working C compiler: /usr/bin/cc - skipped
[0.467s] -- Detecting C compile features
[0.468s] -- Detecting C compile features - done
[0.485s] -- Detecting CXX compiler ABI info
[0.636s] -- Detecting CXX compiler ABI info - done
[0.642s] -- Check for working CXX compiler: /usr/bin/c++ - skipped
[0.642s] -- Detecting CXX compile features
[0.643s] -- Detecting CXX compile features - done
[0.644s] -- Found ament_cmake: 2.5.5 (/opt/ros/jazzy/share/ament_cmake/cmake)
[0.746s] -- Found Python3: /usr/bin/python3 (found version "3.12.3") found components: Interpreter 
[0.809s] -- Found rclcpp: 28.1.16 (/opt/ros/jazzy/share/rclcpp/cmake)
[0.832s] -- Found rosidl_generator_c: 4.6.7 (/opt/ros/jazzy/share/rosidl_generator_c/cmake)
[0.834s] -- Found rosidl_generator_cpp: 4.6.7 (/opt/ros/jazzy/share/rosidl_generator_cpp/cmake)
[0.851s] -- Using all available rosidl_typesupport_c: rosidl_typesupport_fastrtps_c;rosidl_typesupport_introspection_c
[0.856s] -- Using all available rosidl_typesupport_cpp: rosidl_typesupport_fastrtps_cpp;rosidl_typesupport_introspection_cpp
[0.913s] -- Found rmw_implementation_cmake: 7.3.3 (/opt/ros/jazzy/share/rmw_implementation_cmake/cmake)
[0.916s] -- Found rmw_fastrtps_cpp: 8.4.3 (/opt/ros/jazzy/share/rmw_fastrtps_cpp/cmake)
[0.995s] -- Found OpenSSL: /usr/lib/x86_64-linux-gnu/libcrypto.so (found version "3.0.13")  
[1.011s] -- Found FastRTPS: /opt/ros/jazzy/include (Required is at least version "2.13") 
[1.028s] -- Using RMW implementation 'rmw_fastrtps_cpp' as default
[1.075s] -- Found std_msgs: 5.3.6 (/opt/ros/jazzy/share/std_msgs/cmake)
[1.087s] -- Found ament_lint_auto: 0.17.4 (/opt/ros/jazzy/share/ament_lint_auto/cmake)
[1.172s] -- Added test 'flake8' to check Python code syntax and style conventions
[1.172s] -- Configured 'flake8' exclude dirs and/or files: 
[1.172s] -- Added test 'lint_cmake' to check CMake code style
[1.173s] -- Added test 'pep257' to check Python code against some of the docstring style conventions in PEP 257
[1.173s] -- Added test 'xmllint' to check XML markup files
[1.173s] -- Configuring done (1.1s)
[1.177s] -- Generating done (0.0s)
[1.179s] -- Build files have been written to: /home/user/celluleflexible_en_cours_ROS2/ros_ws/build/launcher
[1.192s] Invoked command in '/home/user/celluleflexible_en_cours_ROS2/ros_ws/build/launcher' returned '0': CMAKE_PREFIX_PATH=${CMAKE_PREFIX_PATH}:/opt/ros/jazzy DEBUGINFOD_URLS=https://debuginfod.ubuntu.com /usr/bin/cmake /home/user/celluleflexible_en_cours_ROS2/ros_ws/src/launcher -DCMAKE_INSTALL_PREFIX=/home/user/celluleflexible_en_cours_ROS2/ros_ws/install/launcher
[1.192s] Invoking command in '/home/user/celluleflexible_en_cours_ROS2/ros_ws/build/launcher': CMAKE_PREFIX_PATH=${CMAKE_PREFIX_PATH}:/opt/ros/jazzy DEBUGINFOD_URLS=https://debuginfod.ubuntu.com /usr/bin/cmake --build /home/user/celluleflexible_en_cours_ROS2/ros_ws/build/launcher -- -j8 -l8
[1.242s] Invoked command in '/home/user/celluleflexible_en_cours_ROS2/ros_ws/build/launcher' returned '0': CMAKE_PREFIX_PATH=${CMAKE_PREFIX_PATH}:/opt/ros/jazzy DEBUGINFOD_URLS=https://debuginfod.ubuntu.com /usr/bin/cmake --build /home/user/celluleflexible_en_cours_ROS2/ros_ws/build/launcher -- -j8 -l8
[1.257s] Invoking command in '/home/user/celluleflexible_en_cours_ROS2/ros_ws/build/launcher': CMAKE_PREFIX_PATH=${CMAKE_PREFIX_PATH}:/opt/ros/jazzy DEBUGINFOD_URLS=https://debuginfod.ubuntu.com /usr/bin/cmake --install /home/user/celluleflexible_en_cours_ROS2/ros_ws/build/launcher
[1.265s] -- Install configuration: ""
[1.266s] -- Installing: /home/user/celluleflexible_en_cours_ROS2/ros_ws/install/launcher/share/launcher/launch
[1.266s] -- Installing: /home/user/celluleflexible_en_cours_ROS2/ros_ws/install/launcher/share/launcher/launch/launch_alpha.launch.py
[1.266s] -- Installing: /home/user/celluleflexible_en_cours_ROS2/ros_ws/install/launcher/share/launcher/launch/launch_beta.launch.py
[1.266s] -- Installing: /home/user/celluleflexible_en_cours_ROS2/ros_ws/install/launcher/share/ament_index/resource_index/package_run_dependencies/launcher
[1.266s] -- Installing: /home/user/celluleflexible_en_cours_ROS2/ros_ws/install/launcher/share/ament_index/resource_index/parent_prefix_path/launcher
[1.266s] -- Installing: /home/user/celluleflexible_en_cours_ROS2/ros_ws/install/launcher/share/launcher/environment/ament_prefix_path.sh
[1.266s] -- Installing: /home/user/celluleflexible_en_cours_ROS2/ros_ws/install/launcher/share/launcher/environment/ament_prefix_path.dsv
[1.266s] -- Installing: /home/user/celluleflexible_en_cours_ROS2/ros_ws/install/launcher/share/launcher/environment/path.sh
[1.266s] -- Installing: /home/user/celluleflexible_en_cours_ROS2/ros_ws/install/launcher/share/launcher/environment/path.dsv
[1.266s] -- Installing: /home/user/celluleflexible_en_cours_ROS2/ros_ws/install/launcher/share/launcher/local_setup.bash
[1.266s] -- Installing: /home/user/celluleflexible_en_cours_ROS2/ros_ws/install/launcher/share/launcher/local_setup.sh
[1.266s] -- Installing: /home/user/celluleflexible_en_cours_ROS2/ros_ws/install/launcher/share/launcher/local_setup.zsh
[1.266s] -- Installing: /home/user/celluleflexible_en_cours_ROS2/ros_ws/install/launcher/share/launcher/local_setup.dsv
[1.266s] -- Installing: /home/user/celluleflexible_en_cours_ROS2/ros_ws/install/launcher/share/launcher/package.dsv
[1.266s] -- Installing: /home/user/celluleflexible_en_cours_ROS2/ros_ws/install/launcher/share/ament_index/resource_index/packages/launcher
[1.266s] -- Installing: /home/user/celluleflexible_en_cours_ROS2/ros_ws/install/launcher/share/launcher/cmake/launcherConfig.cmake
[1.266s] -- Installing: /home/user/celluleflexible_en_cours_ROS2/ros_ws/install/launcher/share/launcher/cmake/launcherConfig-version.cmake
[1.266s] -- Installing: /home/user/celluleflexible_en_cours_ROS2/ros_ws/install/launcher/share/launcher/package.xml
[1.269s] Invoked command in '/home/user/celluleflexible_en_cours_ROS2/ros_ws/build/launcher' returned '0': CMAKE_PREFIX_PATH=${CMAKE_PREFIX_PATH}:/opt/ros/jazzy DEBUGINFOD_URLS=https://debuginfod.ubuntu.com /usr/bin/cmake --install /home/user/celluleflexible_en_cours_ROS2/ros_ws/build/launcher
