[0.022s] Invoking command in '/home/user/celluleflexible_en_cours_ROS2/ros_ws/build/robots': CMAKE_PREFIX_PATH=/home/user/celluleflexible_en_cours_ROS2/ros_ws/install/shuttles:/home/user/celluleflexible_en_cours_ROS2/ros_ws/install/commande_locale:/home/user/celluleflexible_en_cours_ROS2/ros_ws/install/aiguillages:/home/user/celluleflexible_en_cours_ROS2/ros_ws/install/robots:/opt/ros/jazzy/opt/gz_math_vendor:/opt/ros/jazzy/opt/gz_utils_vendor:/opt/ros/jazzy/opt/gz_cmake_vendor:/opt/ros/jazzy DEBUGINFOD_URLS=https://debuginfod.ubuntu.com LD_LIBRARY_PATH=/home/user/celluleflexible_en_cours_ROS2/ros_ws/install/shuttles/lib:/home/user/celluleflexible_en_cours_ROS2/ros_ws/install/commande_locale/lib:/home/user/celluleflexible_en_cours_ROS2/ros_ws/install/aiguillages/lib:/home/user/celluleflexible_en_cours_ROS2/ros_ws/install/robots/lib:/opt/ros/jazzy/opt/rviz_ogre_vendor/lib:/opt/ros/jazzy/lib/x86_64-linux-gnu:/opt/ros/jazzy/opt/gz_math_vendor/lib:/opt/ros/jazzy/opt/gz_utils_vendor/lib:/opt/ros/jazzy/opt/gz_cmake_vendor/lib:/opt/ros/jazzy/lib PYTHONPATH=/home/user/celluleflexible_en_cours_ROS2/ros_ws/install/shuttles/lib/python3.12/site-packages:/home/user/celluleflexible_en_cours_ROS2/ros_ws/install/commande_locale/lib/python3.12/site-packages:/home/user/celluleflexible_en_cours_ROS2/ros_ws/install/aiguillages/lib/python3.12/site-packages:/home/user/celluleflexible_en_cours_ROS2/ros_ws/install/robots/lib/python3.12/site-packages:/opt/ros/jazzy/lib/python3.12/site-packages /usr/bin/cmake --build /home/user/celluleflexible_en_cours_ROS2/ros_ws/build/robots -- -j8 -l8
[0.072s] [  1%] Built target robots__rosidl_generator_type_description
[0.082s] [  1%] Built target ament_cmake_python_copy_robots
[0.095s] [  3%] Built target robots__cpp
[0.099s] [ 22%] Built target robots__rosidl_generator_c
[0.124s] [ 31%] Built target robots__rosidl_typesupport_fastrtps_c
[0.125s] [ 39%] Built target robots__rosidl_typesupport_fastrtps_cpp
[0.125s] [ 48%] Built target robots__rosidl_typesupport_c
[0.127s] [ 56%] Built target robots__rosidl_typesupport_introspection_cpp
[0.127s] [ 65%] Built target robots__rosidl_typesupport_introspection_c
[0.127s] [ 74%] Built target robots__rosidl_typesupport_cpp
[0.154s] [ 74%] Built target robots
[0.177s] [ 75%] Built target robots__py
[0.189s] [ 77%] [32mBuilding CXX object CMakeFiles/robot.dir/src/Robot.cpp.o[0m
[0.200s] [ 84%] Built target robots__rosidl_generator_py
[0.235s] [ 87%] Built target robots_s__rosidl_typesupport_c
[0.235s] [ 91%] Built target robots_s__rosidl_typesupport_fastrtps_c
[0.242s] [ 94%] Built target robots_s__rosidl_typesupport_introspection_c
[0.251s] running egg_info
[0.262s] writing robots.egg-info/PKG-INFO
[0.263s] writing dependency_links to robots.egg-info/dependency_links.txt
[0.263s] writing top-level names to robots.egg-info/top_level.txt
[0.291s] reading manifest file 'robots.egg-info/SOURCES.txt'
[0.291s] writing manifest file 'robots.egg-info/SOURCES.txt'
[0.313s] [ 94%] Built target ament_cmake_python_build_robots_egg
[17.299s] [ 96%] [32m[1mLinking CXX executable robot[0m
[18.120s] [100%] Built target robot
[18.131s] Invoked command in '/home/user/celluleflexible_en_cours_ROS2/ros_ws/build/robots' returned '0': CMAKE_PREFIX_PATH=/home/user/celluleflexible_en_cours_ROS2/ros_ws/install/shuttles:/home/user/celluleflexible_en_cours_ROS2/ros_ws/install/commande_locale:/home/user/celluleflexible_en_cours_ROS2/ros_ws/install/aiguillages:/home/user/celluleflexible_en_cours_ROS2/ros_ws/install/robots:/opt/ros/jazzy/opt/gz_math_vendor:/opt/ros/jazzy/opt/gz_utils_vendor:/opt/ros/jazzy/opt/gz_cmake_vendor:/opt/ros/jazzy DEBUGINFOD_URLS=https://debuginfod.ubuntu.com LD_LIBRARY_PATH=/home/user/celluleflexible_en_cours_ROS2/ros_ws/install/shuttles/lib:/home/user/celluleflexible_en_cours_ROS2/ros_ws/install/commande_locale/lib:/home/user/celluleflexible_en_cours_ROS2/ros_ws/install/aiguillages/lib:/home/user/celluleflexible_en_cours_ROS2/ros_ws/install/robots/lib:/opt/ros/jazzy/opt/rviz_ogre_vendor/lib:/opt/ros/jazzy/lib/x86_64-linux-gnu:/opt/ros/jazzy/opt/gz_math_vendor/lib:/opt/ros/jazzy/opt/gz_utils_vendor/lib:/opt/ros/jazzy/opt/gz_cmake_vendor/lib:/opt/ros/jazzy/lib PYTHONPATH=/home/user/celluleflexible_en_cours_ROS2/ros_ws/install/shuttles/lib/python3.12/site-packages:/home/user/celluleflexible_en_cours_ROS2/ros_ws/install/commande_locale/lib/python3.12/site-packages:/home/user/celluleflexible_en_cours_ROS2/ros_ws/install/aiguillages/lib/python3.12/site-packages:/home/user/celluleflexible_en_cours_ROS2/ros_ws/install/robots/lib/python3.12/site-packages:/opt/ros/jazzy/lib/python3.12/site-packages /usr/bin/cmake --build /home/user/celluleflexible_en_cours_ROS2/ros_ws/build/robots -- -j8 -l8
[18.133s] Invoking command in '/home/user/celluleflexible_en_cours_ROS2/ros_ws/build/robots': CMAKE_PREFIX_PATH=/home/user/celluleflexible_en_cours_ROS2/ros_ws/install/shuttles:/home/user/celluleflexible_en_cours_ROS2/ros_ws/install/commande_locale:/home/user/celluleflexible_en_cours_ROS2/ros_ws/install/aiguillages:/home/user/celluleflexible_en_cours_ROS2/ros_ws/install/robots:/opt/ros/jazzy/opt/gz_math_vendor:/opt/ros/jazzy/opt/gz_utils_vendor:/opt/ros/jazzy/opt/gz_cmake_vendor:/opt/ros/jazzy DEBUGINFOD_URLS=https://debuginfod.ubuntu.com LD_LIBRARY_PATH=/home/user/celluleflexible_en_cours_ROS2/ros_ws/install/shuttles/lib:/home/user/celluleflexible_en_cours_ROS2/ros_ws/install/commande_locale/lib:/home/user/celluleflexible_en_cours_ROS2/ros_ws/install/aiguillages/lib:/home/user/celluleflexible_en_cours_ROS2/ros_ws/install/robots/lib:/opt/ros/jazzy/opt/rviz_ogre_vendor/lib:/opt/ros/jazzy/lib/x86_64-linux-gnu:/opt/ros/jazzy/opt/gz_math_vendor/lib:/opt/ros/jazzy/opt/gz_utils_vendor/lib:/opt/ros/jazzy/opt/gz_cmake_vendor/lib:/opt/ros/jazzy/lib PYTHONPATH=/home/user/celluleflexible_en_cours_ROS2/ros_ws/install/shuttles/lib/python3.12/site-packages:/home/user/celluleflexible_en_cours_ROS2/ros_ws/install/commande_locale/lib/python3.12/site-packages:/home/user/celluleflexible_en_cours_ROS2/ros_ws/install/aiguillages/lib/python3.12/site-packages:/home/user/celluleflexible_en_cours_ROS2/ros_ws/install/robots/lib/python3.12/site-packages:/opt/ros/jazzy/lib/python3.12/site-packages /usr/bin/cmake --install /home/user/celluleflexible_en_cours_ROS2/ros_ws/build/robots
[18.140s] -- Install configuration: ""
[18.140s] -- Up-to-date: /home/user/celluleflexible_en_cours_ROS2/ros_ws/install/robots/share/ament_index/resource_index/rosidl_interfaces/robots
[18.141s] -- Up-to-date: /home/user/celluleflexible_en_cours_ROS2/ros_ws/install/robots/share/robots/msg/MoveRobot.json
[18.141s] -- Up-to-date: /home/user/celluleflexible_en_cours_ROS2/ros_ws/install/robots/share/robots/msg/FaireTacheMsg.json
[18.141s] -- Up-to-date: /home/user/celluleflexible_en_cours_ROS2/ros_ws/install/robots/share/robots/msg/MsgNumRobot.json
[18.141s] -- Up-to-date: /home/user/celluleflexible_en_cours_ROS2/ros_ws/install/robots/include/robots/robots
[18.141s] -- Up-to-date: /home/user/celluleflexible_en_cours_ROS2/ros_ws/install/robots/include/robots/robots/msg
[18.141s] -- Up-to-date: /home/user/celluleflexible_en_cours_ROS2/ros_ws/install/robots/include/robots/robots/msg/move_robot.h
[18.141s] -- Up-to-date: /home/user/celluleflexible_en_cours_ROS2/ros_ws/install/robots/include/robots/robots/msg/rosidl_generator_c__visibility_control.h
[18.141s] -- Up-to-date: /home/user/celluleflexible_en_cours_ROS2/ros_ws/install/robots/include/robots/robots/msg/faire_tache_msg.h
[18.142s] -- Up-to-date: /home/user/celluleflexible_en_cours_ROS2/ros_ws/install/robots/include/robots/robots/msg/msg_num_robot.h
[18.142s] -- Up-to-date: /home/user/celluleflexible_en_cours_ROS2/ros_ws/install/robots/include/robots/robots/msg/detail
[18.142s] -- Up-to-date: /home/user/celluleflexible_en_cours_ROS2/ros_ws/install/robots/include/robots/robots/msg/detail/move_robot__functions.c
[18.142s] -- Up-to-date: /home/user/celluleflexible_en_cours_ROS2/ros_ws/install/robots/include/robots/robots/msg/detail/faire_tache_msg__type_support.h
[18.142s] -- Up-to-date: /home/user/celluleflexible_en_cours_ROS2/ros_ws/install/robots/include/robots/robots/msg/detail/msg_num_robot__description.c
[18.142s] -- Up-to-date: /home/user/celluleflexible_en_cours_ROS2/ros_ws/install/robots/include/robots/robots/msg/detail/move_robot__struct.h
[18.142s] -- Up-to-date: /home/user/celluleflexible_en_cours_ROS2/ros_ws/install/robots/include/robots/robots/msg/detail/faire_tache_msg__functions.c
[18.142s] -- Up-to-date: /home/user/celluleflexible_en_cours_ROS2/ros_ws/install/robots/include/robots/robots/msg/detail/move_robot__type_support.h
[18.142s] -- Up-to-date: /home/user/celluleflexible_en_cours_ROS2/ros_ws/install/robots/include/robots/robots/msg/detail/msg_num_robot__type_support.c
[18.142s] -- Up-to-date: /home/user/celluleflexible_en_cours_ROS2/ros_ws/install/robots/include/robots/robots/msg/detail/faire_tache_msg__description.c
[18.142s] -- Up-to-date: /home/user/celluleflexible_en_cours_ROS2/ros_ws/install/robots/include/robots/robots/msg/detail/faire_tache_msg__struct.h
[18.142s] -- Up-to-date: /home/user/celluleflexible_en_cours_ROS2/ros_ws/install/robots/include/robots/robots/msg/detail/msg_num_robot__functions.h
[18.142s] -- Up-to-date: /home/user/celluleflexible_en_cours_ROS2/ros_ws/install/robots/include/robots/robots/msg/detail/move_robot__type_support.c
[18.143s] -- Up-to-date: /home/user/celluleflexible_en_cours_ROS2/ros_ws/install/robots/include/robots/robots/msg/detail/msg_num_robot__struct.h
[18.143s] -- Up-to-date: /home/user/celluleflexible_en_cours_ROS2/ros_ws/install/robots/include/robots/robots/msg/detail/msg_num_robot__type_support.h
[18.143s] -- Up-to-date: /home/user/celluleflexible_en_cours_ROS2/ros_ws/install/robots/include/robots/robots/msg/detail/faire_tache_msg__type_support.c
[18.143s] -- Up-to-date: /home/user/celluleflexible_en_cours_ROS2/ros_ws/install/robots/include/robots/robots/msg/detail/msg_num_robot__functions.c
[18.143s] -- Up-to-date: /home/user/celluleflexible_en_cours_ROS2/ros_ws/install/robots/include/robots/robots/msg/detail/move_robot__description.c
[18.143s] -- Up-to-date: /home/user/celluleflexible_en_cours_ROS2/ros_ws/install/robots/include/robots/robots/msg/detail/move_robot__functions.h
[18.143s] -- Up-to-date: /home/user/celluleflexible_en_cours_ROS2/ros_ws/install/robots/include/robots/robots/msg/detail/faire_tache_msg__functions.h
[18.143s] -- Up-to-date: /home/user/celluleflexible_en_cours_ROS2/ros_ws/install/robots/share/robots/environment/library_path.sh
[18.143s] -- Up-to-date: /home/user/celluleflexible_en_cours_ROS2/ros_ws/install/robots/share/robots/environment/library_path.dsv
[18.143s] -- Up-to-date: /home/user/celluleflexible_en_cours_ROS2/ros_ws/install/robots/lib/librobots__rosidl_generator_c.so
[18.143s] -- Up-to-date: /home/user/celluleflexible_en_cours_ROS2/ros_ws/install/robots/include/robots/robots
[18.143s] -- Up-to-date: /home/user/celluleflexible_en_cours_ROS2/ros_ws/install/robots/include/robots/robots/msg
[18.143s] -- Up-to-date: /home/user/celluleflexible_en_cours_ROS2/ros_ws/install/robots/include/robots/robots/msg/rosidl_typesupport_fastrtps_c__visibility_control.h
[18.143s] -- Up-to-date: /home/user/celluleflexible_en_cours_ROS2/ros_ws/install/robots/include/robots/robots/msg/detail
[18.143s] -- Up-to-date: /home/user/celluleflexible_en_cours_ROS2/ros_ws/install/robots/include/robots/robots/msg/detail/move_robot__rosidl_typesupport_fastrtps_c.h
[18.143s] -- Up-to-date: /home/user/celluleflexible_en_cours_ROS2/ros_ws/install/robots/include/robots/robots/msg/detail/msg_num_robot__rosidl_typesupport_fastrtps_c.h
[18.143s] -- Up-to-date: /home/user/celluleflexible_en_cours_ROS2/ros_ws/install/robots/include/robots/robots/msg/detail/faire_tache_msg__rosidl_typesupport_fastrtps_c.h
[18.143s] -- Up-to-date: /home/user/celluleflexible_en_cours_ROS2/ros_ws/install/robots/lib/librobots__rosidl_typesupport_fastrtps_c.so
[18.143s] -- Up-to-date: /home/user/celluleflexible_en_cours_ROS2/ros_ws/install/robots/include/robots/robots
[18.143s] -- Up-to-date: /home/user/celluleflexible_en_cours_ROS2/ros_ws/install/robots/include/robots/robots/msg
[18.143s] -- Up-to-date: /home/user/celluleflexible_en_cours_ROS2/ros_ws/install/robots/include/robots/robots/msg/faire_tache_msg.hpp
[18.144s] -- Up-to-date: /home/user/celluleflexible_en_cours_ROS2/ros_ws/install/robots/include/robots/robots/msg/rosidl_generator_cpp__visibility_control.hpp
[18.144s] -- Up-to-date: /home/user/celluleflexible_en_cours_ROS2/ros_ws/install/robots/include/robots/robots/msg/move_robot.hpp
[18.144s] -- Up-to-date: /home/user/celluleflexible_en_cours_ROS2/ros_ws/install/robots/include/robots/robots/msg/msg_num_robot.hpp
[18.144s] -- Up-to-date: /home/user/celluleflexible_en_cours_ROS2/ros_ws/install/robots/include/robots/robots/msg/detail
[18.144s] -- Up-to-date: /home/user/celluleflexible_en_cours_ROS2/ros_ws/install/robots/include/robots/robots/msg/detail/msg_num_robot__traits.hpp
[18.144s] -- Up-to-date: /home/user/celluleflexible_en_cours_ROS2/ros_ws/install/robots/include/robots/robots/msg/detail/faire_tache_msg__traits.hpp
[18.144s] -- Up-to-date: /home/user/celluleflexible_en_cours_ROS2/ros_ws/install/robots/include/robots/robots/msg/detail/faire_tache_msg__type_support.hpp
[18.144s] -- Up-to-date: /home/user/celluleflexible_en_cours_ROS2/ros_ws/install/robots/include/robots/robots/msg/detail/move_robot__type_support.hpp
[18.144s] -- Up-to-date: /home/user/celluleflexible_en_cours_ROS2/ros_ws/install/robots/include/robots/robots/msg/detail/faire_tache_msg__builder.hpp
[18.144s] -- Up-to-date: /home/user/celluleflexible_en_cours_ROS2/ros_ws/install/robots/include/robots/robots/msg/detail/move_robot__builder.hpp
[18.144s] -- Up-to-date: /home/user/celluleflexible_en_cours_ROS2/ros_ws/install/robots/include/robots/robots/msg/detail/move_robot__traits.hpp
[18.144s] -- Up-to-date: /home/user/celluleflexible_en_cours_ROS2/ros_ws/install/robots/include/robots/robots/msg/detail/msg_num_robot__struct.hpp
[18.144s] -- Up-to-date: /home/user/celluleflexible_en_cours_ROS2/ros_ws/install/robots/include/robots/robots/msg/detail/faire_tache_msg__struct.hpp
[18.144s] -- Up-to-date: /home/user/celluleflexible_en_cours_ROS2/ros_ws/install/robots/include/robots/robots/msg/detail/msg_num_robot__builder.hpp
[18.144s] -- Up-to-date: /home/user/celluleflexible_en_cours_ROS2/ros_ws/install/robots/include/robots/robots/msg/detail/move_robot__struct.hpp
[18.144s] -- Up-to-date: /home/user/celluleflexible_en_cours_ROS2/ros_ws/install/robots/include/robots/robots/msg/detail/msg_num_robot__type_support.hpp
[18.144s] -- Up-to-date: /home/user/celluleflexible_en_cours_ROS2/ros_ws/install/robots/include/robots/robots
[18.144s] -- Up-to-date: /home/user/celluleflexible_en_cours_ROS2/ros_ws/install/robots/include/robots/robots/msg
[18.144s] -- Up-to-date: /home/user/celluleflexible_en_cours_ROS2/ros_ws/install/robots/include/robots/robots/msg/detail
[18.144s] -- Up-to-date: /home/user/celluleflexible_en_cours_ROS2/ros_ws/install/robots/include/robots/robots/msg/detail/msg_num_robot__rosidl_typesupport_fastrtps_cpp.hpp
[18.144s] -- Up-to-date: /home/user/celluleflexible_en_cours_ROS2/ros_ws/install/robots/include/robots/robots/msg/detail/faire_tache_msg__rosidl_typesupport_fastrtps_cpp.hpp
[18.144s] -- Up-to-date: /home/user/celluleflexible_en_cours_ROS2/ros_ws/install/robots/include/robots/robots/msg/detail/move_robot__rosidl_typesupport_fastrtps_cpp.hpp
[18.144s] -- Up-to-date: /home/user/celluleflexible_en_cours_ROS2/ros_ws/install/robots/include/robots/robots/msg/detail/dds_fastrtps
[18.144s] -- Up-to-date: /home/user/celluleflexible_en_cours_ROS2/ros_ws/install/robots/include/robots/robots/msg/rosidl_typesupport_fastrtps_cpp__visibility_control.h
[18.144s] -- Up-to-date: /home/user/celluleflexible_en_cours_ROS2/ros_ws/install/robots/lib/librobots__rosidl_typesupport_fastrtps_cpp.so
[18.144s] -- Up-to-date: /home/user/celluleflexible_en_cours_ROS2/ros_ws/install/robots/include/robots/robots
[18.144s] -- Up-to-date: /home/user/celluleflexible_en_cours_ROS2/ros_ws/install/robots/include/robots/robots/msg
[18.144s] -- Up-to-date: /home/user/celluleflexible_en_cours_ROS2/ros_ws/install/robots/include/robots/robots/msg/rosidl_typesupport_introspection_c__visibility_control.h
[18.144s] -- Up-to-date: /home/user/celluleflexible_en_cours_ROS2/ros_ws/install/robots/include/robots/robots/msg/detail
[18.144s] -- Up-to-date: /home/user/celluleflexible_en_cours_ROS2/ros_ws/install/robots/include/robots/robots/msg/detail/faire_tache_msg__rosidl_typesupport_introspection_c.h
[18.144s] -- Up-to-date: /home/user/celluleflexible_en_cours_ROS2/ros_ws/install/robots/include/robots/robots/msg/detail/msg_num_robot__rosidl_typesupport_introspection_c.h
[18.144s] -- Up-to-date: /home/user/celluleflexible_en_cours_ROS2/ros_ws/install/robots/include/robots/robots/msg/detail/msg_num_robot__type_support.c
[18.144s] -- Up-to-date: /home/user/celluleflexible_en_cours_ROS2/ros_ws/install/robots/include/robots/robots/msg/detail/move_robot__type_support.c
[18.144s] -- Up-to-date: /home/user/celluleflexible_en_cours_ROS2/ros_ws/install/robots/include/robots/robots/msg/detail/move_robot__rosidl_typesupport_introspection_c.h
[18.144s] -- Up-to-date: /home/user/celluleflexible_en_cours_ROS2/ros_ws/install/robots/include/robots/robots/msg/detail/faire_tache_msg__type_support.c
[18.144s] -- Up-to-date: /home/user/celluleflexible_en_cours_ROS2/ros_ws/install/robots/lib/librobots__rosidl_typesupport_introspection_c.so
[18.144s] -- Up-to-date: /home/user/celluleflexible_en_cours_ROS2/ros_ws/install/robots/lib/librobots__rosidl_typesupport_c.so
[18.144s] -- Up-to-date: /home/user/celluleflexible_en_cours_ROS2/ros_ws/install/robots/include/robots/robots
[18.144s] -- Up-to-date: /home/user/celluleflexible_en_cours_ROS2/ros_ws/install/robots/include/robots/robots/msg
[18.144s] -- Up-to-date: /home/user/celluleflexible_en_cours_ROS2/ros_ws/install/robots/include/robots/robots/msg/detail
[18.145s] -- Up-to-date: /home/user/celluleflexible_en_cours_ROS2/ros_ws/install/robots/include/robots/robots/msg/detail/faire_tache_msg__type_support.cpp
[18.145s] -- Up-to-date: /home/user/celluleflexible_en_cours_ROS2/ros_ws/install/robots/include/robots/robots/msg/detail/msg_num_robot__type_support.cpp
[18.145s] -- Up-to-date: /home/user/celluleflexible_en_cours_ROS2/ros_ws/install/robots/include/robots/robots/msg/detail/move_robot__rosidl_typesupport_introspection_cpp.hpp
[18.145s] -- Up-to-date: /home/user/celluleflexible_en_cours_ROS2/ros_ws/install/robots/include/robots/robots/msg/detail/msg_num_robot__rosidl_typesupport_introspection_cpp.hpp
[18.145s] -- Up-to-date: /home/user/celluleflexible_en_cours_ROS2/ros_ws/install/robots/include/robots/robots/msg/detail/faire_tache_msg__rosidl_typesupport_introspection_cpp.hpp
[18.145s] -- Up-to-date: /home/user/celluleflexible_en_cours_ROS2/ros_ws/install/robots/include/robots/robots/msg/detail/move_robot__type_support.cpp
[18.145s] -- Up-to-date: /home/user/celluleflexible_en_cours_ROS2/ros_ws/install/robots/lib/librobots__rosidl_typesupport_introspection_cpp.so
[18.145s] -- Up-to-date: /home/user/celluleflexible_en_cours_ROS2/ros_ws/install/robots/lib/librobots__rosidl_typesupport_cpp.so
[18.145s] -- Up-to-date: /home/user/celluleflexible_en_cours_ROS2/ros_ws/install/robots/share/robots/environment/pythonpath.sh
[18.145s] -- Up-to-date: /home/user/celluleflexible_en_cours_ROS2/ros_ws/install/robots/share/robots/environment/pythonpath.dsv
[18.145s] -- Up-to-date: /home/user/celluleflexible_en_cours_ROS2/ros_ws/install/robots/lib/python3.12/site-packages/robots-3.1.2-py3.12.egg-info
[18.145s] -- Installing: /home/user/celluleflexible_en_cours_ROS2/ros_ws/install/robots/lib/python3.12/site-packages/robots-3.1.2-py3.12.egg-info/SOURCES.txt
[18.145s] -- Installing: /home/user/celluleflexible_en_cours_ROS2/ros_ws/install/robots/lib/python3.12/site-packages/robots-3.1.2-py3.12.egg-info/top_level.txt
[18.145s] -- Installing: /home/user/celluleflexible_en_cours_ROS2/ros_ws/install/robots/lib/python3.12/site-packages/robots-3.1.2-py3.12.egg-info/PKG-INFO
[18.145s] -- Installing: /home/user/celluleflexible_en_cours_ROS2/ros_ws/install/robots/lib/python3.12/site-packages/robots-3.1.2-py3.12.egg-info/dependency_links.txt
[18.145s] -- Up-to-date: /home/user/celluleflexible_en_cours_ROS2/ros_ws/install/robots/lib/python3.12/site-packages/robots
[18.145s] -- Up-to-date: /home/user/celluleflexible_en_cours_ROS2/ros_ws/install/robots/lib/python3.12/site-packages/robots/robots_s__rosidl_typesupport_c.so
[18.145s] -- Up-to-date: /home/user/celluleflexible_en_cours_ROS2/ros_ws/install/robots/lib/python3.12/site-packages/robots/_robots_s.ep.rosidl_typesupport_c.c
[18.145s] -- Up-to-date: /home/user/celluleflexible_en_cours_ROS2/ros_ws/install/robots/lib/python3.12/site-packages/robots/msg
[18.145s] -- Up-to-date: /home/user/celluleflexible_en_cours_ROS2/ros_ws/install/robots/lib/python3.12/site-packages/robots/msg/_move_robot_s.c
[18.145s] -- Up-to-date: /home/user/celluleflexible_en_cours_ROS2/ros_ws/install/robots/lib/python3.12/site-packages/robots/msg/_move_robot.py
[18.145s] -- Up-to-date: /home/user/celluleflexible_en_cours_ROS2/ros_ws/install/robots/lib/python3.12/site-packages/robots/msg/_msg_num_robot.py
[18.145s] -- Up-to-date: /home/user/celluleflexible_en_cours_ROS2/ros_ws/install/robots/lib/python3.12/site-packages/robots/msg/__init__.py
[18.145s] -- Up-to-date: /home/user/celluleflexible_en_cours_ROS2/ros_ws/install/robots/lib/python3.12/site-packages/robots/msg/_msg_num_robot_s.c
[18.145s] -- Up-to-date: /home/user/celluleflexible_en_cours_ROS2/ros_ws/install/robots/lib/python3.12/site-packages/robots/msg/_faire_tache_msg_s.c
[18.145s] -- Up-to-date: /home/user/celluleflexible_en_cours_ROS2/ros_ws/install/robots/lib/python3.12/site-packages/robots/msg/_faire_tache_msg.py
[18.145s] -- Up-to-date: /home/user/celluleflexible_en_cours_ROS2/ros_ws/install/robots/lib/python3.12/site-packages/robots/__init__.py
[18.145s] -- Up-to-date: /home/user/celluleflexible_en_cours_ROS2/ros_ws/install/robots/lib/python3.12/site-packages/robots/robots_s__rosidl_typesupport_introspection_c.so
[18.145s] -- Up-to-date: /home/user/celluleflexible_en_cours_ROS2/ros_ws/install/robots/lib/python3.12/site-packages/robots/_robots_s.ep.rosidl_typesupport_introspection_c.c
[18.145s] -- Up-to-date: /home/user/celluleflexible_en_cours_ROS2/ros_ws/install/robots/lib/python3.12/site-packages/robots/_robots_s.ep.rosidl_typesupport_fastrtps_c.c
[18.145s] -- Up-to-date: /home/user/celluleflexible_en_cours_ROS2/ros_ws/install/robots/lib/python3.12/site-packages/robots/robots_s__rosidl_typesupport_fastrtps_c.so
[18.177s] Listing '/home/user/celluleflexible_en_cours_ROS2/ros_ws/install/robots/lib/python3.12/site-packages/robots'...
[18.177s] Listing '/home/user/celluleflexible_en_cours_ROS2/ros_ws/install/robots/lib/python3.12/site-packages/robots/msg'...
[18.181s] -- Up-to-date: /home/user/celluleflexible_en_cours_ROS2/ros_ws/install/robots/lib/python3.12/site-packages/robots/robots_s__rosidl_typesupport_fastrtps_c.so
[18.181s] -- Up-to-date: /home/user/celluleflexible_en_cours_ROS2/ros_ws/install/robots/lib/python3.12/site-packages/robots/robots_s__rosidl_typesupport_introspection_c.so
[18.181s] -- Up-to-date: /home/user/celluleflexible_en_cours_ROS2/ros_ws/install/robots/lib/python3.12/site-packages/robots/robots_s__rosidl_typesupport_c.so
[18.181s] -- Up-to-date: /home/user/celluleflexible_en_cours_ROS2/ros_ws/install/robots/lib/librobots__rosidl_generator_py.so
[18.181s] -- Up-to-date: /home/user/celluleflexible_en_cours_ROS2/ros_ws/install/robots/share/robots/msg/MoveRobot.idl
[18.182s] -- Up-to-date: /home/user/celluleflexible_en_cours_ROS2/ros_ws/install/robots/share/robots/msg/FaireTacheMsg.idl
[18.182s] -- Up-to-date: /home/user/celluleflexible_en_cours_ROS2/ros_ws/install/robots/share/robots/msg/MsgNumRobot.idl
[18.182s] -- Up-to-date: /home/user/celluleflexible_en_cours_ROS2/ros_ws/install/robots/share/robots/msg/MoveRobot.msg
[18.182s] -- Up-to-date: /home/user/celluleflexible_en_cours_ROS2/ros_ws/install/robots/share/robots/msg/FaireTacheMsg.msg
[18.182s] -- Up-to-date: /home/user/celluleflexible_en_cours_ROS2/ros_ws/install/robots/share/robots/msg/MsgNumRobot.msg
[18.182s] -- Installing: /home/user/celluleflexible_en_cours_ROS2/ros_ws/install/robots/lib/robots/robot
[18.198s] -- Set non-toolchain portion of runtime path of "/home/user/celluleflexible_en_cours_ROS2/ros_ws/install/robots/lib/robots/robot" to ""
[18.198s] -- Up-to-date: /home/user/celluleflexible_en_cours_ROS2/ros_ws/install/robots/share/robots
[18.198s] -- Up-to-date: /home/user/celluleflexible_en_cours_ROS2/ros_ws/install/robots/share/robots/robotsGauche.launch.py
[18.198s] -- Up-to-date: /home/user/celluleflexible_en_cours_ROS2/ros_ws/install/robots/share/ament_index/resource_index/package_run_dependencies/robots
[18.198s] -- Up-to-date: /home/user/celluleflexible_en_cours_ROS2/ros_ws/install/robots/share/ament_index/resource_index/parent_prefix_path/robots
[18.198s] -- Up-to-date: /home/user/celluleflexible_en_cours_ROS2/ros_ws/install/robots/share/robots/environment/ament_prefix_path.sh
[18.198s] -- Up-to-date: /home/user/celluleflexible_en_cours_ROS2/ros_ws/install/robots/share/robots/environment/ament_prefix_path.dsv
[18.198s] -- Up-to-date: /home/user/celluleflexible_en_cours_ROS2/ros_ws/install/robots/share/robots/environment/path.sh
[18.198s] -- Up-to-date: /home/user/celluleflexible_en_cours_ROS2/ros_ws/install/robots/share/robots/environment/path.dsv
[18.198s] -- Up-to-date: /home/user/celluleflexible_en_cours_ROS2/ros_ws/install/robots/share/robots/local_setup.bash
[18.198s] -- Up-to-date: /home/user/celluleflexible_en_cours_ROS2/ros_ws/install/robots/share/robots/local_setup.sh
[18.198s] -- Up-to-date: /home/user/celluleflexible_en_cours_ROS2/ros_ws/install/robots/share/robots/local_setup.zsh
[18.198s] -- Up-to-date: /home/user/celluleflexible_en_cours_ROS2/ros_ws/install/robots/share/robots/local_setup.dsv
[18.198s] -- Installing: /home/user/celluleflexible_en_cours_ROS2/ros_ws/install/robots/share/robots/package.dsv
[18.198s] -- Up-to-date: /home/user/celluleflexible_en_cours_ROS2/ros_ws/install/robots/share/ament_index/resource_index/packages/robots
[18.198s] -- Up-to-date: /home/user/celluleflexible_en_cours_ROS2/ros_ws/install/robots/share/robots/cmake/export_robots__rosidl_generator_cExport.cmake
[18.198s] -- Up-to-date: /home/user/celluleflexible_en_cours_ROS2/ros_ws/install/robots/share/robots/cmake/export_robots__rosidl_generator_cExport-noconfig.cmake
[18.198s] -- Up-to-date: /home/user/celluleflexible_en_cours_ROS2/ros_ws/install/robots/share/robots/cmake/export_robots__rosidl_typesupport_fastrtps_cExport.cmake
[18.198s] -- Up-to-date: /home/user/celluleflexible_en_cours_ROS2/ros_ws/install/robots/share/robots/cmake/export_robots__rosidl_typesupport_fastrtps_cExport-noconfig.cmake
[18.198s] -- Up-to-date: /home/user/celluleflexible_en_cours_ROS2/ros_ws/install/robots/share/robots/cmake/export_robots__rosidl_generator_cppExport.cmake
[18.198s] -- Up-to-date: /home/user/celluleflexible_en_cours_ROS2/ros_ws/install/robots/share/robots/cmake/export_robots__rosidl_typesupport_fastrtps_cppExport.cmake
[18.198s] -- Up-to-date: /home/user/celluleflexible_en_cours_ROS2/ros_ws/install/robots/share/robots/cmake/export_robots__rosidl_typesupport_fastrtps_cppExport-noconfig.cmake
[18.198s] -- Up-to-date: /home/user/celluleflexible_en_cours_ROS2/ros_ws/install/robots/share/robots/cmake/robots__rosidl_typesupport_introspection_cExport.cmake
[18.199s] -- Up-to-date: /home/user/celluleflexible_en_cours_ROS2/ros_ws/install/robots/share/robots/cmake/robots__rosidl_typesupport_introspection_cExport-noconfig.cmake
[18.199s] -- Up-to-date: /home/user/celluleflexible_en_cours_ROS2/ros_ws/install/robots/share/robots/cmake/robots__rosidl_typesupport_cExport.cmake
[18.199s] -- Up-to-date: /home/user/celluleflexible_en_cours_ROS2/ros_ws/install/robots/share/robots/cmake/robots__rosidl_typesupport_cExport-noconfig.cmake
[18.199s] -- Up-to-date: /home/user/celluleflexible_en_cours_ROS2/ros_ws/install/robots/share/robots/cmake/robots__rosidl_typesupport_introspection_cppExport.cmake
[18.199s] -- Up-to-date: /home/user/celluleflexible_en_cours_ROS2/ros_ws/install/robots/share/robots/cmake/robots__rosidl_typesupport_introspection_cppExport-noconfig.cmake
[18.199s] -- Up-to-date: /home/user/celluleflexible_en_cours_ROS2/ros_ws/install/robots/share/robots/cmake/robots__rosidl_typesupport_cppExport.cmake
[18.199s] -- Up-to-date: /home/user/celluleflexible_en_cours_ROS2/ros_ws/install/robots/share/robots/cmake/robots__rosidl_typesupport_cppExport-noconfig.cmake
[18.199s] -- Up-to-date: /home/user/celluleflexible_en_cours_ROS2/ros_ws/install/robots/share/robots/cmake/export_robots__rosidl_generator_pyExport.cmake
[18.199s] -- Up-to-date: /home/user/celluleflexible_en_cours_ROS2/ros_ws/install/robots/share/robots/cmake/export_robots__rosidl_generator_pyExport-noconfig.cmake
[18.199s] -- Up-to-date: /home/user/celluleflexible_en_cours_ROS2/ros_ws/install/robots/share/robots/cmake/rosidl_cmake-extras.cmake
[18.199s] -- Up-to-date: /home/user/celluleflexible_en_cours_ROS2/ros_ws/install/robots/share/robots/cmake/ament_cmake_export_dependencies-extras.cmake
[18.199s] -- Up-to-date: /home/user/celluleflexible_en_cours_ROS2/ros_ws/install/robots/share/robots/cmake/ament_cmake_export_include_directories-extras.cmake
[18.199s] -- Up-to-date: /home/user/celluleflexible_en_cours_ROS2/ros_ws/install/robots/share/robots/cmake/ament_cmake_export_libraries-extras.cmake
[18.199s] -- Up-to-date: /home/user/celluleflexible_en_cours_ROS2/ros_ws/install/robots/share/robots/cmake/ament_cmake_export_targets-extras.cmake
[18.199s] -- Up-to-date: /home/user/celluleflexible_en_cours_ROS2/ros_ws/install/robots/share/robots/cmake/rosidl_cmake_export_typesupport_targets-extras.cmake
[18.200s] -- Up-to-date: /home/user/celluleflexible_en_cours_ROS2/ros_ws/install/robots/share/robots/cmake/rosidl_cmake_export_typesupport_libraries-extras.cmake
[18.200s] -- Up-to-date: /home/user/celluleflexible_en_cours_ROS2/ros_ws/install/robots/share/robots/cmake/robotsConfig.cmake
[18.200s] -- Up-to-date: /home/user/celluleflexible_en_cours_ROS2/ros_ws/install/robots/share/robots/cmake/robotsConfig-version.cmake
[18.200s] -- Up-to-date: /home/user/celluleflexible_en_cours_ROS2/ros_ws/install/robots/share/robots/package.xml
[18.201s] Invoked command in '/home/user/celluleflexible_en_cours_ROS2/ros_ws/build/robots' returned '0': CMAKE_PREFIX_PATH=/home/user/celluleflexible_en_cours_ROS2/ros_ws/install/shuttles:/home/user/celluleflexible_en_cours_ROS2/ros_ws/install/commande_locale:/home/user/celluleflexible_en_cours_ROS2/ros_ws/install/aiguillages:/home/user/celluleflexible_en_cours_ROS2/ros_ws/install/robots:/opt/ros/jazzy/opt/gz_math_vendor:/opt/ros/jazzy/opt/gz_utils_vendor:/opt/ros/jazzy/opt/gz_cmake_vendor:/opt/ros/jazzy DEBUGINFOD_URLS=https://debuginfod.ubuntu.com LD_LIBRARY_PATH=/home/user/celluleflexible_en_cours_ROS2/ros_ws/install/shuttles/lib:/home/user/celluleflexible_en_cours_ROS2/ros_ws/install/commande_locale/lib:/home/user/celluleflexible_en_cours_ROS2/ros_ws/install/aiguillages/lib:/home/user/celluleflexible_en_cours_ROS2/ros_ws/install/robots/lib:/opt/ros/jazzy/opt/rviz_ogre_vendor/lib:/opt/ros/jazzy/lib/x86_64-linux-gnu:/opt/ros/jazzy/opt/gz_math_vendor/lib:/opt/ros/jazzy/opt/gz_utils_vendor/lib:/opt/ros/jazzy/opt/gz_cmake_vendor/lib:/opt/ros/jazzy/lib PYTHONPATH=/home/user/celluleflexible_en_cours_ROS2/ros_ws/install/shuttles/lib/python3.12/site-packages:/home/user/celluleflexible_en_cours_ROS2/ros_ws/install/commande_locale/lib/python3.12/site-packages:/home/user/celluleflexible_en_cours_ROS2/ros_ws/install/aiguillages/lib/python3.12/site-packages:/home/user/celluleflexible_en_cours_ROS2/ros_ws/install/robots/lib/python3.12/site-packages:/opt/ros/jazzy/lib/python3.12/site-packages /usr/bin/cmake --install /home/user/celluleflexible_en_cours_ROS2/ros_ws/build/robots
