[0.130s] Invoking command in '/home/user/celluleflexible_en_cours_ROS2/ros_ws/build/launcher': CMAKE_PREFIX_PATH=${CMAKE_PREFIX_PATH}:/opt/ros/jazzy DEBUGINFOD_URLS=https://debuginfod.ubuntu.com /usr/bin/cmake --build /home/user/celluleflexible_en_cours_ROS2/ros_ws/build/launcher -- -j8 -l8
[0.340s] Invoked command in '/home/user/celluleflexible_en_cours_ROS2/ros_ws/build/launcher' returned '0': CMAKE_PREFIX_PATH=${CMAKE_PREFIX_PATH}:/opt/ros/jazzy DEBUGINFOD_URLS=https://debuginfod.ubuntu.com /usr/bin/cmake --build /home/user/celluleflexible_en_cours_ROS2/ros_ws/build/launcher -- -j8 -l8
[0.352s] Invoking command in '/home/user/celluleflexible_en_cours_ROS2/ros_ws/build/launcher': CMAKE_PREFIX_PATH=${CMAKE_PREFIX_PATH}:/opt/ros/jazzy DEBUGINFOD_URLS=https://debuginfod.ubuntu.com /usr/bin/cmake --install /home/user/celluleflexible_en_cours_ROS2/ros_ws/build/launcher
[0.365s] -- Install configuration: ""
[0.365s] -- Up-to-date: /home/user/celluleflexible_en_cours_ROS2/ros_ws/install/launcher/share/launcher/launch
[0.365s] -- Up-to-date: /home/user/celluleflexible_en_cours_ROS2/ros_ws/install/launcher/share/launcher/launch/launch_alpha.launch.py
[0.365s] -- Up-to-date: /home/user/celluleflexible_en_cours_ROS2/ros_ws/install/launcher/share/launcher/launch/launch_beta.launch.py
[0.365s] -- Up-to-date: /home/user/celluleflexible_en_cours_ROS2/ros_ws/install/launcher/share/ament_index/resource_index/package_run_dependencies/launcher
[0.365s] -- Up-to-date: /home/user/celluleflexible_en_cours_ROS2/ros_ws/install/launcher/share/ament_index/resource_index/parent_prefix_path/launcher
[0.365s] -- Up-to-date: /home/user/celluleflexible_en_cours_ROS2/ros_ws/install/launcher/share/launcher/environment/ament_prefix_path.sh
[0.365s] -- Up-to-date: /home/user/celluleflexible_en_cours_ROS2/ros_ws/install/launcher/share/launcher/environment/ament_prefix_path.dsv
[0.366s] -- Up-to-date: /home/user/celluleflexible_en_cours_ROS2/ros_ws/install/launcher/share/launcher/environment/path.sh
[0.367s] -- Up-to-date: /home/user/celluleflexible_en_cours_ROS2/ros_ws/install/launcher/share/launcher/environment/path.dsv
[0.367s] -- Up-to-date: /home/user/celluleflexible_en_cours_ROS2/ros_ws/install/launcher/share/launcher/local_setup.bash
[0.367s] -- Up-to-date: /home/user/celluleflexible_en_cours_ROS2/ros_ws/install/launcher/share/launcher/local_setup.sh
[0.367s] -- Up-to-date: /home/user/celluleflexible_en_cours_ROS2/ros_ws/install/launcher/share/launcher/local_setup.zsh
[0.367s] -- Up-to-date: /home/user/celluleflexible_en_cours_ROS2/ros_ws/install/launcher/share/launcher/local_setup.dsv
[0.367s] -- Installing: /home/user/celluleflexible_en_cours_ROS2/ros_ws/install/launcher/share/launcher/package.dsv
[0.367s] -- Up-to-date: /home/user/celluleflexible_en_cours_ROS2/ros_ws/install/launcher/share/ament_index/resource_index/packages/launcher
[0.367s] -- Up-to-date: /home/user/celluleflexible_en_cours_ROS2/ros_ws/install/launcher/share/launcher/cmake/launcherConfig.cmake
[0.367s] -- Up-to-date: /home/user/celluleflexible_en_cours_ROS2/ros_ws/install/launcher/share/launcher/cmake/launcherConfig-version.cmake
[0.368s] -- Up-to-date: /home/user/celluleflexible_en_cours_ROS2/ros_ws/install/launcher/share/launcher/package.xml
[0.369s] Invoked command in '/home/user/celluleflexible_en_cours_ROS2/ros_ws/build/launcher' returned '0': CMAKE_PREFIX_PATH=${CMAKE_PREFIX_PATH}:/opt/ros/jazzy DEBUGINFOD_URLS=https://debuginfod.ubuntu.com /usr/bin/cmake --install /home/user/celluleflexible_en_cours_ROS2/ros_ws/build/launcher
