[0.060s] Invoking command in '/home/user/Desktop/New_ter/CoppeliaSim/build/sim_ros2_interface': CMAKE_PREFIX_PATH=${CMAKE_PREFIX_PATH}:/opt/ros/jazzy DEBUGINFOD_URLS=https://debuginfod.ubuntu.com /usr/bin/cmake /home/user/Desktop/New_ter/CoppeliaSim/programming/ros2_packages/sim_ros2_interface -DAMENT_CMAKE_SYMLINK_INSTALL=1 -DCMAKE_INSTALL_PREFIX=/home/user/Desktop/New_ter/CoppeliaSim/install/sim_ros2_interface
[0.469s] -- The C compiler identification is GNU 13.3.0
[0.723s] -- The CXX compiler identification is GNU 13.3.0
[0.808s] -- Detecting C compiler ABI info
[1.091s] -- Detecting C compiler ABI info - done
[1.104s] -- Check for working C compiler: /usr/bin/cc - skipped
[1.106s] -- Detecting C compile features
[1.107s] -- Detecting C compile features - done
[1.138s] -- Detecting CXX compiler ABI info
[1.368s] -- Detecting CXX compiler ABI info - done
[1.381s] -- Check for working CXX compiler: /usr/bin/c++ - skipped
[1.381s] -- Detecting CXX compile features
[1.382s] -- Detecting CXX compile features - done
[1.457s] -- Found ament_cmake: 2.5.5 (/opt/ros/jazzy/share/ament_cmake/cmake)
[1.717s] -- Found Python3: /usr/bin/python3 (found version "3.12.3") found components: Interpreter 
[1.899s] -- Override CMake install command with custom implementation using symlinks instead of copying resources
[2.075s] -- Found ament_cmake_ros: 0.12.0 (/opt/ros/jazzy/share/ament_cmake_ros/cmake)
[2.126s] -- Found diagnostic_msgs: 5.3.6 (/opt/ros/jazzy/share/diagnostic_msgs/cmake)
[2.289s] -- Found rosidl_generator_c: 4.6.7 (/opt/ros/jazzy/share/rosidl_generator_c/cmake)
[2.343s] -- Found rosidl_generator_cpp: 4.6.7 (/opt/ros/jazzy/share/rosidl_generator_cpp/cmake)
[2.419s] -- Using all available rosidl_typesupport_c: rosidl_typesupport_fastrtps_c;rosidl_typesupport_introspection_c
[2.492s] -- Using all available rosidl_typesupport_cpp: rosidl_typesupport_fastrtps_cpp;rosidl_typesupport_introspection_cpp
[2.726s] -- Found geometry_msgs: 5.3.6 (/opt/ros/jazzy/share/geometry_msgs/cmake)
[2.790s] -- Found lifecycle_msgs: 2.0.3 (/opt/ros/jazzy/share/lifecycle_msgs/cmake)
[2.852s] -- Found map_msgs: 2.4.1 (/opt/ros/jazzy/share/map_msgs/cmake)
[3.089s] -- Found pendulum_msgs: 0.33.9 (/opt/ros/jazzy/share/pendulum_msgs/cmake)
[3.181s] -- Found rosgraph_msgs: 2.0.3 (/opt/ros/jazzy/share/rosgraph_msgs/cmake)
[3.263s] -- Found shape_msgs: 5.3.6 (/opt/ros/jazzy/share/shape_msgs/cmake)
[3.372s] -- Found stereo_msgs: 5.3.6 (/opt/ros/jazzy/share/stereo_msgs/cmake)
[3.466s] -- Found tf2_geometry_msgs: 0.36.19 (/opt/ros/jazzy/share/tf2_geometry_msgs/cmake)
[3.551s] -- Found eigen3_cmake_module: 0.3.0 (/opt/ros/jazzy/share/eigen3_cmake_module/cmake)
[3.565s] -- Found Eigen3: TRUE (found version "3.4.0") 
[3.565s] -- Ensuring Eigen3 include directory is part of orocos-kdl CMake target
[4.060s] -- Found rmw_implementation_cmake: 7.3.3 (/opt/ros/jazzy/share/rmw_implementation_cmake/cmake)
[4.079s] -- Found rmw_fastrtps_cpp: 8.4.3 (/opt/ros/jazzy/share/rmw_fastrtps_cpp/cmake)
[4.492s] -- Found OpenSSL: /usr/lib/x86_64-linux-gnu/libcrypto.so (found version "3.0.13")  
[4.543s] -- Found FastRTPS: /opt/ros/jazzy/include (Required is at least version "2.13") 
[4.580s] -- Using RMW implementation 'rmw_fastrtps_cpp' as default
[5.116s] -- Found trajectory_msgs: 5.3.6 (/opt/ros/jazzy/share/trajectory_msgs/cmake)
[5.218s] -- Found visualization_msgs: 5.3.6 (/opt/ros/jazzy/share/visualization_msgs/cmake)
[5.309s] -- Found std_srvs: 5.3.6 (/opt/ros/jazzy/share/std_srvs/cmake)
[5.368s] -- Found example_interfaces: 0.12.0 (/opt/ros/jazzy/share/example_interfaces/cmake)
[5.433s] -- Found image_transport: 5.1.7 (/opt/ros/jazzy/share/image_transport/cmake)
[5.480s] -- Found aiguillages: 3.1.2 (/home/user/Desktop/New_ter/ros2_ws/install/aiguillages/share/aiguillages/cmake)
[5.568s] -- CoppeliaSim: LIBPLUGIN_DIR: /home/user/Desktop/New_ter/CoppeliaSim/programming/libPlugin.
[5.568s] -- CoppeliaSim: COPPELIASIM_ROOT_DIR: /home/user/Desktop/New_ter/CoppeliaSim.
[5.570s] -- Found CoppeliaSim installation at /home/user/Desktop/New_ter/CoppeliaSim.
[5.570s] -- Checking CoppeliaSim header version...
[6.594s] -- CoppeliaSim headers version 4.3.0 rev3
[6.648s] -- Found Boost: /usr/lib/x86_64-linux-gnu/cmake/Boost-1.83.0/BoostConfig.cmake (found version "1.83.0") found components: regex 
[6.693s] -- Found Git: /usr/bin/git (found version "2.43.0") 
[6.946s] -- Found Boost: /usr/lib/x86_64-linux-gnu/cmake/Boost-1.83.0/BoostConfig.cmake (found version "1.83.0")  
[6.951s] -- Adding simStubsGen command...
[7.174s] -- Reading plugin metadata...
[7.267s] warning: missing python package "xmlschema"; input file callbacks.xml will not be validated.
[7.331s] warning: missing python package "xmlschema"; input file callbacks.xml will not be validated.
[7.378s] -- Plugin: ROS2
[7.592s] -- Configuring done (7.5s)
[7.677s] -- Generating done (0.1s)
[7.688s] -- Build files have been written to: /home/user/Desktop/New_ter/CoppeliaSim/build/sim_ros2_interface
[7.737s] Invoked command in '/home/user/Desktop/New_ter/CoppeliaSim/build/sim_ros2_interface' returned '0': CMAKE_PREFIX_PATH=${CMAKE_PREFIX_PATH}:/opt/ros/jazzy DEBUGINFOD_URLS=https://debuginfod.ubuntu.com /usr/bin/cmake /home/user/Desktop/New_ter/CoppeliaSim/programming/ros2_packages/sim_ros2_interface -DAMENT_CMAKE_SYMLINK_INSTALL=1 -DCMAKE_INSTALL_PREFIX=/home/user/Desktop/New_ter/CoppeliaSim/install/sim_ros2_interface
[7.738s] Invoking command in '/home/user/Desktop/New_ter/CoppeliaSim/build/sim_ros2_interface': CMAKE_PREFIX_PATH=${CMAKE_PREFIX_PATH}:/opt/ros/jazzy DEBUGINFOD_URLS=https://debuginfod.ubuntu.com /usr/bin/cmake --build /home/user/Desktop/New_ter/CoppeliaSim/build/sim_ros2_interface -- -j4 -l4
[7.907s] [  2%] [34m[1mGenerating generated/actcli_sendGoal.cpp[0m
[7.916s] [  4%] [34m[1mGenerating generated/actcli_del.cpp[0m
[7.919s] [  7%] [34m[1mGenerating generated/actcli_cancelLastGoal.cpp[0m
[7.926s] [  9%] [34m[1mGenerating generated/actcli_new.cpp[0m
[8.854s] [ 12%] [34m[1mGenerating generated/actsrv_action_canceled.cpp[0m
[8.866s] [ 14%] [34m[1mGenerating generated/actsrv_action_abort.cpp[0m
[8.916s] [ 17%] [34m[1mGenerating generated/actsrv_action_execute.cpp[0m
[9.131s] [ 19%] [34m[1mGenerating generated/actsrv_action_is_active.cpp[0m
[9.336s] [ 21%] [34m[1mGenerating generated/actsrv_action_is_canceling.cpp[0m
[9.504s] [ 24%] [34m[1mGenerating generated/actsrv_action_is_executing.cpp[0m
[9.526s] [ 26%] [34m[1mGenerating generated/actsrv_action_publish_feedback.cpp[0m
[9.667s] [ 29%] [34m[1mGenerating generated/actsrv_action_succeed.cpp[0m
[9.683s] [ 31%] [34m[1mGenerating generated/actsrv_del.cpp[0m
[9.790s] [ 34%] [34m[1mGenerating generated/actsrv_new.cpp[0m
[9.887s] [ 36%] [34m[1mGenerating generated/callbacks.cpp[0m
[10.106s] [ 39%] [34m[1mGenerating generated/cli_call.cpp[0m
[10.121s] [ 41%] [34m[1mGenerating generated/callbacks.h[0m
[10.270s] [ 43%] [34m[1mGenerating generated/cli_del.cpp[0m
[10.374s] [ 46%] [34m[1mGenerating generated/cli_new.cpp[0m
[10.455s] [ 48%] [34m[1mGenerating generated/if_const.cpp[0m
[10.494s] [ 51%] [34m[1mGenerating generated/cli_wait.cpp[0m
[10.572s] [ 53%] [34m[1mGenerating generated/if_list.cpp[0m
[10.628s] [ 56%] [34m[1mGenerating generated/if_new.cpp[0m
[10.725s] [ 58%] [34m[1mGenerating generated/pub_del.cpp[0m
[10.778s] [ 60%] [34m[1mGenerating generated/pub_new.cpp[0m
[10.820s] [ 63%] [34m[1mGenerating generated/pub_publish.cpp[0m
[10.902s] [ 65%] [34m[1mGenerating generated/srv_del.cpp[0m
[10.964s] [ 68%] [34m[1mGenerating generated/srv_new.cpp[0m
[11.154s] [ 70%] [34m[1mGenerating generated/sub_del.cpp[0m
[11.154s] [ 73%] [34m[1mGenerating generated/sub_new.cpp[0m
[11.554s] [ 73%] Built target generate_ros_code
[11.586s] [ 75%] [34m[1mGenerating generated/stubs.cpp, generated/stubs.h, generated/plugin.h, generated/stubsPlusPlus.cpp, generated/index.json, generated/reference.html, generated/lua_calltips.cpp, generated/simROS2-typecheck.lua[0m
[11.669s] warning: missing python package "xmlschema"; input file callbacks.xml will not be validated.
[11.672s] /home/user/Desktop/New_ter/CoppeliaSim/programming/libPlugin/simStubsGen/generate.py --verbose --xml-file /home/user/Desktop/New_ter/CoppeliaSim/programming/ros2_packages/sim_ros2_interface/meta/callbacks.xml --gen-all /home/user/Desktop/New_ter/CoppeliaSim/build/sim_ros2_interface/generated --lua-file /home/user/Desktop/New_ter/CoppeliaSim/programming/ros2_packages/sim_ros2_interface/simROS2.lua
[11.691s] /usr/bin/python3 /home/user/Desktop/New_ter/CoppeliaSim/programming/libPlugin/simStubsGen/generate_lua_xml.py /home/user/Desktop/New_ter/CoppeliaSim/programming/ros2_packages/sim_ros2_interface/meta/callbacks.xml /home/user/Desktop/New_ter/CoppeliaSim/programming/ros2_packages/sim_ros2_interface/simROS2.lua /home/user/Desktop/New_ter/CoppeliaSim/build/sim_ros2_interface/generated/lua.xml
[11.790s] warning: missing python package "xmlschema"; input file callbacks.xml will not be validated.
[11.833s] /usr/bin/python3 /home/user/Desktop/New_ter/CoppeliaSim/programming/libPlugin/simStubsGen/merge_xml.py /home/user/Desktop/New_ter/CoppeliaSim/programming/ros2_packages/sim_ros2_interface/meta/callbacks.xml /home/user/Desktop/New_ter/CoppeliaSim/build/sim_ros2_interface/generated/lua.xml /home/user/Desktop/New_ter/CoppeliaSim/build/sim_ros2_interface/generated/reference.xml
[11.944s] xsltproc -o /home/user/Desktop/New_ter/CoppeliaSim/build/sim_ros2_interface/generated/reference.html /home/user/Desktop/New_ter/CoppeliaSim/programming/libPlugin/simStubsGen/xsl/reference.xsl /home/user/Desktop/New_ter/CoppeliaSim/build/sim_ros2_interface/generated/reference.xml
[12.007s] /usr/bin/python3 /home/user/Desktop/New_ter/CoppeliaSim/programming/libPlugin/simStubsGen/generate_lua_calltips.py /home/user/Desktop/New_ter/CoppeliaSim/build/sim_ros2_interface/generated/lua.xml /home/user/Desktop/New_ter/CoppeliaSim/build/sim_ros2_interface/generated/lua_calltips.cpp
[12.058s] warning: missing python package "xmlschema"; input file lua.xml will not be validated.
[12.071s] /usr/bin/python3 /home/user/Desktop/New_ter/CoppeliaSim/programming/libPlugin/simStubsGen/generate_lua_typechecker.py /home/user/Desktop/New_ter/CoppeliaSim/programming/ros2_packages/sim_ros2_interface/simROS2.lua /home/user/Desktop/New_ter/CoppeliaSim/build/sim_ros2_interface/generated/lua.xml /home/user/Desktop/New_ter/CoppeliaSim/build/sim_ros2_interface/generated/simROS2-typecheck.lua
[12.109s] warning: missing python package "xmlschema"; input file lua.xml will not be validated.
[12.132s] /usr/bin/python3 /home/user/Desktop/New_ter/CoppeliaSim/programming/libPlugin/simStubsGen/generate_api_index.py /home/user/Desktop/New_ter/CoppeliaSim/build/sim_ros2_interface/generated/reference.xml /home/user/Desktop/New_ter/CoppeliaSim/build/sim_ros2_interface/generated/index.json
[12.204s] warning: missing python package "xmlschema"; input file reference.xml will not be validated.
[12.238s] /usr/bin/python3 /home/user/Desktop/New_ter/CoppeliaSim/programming/libPlugin/simStubsGen/external/pycpp/pycpp.py -p xml_file=/home/user/Desktop/New_ter/CoppeliaSim/programming/ros2_packages/sim_ros2_interface/meta/callbacks.xml -p have_lua_calltips=True -P /home/user/Desktop/New_ter/CoppeliaSim/programming/libPlugin/simStubsGen -p lua_require=simROS2-typecheck -i /home/user/Desktop/New_ter/CoppeliaSim/programming/libPlugin/simStubsGen/cpp/stubs.cpp -o /home/user/Desktop/New_ter/CoppeliaSim/build/sim_ros2_interface/generated/stubs.cpp
[12.319s] warning: missing python package "xmlschema"; input file callbacks.xml will not be validated.
[12.344s] /usr/bin/python3 /home/user/Desktop/New_ter/CoppeliaSim/programming/libPlugin/simStubsGen/external/pycpp/pycpp.py -p xml_file=/home/user/Desktop/New_ter/CoppeliaSim/programming/ros2_packages/sim_ros2_interface/meta/callbacks.xml -p have_lua_calltips=True -P /home/user/Desktop/New_ter/CoppeliaSim/programming/libPlugin/simStubsGen -p lua_require=simROS2-typecheck -i /home/user/Desktop/New_ter/CoppeliaSim/programming/libPlugin/simStubsGen/cpp/stubs.h -o /home/user/Desktop/New_ter/CoppeliaSim/build/sim_ros2_interface/generated/stubs.h
[12.441s] warning: missing python package "xmlschema"; input file callbacks.xml will not be validated.
[12.477s] /usr/bin/python3 /home/user/Desktop/New_ter/CoppeliaSim/programming/libPlugin/simStubsGen/external/pycpp/pycpp.py -p xml_file=/home/user/Desktop/New_ter/CoppeliaSim/programming/ros2_packages/sim_ros2_interface/meta/callbacks.xml -p have_lua_calltips=True -P /home/user/Desktop/New_ter/CoppeliaSim/programming/libPlugin/simStubsGen -p lua_require=simROS2-typecheck -i /home/user/Desktop/New_ter/CoppeliaSim/programming/libPlugin/simStubsGen/cpp/plugin.h -o /home/user/Desktop/New_ter/CoppeliaSim/build/sim_ros2_interface/generated/plugin.h
[12.562s] warning: missing python package "xmlschema"; input file callbacks.xml will not be validated.
[12.580s] /usr/bin/python3 /home/user/Desktop/New_ter/CoppeliaSim/programming/libPlugin/simStubsGen/external/pycpp/pycpp.py -p xml_file=/home/user/Desktop/New_ter/CoppeliaSim/programming/ros2_packages/sim_ros2_interface/meta/callbacks.xml -p have_lua_calltips=True -P /home/user/Desktop/New_ter/CoppeliaSim/programming/libPlugin/simStubsGen -p lua_require=simROS2-typecheck -i /home/user/Desktop/New_ter/CoppeliaSim/programming/libPlugin/simStubsGen/cpp/stubsPlusPlus.cpp -o /home/user/Desktop/New_ter/CoppeliaSim/build/sim_ros2_interface/generated/stubsPlusPlus.cpp
[12.637s] warning: missing python package "xmlschema"; input file callbacks.xml will not be validated.
[12.758s] [ 78%] [32mBuilding CXX object CMakeFiles/simExtROS2.dir/home/user/Desktop/New_ter/CoppeliaSim/programming/common/simLib.cpp.o[0m
[12.761s] [ 80%] [32mBuilding CXX object CMakeFiles/simExtROS2.dir/home/user/Desktop/New_ter/CoppeliaSim/programming/libPlugin/simPlusPlus/Lib.cpp.o[0m
[12.768s] [ 82%] [32mBuilding CXX object CMakeFiles/simExtROS2.dir/home/user/Desktop/New_ter/CoppeliaSim/programming/libPlugin/simPlusPlus/Plugin.cpp.o[0m
[12.769s] [ 85%] [32mBuilding CXX object CMakeFiles/simExtROS2.dir/generated/stubs.cpp.o[0m
[13.998s] [ 87%] [32mBuilding CXX object CMakeFiles/simExtROS2.dir/home/user/Desktop/New_ter/CoppeliaSim/programming/libPlugin/simPlusPlus/Handle.cpp.o[0m
[14.684s] [ 90%] [32mBuilding CXX object CMakeFiles/simExtROS2.dir/src/sim_ros2_interface.cpp.o[0m
[16.525s] [ 92%] [32mBuilding CXX object CMakeFiles/simExtROS2.dir/src/ros_msg_builtin_io.cpp.o[0m
[18.561s] [ 95%] [32mBuilding CXX object CMakeFiles/simExtROS2.dir/generated/callbacks.cpp.o[0m
[173.043s] [ 97%] [32m[1mLinking CXX shared library libsimExtROS2.so[0m
[187.985s] [100%] Built target simExtROS2
[188.022s] Invoked command in '/home/user/Desktop/New_ter/CoppeliaSim/build/sim_ros2_interface' returned '0': CMAKE_PREFIX_PATH=${CMAKE_PREFIX_PATH}:/opt/ros/jazzy DEBUGINFOD_URLS=https://debuginfod.ubuntu.com /usr/bin/cmake --build /home/user/Desktop/New_ter/CoppeliaSim/build/sim_ros2_interface -- -j4 -l4
[188.068s] Invoking command in '/home/user/Desktop/New_ter/CoppeliaSim/build/sim_ros2_interface': CMAKE_PREFIX_PATH=${CMAKE_PREFIX_PATH}:/opt/ros/jazzy DEBUGINFOD_URLS=https://debuginfod.ubuntu.com /usr/bin/cmake --install /home/user/Desktop/New_ter/CoppeliaSim/build/sim_ros2_interface
[188.084s] -- Install configuration: ""
[188.085s] -- Execute custom install script
[188.092s] -- Up-to-date symlink: /home/user/Desktop/New_ter/CoppeliaSim/lua/simROS2-typecheck.lua
[188.094s] -- Up-to-date symlink: /home/user/Desktop/New_ter/CoppeliaSim/lua/simROS2.lua
[188.099s] -- Up-to-date symlink: /home/user/Desktop/New_ter/CoppeliaSim/helpFiles/en/simROS2.htm
[188.103s] -- Up-to-date symlink: /home/user/Desktop/New_ter/CoppeliaSim/helpFiles/index/simROS2.json
[188.107s] -- Up-to-date symlink: /home/user/Desktop/New_ter/CoppeliaSim/libsimExtROS2.so
[188.112s] -- Symlinking: /home/user/Desktop/New_ter/CoppeliaSim/install/sim_ros2_interface/share/ament_index/resource_index/package_run_dependencies/sim_ros2_interface
[188.139s] -- Symlinking: /home/user/Desktop/New_ter/CoppeliaSim/install/sim_ros2_interface/share/ament_index/resource_index/parent_prefix_path/sim_ros2_interface
[188.196s] -- Symlinking: /home/user/Desktop/New_ter/CoppeliaSim/install/sim_ros2_interface/share/sim_ros2_interface/environment/ament_prefix_path.sh
[188.230s] -- Symlinking: /home/user/Desktop/New_ter/CoppeliaSim/install/sim_ros2_interface/share/sim_ros2_interface/environment/ament_prefix_path.dsv
[188.265s] -- Symlinking: /home/user/Desktop/New_ter/CoppeliaSim/install/sim_ros2_interface/share/sim_ros2_interface/environment/path.sh
[188.287s] -- Symlinking: /home/user/Desktop/New_ter/CoppeliaSim/install/sim_ros2_interface/share/sim_ros2_interface/environment/path.dsv
[188.302s] -- Symlinking: /home/user/Desktop/New_ter/CoppeliaSim/install/sim_ros2_interface/share/sim_ros2_interface/local_setup.bash
[188.337s] -- Symlinking: /home/user/Desktop/New_ter/CoppeliaSim/install/sim_ros2_interface/share/sim_ros2_interface/local_setup.sh
[188.382s] -- Symlinking: /home/user/Desktop/New_ter/CoppeliaSim/install/sim_ros2_interface/share/sim_ros2_interface/local_setup.zsh
[188.432s] -- Symlinking: /home/user/Desktop/New_ter/CoppeliaSim/install/sim_ros2_interface/share/sim_ros2_interface/local_setup.dsv
[188.466s] -- Symlinking: /home/user/Desktop/New_ter/CoppeliaSim/install/sim_ros2_interface/share/sim_ros2_interface/package.dsv
[188.495s] -- Symlinking: /home/user/Desktop/New_ter/CoppeliaSim/install/sim_ros2_interface/share/ament_index/resource_index/packages/sim_ros2_interface
[188.524s] -- Symlinking: /home/user/Desktop/New_ter/CoppeliaSim/install/sim_ros2_interface/share/sim_ros2_interface/cmake/sim_ros2_interfaceConfig.cmake
[188.548s] -- Symlinking: /home/user/Desktop/New_ter/CoppeliaSim/install/sim_ros2_interface/share/sim_ros2_interface/cmake/sim_ros2_interfaceConfig-version.cmake
[188.568s] -- Symlinking: /home/user/Desktop/New_ter/CoppeliaSim/install/sim_ros2_interface/share/sim_ros2_interface/package.xml
[188.596s] Invoked command in '/home/user/Desktop/New_ter/CoppeliaSim/build/sim_ros2_interface' returned '0': CMAKE_PREFIX_PATH=${CMAKE_PREFIX_PATH}:/opt/ros/jazzy DEBUGINFOD_URLS=https://debuginfod.ubuntu.com /usr/bin/cmake --install /home/user/Desktop/New_ter/CoppeliaSim/build/sim_ros2_interface
