[  0%] Built target commande_locale__rosidl_generator_type_description
[  0%] Built target ament_cmake_python_copy_commande_locale
[  0%] Built target commande_locale__cpp
[ 25%] Built target commande_locale__rosidl_generator_c
[ 35%] Built target commande_locale__rosidl_typesupport_c
[ 44%] Built target commande_locale__rosidl_typesupport_introspection_c
[ 53%] Built target commande_locale__rosidl_typesupport_fastrtps_cpp
[ 65%] Built target commande_locale__rosidl_typesupport_cpp
[ 72%] Built target commande_locale__rosidl_typesupport_fastrtps_c
[ 82%] Built target commande_locale__rosidl_typesupport_introspection_cpp
[ 82%] Built target commande_locale
[ 83%] [32mBuilding CXX object CMakeFiles/simulation.dir/src/inOutController.cpp.o[0m
[ 84%] Built target commande_locale__py
[ 93%] Built target commande_locale__rosidl_generator_py
running egg_info
writing commande_locale.egg-info/PKG-INFO
writing dependency_links to commande_locale.egg-info/dependency_links.txt
writing top-level names to commande_locale.egg-info/top_level.txt
[ 95%] Built target commande_locale_s__rosidl_typesupport_fastrtps_c
[ 96%] Built target commande_locale_s__rosidl_typesupport_introspection_c
[ 97%] Built target commande_locale_s__rosidl_typesupport_c
reading manifest file 'commande_locale.egg-info/SOURCES.txt'
writing manifest file 'commande_locale.egg-info/SOURCES.txt'
[ 97%] Built target ament_cmake_python_build_commande_locale_egg
[ 98%] [32m[1mLinking CXX executable simulation[0m
[100%] Built target simulation
-- Install configuration: ""
-- Installing: /home/user/celluleflexible/ros_ws/install/commande_locale/share/ament_index/resource_index/rosidl_interfaces/commande_locale
-- Installing: /home/user/celluleflexible/ros_ws/install/commande_locale/share/commande_locale/srv/SrvAddProduct.json
-- Installing: /home/user/celluleflexible/ros_ws/install/commande_locale/share/commande_locale/srv/SrvFinInit.json
-- Installing: /home/user/celluleflexible/ros_ws/install/commande_locale/share/commande_locale/srv/SrvAddProductPushBack.json
-- Installing: /home/user/celluleflexible/ros_ws/install/commande_locale/share/commande_locale/msg/MsgAddProduct.json
-- Installing: /home/user/celluleflexible/ros_ws/install/commande_locale/share/commande_locale/msg/MsgStopControl.json
-- Installing: /home/user/celluleflexible/ros_ws/install/commande_locale/share/commande_locale/msg/MsgColor.json
-- Installing: /home/user/celluleflexible/ros_ws/install/commande_locale/share/commande_locale/msg/MsgSwitchControl.json
-- Installing: /home/user/celluleflexible/ros_ws/install/commande_locale/share/commande_locale/msg/MsgPinControl.json
-- Installing: /home/user/celluleflexible/ros_ws/install/commande_locale/share/commande_locale/msg/MsgErreur.json
-- Installing: /home/user/celluleflexible/ros_ws/install/commande_locale/share/commande_locale/msg/MsgChoixMode.json
-- Installing: /home/user/celluleflexible/ros_ws/install/commande_locale/include/commande_locale/commande_locale
-- Installing: /home/user/celluleflexible/ros_ws/install/commande_locale/include/commande_locale/commande_locale/msg
-- Installing: /home/user/celluleflexible/ros_ws/install/commande_locale/include/commande_locale/commande_locale/msg/msg_choix_mode.h
-- Installing: /home/user/celluleflexible/ros_ws/install/commande_locale/include/commande_locale/commande_locale/msg/msg_stop_control.h
-- Installing: /home/user/celluleflexible/ros_ws/install/commande_locale/include/commande_locale/commande_locale/msg/rosidl_generator_c__visibility_control.h
-- Installing: /home/user/celluleflexible/ros_ws/install/commande_locale/include/commande_locale/commande_locale/msg/msg_add_product.h
-- Installing: /home/user/celluleflexible/ros_ws/install/commande_locale/include/commande_locale/commande_locale/msg/msg_erreur.h
-- Installing: /home/user/celluleflexible/ros_ws/install/commande_locale/include/commande_locale/commande_locale/msg/msg_pin_control.h
-- Installing: /home/user/celluleflexible/ros_ws/install/commande_locale/include/commande_locale/commande_locale/msg/msg_switch_control.h
-- Installing: /home/user/celluleflexible/ros_ws/install/commande_locale/include/commande_locale/commande_locale/msg/detail
-- Installing: /home/user/celluleflexible/ros_ws/install/commande_locale/include/commande_locale/commande_locale/msg/detail/msg_pin_control__functions.h
-- Installing: /home/user/celluleflexible/ros_ws/install/commande_locale/include/commande_locale/commande_locale/msg/detail/msg_choix_mode__functions.h
-- Installing: /home/user/celluleflexible/ros_ws/install/commande_locale/include/commande_locale/commande_locale/msg/detail/msg_color__type_support.h
-- Installing: /home/user/celluleflexible/ros_ws/install/commande_locale/include/commande_locale/commande_locale/msg/detail/msg_color__description.c
-- Installing: /home/user/celluleflexible/ros_ws/install/commande_locale/include/commande_locale/commande_locale/msg/detail/msg_pin_control__functions.c
-- Installing: /home/user/celluleflexible/ros_ws/install/commande_locale/include/commande_locale/commande_locale/msg/detail/msg_erreur__functions.h
-- Installing: /home/user/celluleflexible/ros_ws/install/commande_locale/include/commande_locale/commande_locale/msg/detail/msg_stop_control__description.c
-- Installing: /home/user/celluleflexible/ros_ws/install/commande_locale/include/commande_locale/commande_locale/msg/detail/msg_switch_control__type_support.c
-- Installing: /home/user/celluleflexible/ros_ws/install/commande_locale/include/commande_locale/commande_locale/msg/detail/msg_switch_control__functions.h
-- Installing: /home/user/celluleflexible/ros_ws/install/commande_locale/include/commande_locale/commande_locale/msg/detail/msg_stop_control__type_support.c
-- Installing: /home/user/celluleflexible/ros_ws/install/commande_locale/include/commande_locale/commande_locale/msg/detail/msg_erreur__type_support.h
-- Installing: /home/user/celluleflexible/ros_ws/install/commande_locale/include/commande_locale/commande_locale/msg/detail/msg_choix_mode__description.c
-- Installing: /home/user/celluleflexible/ros_ws/install/commande_locale/include/commande_locale/commande_locale/msg/detail/msg_color__struct.h
-- Installing: /home/user/celluleflexible/ros_ws/install/commande_locale/include/commande_locale/commande_locale/msg/detail/msg_erreur__struct.h
-- Installing: /home/user/celluleflexible/ros_ws/install/commande_locale/include/commande_locale/commande_locale/msg/detail/msg_add_product__description.c
-- Installing: /home/user/celluleflexible/ros_ws/install/commande_locale/include/commande_locale/commande_locale/msg/detail/msg_switch_control__description.c
-- Installing: /home/user/celluleflexible/ros_ws/install/commande_locale/include/commande_locale/commande_locale/msg/detail/msg_stop_control__type_support.h
-- Installing: /home/user/celluleflexible/ros_ws/install/commande_locale/include/commande_locale/commande_locale/msg/detail/msg_switch_control__functions.c
-- Installing: /home/user/celluleflexible/ros_ws/install/commande_locale/include/commande_locale/commande_locale/msg/detail/msg_erreur__functions.c
-- Installing: /home/user/celluleflexible/ros_ws/install/commande_locale/include/commande_locale/commande_locale/msg/detail/msg_choix_mode__type_support.h
-- Installing: /home/user/celluleflexible/ros_ws/install/commande_locale/include/commande_locale/commande_locale/msg/detail/msg_add_product__functions.c
-- Installing: /home/user/celluleflexible/ros_ws/install/commande_locale/include/commande_locale/commande_locale/msg/detail/msg_choix_mode__functions.c
-- Installing: /home/user/celluleflexible/ros_ws/install/commande_locale/include/commande_locale/commande_locale/msg/detail/msg_stop_control__functions.h
-- Installing: /home/user/celluleflexible/ros_ws/install/commande_locale/include/commande_locale/commande_locale/msg/detail/msg_color__type_support.c
-- Installing: /home/user/celluleflexible/ros_ws/install/commande_locale/include/commande_locale/commande_locale/msg/detail/msg_add_product__type_support.c
-- Installing: /home/user/celluleflexible/ros_ws/install/commande_locale/include/commande_locale/commande_locale/msg/detail/msg_choix_mode__type_support.c
-- Installing: /home/user/celluleflexible/ros_ws/install/commande_locale/include/commande_locale/commande_locale/msg/detail/msg_pin_control__description.c
-- Installing: /home/user/celluleflexible/ros_ws/install/commande_locale/include/commande_locale/commande_locale/msg/detail/msg_switch_control__struct.h
-- Installing: /home/user/celluleflexible/ros_ws/install/commande_locale/include/commande_locale/commande_locale/msg/detail/msg_erreur__description.c
-- Installing: /home/user/celluleflexible/ros_ws/install/commande_locale/include/commande_locale/commande_locale/msg/detail/msg_add_product__functions.h
-- Installing: /home/user/celluleflexible/ros_ws/install/commande_locale/include/commande_locale/commande_locale/msg/detail/msg_pin_control__type_support.c
-- Installing: /home/user/celluleflexible/ros_ws/install/commande_locale/include/commande_locale/commande_locale/msg/detail/msg_erreur__type_support.c
-- Installing: /home/user/celluleflexible/ros_ws/install/commande_locale/include/commande_locale/commande_locale/msg/detail/msg_add_product__type_support.h
-- Installing: /home/user/celluleflexible/ros_ws/install/commande_locale/include/commande_locale/commande_locale/msg/detail/msg_stop_control__struct.h
-- Installing: /home/user/celluleflexible/ros_ws/install/commande_locale/include/commande_locale/commande_locale/msg/detail/msg_stop_control__functions.c
-- Installing: /home/user/celluleflexible/ros_ws/install/commande_locale/include/commande_locale/commande_locale/msg/detail/msg_switch_control__type_support.h
-- Installing: /home/user/celluleflexible/ros_ws/install/commande_locale/include/commande_locale/commande_locale/msg/detail/msg_pin_control__type_support.h
-- Installing: /home/user/celluleflexible/ros_ws/install/commande_locale/include/commande_locale/commande_locale/msg/detail/msg_add_product__struct.h
-- Installing: /home/user/celluleflexible/ros_ws/install/commande_locale/include/commande_locale/commande_locale/msg/detail/msg_color__functions.h
-- Installing: /home/user/celluleflexible/ros_ws/install/commande_locale/include/commande_locale/commande_locale/msg/detail/msg_choix_mode__struct.h
-- Installing: /home/user/celluleflexible/ros_ws/install/commande_locale/include/commande_locale/commande_locale/msg/detail/msg_pin_control__struct.h
-- Installing: /home/user/celluleflexible/ros_ws/install/commande_locale/include/commande_locale/commande_locale/msg/detail/msg_color__functions.c
-- Installing: /home/user/celluleflexible/ros_ws/install/commande_locale/include/commande_locale/commande_locale/msg/msg_color.h
-- Installing: /home/user/celluleflexible/ros_ws/install/commande_locale/include/commande_locale/commande_locale/srv
-- Installing: /home/user/celluleflexible/ros_ws/install/commande_locale/include/commande_locale/commande_locale/srv/srv_fin_init.h
-- Installing: /home/user/celluleflexible/ros_ws/install/commande_locale/include/commande_locale/commande_locale/srv/srv_add_product_push_back.h
-- Installing: /home/user/celluleflexible/ros_ws/install/commande_locale/include/commande_locale/commande_locale/srv/srv_add_product.h
-- Installing: /home/user/celluleflexible/ros_ws/install/commande_locale/include/commande_locale/commande_locale/srv/detail
-- Installing: /home/user/celluleflexible/ros_ws/install/commande_locale/include/commande_locale/commande_locale/srv/detail/srv_fin_init__type_support.h
-- Installing: /home/user/celluleflexible/ros_ws/install/commande_locale/include/commande_locale/commande_locale/srv/detail/srv_add_product_push_back__type_support.c
-- Installing: /home/user/celluleflexible/ros_ws/install/commande_locale/include/commande_locale/commande_locale/srv/detail/srv_add_product_push_back__description.c
-- Installing: /home/user/celluleflexible/ros_ws/install/commande_locale/include/commande_locale/commande_locale/srv/detail/srv_add_product__struct.h
-- Installing: /home/user/celluleflexible/ros_ws/install/commande_locale/include/commande_locale/commande_locale/srv/detail/srv_fin_init__type_support.c
-- Installing: /home/user/celluleflexible/ros_ws/install/commande_locale/include/commande_locale/commande_locale/srv/detail/srv_add_product__type_support.h
-- Installing: /home/user/celluleflexible/ros_ws/install/commande_locale/include/commande_locale/commande_locale/srv/detail/srv_fin_init__functions.c
-- Installing: /home/user/celluleflexible/ros_ws/install/commande_locale/include/commande_locale/commande_locale/srv/detail/srv_add_product__description.c
-- Installing: /home/user/celluleflexible/ros_ws/install/commande_locale/include/commande_locale/commande_locale/srv/detail/srv_add_product_push_back__functions.h
-- Installing: /home/user/celluleflexible/ros_ws/install/commande_locale/include/commande_locale/commande_locale/srv/detail/srv_add_product__functions.c
-- Installing: /home/user/celluleflexible/ros_ws/install/commande_locale/include/commande_locale/commande_locale/srv/detail/srv_fin_init__functions.h
-- Installing: /home/user/celluleflexible/ros_ws/install/commande_locale/include/commande_locale/commande_locale/srv/detail/srv_add_product__type_support.c
-- Installing: /home/user/celluleflexible/ros_ws/install/commande_locale/include/commande_locale/commande_locale/srv/detail/srv_add_product_push_back__struct.h
-- Installing: /home/user/celluleflexible/ros_ws/install/commande_locale/include/commande_locale/commande_locale/srv/detail/srv_fin_init__description.c
-- Installing: /home/user/celluleflexible/ros_ws/install/commande_locale/include/commande_locale/commande_locale/srv/detail/srv_add_product_push_back__type_support.h
-- Installing: /home/user/celluleflexible/ros_ws/install/commande_locale/include/commande_locale/commande_locale/srv/detail/srv_fin_init__struct.h
-- Installing: /home/user/celluleflexible/ros_ws/install/commande_locale/include/commande_locale/commande_locale/srv/detail/srv_add_product_push_back__functions.c
-- Installing: /home/user/celluleflexible/ros_ws/install/commande_locale/include/commande_locale/commande_locale/srv/detail/srv_add_product__functions.h
-- Installing: /home/user/celluleflexible/ros_ws/install/commande_locale/share/commande_locale/environment/library_path.sh
-- Installing: /home/user/celluleflexible/ros_ws/install/commande_locale/share/commande_locale/environment/library_path.dsv
-- Installing: /home/user/celluleflexible/ros_ws/install/commande_locale/lib/libcommande_locale__rosidl_generator_c.so
-- Set non-toolchain portion of runtime path of "/home/user/celluleflexible/ros_ws/install/commande_locale/lib/libcommande_locale__rosidl_generator_c.so" to ""
-- Up-to-date: /home/user/celluleflexible/ros_ws/install/commande_locale/include/commande_locale/commande_locale
-- Up-to-date: /home/user/celluleflexible/ros_ws/install/commande_locale/include/commande_locale/commande_locale/msg
-- Installing: /home/user/celluleflexible/ros_ws/install/commande_locale/include/commande_locale/commande_locale/msg/rosidl_typesupport_fastrtps_c__visibility_control.h
-- Up-to-date: /home/user/celluleflexible/ros_ws/install/commande_locale/include/commande_locale/commande_locale/msg/detail
-- Installing: /home/user/celluleflexible/ros_ws/install/commande_locale/include/commande_locale/commande_locale/msg/detail/msg_erreur__rosidl_typesupport_fastrtps_c.h
-- Installing: /home/user/celluleflexible/ros_ws/install/commande_locale/include/commande_locale/commande_locale/msg/detail/msg_color__rosidl_typesupport_fastrtps_c.h
-- Installing: /home/user/celluleflexible/ros_ws/install/commande_locale/include/commande_locale/commande_locale/msg/detail/msg_choix_mode__rosidl_typesupport_fastrtps_c.h
-- Installing: /home/user/celluleflexible/ros_ws/install/commande_locale/include/commande_locale/commande_locale/msg/detail/msg_add_product__rosidl_typesupport_fastrtps_c.h
-- Installing: /home/user/celluleflexible/ros_ws/install/commande_locale/include/commande_locale/commande_locale/msg/detail/msg_pin_control__rosidl_typesupport_fastrtps_c.h
-- Installing: /home/user/celluleflexible/ros_ws/install/commande_locale/include/commande_locale/commande_locale/msg/detail/msg_stop_control__rosidl_typesupport_fastrtps_c.h
-- Installing: /home/user/celluleflexible/ros_ws/install/commande_locale/include/commande_locale/commande_locale/msg/detail/msg_switch_control__rosidl_typesupport_fastrtps_c.h
-- Up-to-date: /home/user/celluleflexible/ros_ws/install/commande_locale/include/commande_locale/commande_locale/srv
-- Up-to-date: /home/user/celluleflexible/ros_ws/install/commande_locale/include/commande_locale/commande_locale/srv/detail
-- Installing: /home/user/celluleflexible/ros_ws/install/commande_locale/include/commande_locale/commande_locale/srv/detail/srv_add_product_push_back__rosidl_typesupport_fastrtps_c.h
-- Installing: /home/user/celluleflexible/ros_ws/install/commande_locale/include/commande_locale/commande_locale/srv/detail/srv_add_product__rosidl_typesupport_fastrtps_c.h
-- Installing: /home/user/celluleflexible/ros_ws/install/commande_locale/include/commande_locale/commande_locale/srv/detail/srv_fin_init__rosidl_typesupport_fastrtps_c.h
-- Installing: /home/user/celluleflexible/ros_ws/install/commande_locale/lib/libcommande_locale__rosidl_typesupport_fastrtps_c.so
-- Set non-toolchain portion of runtime path of "/home/user/celluleflexible/ros_ws/install/commande_locale/lib/libcommande_locale__rosidl_typesupport_fastrtps_c.so" to ""
-- Up-to-date: /home/user/celluleflexible/ros_ws/install/commande_locale/include/commande_locale/commande_locale
-- Up-to-date: /home/user/celluleflexible/ros_ws/install/commande_locale/include/commande_locale/commande_locale/msg
-- Installing: /home/user/celluleflexible/ros_ws/install/commande_locale/include/commande_locale/commande_locale/msg/msg_color.hpp
-- Installing: /home/user/celluleflexible/ros_ws/install/commande_locale/include/commande_locale/commande_locale/msg/msg_pin_control.hpp
-- Installing: /home/user/celluleflexible/ros_ws/install/commande_locale/include/commande_locale/commande_locale/msg/msg_switch_control.hpp
-- Installing: /home/user/celluleflexible/ros_ws/install/commande_locale/include/commande_locale/commande_locale/msg/rosidl_generator_cpp__visibility_control.hpp
-- Installing: /home/user/celluleflexible/ros_ws/install/commande_locale/include/commande_locale/commande_locale/msg/msg_stop_control.hpp
-- Installing: /home/user/celluleflexible/ros_ws/install/commande_locale/include/commande_locale/commande_locale/msg/msg_choix_mode.hpp
-- Installing: /home/user/celluleflexible/ros_ws/install/commande_locale/include/commande_locale/commande_locale/msg/msg_add_product.hpp
-- Up-to-date: /home/user/celluleflexible/ros_ws/install/commande_locale/include/commande_locale/commande_locale/msg/detail
-- Installing: /home/user/celluleflexible/ros_ws/install/commande_locale/include/commande_locale/commande_locale/msg/detail/msg_choix_mode__struct.hpp
-- Installing: /home/user/celluleflexible/ros_ws/install/commande_locale/include/commande_locale/commande_locale/msg/detail/msg_add_product__struct.hpp
-- Installing: /home/user/celluleflexible/ros_ws/install/commande_locale/include/commande_locale/commande_locale/msg/detail/msg_switch_control__struct.hpp
-- Installing: /home/user/celluleflexible/ros_ws/install/commande_locale/include/commande_locale/commande_locale/msg/detail/msg_stop_control__traits.hpp
-- Installing: /home/user/celluleflexible/ros_ws/install/commande_locale/include/commande_locale/commande_locale/msg/detail/msg_color__traits.hpp
-- Installing: /home/user/celluleflexible/ros_ws/install/commande_locale/include/commande_locale/commande_locale/msg/detail/msg_pin_control__builder.hpp
-- Installing: /home/user/celluleflexible/ros_ws/install/commande_locale/include/commande_locale/commande_locale/msg/detail/msg_switch_control__traits.hpp
-- Installing: /home/user/celluleflexible/ros_ws/install/commande_locale/include/commande_locale/commande_locale/msg/detail/msg_erreur__traits.hpp
-- Installing: /home/user/celluleflexible/ros_ws/install/commande_locale/include/commande_locale/commande_locale/msg/detail/msg_add_product__builder.hpp
-- Installing: /home/user/celluleflexible/ros_ws/install/commande_locale/include/commande_locale/commande_locale/msg/detail/msg_stop_control__struct.hpp
-- Installing: /home/user/celluleflexible/ros_ws/install/commande_locale/include/commande_locale/commande_locale/msg/detail/msg_choix_mode__traits.hpp
-- Installing: /home/user/celluleflexible/ros_ws/install/commande_locale/include/commande_locale/commande_locale/msg/detail/msg_choix_mode__builder.hpp
-- Installing: /home/user/celluleflexible/ros_ws/install/commande_locale/include/commande_locale/commande_locale/msg/detail/msg_erreur__struct.hpp
-- Installing: /home/user/celluleflexible/ros_ws/install/commande_locale/include/commande_locale/commande_locale/msg/detail/msg_color__builder.hpp
-- Installing: /home/user/celluleflexible/ros_ws/install/commande_locale/include/commande_locale/commande_locale/msg/detail/msg_erreur__type_support.hpp
-- Installing: /home/user/celluleflexible/ros_ws/install/commande_locale/include/commande_locale/commande_locale/msg/detail/msg_add_product__type_support.hpp
-- Installing: /home/user/celluleflexible/ros_ws/install/commande_locale/include/commande_locale/commande_locale/msg/detail/msg_pin_control__struct.hpp
-- Installing: /home/user/celluleflexible/ros_ws/install/commande_locale/include/commande_locale/commande_locale/msg/detail/msg_erreur__builder.hpp
-- Installing: /home/user/celluleflexible/ros_ws/install/commande_locale/include/commande_locale/commande_locale/msg/detail/msg_switch_control__type_support.hpp
-- Installing: /home/user/celluleflexible/ros_ws/install/commande_locale/include/commande_locale/commande_locale/msg/detail/msg_pin_control__traits.hpp
-- Installing: /home/user/celluleflexible/ros_ws/install/commande_locale/include/commande_locale/commande_locale/msg/detail/msg_add_product__traits.hpp
-- Installing: /home/user/celluleflexible/ros_ws/install/commande_locale/include/commande_locale/commande_locale/msg/detail/msg_choix_mode__type_support.hpp
-- Installing: /home/user/celluleflexible/ros_ws/install/commande_locale/include/commande_locale/commande_locale/msg/detail/msg_stop_control__type_support.hpp
-- Installing: /home/user/celluleflexible/ros_ws/install/commande_locale/include/commande_locale/commande_locale/msg/detail/msg_switch_control__builder.hpp
-- Installing: /home/user/celluleflexible/ros_ws/install/commande_locale/include/commande_locale/commande_locale/msg/detail/msg_stop_control__builder.hpp
-- Installing: /home/user/celluleflexible/ros_ws/install/commande_locale/include/commande_locale/commande_locale/msg/detail/msg_color__type_support.hpp
-- Installing: /home/user/celluleflexible/ros_ws/install/commande_locale/include/commande_locale/commande_locale/msg/detail/msg_pin_control__type_support.hpp
-- Installing: /home/user/celluleflexible/ros_ws/install/commande_locale/include/commande_locale/commande_locale/msg/detail/msg_color__struct.hpp
-- Installing: /home/user/celluleflexible/ros_ws/install/commande_locale/include/commande_locale/commande_locale/msg/msg_erreur.hpp
-- Up-to-date: /home/user/celluleflexible/ros_ws/install/commande_locale/include/commande_locale/commande_locale/srv
-- Installing: /home/user/celluleflexible/ros_ws/install/commande_locale/include/commande_locale/commande_locale/srv/srv_add_product.hpp
-- Installing: /home/user/celluleflexible/ros_ws/install/commande_locale/include/commande_locale/commande_locale/srv/srv_add_product_push_back.hpp
-- Installing: /home/user/celluleflexible/ros_ws/install/commande_locale/include/commande_locale/commande_locale/srv/srv_fin_init.hpp
-- Up-to-date: /home/user/celluleflexible/ros_ws/install/commande_locale/include/commande_locale/commande_locale/srv/detail
-- Installing: /home/user/celluleflexible/ros_ws/install/commande_locale/include/commande_locale/commande_locale/srv/detail/srv_add_product_push_back__builder.hpp
-- Installing: /home/user/celluleflexible/ros_ws/install/commande_locale/include/commande_locale/commande_locale/srv/detail/srv_fin_init__builder.hpp
-- Installing: /home/user/celluleflexible/ros_ws/install/commande_locale/include/commande_locale/commande_locale/srv/detail/srv_add_product__struct.hpp
-- Installing: /home/user/celluleflexible/ros_ws/install/commande_locale/include/commande_locale/commande_locale/srv/detail/srv_fin_init__traits.hpp
-- Installing: /home/user/celluleflexible/ros_ws/install/commande_locale/include/commande_locale/commande_locale/srv/detail/srv_add_product__type_support.hpp
-- Installing: /home/user/celluleflexible/ros_ws/install/commande_locale/include/commande_locale/commande_locale/srv/detail/srv_add_product_push_back__struct.hpp
-- Installing: /home/user/celluleflexible/ros_ws/install/commande_locale/include/commande_locale/commande_locale/srv/detail/srv_add_product_push_back__traits.hpp
-- Installing: /home/user/celluleflexible/ros_ws/install/commande_locale/include/commande_locale/commande_locale/srv/detail/srv_fin_init__type_support.hpp
-- Installing: /home/user/celluleflexible/ros_ws/install/commande_locale/include/commande_locale/commande_locale/srv/detail/srv_add_product__builder.hpp
-- Installing: /home/user/celluleflexible/ros_ws/install/commande_locale/include/commande_locale/commande_locale/srv/detail/srv_fin_init__struct.hpp
-- Installing: /home/user/celluleflexible/ros_ws/install/commande_locale/include/commande_locale/commande_locale/srv/detail/srv_add_product__traits.hpp
-- Installing: /home/user/celluleflexible/ros_ws/install/commande_locale/include/commande_locale/commande_locale/srv/detail/srv_add_product_push_back__type_support.hpp
-- Up-to-date: /home/user/celluleflexible/ros_ws/install/commande_locale/include/commande_locale/commande_locale
-- Up-to-date: /home/user/celluleflexible/ros_ws/install/commande_locale/include/commande_locale/commande_locale/msg
-- Up-to-date: /home/user/celluleflexible/ros_ws/install/commande_locale/include/commande_locale/commande_locale/msg/detail
-- Installing: /home/user/celluleflexible/ros_ws/install/commande_locale/include/commande_locale/commande_locale/msg/detail/msg_pin_control__rosidl_typesupport_fastrtps_cpp.hpp
-- Installing: /home/user/celluleflexible/ros_ws/install/commande_locale/include/commande_locale/commande_locale/msg/detail/msg_switch_control__rosidl_typesupport_fastrtps_cpp.hpp
-- Installing: /home/user/celluleflexible/ros_ws/install/commande_locale/include/commande_locale/commande_locale/msg/detail/dds_fastrtps
-- Installing: /home/user/celluleflexible/ros_ws/install/commande_locale/include/commande_locale/commande_locale/msg/detail/msg_erreur__rosidl_typesupport_fastrtps_cpp.hpp
-- Installing: /home/user/celluleflexible/ros_ws/install/commande_locale/include/commande_locale/commande_locale/msg/detail/msg_add_product__rosidl_typesupport_fastrtps_cpp.hpp
-- Installing: /home/user/celluleflexible/ros_ws/install/commande_locale/include/commande_locale/commande_locale/msg/detail/msg_stop_control__rosidl_typesupport_fastrtps_cpp.hpp
-- Installing: /home/user/celluleflexible/ros_ws/install/commande_locale/include/commande_locale/commande_locale/msg/detail/msg_color__rosidl_typesupport_fastrtps_cpp.hpp
-- Installing: /home/user/celluleflexible/ros_ws/install/commande_locale/include/commande_locale/commande_locale/msg/detail/msg_choix_mode__rosidl_typesupport_fastrtps_cpp.hpp
-- Installing: /home/user/celluleflexible/ros_ws/install/commande_locale/include/commande_locale/commande_locale/msg/rosidl_typesupport_fastrtps_cpp__visibility_control.h
-- Up-to-date: /home/user/celluleflexible/ros_ws/install/commande_locale/include/commande_locale/commande_locale/srv
-- Up-to-date: /home/user/celluleflexible/ros_ws/install/commande_locale/include/commande_locale/commande_locale/srv/detail
-- Installing: /home/user/celluleflexible/ros_ws/install/commande_locale/include/commande_locale/commande_locale/srv/detail/srv_fin_init__rosidl_typesupport_fastrtps_cpp.hpp
-- Installing: /home/user/celluleflexible/ros_ws/install/commande_locale/include/commande_locale/commande_locale/srv/detail/srv_add_product__rosidl_typesupport_fastrtps_cpp.hpp
-- Installing: /home/user/celluleflexible/ros_ws/install/commande_locale/include/commande_locale/commande_locale/srv/detail/srv_add_product_push_back__rosidl_typesupport_fastrtps_cpp.hpp
-- Installing: /home/user/celluleflexible/ros_ws/install/commande_locale/include/commande_locale/commande_locale/srv/detail/dds_fastrtps
-- Installing: /home/user/celluleflexible/ros_ws/install/commande_locale/lib/libcommande_locale__rosidl_typesupport_fastrtps_cpp.so
-- Set non-toolchain portion of runtime path of "/home/user/celluleflexible/ros_ws/install/commande_locale/lib/libcommande_locale__rosidl_typesupport_fastrtps_cpp.so" to ""
-- Up-to-date: /home/user/celluleflexible/ros_ws/install/commande_locale/include/commande_locale/commande_locale
-- Up-to-date: /home/user/celluleflexible/ros_ws/install/commande_locale/include/commande_locale/commande_locale/msg
-- Installing: /home/user/celluleflexible/ros_ws/install/commande_locale/include/commande_locale/commande_locale/msg/rosidl_typesupport_introspection_c__visibility_control.h
-- Up-to-date: /home/user/celluleflexible/ros_ws/install/commande_locale/include/commande_locale/commande_locale/msg/detail
-- Installing: /home/user/celluleflexible/ros_ws/install/commande_locale/include/commande_locale/commande_locale/msg/detail/msg_stop_control__rosidl_typesupport_introspection_c.h
-- Installing: /home/user/celluleflexible/ros_ws/install/commande_locale/include/commande_locale/commande_locale/msg/detail/msg_color__rosidl_typesupport_introspection_c.h
-- Installing: /home/user/celluleflexible/ros_ws/install/commande_locale/include/commande_locale/commande_locale/msg/detail/msg_add_product__rosidl_typesupport_introspection_c.h
-- Installing: /home/user/celluleflexible/ros_ws/install/commande_locale/include/commande_locale/commande_locale/msg/detail/msg_switch_control__type_support.c
-- Installing: /home/user/celluleflexible/ros_ws/install/commande_locale/include/commande_locale/commande_locale/msg/detail/msg_stop_control__type_support.c
-- Installing: /home/user/celluleflexible/ros_ws/install/commande_locale/include/commande_locale/commande_locale/msg/detail/msg_pin_control__rosidl_typesupport_introspection_c.h
-- Installing: /home/user/celluleflexible/ros_ws/install/commande_locale/include/commande_locale/commande_locale/msg/detail/msg_switch_control__rosidl_typesupport_introspection_c.h
-- Installing: /home/user/celluleflexible/ros_ws/install/commande_locale/include/commande_locale/commande_locale/msg/detail/msg_color__type_support.c
-- Installing: /home/user/celluleflexible/ros_ws/install/commande_locale/include/commande_locale/commande_locale/msg/detail/msg_add_product__type_support.c
-- Installing: /home/user/celluleflexible/ros_ws/install/commande_locale/include/commande_locale/commande_locale/msg/detail/msg_choix_mode__type_support.c
-- Installing: /home/user/celluleflexible/ros_ws/install/commande_locale/include/commande_locale/commande_locale/msg/detail/msg_choix_mode__rosidl_typesupport_introspection_c.h
-- Installing: /home/user/celluleflexible/ros_ws/install/commande_locale/include/commande_locale/commande_locale/msg/detail/msg_pin_control__type_support.c
-- Installing: /home/user/celluleflexible/ros_ws/install/commande_locale/include/commande_locale/commande_locale/msg/detail/msg_erreur__type_support.c
-- Installing: /home/user/celluleflexible/ros_ws/install/commande_locale/include/commande_locale/commande_locale/msg/detail/msg_erreur__rosidl_typesupport_introspection_c.h
-- Up-to-date: /home/user/celluleflexible/ros_ws/install/commande_locale/include/commande_locale/commande_locale/srv
-- Up-to-date: /home/user/celluleflexible/ros_ws/install/commande_locale/include/commande_locale/commande_locale/srv/detail
-- Installing: /home/user/celluleflexible/ros_ws/install/commande_locale/include/commande_locale/commande_locale/srv/detail/srv_add_product_push_back__type_support.c
-- Installing: /home/user/celluleflexible/ros_ws/install/commande_locale/include/commande_locale/commande_locale/srv/detail/srv_fin_init__type_support.c
-- Installing: /home/user/celluleflexible/ros_ws/install/commande_locale/include/commande_locale/commande_locale/srv/detail/srv_add_product_push_back__rosidl_typesupport_introspection_c.h
-- Installing: /home/user/celluleflexible/ros_ws/install/commande_locale/include/commande_locale/commande_locale/srv/detail/srv_fin_init__rosidl_typesupport_introspection_c.h
-- Installing: /home/user/celluleflexible/ros_ws/install/commande_locale/include/commande_locale/commande_locale/srv/detail/srv_add_product__rosidl_typesupport_introspection_c.h
-- Installing: /home/user/celluleflexible/ros_ws/install/commande_locale/include/commande_locale/commande_locale/srv/detail/srv_add_product__type_support.c
-- Installing: /home/user/celluleflexible/ros_ws/install/commande_locale/lib/libcommande_locale__rosidl_typesupport_introspection_c.so
-- Set non-toolchain portion of runtime path of "/home/user/celluleflexible/ros_ws/install/commande_locale/lib/libcommande_locale__rosidl_typesupport_introspection_c.so" to ""
-- Installing: /home/user/celluleflexible/ros_ws/install/commande_locale/lib/libcommande_locale__rosidl_typesupport_c.so
-- Set non-toolchain portion of runtime path of "/home/user/celluleflexible/ros_ws/install/commande_locale/lib/libcommande_locale__rosidl_typesupport_c.so" to ""
-- Up-to-date: /home/user/celluleflexible/ros_ws/install/commande_locale/include/commande_locale/commande_locale
-- Up-to-date: /home/user/celluleflexible/ros_ws/install/commande_locale/include/commande_locale/commande_locale/msg
-- Up-to-date: /home/user/celluleflexible/ros_ws/install/commande_locale/include/commande_locale/commande_locale/msg/detail
-- Installing: /home/user/celluleflexible/ros_ws/install/commande_locale/include/commande_locale/commande_locale/msg/detail/msg_add_product__type_support.cpp
-- Installing: /home/user/celluleflexible/ros_ws/install/commande_locale/include/commande_locale/commande_locale/msg/detail/msg_switch_control__rosidl_typesupport_introspection_cpp.hpp
-- Installing: /home/user/celluleflexible/ros_ws/install/commande_locale/include/commande_locale/commande_locale/msg/detail/msg_pin_control__type_support.cpp
-- Installing: /home/user/celluleflexible/ros_ws/install/commande_locale/include/commande_locale/commande_locale/msg/detail/msg_stop_control__rosidl_typesupport_introspection_cpp.hpp
-- Installing: /home/user/celluleflexible/ros_ws/install/commande_locale/include/commande_locale/commande_locale/msg/detail/msg_stop_control__type_support.cpp
-- Installing: /home/user/celluleflexible/ros_ws/install/commande_locale/include/commande_locale/commande_locale/msg/detail/msg_pin_control__rosidl_typesupport_introspection_cpp.hpp
-- Installing: /home/user/celluleflexible/ros_ws/install/commande_locale/include/commande_locale/commande_locale/msg/detail/msg_erreur__type_support.cpp
-- Installing: /home/user/celluleflexible/ros_ws/install/commande_locale/include/commande_locale/commande_locale/msg/detail/msg_erreur__rosidl_typesupport_introspection_cpp.hpp
-- Installing: /home/user/celluleflexible/ros_ws/install/commande_locale/include/commande_locale/commande_locale/msg/detail/msg_choix_mode__type_support.cpp
-- Installing: /home/user/celluleflexible/ros_ws/install/commande_locale/include/commande_locale/commande_locale/msg/detail/msg_color__rosidl_typesupport_introspection_cpp.hpp
-- Installing: /home/user/celluleflexible/ros_ws/install/commande_locale/include/commande_locale/commande_locale/msg/detail/msg_choix_mode__rosidl_typesupport_introspection_cpp.hpp
-- Installing: /home/user/celluleflexible/ros_ws/install/commande_locale/include/commande_locale/commande_locale/msg/detail/msg_switch_control__type_support.cpp
-- Installing: /home/user/celluleflexible/ros_ws/install/commande_locale/include/commande_locale/commande_locale/msg/detail/msg_color__type_support.cpp
-- Installing: /home/user/celluleflexible/ros_ws/install/commande_locale/include/commande_locale/commande_locale/msg/detail/msg_add_product__rosidl_typesupport_introspection_cpp.hpp
-- Up-to-date: /home/user/celluleflexible/ros_ws/install/commande_locale/include/commande_locale/commande_locale/srv
-- Up-to-date: /home/user/celluleflexible/ros_ws/install/commande_locale/include/commande_locale/commande_locale/srv/detail
-- Installing: /home/user/celluleflexible/ros_ws/install/commande_locale/include/commande_locale/commande_locale/srv/detail/srv_add_product_push_back__rosidl_typesupport_introspection_cpp.hpp
-- Installing: /home/user/celluleflexible/ros_ws/install/commande_locale/include/commande_locale/commande_locale/srv/detail/srv_add_product__type_support.cpp
-- Installing: /home/user/celluleflexible/ros_ws/install/commande_locale/include/commande_locale/commande_locale/srv/detail/srv_add_product__rosidl_typesupport_introspection_cpp.hpp
-- Installing: /home/user/celluleflexible/ros_ws/install/commande_locale/include/commande_locale/commande_locale/srv/detail/srv_fin_init__rosidl_typesupport_introspection_cpp.hpp
-- Installing: /home/user/celluleflexible/ros_ws/install/commande_locale/include/commande_locale/commande_locale/srv/detail/srv_add_product_push_back__type_support.cpp
-- Installing: /home/user/celluleflexible/ros_ws/install/commande_locale/include/commande_locale/commande_locale/srv/detail/srv_fin_init__type_support.cpp
-- Installing: /home/user/celluleflexible/ros_ws/install/commande_locale/lib/libcommande_locale__rosidl_typesupport_introspection_cpp.so
-- Set non-toolchain portion of runtime path of "/home/user/celluleflexible/ros_ws/install/commande_locale/lib/libcommande_locale__rosidl_typesupport_introspection_cpp.so" to ""
-- Installing: /home/user/celluleflexible/ros_ws/install/commande_locale/lib/libcommande_locale__rosidl_typesupport_cpp.so
-- Set non-toolchain portion of runtime path of "/home/user/celluleflexible/ros_ws/install/commande_locale/lib/libcommande_locale__rosidl_typesupport_cpp.so" to ""
-- Installing: /home/user/celluleflexible/ros_ws/install/commande_locale/share/commande_locale/environment/pythonpath.sh
-- Installing: /home/user/celluleflexible/ros_ws/install/commande_locale/share/commande_locale/environment/pythonpath.dsv
-- Installing: /home/user/celluleflexible/ros_ws/install/commande_locale/lib/python3.12/site-packages/commande_locale-3.1.2-py3.12.egg-info
-- Installing: /home/user/celluleflexible/ros_ws/install/commande_locale/lib/python3.12/site-packages/commande_locale-3.1.2-py3.12.egg-info/SOURCES.txt
-- Installing: /home/user/celluleflexible/ros_ws/install/commande_locale/lib/python3.12/site-packages/commande_locale-3.1.2-py3.12.egg-info/top_level.txt
-- Installing: /home/user/celluleflexible/ros_ws/install/commande_locale/lib/python3.12/site-packages/commande_locale-3.1.2-py3.12.egg-info/PKG-INFO
-- Installing: /home/user/celluleflexible/ros_ws/install/commande_locale/lib/python3.12/site-packages/commande_locale-3.1.2-py3.12.egg-info/dependency_links.txt
-- Installing: /home/user/celluleflexible/ros_ws/install/commande_locale/lib/python3.12/site-packages/commande_locale
-- Installing: /home/user/celluleflexible/ros_ws/install/commande_locale/lib/python3.12/site-packages/commande_locale/msg
-- Installing: /home/user/celluleflexible/ros_ws/install/commande_locale/lib/python3.12/site-packages/commande_locale/msg/_msg_color_s.c
-- Installing: /home/user/celluleflexible/ros_ws/install/commande_locale/lib/python3.12/site-packages/commande_locale/msg/_msg_color.py
-- Installing: /home/user/celluleflexible/ros_ws/install/commande_locale/lib/python3.12/site-packages/commande_locale/msg/_msg_stop_control.py
-- Installing: /home/user/celluleflexible/ros_ws/install/commande_locale/lib/python3.12/site-packages/commande_locale/msg/_msg_erreur.py
-- Installing: /home/user/celluleflexible/ros_ws/install/commande_locale/lib/python3.12/site-packages/commande_locale/msg/_msg_choix_mode_s.c
-- Installing: /home/user/celluleflexible/ros_ws/install/commande_locale/lib/python3.12/site-packages/commande_locale/msg/__init__.py
-- Installing: /home/user/celluleflexible/ros_ws/install/commande_locale/lib/python3.12/site-packages/commande_locale/msg/_msg_add_product_s.c
-- Installing: /home/user/celluleflexible/ros_ws/install/commande_locale/lib/python3.12/site-packages/commande_locale/msg/_msg_choix_mode.py
-- Installing: /home/user/celluleflexible/ros_ws/install/commande_locale/lib/python3.12/site-packages/commande_locale/msg/_msg_switch_control.py
-- Installing: /home/user/celluleflexible/ros_ws/install/commande_locale/lib/python3.12/site-packages/commande_locale/msg/_msg_stop_control_s.c
-- Installing: /home/user/celluleflexible/ros_ws/install/commande_locale/lib/python3.12/site-packages/commande_locale/msg/_msg_switch_control_s.c
-- Installing: /home/user/celluleflexible/ros_ws/install/commande_locale/lib/python3.12/site-packages/commande_locale/msg/_msg_pin_control_s.c
-- Installing: /home/user/celluleflexible/ros_ws/install/commande_locale/lib/python3.12/site-packages/commande_locale/msg/_msg_erreur_s.c
-- Installing: /home/user/celluleflexible/ros_ws/install/commande_locale/lib/python3.12/site-packages/commande_locale/msg/_msg_pin_control.py
-- Installing: /home/user/celluleflexible/ros_ws/install/commande_locale/lib/python3.12/site-packages/commande_locale/msg/_msg_add_product.py
-- Installing: /home/user/celluleflexible/ros_ws/install/commande_locale/lib/python3.12/site-packages/commande_locale/__init__.py
-- Installing: /home/user/celluleflexible/ros_ws/install/commande_locale/lib/python3.12/site-packages/commande_locale/_commande_locale_s.ep.rosidl_typesupport_c.c
-- Installing: /home/user/celluleflexible/ros_ws/install/commande_locale/lib/python3.12/site-packages/commande_locale/commande_locale_s__rosidl_typesupport_c.so
-- Installing: /home/user/celluleflexible/ros_ws/install/commande_locale/lib/python3.12/site-packages/commande_locale/commande_locale_s__rosidl_typesupport_fastrtps_c.so
-- Installing: /home/user/celluleflexible/ros_ws/install/commande_locale/lib/python3.12/site-packages/commande_locale/srv
-- Installing: /home/user/celluleflexible/ros_ws/install/commande_locale/lib/python3.12/site-packages/commande_locale/srv/_srv_add_product.py
-- Installing: /home/user/celluleflexible/ros_ws/install/commande_locale/lib/python3.12/site-packages/commande_locale/srv/_srv_add_product_push_back.py
-- Installing: /home/user/celluleflexible/ros_ws/install/commande_locale/lib/python3.12/site-packages/commande_locale/srv/__init__.py
-- Installing: /home/user/celluleflexible/ros_ws/install/commande_locale/lib/python3.12/site-packages/commande_locale/srv/_srv_add_product_push_back_s.c
-- Installing: /home/user/celluleflexible/ros_ws/install/commande_locale/lib/python3.12/site-packages/commande_locale/srv/_srv_fin_init.py
-- Installing: /home/user/celluleflexible/ros_ws/install/commande_locale/lib/python3.12/site-packages/commande_locale/srv/_srv_fin_init_s.c
-- Installing: /home/user/celluleflexible/ros_ws/install/commande_locale/lib/python3.12/site-packages/commande_locale/srv/_srv_add_product_s.c
-- Installing: /home/user/celluleflexible/ros_ws/install/commande_locale/lib/python3.12/site-packages/commande_locale/_commande_locale_s.ep.rosidl_typesupport_introspection_c.c
-- Installing: /home/user/celluleflexible/ros_ws/install/commande_locale/lib/python3.12/site-packages/commande_locale/commande_locale_s__rosidl_typesupport_introspection_c.so
-- Installing: /home/user/celluleflexible/ros_ws/install/commande_locale/lib/python3.12/site-packages/commande_locale/_commande_locale_s.ep.rosidl_typesupport_fastrtps_c.c
Listing '/home/user/celluleflexible/ros_ws/install/commande_locale/lib/python3.12/site-packages/commande_locale'...
Compiling '/home/user/celluleflexible/ros_ws/install/commande_locale/lib/python3.12/site-packages/commande_locale/__init__.py'...
Listing '/home/user/celluleflexible/ros_ws/install/commande_locale/lib/python3.12/site-packages/commande_locale/msg'...
Compiling '/home/user/celluleflexible/ros_ws/install/commande_locale/lib/python3.12/site-packages/commande_locale/msg/__init__.py'...
Compiling '/home/user/celluleflexible/ros_ws/install/commande_locale/lib/python3.12/site-packages/commande_locale/msg/_msg_add_product.py'...
Compiling '/home/user/celluleflexible/ros_ws/install/commande_locale/lib/python3.12/site-packages/commande_locale/msg/_msg_choix_mode.py'...
Compiling '/home/user/celluleflexible/ros_ws/install/commande_locale/lib/python3.12/site-packages/commande_locale/msg/_msg_color.py'...
Compiling '/home/user/celluleflexible/ros_ws/install/commande_locale/lib/python3.12/site-packages/commande_locale/msg/_msg_erreur.py'...
Compiling '/home/user/celluleflexible/ros_ws/install/commande_locale/lib/python3.12/site-packages/commande_locale/msg/_msg_pin_control.py'...
Compiling '/home/user/celluleflexible/ros_ws/install/commande_locale/lib/python3.12/site-packages/commande_locale/msg/_msg_stop_control.py'...
Compiling '/home/user/celluleflexible/ros_ws/install/commande_locale/lib/python3.12/site-packages/commande_locale/msg/_msg_switch_control.py'...
Listing '/home/user/celluleflexible/ros_ws/install/commande_locale/lib/python3.12/site-packages/commande_locale/srv'...
Compiling '/home/user/celluleflexible/ros_ws/install/commande_locale/lib/python3.12/site-packages/commande_locale/srv/__init__.py'...
Compiling '/home/user/celluleflexible/ros_ws/install/commande_locale/lib/python3.12/site-packages/commande_locale/srv/_srv_add_product.py'...
Compiling '/home/user/celluleflexible/ros_ws/install/commande_locale/lib/python3.12/site-packages/commande_locale/srv/_srv_add_product_push_back.py'...
Compiling '/home/user/celluleflexible/ros_ws/install/commande_locale/lib/python3.12/site-packages/commande_locale/srv/_srv_fin_init.py'...
-- Installing: /home/user/celluleflexible/ros_ws/install/commande_locale/lib/python3.12/site-packages/commande_locale/commande_locale_s__rosidl_typesupport_fastrtps_c.so
-- Set non-toolchain portion of runtime path of "/home/user/celluleflexible/ros_ws/install/commande_locale/lib/python3.12/site-packages/commande_locale/commande_locale_s__rosidl_typesupport_fastrtps_c.so" to ""
-- Installing: /home/user/celluleflexible/ros_ws/install/commande_locale/lib/python3.12/site-packages/commande_locale/commande_locale_s__rosidl_typesupport_introspection_c.so
-- Set non-toolchain portion of runtime path of "/home/user/celluleflexible/ros_ws/install/commande_locale/lib/python3.12/site-packages/commande_locale/commande_locale_s__rosidl_typesupport_introspection_c.so" to ""
-- Installing: /home/user/celluleflexible/ros_ws/install/commande_locale/lib/python3.12/site-packages/commande_locale/commande_locale_s__rosidl_typesupport_c.so
-- Set non-toolchain portion of runtime path of "/home/user/celluleflexible/ros_ws/install/commande_locale/lib/python3.12/site-packages/commande_locale/commande_locale_s__rosidl_typesupport_c.so" to ""
-- Installing: /home/user/celluleflexible/ros_ws/install/commande_locale/lib/libcommande_locale__rosidl_generator_py.so
-- Set non-toolchain portion of runtime path of "/home/user/celluleflexible/ros_ws/install/commande_locale/lib/libcommande_locale__rosidl_generator_py.so" to ""
-- Installing: /home/user/celluleflexible/ros_ws/install/commande_locale/share/commande_locale/srv/SrvAddProduct.idl
-- Installing: /home/user/celluleflexible/ros_ws/install/commande_locale/share/commande_locale/srv/SrvFinInit.idl
-- Installing: /home/user/celluleflexible/ros_ws/install/commande_locale/share/commande_locale/srv/SrvAddProductPushBack.idl
-- Installing: /home/user/celluleflexible/ros_ws/install/commande_locale/share/commande_locale/msg/MsgAddProduct.idl
-- Installing: /home/user/celluleflexible/ros_ws/install/commande_locale/share/commande_locale/msg/MsgStopControl.idl
-- Installing: /home/user/celluleflexible/ros_ws/install/commande_locale/share/commande_locale/msg/MsgColor.idl
-- Installing: /home/user/celluleflexible/ros_ws/install/commande_locale/share/commande_locale/msg/MsgSwitchControl.idl
-- Installing: /home/user/celluleflexible/ros_ws/install/commande_locale/share/commande_locale/msg/MsgPinControl.idl
-- Installing: /home/user/celluleflexible/ros_ws/install/commande_locale/share/commande_locale/msg/MsgErreur.idl
-- Installing: /home/user/celluleflexible/ros_ws/install/commande_locale/share/commande_locale/msg/MsgChoixMode.idl
-- Installing: /home/user/celluleflexible/ros_ws/install/commande_locale/share/commande_locale/srv/SrvAddProduct.srv
-- Installing: /home/user/celluleflexible/ros_ws/install/commande_locale/share/commande_locale/srv/SrvFinInit.srv
-- Installing: /home/user/celluleflexible/ros_ws/install/commande_locale/share/commande_locale/srv/SrvAddProductPushBack.srv
-- Installing: /home/user/celluleflexible/ros_ws/install/commande_locale/share/commande_locale/msg/MsgAddProduct.msg
-- Installing: /home/user/celluleflexible/ros_ws/install/commande_locale/share/commande_locale/msg/MsgStopControl.msg
-- Installing: /home/user/celluleflexible/ros_ws/install/commande_locale/share/commande_locale/msg/MsgColor.msg
-- Installing: /home/user/celluleflexible/ros_ws/install/commande_locale/share/commande_locale/msg/MsgSwitchControl.msg
-- Installing: /home/user/celluleflexible/ros_ws/install/commande_locale/share/commande_locale/msg/MsgPinControl.msg
-- Installing: /home/user/celluleflexible/ros_ws/install/commande_locale/share/commande_locale/msg/MsgErreur.msg
-- Installing: /home/user/celluleflexible/ros_ws/install/commande_locale/share/commande_locale/msg/MsgChoixMode.msg
-- Installing: /home/user/celluleflexible/ros_ws/install/commande_locale/lib/commande_locale/simulation
-- Set non-toolchain portion of runtime path of "/home/user/celluleflexible/ros_ws/install/commande_locale/lib/commande_locale/simulation" to ""
-- Installing: /home/user/celluleflexible/ros_ws/install/commande_locale/share/ament_index/resource_index/package_run_dependencies/commande_locale
-- Installing: /home/user/celluleflexible/ros_ws/install/commande_locale/share/ament_index/resource_index/parent_prefix_path/commande_locale
-- Installing: /home/user/celluleflexible/ros_ws/install/commande_locale/share/commande_locale/environment/ament_prefix_path.sh
-- Installing: /home/user/celluleflexible/ros_ws/install/commande_locale/share/commande_locale/environment/ament_prefix_path.dsv
-- Installing: /home/user/celluleflexible/ros_ws/install/commande_locale/share/commande_locale/environment/path.sh
-- Installing: /home/user/celluleflexible/ros_ws/install/commande_locale/share/commande_locale/environment/path.dsv
-- Installing: /home/user/celluleflexible/ros_ws/install/commande_locale/share/commande_locale/local_setup.bash
-- Installing: /home/user/celluleflexible/ros_ws/install/commande_locale/share/commande_locale/local_setup.sh
-- Installing: /home/user/celluleflexible/ros_ws/install/commande_locale/share/commande_locale/local_setup.zsh
-- Installing: /home/user/celluleflexible/ros_ws/install/commande_locale/share/commande_locale/local_setup.dsv
-- Installing: /home/user/celluleflexible/ros_ws/install/commande_locale/share/commande_locale/package.dsv
-- Installing: /home/user/celluleflexible/ros_ws/install/commande_locale/share/ament_index/resource_index/packages/commande_locale
-- Installing: /home/user/celluleflexible/ros_ws/install/commande_locale/share/commande_locale/cmake/export_commande_locale__rosidl_generator_cExport.cmake
-- Installing: /home/user/celluleflexible/ros_ws/install/commande_locale/share/commande_locale/cmake/export_commande_locale__rosidl_generator_cExport-noconfig.cmake
-- Installing: /home/user/celluleflexible/ros_ws/install/commande_locale/share/commande_locale/cmake/export_commande_locale__rosidl_typesupport_fastrtps_cExport.cmake
-- Installing: /home/user/celluleflexible/ros_ws/install/commande_locale/share/commande_locale/cmake/export_commande_locale__rosidl_typesupport_fastrtps_cExport-noconfig.cmake
-- Installing: /home/user/celluleflexible/ros_ws/install/commande_locale/share/commande_locale/cmake/export_commande_locale__rosidl_generator_cppExport.cmake
-- Installing: /home/user/celluleflexible/ros_ws/install/commande_locale/share/commande_locale/cmake/export_commande_locale__rosidl_typesupport_fastrtps_cppExport.cmake
-- Installing: /home/user/celluleflexible/ros_ws/install/commande_locale/share/commande_locale/cmake/export_commande_locale__rosidl_typesupport_fastrtps_cppExport-noconfig.cmake
-- Installing: /home/user/celluleflexible/ros_ws/install/commande_locale/share/commande_locale/cmake/commande_locale__rosidl_typesupport_introspection_cExport.cmake
-- Installing: /home/user/celluleflexible/ros_ws/install/commande_locale/share/commande_locale/cmake/commande_locale__rosidl_typesupport_introspection_cExport-noconfig.cmake
-- Installing: /home/user/celluleflexible/ros_ws/install/commande_locale/share/commande_locale/cmake/commande_locale__rosidl_typesupport_cExport.cmake
-- Installing: /home/user/celluleflexible/ros_ws/install/commande_locale/share/commande_locale/cmake/commande_locale__rosidl_typesupport_cExport-noconfig.cmake
-- Installing: /home/user/celluleflexible/ros_ws/install/commande_locale/share/commande_locale/cmake/commande_locale__rosidl_typesupport_introspection_cppExport.cmake
-- Installing: /home/user/celluleflexible/ros_ws/install/commande_locale/share/commande_locale/cmake/commande_locale__rosidl_typesupport_introspection_cppExport-noconfig.cmake
-- Installing: /home/user/celluleflexible/ros_ws/install/commande_locale/share/commande_locale/cmake/commande_locale__rosidl_typesupport_cppExport.cmake
-- Installing: /home/user/celluleflexible/ros_ws/install/commande_locale/share/commande_locale/cmake/commande_locale__rosidl_typesupport_cppExport-noconfig.cmake
-- Installing: /home/user/celluleflexible/ros_ws/install/commande_locale/share/commande_locale/cmake/export_commande_locale__rosidl_generator_pyExport.cmake
-- Installing: /home/user/celluleflexible/ros_ws/install/commande_locale/share/commande_locale/cmake/export_commande_locale__rosidl_generator_pyExport-noconfig.cmake
-- Installing: /home/user/celluleflexible/ros_ws/install/commande_locale/share/commande_locale/cmake/rosidl_cmake-extras.cmake
-- Installing: /home/user/celluleflexible/ros_ws/install/commande_locale/share/commande_locale/cmake/ament_cmake_export_dependencies-extras.cmake
-- Installing: /home/user/celluleflexible/ros_ws/install/commande_locale/share/commande_locale/cmake/ament_cmake_export_include_directories-extras.cmake
-- Installing: /home/user/celluleflexible/ros_ws/install/commande_locale/share/commande_locale/cmake/ament_cmake_export_libraries-extras.cmake
-- Installing: /home/user/celluleflexible/ros_ws/install/commande_locale/share/commande_locale/cmake/ament_cmake_export_targets-extras.cmake
-- Installing: /home/user/celluleflexible/ros_ws/install/commande_locale/share/commande_locale/cmake/rosidl_cmake_export_typesupport_targets-extras.cmake
-- Installing: /home/user/celluleflexible/ros_ws/install/commande_locale/share/commande_locale/cmake/rosidl_cmake_export_typesupport_libraries-extras.cmake
-- Installing: /home/user/celluleflexible/ros_ws/install/commande_locale/share/commande_locale/cmake/commande_localeConfig.cmake
-- Installing: /home/user/celluleflexible/ros_ws/install/commande_locale/share/commande_locale/cmake/commande_localeConfig-version.cmake
-- Installing: /home/user/celluleflexible/ros_ws/install/commande_locale/share/commande_locale/package.xml
