[0.016s] Invoking command in '/home/user/celluleflexible/ros_ws/build/commande_locale': AMENT_PREFIX_PATH=/home/user/celluleflexible/ros_ws/install/aiguillages:${AMENT_PREFIX_PATH} CMAKE_PREFIX_PATH=/home/user/celluleflexible/ros_ws/install/aiguillages:/opt/ros/jazzy/opt/gz_math_vendor:/opt/ros/jazzy/opt/gz_utils_vendor:/opt/ros/jazzy/opt/gz_cmake_vendor:/opt/ros/jazzy DEBUGINFOD_URLS=https://debuginfod.ubuntu.com LD_LIBRARY_PATH=/home/user/celluleflexible/ros_ws/install/aiguillages/lib:${LD_LIBRARY_PATH} PYTHONPATH=/home/user/celluleflexible/ros_ws/install/aiguillages/lib/python3.12/site-packages:${PYTHONPATH} /usr/bin/cmake --build /home/user/celluleflexible/ros_ws/build/commande_locale -- -j8 -l8
[0.073s] [  0%] Built target commande_locale__rosidl_generator_type_description
[0.084s] [  0%] Built target ament_cmake_python_copy_commande_locale
[0.101s] [  0%] Built target commande_locale__cpp
[0.109s] [ 25%] Built target commande_locale__rosidl_generator_c
[0.137s] [ 35%] Built target commande_locale__rosidl_typesupport_c
[0.139s] [ 44%] Built target commande_locale__rosidl_typesupport_introspection_c
[0.139s] [ 53%] Built target commande_locale__rosidl_typesupport_fastrtps_cpp
[0.140s] [ 65%] Built target commande_locale__rosidl_typesupport_cpp
[0.140s] [ 72%] Built target commande_locale__rosidl_typesupport_fastrtps_c
[0.142s] [ 82%] Built target commande_locale__rosidl_typesupport_introspection_cpp
[0.159s] [ 82%] Built target commande_locale
[0.165s] [ 83%] [32mBuilding CXX object CMakeFiles/simulation.dir/src/inOutController.cpp.o[0m
[0.180s] [ 84%] Built target commande_locale__py
[0.204s] [ 93%] Built target commande_locale__rosidl_generator_py
[0.215s] running egg_info
[0.255s] writing commande_locale.egg-info/PKG-INFO
[0.258s] writing dependency_links to commande_locale.egg-info/dependency_links.txt
[0.258s] writing top-level names to commande_locale.egg-info/top_level.txt
[0.262s] [ 95%] Built target commande_locale_s__rosidl_typesupport_fastrtps_c
[0.262s] [ 96%] Built target commande_locale_s__rosidl_typesupport_introspection_c
[0.269s] [ 97%] Built target commande_locale_s__rosidl_typesupport_c
[0.294s] reading manifest file 'commande_locale.egg-info/SOURCES.txt'
[0.294s] writing manifest file 'commande_locale.egg-info/SOURCES.txt'
[0.318s] [ 97%] Built target ament_cmake_python_build_commande_locale_egg
[9.937s] [ 98%] [32m[1mLinking CXX executable simulation[0m
[10.684s] [100%] Built target simulation
[10.695s] Invoked command in '/home/user/celluleflexible/ros_ws/build/commande_locale' returned '0': AMENT_PREFIX_PATH=/home/user/celluleflexible/ros_ws/install/aiguillages:${AMENT_PREFIX_PATH} CMAKE_PREFIX_PATH=/home/user/celluleflexible/ros_ws/install/aiguillages:/opt/ros/jazzy/opt/gz_math_vendor:/opt/ros/jazzy/opt/gz_utils_vendor:/opt/ros/jazzy/opt/gz_cmake_vendor:/opt/ros/jazzy DEBUGINFOD_URLS=https://debuginfod.ubuntu.com LD_LIBRARY_PATH=/home/user/celluleflexible/ros_ws/install/aiguillages/lib:${LD_LIBRARY_PATH} PYTHONPATH=/home/user/celluleflexible/ros_ws/install/aiguillages/lib/python3.12/site-packages:${PYTHONPATH} /usr/bin/cmake --build /home/user/celluleflexible/ros_ws/build/commande_locale -- -j8 -l8
[10.695s] Invoking command in '/home/user/celluleflexible/ros_ws/build/commande_locale': AMENT_PREFIX_PATH=/home/user/celluleflexible/ros_ws/install/aiguillages:${AMENT_PREFIX_PATH} CMAKE_PREFIX_PATH=/home/user/celluleflexible/ros_ws/install/aiguillages:/opt/ros/jazzy/opt/gz_math_vendor:/opt/ros/jazzy/opt/gz_utils_vendor:/opt/ros/jazzy/opt/gz_cmake_vendor:/opt/ros/jazzy DEBUGINFOD_URLS=https://debuginfod.ubuntu.com LD_LIBRARY_PATH=/home/user/celluleflexible/ros_ws/install/aiguillages/lib:${LD_LIBRARY_PATH} PYTHONPATH=/home/user/celluleflexible/ros_ws/install/aiguillages/lib/python3.12/site-packages:${PYTHONPATH} /usr/bin/cmake --install /home/user/celluleflexible/ros_ws/build/commande_locale
[10.700s] -- Install configuration: ""
[10.701s] -- Installing: /home/user/celluleflexible/ros_ws/install/commande_locale/share/ament_index/resource_index/rosidl_interfaces/commande_locale
[10.701s] -- Installing: /home/user/celluleflexible/ros_ws/install/commande_locale/share/commande_locale/srv/SrvAddProduct.json
[10.701s] -- Installing: /home/user/celluleflexible/ros_ws/install/commande_locale/share/commande_locale/srv/SrvFinInit.json
[10.701s] -- Installing: /home/user/celluleflexible/ros_ws/install/commande_locale/share/commande_locale/srv/SrvAddProductPushBack.json
[10.701s] -- Installing: /home/user/celluleflexible/ros_ws/install/commande_locale/share/commande_locale/msg/MsgAddProduct.json
[10.701s] -- Installing: /home/user/celluleflexible/ros_ws/install/commande_locale/share/commande_locale/msg/MsgStopControl.json
[10.701s] -- Installing: /home/user/celluleflexible/ros_ws/install/commande_locale/share/commande_locale/msg/MsgColor.json
[10.701s] -- Installing: /home/user/celluleflexible/ros_ws/install/commande_locale/share/commande_locale/msg/MsgSwitchControl.json
[10.702s] -- Installing: /home/user/celluleflexible/ros_ws/install/commande_locale/share/commande_locale/msg/MsgPinControl.json
[10.702s] -- Installing: /home/user/celluleflexible/ros_ws/install/commande_locale/share/commande_locale/msg/MsgErreur.json
[10.702s] -- Installing: /home/user/celluleflexible/ros_ws/install/commande_locale/share/commande_locale/msg/MsgChoixMode.json
[10.702s] -- Installing: /home/user/celluleflexible/ros_ws/install/commande_locale/include/commande_locale/commande_locale
[10.702s] -- Installing: /home/user/celluleflexible/ros_ws/install/commande_locale/include/commande_locale/commande_locale/msg
[10.702s] -- Installing: /home/user/celluleflexible/ros_ws/install/commande_locale/include/commande_locale/commande_locale/msg/msg_choix_mode.h
[10.702s] -- Installing: /home/user/celluleflexible/ros_ws/install/commande_locale/include/commande_locale/commande_locale/msg/msg_stop_control.h
[10.702s] -- Installing: /home/user/celluleflexible/ros_ws/install/commande_locale/include/commande_locale/commande_locale/msg/rosidl_generator_c__visibility_control.h
[10.702s] -- Installing: /home/user/celluleflexible/ros_ws/install/commande_locale/include/commande_locale/commande_locale/msg/msg_add_product.h
[10.702s] -- Installing: /home/user/celluleflexible/ros_ws/install/commande_locale/include/commande_locale/commande_locale/msg/msg_erreur.h
[10.702s] -- Installing: /home/user/celluleflexible/ros_ws/install/commande_locale/include/commande_locale/commande_locale/msg/msg_pin_control.h
[10.702s] -- Installing: /home/user/celluleflexible/ros_ws/install/commande_locale/include/commande_locale/commande_locale/msg/msg_switch_control.h
[10.702s] -- Installing: /home/user/celluleflexible/ros_ws/install/commande_locale/include/commande_locale/commande_locale/msg/detail
[10.703s] -- Installing: /home/user/celluleflexible/ros_ws/install/commande_locale/include/commande_locale/commande_locale/msg/detail/msg_pin_control__functions.h
[10.703s] -- Installing: /home/user/celluleflexible/ros_ws/install/commande_locale/include/commande_locale/commande_locale/msg/detail/msg_choix_mode__functions.h
[10.703s] -- Installing: /home/user/celluleflexible/ros_ws/install/commande_locale/include/commande_locale/commande_locale/msg/detail/msg_color__type_support.h
[10.703s] -- Installing: /home/user/celluleflexible/ros_ws/install/commande_locale/include/commande_locale/commande_locale/msg/detail/msg_color__description.c
[10.703s] -- Installing: /home/user/celluleflexible/ros_ws/install/commande_locale/include/commande_locale/commande_locale/msg/detail/msg_pin_control__functions.c
[10.703s] -- Installing: /home/user/celluleflexible/ros_ws/install/commande_locale/include/commande_locale/commande_locale/msg/detail/msg_erreur__functions.h
[10.703s] -- Installing: /home/user/celluleflexible/ros_ws/install/commande_locale/include/commande_locale/commande_locale/msg/detail/msg_stop_control__description.c
[10.703s] -- Installing: /home/user/celluleflexible/ros_ws/install/commande_locale/include/commande_locale/commande_locale/msg/detail/msg_switch_control__type_support.c
[10.703s] -- Installing: /home/user/celluleflexible/ros_ws/install/commande_locale/include/commande_locale/commande_locale/msg/detail/msg_switch_control__functions.h
[10.703s] -- Installing: /home/user/celluleflexible/ros_ws/install/commande_locale/include/commande_locale/commande_locale/msg/detail/msg_stop_control__type_support.c
[10.703s] -- Installing: /home/user/celluleflexible/ros_ws/install/commande_locale/include/commande_locale/commande_locale/msg/detail/msg_erreur__type_support.h
[10.703s] -- Installing: /home/user/celluleflexible/ros_ws/install/commande_locale/include/commande_locale/commande_locale/msg/detail/msg_choix_mode__description.c
[10.703s] -- Installing: /home/user/celluleflexible/ros_ws/install/commande_locale/include/commande_locale/commande_locale/msg/detail/msg_color__struct.h
[10.704s] -- Installing: /home/user/celluleflexible/ros_ws/install/commande_locale/include/commande_locale/commande_locale/msg/detail/msg_erreur__struct.h
[10.704s] -- Installing: /home/user/celluleflexible/ros_ws/install/commande_locale/include/commande_locale/commande_locale/msg/detail/msg_add_product__description.c
[10.704s] -- Installing: /home/user/celluleflexible/ros_ws/install/commande_locale/include/commande_locale/commande_locale/msg/detail/msg_switch_control__description.c
[10.704s] -- Installing: /home/user/celluleflexible/ros_ws/install/commande_locale/include/commande_locale/commande_locale/msg/detail/msg_stop_control__type_support.h
[10.704s] -- Installing: /home/user/celluleflexible/ros_ws/install/commande_locale/include/commande_locale/commande_locale/msg/detail/msg_switch_control__functions.c
[10.704s] -- Installing: /home/user/celluleflexible/ros_ws/install/commande_locale/include/commande_locale/commande_locale/msg/detail/msg_erreur__functions.c
[10.704s] -- Installing: /home/user/celluleflexible/ros_ws/install/commande_locale/include/commande_locale/commande_locale/msg/detail/msg_choix_mode__type_support.h
[10.704s] -- Installing: /home/user/celluleflexible/ros_ws/install/commande_locale/include/commande_locale/commande_locale/msg/detail/msg_add_product__functions.c
[10.704s] -- Installing: /home/user/celluleflexible/ros_ws/install/commande_locale/include/commande_locale/commande_locale/msg/detail/msg_choix_mode__functions.c
[10.704s] -- Installing: /home/user/celluleflexible/ros_ws/install/commande_locale/include/commande_locale/commande_locale/msg/detail/msg_stop_control__functions.h
[10.704s] -- Installing: /home/user/celluleflexible/ros_ws/install/commande_locale/include/commande_locale/commande_locale/msg/detail/msg_color__type_support.c
[10.704s] -- Installing: /home/user/celluleflexible/ros_ws/install/commande_locale/include/commande_locale/commande_locale/msg/detail/msg_add_product__type_support.c
[10.704s] -- Installing: /home/user/celluleflexible/ros_ws/install/commande_locale/include/commande_locale/commande_locale/msg/detail/msg_choix_mode__type_support.c
[10.704s] -- Installing: /home/user/celluleflexible/ros_ws/install/commande_locale/include/commande_locale/commande_locale/msg/detail/msg_pin_control__description.c
[10.705s] -- Installing: /home/user/celluleflexible/ros_ws/install/commande_locale/include/commande_locale/commande_locale/msg/detail/msg_switch_control__struct.h
[10.705s] -- Installing: /home/user/celluleflexible/ros_ws/install/commande_locale/include/commande_locale/commande_locale/msg/detail/msg_erreur__description.c
[10.705s] -- Installing: /home/user/celluleflexible/ros_ws/install/commande_locale/include/commande_locale/commande_locale/msg/detail/msg_add_product__functions.h
[10.705s] -- Installing: /home/user/celluleflexible/ros_ws/install/commande_locale/include/commande_locale/commande_locale/msg/detail/msg_pin_control__type_support.c
[10.705s] -- Installing: /home/user/celluleflexible/ros_ws/install/commande_locale/include/commande_locale/commande_locale/msg/detail/msg_erreur__type_support.c
[10.705s] -- Installing: /home/user/celluleflexible/ros_ws/install/commande_locale/include/commande_locale/commande_locale/msg/detail/msg_add_product__type_support.h
[10.705s] -- Installing: /home/user/celluleflexible/ros_ws/install/commande_locale/include/commande_locale/commande_locale/msg/detail/msg_stop_control__struct.h
[10.705s] -- Installing: /home/user/celluleflexible/ros_ws/install/commande_locale/include/commande_locale/commande_locale/msg/detail/msg_stop_control__functions.c
[10.705s] -- Installing: /home/user/celluleflexible/ros_ws/install/commande_locale/include/commande_locale/commande_locale/msg/detail/msg_switch_control__type_support.h
[10.705s] -- Installing: /home/user/celluleflexible/ros_ws/install/commande_locale/include/commande_locale/commande_locale/msg/detail/msg_pin_control__type_support.h
[10.705s] -- Installing: /home/user/celluleflexible/ros_ws/install/commande_locale/include/commande_locale/commande_locale/msg/detail/msg_add_product__struct.h
[10.705s] -- Installing: /home/user/celluleflexible/ros_ws/install/commande_locale/include/commande_locale/commande_locale/msg/detail/msg_color__functions.h
[10.705s] -- Installing: /home/user/celluleflexible/ros_ws/install/commande_locale/include/commande_locale/commande_locale/msg/detail/msg_choix_mode__struct.h
[10.705s] -- Installing: /home/user/celluleflexible/ros_ws/install/commande_locale/include/commande_locale/commande_locale/msg/detail/msg_pin_control__struct.h
[10.706s] -- Installing: /home/user/celluleflexible/ros_ws/install/commande_locale/include/commande_locale/commande_locale/msg/detail/msg_color__functions.c
[10.706s] -- Installing: /home/user/celluleflexible/ros_ws/install/commande_locale/include/commande_locale/commande_locale/msg/msg_color.h
[10.706s] -- Installing: /home/user/celluleflexible/ros_ws/install/commande_locale/include/commande_locale/commande_locale/srv
[10.706s] -- Installing: /home/user/celluleflexible/ros_ws/install/commande_locale/include/commande_locale/commande_locale/srv/srv_fin_init.h
[10.706s] -- Installing: /home/user/celluleflexible/ros_ws/install/commande_locale/include/commande_locale/commande_locale/srv/srv_add_product_push_back.h
[10.706s] -- Installing: /home/user/celluleflexible/ros_ws/install/commande_locale/include/commande_locale/commande_locale/srv/srv_add_product.h
[10.706s] -- Installing: /home/user/celluleflexible/ros_ws/install/commande_locale/include/commande_locale/commande_locale/srv/detail
[10.706s] -- Installing: /home/user/celluleflexible/ros_ws/install/commande_locale/include/commande_locale/commande_locale/srv/detail/srv_fin_init__type_support.h
[10.706s] -- Installing: /home/user/celluleflexible/ros_ws/install/commande_locale/include/commande_locale/commande_locale/srv/detail/srv_add_product_push_back__type_support.c
[10.706s] -- Installing: /home/user/celluleflexible/ros_ws/install/commande_locale/include/commande_locale/commande_locale/srv/detail/srv_add_product_push_back__description.c
[10.706s] -- Installing: /home/user/celluleflexible/ros_ws/install/commande_locale/include/commande_locale/commande_locale/srv/detail/srv_add_product__struct.h
[10.707s] -- Installing: /home/user/celluleflexible/ros_ws/install/commande_locale/include/commande_locale/commande_locale/srv/detail/srv_fin_init__type_support.c
[10.707s] -- Installing: /home/user/celluleflexible/ros_ws/install/commande_locale/include/commande_locale/commande_locale/srv/detail/srv_add_product__type_support.h
[10.707s] -- Installing: /home/user/celluleflexible/ros_ws/install/commande_locale/include/commande_locale/commande_locale/srv/detail/srv_fin_init__functions.c
[10.707s] -- Installing: /home/user/celluleflexible/ros_ws/install/commande_locale/include/commande_locale/commande_locale/srv/detail/srv_add_product__description.c
[10.707s] -- Installing: /home/user/celluleflexible/ros_ws/install/commande_locale/include/commande_locale/commande_locale/srv/detail/srv_add_product_push_back__functions.h
[10.707s] -- Installing: /home/user/celluleflexible/ros_ws/install/commande_locale/include/commande_locale/commande_locale/srv/detail/srv_add_product__functions.c
[10.707s] -- Installing: /home/user/celluleflexible/ros_ws/install/commande_locale/include/commande_locale/commande_locale/srv/detail/srv_fin_init__functions.h
[10.707s] -- Installing: /home/user/celluleflexible/ros_ws/install/commande_locale/include/commande_locale/commande_locale/srv/detail/srv_add_product__type_support.c
[10.707s] -- Installing: /home/user/celluleflexible/ros_ws/install/commande_locale/include/commande_locale/commande_locale/srv/detail/srv_add_product_push_back__struct.h
[10.707s] -- Installing: /home/user/celluleflexible/ros_ws/install/commande_locale/include/commande_locale/commande_locale/srv/detail/srv_fin_init__description.c
[10.707s] -- Installing: /home/user/celluleflexible/ros_ws/install/commande_locale/include/commande_locale/commande_locale/srv/detail/srv_add_product_push_back__type_support.h
[10.707s] -- Installing: /home/user/celluleflexible/ros_ws/install/commande_locale/include/commande_locale/commande_locale/srv/detail/srv_fin_init__struct.h
[10.707s] -- Installing: /home/user/celluleflexible/ros_ws/install/commande_locale/include/commande_locale/commande_locale/srv/detail/srv_add_product_push_back__functions.c
[10.707s] -- Installing: /home/user/celluleflexible/ros_ws/install/commande_locale/include/commande_locale/commande_locale/srv/detail/srv_add_product__functions.h
[10.707s] -- Installing: /home/user/celluleflexible/ros_ws/install/commande_locale/share/commande_locale/environment/library_path.sh
[10.708s] -- Installing: /home/user/celluleflexible/ros_ws/install/commande_locale/share/commande_locale/environment/library_path.dsv
[10.708s] -- Installing: /home/user/celluleflexible/ros_ws/install/commande_locale/lib/libcommande_locale__rosidl_generator_c.so
[10.708s] -- Set non-toolchain portion of runtime path of "/home/user/celluleflexible/ros_ws/install/commande_locale/lib/libcommande_locale__rosidl_generator_c.so" to ""
[10.708s] -- Up-to-date: /home/user/celluleflexible/ros_ws/install/commande_locale/include/commande_locale/commande_locale
[10.708s] -- Up-to-date: /home/user/celluleflexible/ros_ws/install/commande_locale/include/commande_locale/commande_locale/msg
[10.708s] -- Installing: /home/user/celluleflexible/ros_ws/install/commande_locale/include/commande_locale/commande_locale/msg/rosidl_typesupport_fastrtps_c__visibility_control.h
[10.708s] -- Up-to-date: /home/user/celluleflexible/ros_ws/install/commande_locale/include/commande_locale/commande_locale/msg/detail
[10.708s] -- Installing: /home/user/celluleflexible/ros_ws/install/commande_locale/include/commande_locale/commande_locale/msg/detail/msg_erreur__rosidl_typesupport_fastrtps_c.h
[10.708s] -- Installing: /home/user/celluleflexible/ros_ws/install/commande_locale/include/commande_locale/commande_locale/msg/detail/msg_color__rosidl_typesupport_fastrtps_c.h
[10.708s] -- Installing: /home/user/celluleflexible/ros_ws/install/commande_locale/include/commande_locale/commande_locale/msg/detail/msg_choix_mode__rosidl_typesupport_fastrtps_c.h
[10.708s] -- Installing: /home/user/celluleflexible/ros_ws/install/commande_locale/include/commande_locale/commande_locale/msg/detail/msg_add_product__rosidl_typesupport_fastrtps_c.h
[10.708s] -- Installing: /home/user/celluleflexible/ros_ws/install/commande_locale/include/commande_locale/commande_locale/msg/detail/msg_pin_control__rosidl_typesupport_fastrtps_c.h
[10.708s] -- Installing: /home/user/celluleflexible/ros_ws/install/commande_locale/include/commande_locale/commande_locale/msg/detail/msg_stop_control__rosidl_typesupport_fastrtps_c.h
[10.708s] -- Installing: /home/user/celluleflexible/ros_ws/install/commande_locale/include/commande_locale/commande_locale/msg/detail/msg_switch_control__rosidl_typesupport_fastrtps_c.h
[10.708s] -- Up-to-date: /home/user/celluleflexible/ros_ws/install/commande_locale/include/commande_locale/commande_locale/srv
[10.708s] -- Up-to-date: /home/user/celluleflexible/ros_ws/install/commande_locale/include/commande_locale/commande_locale/srv/detail
[10.709s] -- Installing: /home/user/celluleflexible/ros_ws/install/commande_locale/include/commande_locale/commande_locale/srv/detail/srv_add_product_push_back__rosidl_typesupport_fastrtps_c.h
[10.709s] -- Installing: /home/user/celluleflexible/ros_ws/install/commande_locale/include/commande_locale/commande_locale/srv/detail/srv_add_product__rosidl_typesupport_fastrtps_c.h
[10.709s] -- Installing: /home/user/celluleflexible/ros_ws/install/commande_locale/include/commande_locale/commande_locale/srv/detail/srv_fin_init__rosidl_typesupport_fastrtps_c.h
[10.709s] -- Installing: /home/user/celluleflexible/ros_ws/install/commande_locale/lib/libcommande_locale__rosidl_typesupport_fastrtps_c.so
[10.709s] -- Set non-toolchain portion of runtime path of "/home/user/celluleflexible/ros_ws/install/commande_locale/lib/libcommande_locale__rosidl_typesupport_fastrtps_c.so" to ""
[10.709s] -- Up-to-date: /home/user/celluleflexible/ros_ws/install/commande_locale/include/commande_locale/commande_locale
[10.709s] -- Up-to-date: /home/user/celluleflexible/ros_ws/install/commande_locale/include/commande_locale/commande_locale/msg
[10.709s] -- Installing: /home/user/celluleflexible/ros_ws/install/commande_locale/include/commande_locale/commande_locale/msg/msg_color.hpp
[10.709s] -- Installing: /home/user/celluleflexible/ros_ws/install/commande_locale/include/commande_locale/commande_locale/msg/msg_pin_control.hpp
[10.709s] -- Installing: /home/user/celluleflexible/ros_ws/install/commande_locale/include/commande_locale/commande_locale/msg/msg_switch_control.hpp
[10.709s] -- Installing: /home/user/celluleflexible/ros_ws/install/commande_locale/include/commande_locale/commande_locale/msg/rosidl_generator_cpp__visibility_control.hpp
[10.710s] -- Installing: /home/user/celluleflexible/ros_ws/install/commande_locale/include/commande_locale/commande_locale/msg/msg_stop_control.hpp
[10.710s] -- Installing: /home/user/celluleflexible/ros_ws/install/commande_locale/include/commande_locale/commande_locale/msg/msg_choix_mode.hpp
[10.710s] -- Installing: /home/user/celluleflexible/ros_ws/install/commande_locale/include/commande_locale/commande_locale/msg/msg_add_product.hpp
[10.710s] -- Up-to-date: /home/user/celluleflexible/ros_ws/install/commande_locale/include/commande_locale/commande_locale/msg/detail
[10.710s] -- Installing: /home/user/celluleflexible/ros_ws/install/commande_locale/include/commande_locale/commande_locale/msg/detail/msg_choix_mode__struct.hpp
[10.710s] -- Installing: /home/user/celluleflexible/ros_ws/install/commande_locale/include/commande_locale/commande_locale/msg/detail/msg_add_product__struct.hpp
[10.710s] -- Installing: /home/user/celluleflexible/ros_ws/install/commande_locale/include/commande_locale/commande_locale/msg/detail/msg_switch_control__struct.hpp
[10.710s] -- Installing: /home/user/celluleflexible/ros_ws/install/commande_locale/include/commande_locale/commande_locale/msg/detail/msg_stop_control__traits.hpp
[10.710s] -- Installing: /home/user/celluleflexible/ros_ws/install/commande_locale/include/commande_locale/commande_locale/msg/detail/msg_color__traits.hpp
[10.710s] -- Installing: /home/user/celluleflexible/ros_ws/install/commande_locale/include/commande_locale/commande_locale/msg/detail/msg_pin_control__builder.hpp
[10.710s] -- Installing: /home/user/celluleflexible/ros_ws/install/commande_locale/include/commande_locale/commande_locale/msg/detail/msg_switch_control__traits.hpp
[10.710s] -- Installing: /home/user/celluleflexible/ros_ws/install/commande_locale/include/commande_locale/commande_locale/msg/detail/msg_erreur__traits.hpp
[10.710s] -- Installing: /home/user/celluleflexible/ros_ws/install/commande_locale/include/commande_locale/commande_locale/msg/detail/msg_add_product__builder.hpp
[10.711s] -- Installing: /home/user/celluleflexible/ros_ws/install/commande_locale/include/commande_locale/commande_locale/msg/detail/msg_stop_control__struct.hpp
[10.711s] -- Installing: /home/user/celluleflexible/ros_ws/install/commande_locale/include/commande_locale/commande_locale/msg/detail/msg_choix_mode__traits.hpp
[10.711s] -- Installing: /home/user/celluleflexible/ros_ws/install/commande_locale/include/commande_locale/commande_locale/msg/detail/msg_choix_mode__builder.hpp
[10.711s] -- Installing: /home/user/celluleflexible/ros_ws/install/commande_locale/include/commande_locale/commande_locale/msg/detail/msg_erreur__struct.hpp
[10.711s] -- Installing: /home/user/celluleflexible/ros_ws/install/commande_locale/include/commande_locale/commande_locale/msg/detail/msg_color__builder.hpp
[10.711s] -- Installing: /home/user/celluleflexible/ros_ws/install/commande_locale/include/commande_locale/commande_locale/msg/detail/msg_erreur__type_support.hpp
[10.711s] -- Installing: /home/user/celluleflexible/ros_ws/install/commande_locale/include/commande_locale/commande_locale/msg/detail/msg_add_product__type_support.hpp
[10.711s] -- Installing: /home/user/celluleflexible/ros_ws/install/commande_locale/include/commande_locale/commande_locale/msg/detail/msg_pin_control__struct.hpp
[10.711s] -- Installing: /home/user/celluleflexible/ros_ws/install/commande_locale/include/commande_locale/commande_locale/msg/detail/msg_erreur__builder.hpp
[10.711s] -- Installing: /home/user/celluleflexible/ros_ws/install/commande_locale/include/commande_locale/commande_locale/msg/detail/msg_switch_control__type_support.hpp
[10.711s] -- Installing: /home/user/celluleflexible/ros_ws/install/commande_locale/include/commande_locale/commande_locale/msg/detail/msg_pin_control__traits.hpp
[10.711s] -- Installing: /home/user/celluleflexible/ros_ws/install/commande_locale/include/commande_locale/commande_locale/msg/detail/msg_add_product__traits.hpp
[10.711s] -- Installing: /home/user/celluleflexible/ros_ws/install/commande_locale/include/commande_locale/commande_locale/msg/detail/msg_choix_mode__type_support.hpp
[10.712s] -- Installing: /home/user/celluleflexible/ros_ws/install/commande_locale/include/commande_locale/commande_locale/msg/detail/msg_stop_control__type_support.hpp
[10.712s] -- Installing: /home/user/celluleflexible/ros_ws/install/commande_locale/include/commande_locale/commande_locale/msg/detail/msg_switch_control__builder.hpp
[10.712s] -- Installing: /home/user/celluleflexible/ros_ws/install/commande_locale/include/commande_locale/commande_locale/msg/detail/msg_stop_control__builder.hpp
[10.712s] -- Installing: /home/user/celluleflexible/ros_ws/install/commande_locale/include/commande_locale/commande_locale/msg/detail/msg_color__type_support.hpp
[10.712s] -- Installing: /home/user/celluleflexible/ros_ws/install/commande_locale/include/commande_locale/commande_locale/msg/detail/msg_pin_control__type_support.hpp
[10.712s] -- Installing: /home/user/celluleflexible/ros_ws/install/commande_locale/include/commande_locale/commande_locale/msg/detail/msg_color__struct.hpp
[10.712s] -- Installing: /home/user/celluleflexible/ros_ws/install/commande_locale/include/commande_locale/commande_locale/msg/msg_erreur.hpp
[10.712s] -- Up-to-date: /home/user/celluleflexible/ros_ws/install/commande_locale/include/commande_locale/commande_locale/srv
[10.712s] -- Installing: /home/user/celluleflexible/ros_ws/install/commande_locale/include/commande_locale/commande_locale/srv/srv_add_product.hpp
[10.712s] -- Installing: /home/user/celluleflexible/ros_ws/install/commande_locale/include/commande_locale/commande_locale/srv/srv_add_product_push_back.hpp
[10.712s] -- Installing: /home/user/celluleflexible/ros_ws/install/commande_locale/include/commande_locale/commande_locale/srv/srv_fin_init.hpp
[10.712s] -- Up-to-date: /home/user/celluleflexible/ros_ws/install/commande_locale/include/commande_locale/commande_locale/srv/detail
[10.712s] -- Installing: /home/user/celluleflexible/ros_ws/install/commande_locale/include/commande_locale/commande_locale/srv/detail/srv_add_product_push_back__builder.hpp
[10.712s] -- Installing: /home/user/celluleflexible/ros_ws/install/commande_locale/include/commande_locale/commande_locale/srv/detail/srv_fin_init__builder.hpp
[10.713s] -- Installing: /home/user/celluleflexible/ros_ws/install/commande_locale/include/commande_locale/commande_locale/srv/detail/srv_add_product__struct.hpp
[10.713s] -- Installing: /home/user/celluleflexible/ros_ws/install/commande_locale/include/commande_locale/commande_locale/srv/detail/srv_fin_init__traits.hpp
[10.713s] -- Installing: /home/user/celluleflexible/ros_ws/install/commande_locale/include/commande_locale/commande_locale/srv/detail/srv_add_product__type_support.hpp
[10.713s] -- Installing: /home/user/celluleflexible/ros_ws/install/commande_locale/include/commande_locale/commande_locale/srv/detail/srv_add_product_push_back__struct.hpp
[10.713s] -- Installing: /home/user/celluleflexible/ros_ws/install/commande_locale/include/commande_locale/commande_locale/srv/detail/srv_add_product_push_back__traits.hpp
[10.713s] -- Installing: /home/user/celluleflexible/ros_ws/install/commande_locale/include/commande_locale/commande_locale/srv/detail/srv_fin_init__type_support.hpp
[10.713s] -- Installing: /home/user/celluleflexible/ros_ws/install/commande_locale/include/commande_locale/commande_locale/srv/detail/srv_add_product__builder.hpp
[10.713s] -- Installing: /home/user/celluleflexible/ros_ws/install/commande_locale/include/commande_locale/commande_locale/srv/detail/srv_fin_init__struct.hpp
[10.713s] -- Installing: /home/user/celluleflexible/ros_ws/install/commande_locale/include/commande_locale/commande_locale/srv/detail/srv_add_product__traits.hpp
[10.713s] -- Installing: /home/user/celluleflexible/ros_ws/install/commande_locale/include/commande_locale/commande_locale/srv/detail/srv_add_product_push_back__type_support.hpp
[10.713s] -- Up-to-date: /home/user/celluleflexible/ros_ws/install/commande_locale/include/commande_locale/commande_locale
[10.713s] -- Up-to-date: /home/user/celluleflexible/ros_ws/install/commande_locale/include/commande_locale/commande_locale/msg
[10.713s] -- Up-to-date: /home/user/celluleflexible/ros_ws/install/commande_locale/include/commande_locale/commande_locale/msg/detail
[10.713s] -- Installing: /home/user/celluleflexible/ros_ws/install/commande_locale/include/commande_locale/commande_locale/msg/detail/msg_pin_control__rosidl_typesupport_fastrtps_cpp.hpp
[10.713s] -- Installing: /home/user/celluleflexible/ros_ws/install/commande_locale/include/commande_locale/commande_locale/msg/detail/msg_switch_control__rosidl_typesupport_fastrtps_cpp.hpp
[10.714s] -- Installing: /home/user/celluleflexible/ros_ws/install/commande_locale/include/commande_locale/commande_locale/msg/detail/dds_fastrtps
[10.714s] -- Installing: /home/user/celluleflexible/ros_ws/install/commande_locale/include/commande_locale/commande_locale/msg/detail/msg_erreur__rosidl_typesupport_fastrtps_cpp.hpp
[10.714s] -- Installing: /home/user/celluleflexible/ros_ws/install/commande_locale/include/commande_locale/commande_locale/msg/detail/msg_add_product__rosidl_typesupport_fastrtps_cpp.hpp
[10.714s] -- Installing: /home/user/celluleflexible/ros_ws/install/commande_locale/include/commande_locale/commande_locale/msg/detail/msg_stop_control__rosidl_typesupport_fastrtps_cpp.hpp
[10.714s] -- Installing: /home/user/celluleflexible/ros_ws/install/commande_locale/include/commande_locale/commande_locale/msg/detail/msg_color__rosidl_typesupport_fastrtps_cpp.hpp
[10.714s] -- Installing: /home/user/celluleflexible/ros_ws/install/commande_locale/include/commande_locale/commande_locale/msg/detail/msg_choix_mode__rosidl_typesupport_fastrtps_cpp.hpp
[10.714s] -- Installing: /home/user/celluleflexible/ros_ws/install/commande_locale/include/commande_locale/commande_locale/msg/rosidl_typesupport_fastrtps_cpp__visibility_control.h
[10.714s] -- Up-to-date: /home/user/celluleflexible/ros_ws/install/commande_locale/include/commande_locale/commande_locale/srv
[10.714s] -- Up-to-date: /home/user/celluleflexible/ros_ws/install/commande_locale/include/commande_locale/commande_locale/srv/detail
[10.714s] -- Installing: /home/user/celluleflexible/ros_ws/install/commande_locale/include/commande_locale/commande_locale/srv/detail/srv_fin_init__rosidl_typesupport_fastrtps_cpp.hpp
[10.714s] -- Installing: /home/user/celluleflexible/ros_ws/install/commande_locale/include/commande_locale/commande_locale/srv/detail/srv_add_product__rosidl_typesupport_fastrtps_cpp.hpp
[10.714s] -- Installing: /home/user/celluleflexible/ros_ws/install/commande_locale/include/commande_locale/commande_locale/srv/detail/srv_add_product_push_back__rosidl_typesupport_fastrtps_cpp.hpp
[10.714s] -- Installing: /home/user/celluleflexible/ros_ws/install/commande_locale/include/commande_locale/commande_locale/srv/detail/dds_fastrtps
[10.714s] -- Installing: /home/user/celluleflexible/ros_ws/install/commande_locale/lib/libcommande_locale__rosidl_typesupport_fastrtps_cpp.so
[10.714s] -- Set non-toolchain portion of runtime path of "/home/user/celluleflexible/ros_ws/install/commande_locale/lib/libcommande_locale__rosidl_typesupport_fastrtps_cpp.so" to ""
[10.714s] -- Up-to-date: /home/user/celluleflexible/ros_ws/install/commande_locale/include/commande_locale/commande_locale
[10.714s] -- Up-to-date: /home/user/celluleflexible/ros_ws/install/commande_locale/include/commande_locale/commande_locale/msg
[10.714s] -- Installing: /home/user/celluleflexible/ros_ws/install/commande_locale/include/commande_locale/commande_locale/msg/rosidl_typesupport_introspection_c__visibility_control.h
[10.714s] -- Up-to-date: /home/user/celluleflexible/ros_ws/install/commande_locale/include/commande_locale/commande_locale/msg/detail
[10.714s] -- Installing: /home/user/celluleflexible/ros_ws/install/commande_locale/include/commande_locale/commande_locale/msg/detail/msg_stop_control__rosidl_typesupport_introspection_c.h
[10.714s] -- Installing: /home/user/celluleflexible/ros_ws/install/commande_locale/include/commande_locale/commande_locale/msg/detail/msg_color__rosidl_typesupport_introspection_c.h
[10.714s] -- Installing: /home/user/celluleflexible/ros_ws/install/commande_locale/include/commande_locale/commande_locale/msg/detail/msg_add_product__rosidl_typesupport_introspection_c.h
[10.714s] -- Installing: /home/user/celluleflexible/ros_ws/install/commande_locale/include/commande_locale/commande_locale/msg/detail/msg_switch_control__type_support.c
[10.714s] -- Installing: /home/user/celluleflexible/ros_ws/install/commande_locale/include/commande_locale/commande_locale/msg/detail/msg_stop_control__type_support.c
[10.714s] -- Installing: /home/user/celluleflexible/ros_ws/install/commande_locale/include/commande_locale/commande_locale/msg/detail/msg_pin_control__rosidl_typesupport_introspection_c.h
[10.714s] -- Installing: /home/user/celluleflexible/ros_ws/install/commande_locale/include/commande_locale/commande_locale/msg/detail/msg_switch_control__rosidl_typesupport_introspection_c.h
[10.714s] -- Installing: /home/user/celluleflexible/ros_ws/install/commande_locale/include/commande_locale/commande_locale/msg/detail/msg_color__type_support.c
[10.714s] -- Installing: /home/user/celluleflexible/ros_ws/install/commande_locale/include/commande_locale/commande_locale/msg/detail/msg_add_product__type_support.c
[10.714s] -- Installing: /home/user/celluleflexible/ros_ws/install/commande_locale/include/commande_locale/commande_locale/msg/detail/msg_choix_mode__type_support.c
[10.714s] -- Installing: /home/user/celluleflexible/ros_ws/install/commande_locale/include/commande_locale/commande_locale/msg/detail/msg_choix_mode__rosidl_typesupport_introspection_c.h
[10.714s] -- Installing: /home/user/celluleflexible/ros_ws/install/commande_locale/include/commande_locale/commande_locale/msg/detail/msg_pin_control__type_support.c
[10.714s] -- Installing: /home/user/celluleflexible/ros_ws/install/commande_locale/include/commande_locale/commande_locale/msg/detail/msg_erreur__type_support.c
[10.714s] -- Installing: /home/user/celluleflexible/ros_ws/install/commande_locale/include/commande_locale/commande_locale/msg/detail/msg_erreur__rosidl_typesupport_introspection_c.h
[10.714s] -- Up-to-date: /home/user/celluleflexible/ros_ws/install/commande_locale/include/commande_locale/commande_locale/srv
[10.714s] -- Up-to-date: /home/user/celluleflexible/ros_ws/install/commande_locale/include/commande_locale/commande_locale/srv/detail
[10.714s] -- Installing: /home/user/celluleflexible/ros_ws/install/commande_locale/include/commande_locale/commande_locale/srv/detail/srv_add_product_push_back__type_support.c
[10.714s] -- Installing: /home/user/celluleflexible/ros_ws/install/commande_locale/include/commande_locale/commande_locale/srv/detail/srv_fin_init__type_support.c
[10.714s] -- Installing: /home/user/celluleflexible/ros_ws/install/commande_locale/include/commande_locale/commande_locale/srv/detail/srv_add_product_push_back__rosidl_typesupport_introspection_c.h
[10.714s] -- Installing: /home/user/celluleflexible/ros_ws/install/commande_locale/include/commande_locale/commande_locale/srv/detail/srv_fin_init__rosidl_typesupport_introspection_c.h
[10.714s] -- Installing: /home/user/celluleflexible/ros_ws/install/commande_locale/include/commande_locale/commande_locale/srv/detail/srv_add_product__rosidl_typesupport_introspection_c.h
[10.714s] -- Installing: /home/user/celluleflexible/ros_ws/install/commande_locale/include/commande_locale/commande_locale/srv/detail/srv_add_product__type_support.c
[10.714s] -- Installing: /home/user/celluleflexible/ros_ws/install/commande_locale/lib/libcommande_locale__rosidl_typesupport_introspection_c.so
[10.714s] -- Set non-toolchain portion of runtime path of "/home/user/celluleflexible/ros_ws/install/commande_locale/lib/libcommande_locale__rosidl_typesupport_introspection_c.so" to ""
[10.714s] -- Installing: /home/user/celluleflexible/ros_ws/install/commande_locale/lib/libcommande_locale__rosidl_typesupport_c.so
[10.714s] -- Set non-toolchain portion of runtime path of "/home/user/celluleflexible/ros_ws/install/commande_locale/lib/libcommande_locale__rosidl_typesupport_c.so" to ""
[10.714s] -- Up-to-date: /home/user/celluleflexible/ros_ws/install/commande_locale/include/commande_locale/commande_locale
[10.715s] -- Up-to-date: /home/user/celluleflexible/ros_ws/install/commande_locale/include/commande_locale/commande_locale/msg
[10.715s] -- Up-to-date: /home/user/celluleflexible/ros_ws/install/commande_locale/include/commande_locale/commande_locale/msg/detail
[10.715s] -- Installing: /home/user/celluleflexible/ros_ws/install/commande_locale/include/commande_locale/commande_locale/msg/detail/msg_add_product__type_support.cpp
[10.715s] -- Installing: /home/user/celluleflexible/ros_ws/install/commande_locale/include/commande_locale/commande_locale/msg/detail/msg_switch_control__rosidl_typesupport_introspection_cpp.hpp
[10.715s] -- Installing: /home/user/celluleflexible/ros_ws/install/commande_locale/include/commande_locale/commande_locale/msg/detail/msg_pin_control__type_support.cpp
[10.715s] -- Installing: /home/user/celluleflexible/ros_ws/install/commande_locale/include/commande_locale/commande_locale/msg/detail/msg_stop_control__rosidl_typesupport_introspection_cpp.hpp
[10.715s] -- Installing: /home/user/celluleflexible/ros_ws/install/commande_locale/include/commande_locale/commande_locale/msg/detail/msg_stop_control__type_support.cpp
[10.715s] -- Installing: /home/user/celluleflexible/ros_ws/install/commande_locale/include/commande_locale/commande_locale/msg/detail/msg_pin_control__rosidl_typesupport_introspection_cpp.hpp
[10.715s] -- Installing: /home/user/celluleflexible/ros_ws/install/commande_locale/include/commande_locale/commande_locale/msg/detail/msg_erreur__type_support.cpp
[10.715s] -- Installing: /home/user/celluleflexible/ros_ws/install/commande_locale/include/commande_locale/commande_locale/msg/detail/msg_erreur__rosidl_typesupport_introspection_cpp.hpp
[10.715s] -- Installing: /home/user/celluleflexible/ros_ws/install/commande_locale/include/commande_locale/commande_locale/msg/detail/msg_choix_mode__type_support.cpp
[10.715s] -- Installing: /home/user/celluleflexible/ros_ws/install/commande_locale/include/commande_locale/commande_locale/msg/detail/msg_color__rosidl_typesupport_introspection_cpp.hpp
[10.715s] -- Installing: /home/user/celluleflexible/ros_ws/install/commande_locale/include/commande_locale/commande_locale/msg/detail/msg_choix_mode__rosidl_typesupport_introspection_cpp.hpp
[10.715s] -- Installing: /home/user/celluleflexible/ros_ws/install/commande_locale/include/commande_locale/commande_locale/msg/detail/msg_switch_control__type_support.cpp
[10.715s] -- Installing: /home/user/celluleflexible/ros_ws/install/commande_locale/include/commande_locale/commande_locale/msg/detail/msg_color__type_support.cpp
[10.715s] -- Installing: /home/user/celluleflexible/ros_ws/install/commande_locale/include/commande_locale/commande_locale/msg/detail/msg_add_product__rosidl_typesupport_introspection_cpp.hpp
[10.715s] -- Up-to-date: /home/user/celluleflexible/ros_ws/install/commande_locale/include/commande_locale/commande_locale/srv
[10.715s] -- Up-to-date: /home/user/celluleflexible/ros_ws/install/commande_locale/include/commande_locale/commande_locale/srv/detail
[10.715s] -- Installing: /home/user/celluleflexible/ros_ws/install/commande_locale/include/commande_locale/commande_locale/srv/detail/srv_add_product_push_back__rosidl_typesupport_introspection_cpp.hpp
[10.715s] -- Installing: /home/user/celluleflexible/ros_ws/install/commande_locale/include/commande_locale/commande_locale/srv/detail/srv_add_product__type_support.cpp
[10.715s] -- Installing: /home/user/celluleflexible/ros_ws/install/commande_locale/include/commande_locale/commande_locale/srv/detail/srv_add_product__rosidl_typesupport_introspection_cpp.hpp
[10.715s] -- Installing: /home/user/celluleflexible/ros_ws/install/commande_locale/include/commande_locale/commande_locale/srv/detail/srv_fin_init__rosidl_typesupport_introspection_cpp.hpp
[10.715s] -- Installing: /home/user/celluleflexible/ros_ws/install/commande_locale/include/commande_locale/commande_locale/srv/detail/srv_add_product_push_back__type_support.cpp
[10.715s] -- Installing: /home/user/celluleflexible/ros_ws/install/commande_locale/include/commande_locale/commande_locale/srv/detail/srv_fin_init__type_support.cpp
[10.715s] -- Installing: /home/user/celluleflexible/ros_ws/install/commande_locale/lib/libcommande_locale__rosidl_typesupport_introspection_cpp.so
[10.715s] -- Set non-toolchain portion of runtime path of "/home/user/celluleflexible/ros_ws/install/commande_locale/lib/libcommande_locale__rosidl_typesupport_introspection_cpp.so" to ""
[10.715s] -- Installing: /home/user/celluleflexible/ros_ws/install/commande_locale/lib/libcommande_locale__rosidl_typesupport_cpp.so
[10.715s] -- Set non-toolchain portion of runtime path of "/home/user/celluleflexible/ros_ws/install/commande_locale/lib/libcommande_locale__rosidl_typesupport_cpp.so" to ""
[10.715s] -- Installing: /home/user/celluleflexible/ros_ws/install/commande_locale/share/commande_locale/environment/pythonpath.sh
[10.715s] -- Installing: /home/user/celluleflexible/ros_ws/install/commande_locale/share/commande_locale/environment/pythonpath.dsv
[10.715s] -- Installing: /home/user/celluleflexible/ros_ws/install/commande_locale/lib/python3.12/site-packages/commande_locale-3.1.2-py3.12.egg-info
[10.715s] -- Installing: /home/user/celluleflexible/ros_ws/install/commande_locale/lib/python3.12/site-packages/commande_locale-3.1.2-py3.12.egg-info/SOURCES.txt
[10.715s] -- Installing: /home/user/celluleflexible/ros_ws/install/commande_locale/lib/python3.12/site-packages/commande_locale-3.1.2-py3.12.egg-info/top_level.txt
[10.715s] -- Installing: /home/user/celluleflexible/ros_ws/install/commande_locale/lib/python3.12/site-packages/commande_locale-3.1.2-py3.12.egg-info/PKG-INFO
[10.715s] -- Installing: /home/user/celluleflexible/ros_ws/install/commande_locale/lib/python3.12/site-packages/commande_locale-3.1.2-py3.12.egg-info/dependency_links.txt
[10.715s] -- Installing: /home/user/celluleflexible/ros_ws/install/commande_locale/lib/python3.12/site-packages/commande_locale
[10.715s] -- Installing: /home/user/celluleflexible/ros_ws/install/commande_locale/lib/python3.12/site-packages/commande_locale/msg
[10.715s] -- Installing: /home/user/celluleflexible/ros_ws/install/commande_locale/lib/python3.12/site-packages/commande_locale/msg/_msg_color_s.c
[10.715s] -- Installing: /home/user/celluleflexible/ros_ws/install/commande_locale/lib/python3.12/site-packages/commande_locale/msg/_msg_color.py
[10.715s] -- Installing: /home/user/celluleflexible/ros_ws/install/commande_locale/lib/python3.12/site-packages/commande_locale/msg/_msg_stop_control.py
[10.715s] -- Installing: /home/user/celluleflexible/ros_ws/install/commande_locale/lib/python3.12/site-packages/commande_locale/msg/_msg_erreur.py
[10.715s] -- Installing: /home/user/celluleflexible/ros_ws/install/commande_locale/lib/python3.12/site-packages/commande_locale/msg/_msg_choix_mode_s.c
[10.715s] -- Installing: /home/user/celluleflexible/ros_ws/install/commande_locale/lib/python3.12/site-packages/commande_locale/msg/__init__.py
[10.715s] -- Installing: /home/user/celluleflexible/ros_ws/install/commande_locale/lib/python3.12/site-packages/commande_locale/msg/_msg_add_product_s.c
[10.715s] -- Installing: /home/user/celluleflexible/ros_ws/install/commande_locale/lib/python3.12/site-packages/commande_locale/msg/_msg_choix_mode.py
[10.715s] -- Installing: /home/user/celluleflexible/ros_ws/install/commande_locale/lib/python3.12/site-packages/commande_locale/msg/_msg_switch_control.py
[10.716s] -- Installing: /home/user/celluleflexible/ros_ws/install/commande_locale/lib/python3.12/site-packages/commande_locale/msg/_msg_stop_control_s.c
[10.716s] -- Installing: /home/user/celluleflexible/ros_ws/install/commande_locale/lib/python3.12/site-packages/commande_locale/msg/_msg_switch_control_s.c
[10.716s] -- Installing: /home/user/celluleflexible/ros_ws/install/commande_locale/lib/python3.12/site-packages/commande_locale/msg/_msg_pin_control_s.c
[10.716s] -- Installing: /home/user/celluleflexible/ros_ws/install/commande_locale/lib/python3.12/site-packages/commande_locale/msg/_msg_erreur_s.c
[10.716s] -- Installing: /home/user/celluleflexible/ros_ws/install/commande_locale/lib/python3.12/site-packages/commande_locale/msg/_msg_pin_control.py
[10.716s] -- Installing: /home/user/celluleflexible/ros_ws/install/commande_locale/lib/python3.12/site-packages/commande_locale/msg/_msg_add_product.py
[10.716s] -- Installing: /home/user/celluleflexible/ros_ws/install/commande_locale/lib/python3.12/site-packages/commande_locale/__init__.py
[10.716s] -- Installing: /home/user/celluleflexible/ros_ws/install/commande_locale/lib/python3.12/site-packages/commande_locale/_commande_locale_s.ep.rosidl_typesupport_c.c
[10.716s] -- Installing: /home/user/celluleflexible/ros_ws/install/commande_locale/lib/python3.12/site-packages/commande_locale/commande_locale_s__rosidl_typesupport_c.so
[10.716s] -- Installing: /home/user/celluleflexible/ros_ws/install/commande_locale/lib/python3.12/site-packages/commande_locale/commande_locale_s__rosidl_typesupport_fastrtps_c.so
[10.716s] -- Installing: /home/user/celluleflexible/ros_ws/install/commande_locale/lib/python3.12/site-packages/commande_locale/srv
[10.716s] -- Installing: /home/user/celluleflexible/ros_ws/install/commande_locale/lib/python3.12/site-packages/commande_locale/srv/_srv_add_product.py
[10.716s] -- Installing: /home/user/celluleflexible/ros_ws/install/commande_locale/lib/python3.12/site-packages/commande_locale/srv/_srv_add_product_push_back.py
[10.716s] -- Installing: /home/user/celluleflexible/ros_ws/install/commande_locale/lib/python3.12/site-packages/commande_locale/srv/__init__.py
[10.716s] -- Installing: /home/user/celluleflexible/ros_ws/install/commande_locale/lib/python3.12/site-packages/commande_locale/srv/_srv_add_product_push_back_s.c
[10.716s] -- Installing: /home/user/celluleflexible/ros_ws/install/commande_locale/lib/python3.12/site-packages/commande_locale/srv/_srv_fin_init.py
[10.716s] -- Installing: /home/user/celluleflexible/ros_ws/install/commande_locale/lib/python3.12/site-packages/commande_locale/srv/_srv_fin_init_s.c
[10.716s] -- Installing: /home/user/celluleflexible/ros_ws/install/commande_locale/lib/python3.12/site-packages/commande_locale/srv/_srv_add_product_s.c
[10.716s] -- Installing: /home/user/celluleflexible/ros_ws/install/commande_locale/lib/python3.12/site-packages/commande_locale/_commande_locale_s.ep.rosidl_typesupport_introspection_c.c
[10.716s] -- Installing: /home/user/celluleflexible/ros_ws/install/commande_locale/lib/python3.12/site-packages/commande_locale/commande_locale_s__rosidl_typesupport_introspection_c.so
[10.716s] -- Installing: /home/user/celluleflexible/ros_ws/install/commande_locale/lib/python3.12/site-packages/commande_locale/_commande_locale_s.ep.rosidl_typesupport_fastrtps_c.c
[10.744s] Listing '/home/user/celluleflexible/ros_ws/install/commande_locale/lib/python3.12/site-packages/commande_locale'...
[10.744s] Compiling '/home/user/celluleflexible/ros_ws/install/commande_locale/lib/python3.12/site-packages/commande_locale/__init__.py'...
[10.744s] Listing '/home/user/celluleflexible/ros_ws/install/commande_locale/lib/python3.12/site-packages/commande_locale/msg'...
[10.744s] Compiling '/home/user/celluleflexible/ros_ws/install/commande_locale/lib/python3.12/site-packages/commande_locale/msg/__init__.py'...
[10.744s] Compiling '/home/user/celluleflexible/ros_ws/install/commande_locale/lib/python3.12/site-packages/commande_locale/msg/_msg_add_product.py'...
[10.744s] Compiling '/home/user/celluleflexible/ros_ws/install/commande_locale/lib/python3.12/site-packages/commande_locale/msg/_msg_choix_mode.py'...
[10.744s] Compiling '/home/user/celluleflexible/ros_ws/install/commande_locale/lib/python3.12/site-packages/commande_locale/msg/_msg_color.py'...
[10.744s] Compiling '/home/user/celluleflexible/ros_ws/install/commande_locale/lib/python3.12/site-packages/commande_locale/msg/_msg_erreur.py'...
[10.744s] Compiling '/home/user/celluleflexible/ros_ws/install/commande_locale/lib/python3.12/site-packages/commande_locale/msg/_msg_pin_control.py'...
[10.744s] Compiling '/home/user/celluleflexible/ros_ws/install/commande_locale/lib/python3.12/site-packages/commande_locale/msg/_msg_stop_control.py'...
[10.744s] Compiling '/home/user/celluleflexible/ros_ws/install/commande_locale/lib/python3.12/site-packages/commande_locale/msg/_msg_switch_control.py'...
[10.744s] Listing '/home/user/celluleflexible/ros_ws/install/commande_locale/lib/python3.12/site-packages/commande_locale/srv'...
[10.744s] Compiling '/home/user/celluleflexible/ros_ws/install/commande_locale/lib/python3.12/site-packages/commande_locale/srv/__init__.py'...
[10.744s] Compiling '/home/user/celluleflexible/ros_ws/install/commande_locale/lib/python3.12/site-packages/commande_locale/srv/_srv_add_product.py'...
[10.744s] Compiling '/home/user/celluleflexible/ros_ws/install/commande_locale/lib/python3.12/site-packages/commande_locale/srv/_srv_add_product_push_back.py'...
[10.744s] Compiling '/home/user/celluleflexible/ros_ws/install/commande_locale/lib/python3.12/site-packages/commande_locale/srv/_srv_fin_init.py'...
[10.746s] -- Installing: /home/user/celluleflexible/ros_ws/install/commande_locale/lib/python3.12/site-packages/commande_locale/commande_locale_s__rosidl_typesupport_fastrtps_c.so
[10.747s] -- Set non-toolchain portion of runtime path of "/home/user/celluleflexible/ros_ws/install/commande_locale/lib/python3.12/site-packages/commande_locale/commande_locale_s__rosidl_typesupport_fastrtps_c.so" to ""
[10.747s] -- Installing: /home/user/celluleflexible/ros_ws/install/commande_locale/lib/python3.12/site-packages/commande_locale/commande_locale_s__rosidl_typesupport_introspection_c.so
[10.747s] -- Set non-toolchain portion of runtime path of "/home/user/celluleflexible/ros_ws/install/commande_locale/lib/python3.12/site-packages/commande_locale/commande_locale_s__rosidl_typesupport_introspection_c.so" to ""
[10.747s] -- Installing: /home/user/celluleflexible/ros_ws/install/commande_locale/lib/python3.12/site-packages/commande_locale/commande_locale_s__rosidl_typesupport_c.so
[10.747s] -- Set non-toolchain portion of runtime path of "/home/user/celluleflexible/ros_ws/install/commande_locale/lib/python3.12/site-packages/commande_locale/commande_locale_s__rosidl_typesupport_c.so" to ""
[10.747s] -- Installing: /home/user/celluleflexible/ros_ws/install/commande_locale/lib/libcommande_locale__rosidl_generator_py.so
[10.747s] -- Set non-toolchain portion of runtime path of "/home/user/celluleflexible/ros_ws/install/commande_locale/lib/libcommande_locale__rosidl_generator_py.so" to ""
[10.748s] -- Installing: /home/user/celluleflexible/ros_ws/install/commande_locale/share/commande_locale/srv/SrvAddProduct.idl
[10.748s] -- Installing: /home/user/celluleflexible/ros_ws/install/commande_locale/share/commande_locale/srv/SrvFinInit.idl
[10.748s] -- Installing: /home/user/celluleflexible/ros_ws/install/commande_locale/share/commande_locale/srv/SrvAddProductPushBack.idl
[10.748s] -- Installing: /home/user/celluleflexible/ros_ws/install/commande_locale/share/commande_locale/msg/MsgAddProduct.idl
[10.748s] -- Installing: /home/user/celluleflexible/ros_ws/install/commande_locale/share/commande_locale/msg/MsgStopControl.idl
[10.748s] -- Installing: /home/user/celluleflexible/ros_ws/install/commande_locale/share/commande_locale/msg/MsgColor.idl
[10.748s] -- Installing: /home/user/celluleflexible/ros_ws/install/commande_locale/share/commande_locale/msg/MsgSwitchControl.idl
[10.748s] -- Installing: /home/user/celluleflexible/ros_ws/install/commande_locale/share/commande_locale/msg/MsgPinControl.idl
[10.748s] -- Installing: /home/user/celluleflexible/ros_ws/install/commande_locale/share/commande_locale/msg/MsgErreur.idl
[10.749s] -- Installing: /home/user/celluleflexible/ros_ws/install/commande_locale/share/commande_locale/msg/MsgChoixMode.idl
[10.749s] -- Installing: /home/user/celluleflexible/ros_ws/install/commande_locale/share/commande_locale/srv/SrvAddProduct.srv
[10.749s] -- Installing: /home/user/celluleflexible/ros_ws/install/commande_locale/share/commande_locale/srv/SrvFinInit.srv
[10.749s] -- Installing: /home/user/celluleflexible/ros_ws/install/commande_locale/share/commande_locale/srv/SrvAddProductPushBack.srv
[10.749s] -- Installing: /home/user/celluleflexible/ros_ws/install/commande_locale/share/commande_locale/msg/MsgAddProduct.msg
[10.749s] -- Installing: /home/user/celluleflexible/ros_ws/install/commande_locale/share/commande_locale/msg/MsgStopControl.msg
[10.749s] -- Installing: /home/user/celluleflexible/ros_ws/install/commande_locale/share/commande_locale/msg/MsgColor.msg
[10.749s] -- Installing: /home/user/celluleflexible/ros_ws/install/commande_locale/share/commande_locale/msg/MsgSwitchControl.msg
[10.749s] -- Installing: /home/user/celluleflexible/ros_ws/install/commande_locale/share/commande_locale/msg/MsgPinControl.msg
[10.749s] -- Installing: /home/user/celluleflexible/ros_ws/install/commande_locale/share/commande_locale/msg/MsgErreur.msg
[10.749s] -- Installing: /home/user/celluleflexible/ros_ws/install/commande_locale/share/commande_locale/msg/MsgChoixMode.msg
[10.749s] -- Installing: /home/user/celluleflexible/ros_ws/install/commande_locale/lib/commande_locale/simulation
[10.757s] -- Set non-toolchain portion of runtime path of "/home/user/celluleflexible/ros_ws/install/commande_locale/lib/commande_locale/simulation" to ""
[10.758s] -- Installing: /home/user/celluleflexible/ros_ws/install/commande_locale/share/ament_index/resource_index/package_run_dependencies/commande_locale
[10.758s] -- Installing: /home/user/celluleflexible/ros_ws/install/commande_locale/share/ament_index/resource_index/parent_prefix_path/commande_locale
[10.758s] -- Installing: /home/user/celluleflexible/ros_ws/install/commande_locale/share/commande_locale/environment/ament_prefix_path.sh
[10.758s] -- Installing: /home/user/celluleflexible/ros_ws/install/commande_locale/share/commande_locale/environment/ament_prefix_path.dsv
[10.758s] -- Installing: /home/user/celluleflexible/ros_ws/install/commande_locale/share/commande_locale/environment/path.sh
[10.758s] -- Installing: /home/user/celluleflexible/ros_ws/install/commande_locale/share/commande_locale/environment/path.dsv
[10.758s] -- Installing: /home/user/celluleflexible/ros_ws/install/commande_locale/share/commande_locale/local_setup.bash
[10.758s] -- Installing: /home/user/celluleflexible/ros_ws/install/commande_locale/share/commande_locale/local_setup.sh
[10.758s] -- Installing: /home/user/celluleflexible/ros_ws/install/commande_locale/share/commande_locale/local_setup.zsh
[10.759s] -- Installing: /home/user/celluleflexible/ros_ws/install/commande_locale/share/commande_locale/local_setup.dsv
[10.759s] -- Installing: /home/user/celluleflexible/ros_ws/install/commande_locale/share/commande_locale/package.dsv
[10.759s] -- Installing: /home/user/celluleflexible/ros_ws/install/commande_locale/share/ament_index/resource_index/packages/commande_locale
[10.759s] -- Installing: /home/user/celluleflexible/ros_ws/install/commande_locale/share/commande_locale/cmake/export_commande_locale__rosidl_generator_cExport.cmake
[10.759s] -- Installing: /home/user/celluleflexible/ros_ws/install/commande_locale/share/commande_locale/cmake/export_commande_locale__rosidl_generator_cExport-noconfig.cmake
[10.759s] -- Installing: /home/user/celluleflexible/ros_ws/install/commande_locale/share/commande_locale/cmake/export_commande_locale__rosidl_typesupport_fastrtps_cExport.cmake
[10.759s] -- Installing: /home/user/celluleflexible/ros_ws/install/commande_locale/share/commande_locale/cmake/export_commande_locale__rosidl_typesupport_fastrtps_cExport-noconfig.cmake
[10.759s] -- Installing: /home/user/celluleflexible/ros_ws/install/commande_locale/share/commande_locale/cmake/export_commande_locale__rosidl_generator_cppExport.cmake
[10.759s] -- Installing: /home/user/celluleflexible/ros_ws/install/commande_locale/share/commande_locale/cmake/export_commande_locale__rosidl_typesupport_fastrtps_cppExport.cmake
[10.759s] -- Installing: /home/user/celluleflexible/ros_ws/install/commande_locale/share/commande_locale/cmake/export_commande_locale__rosidl_typesupport_fastrtps_cppExport-noconfig.cmake
[10.759s] -- Installing: /home/user/celluleflexible/ros_ws/install/commande_locale/share/commande_locale/cmake/commande_locale__rosidl_typesupport_introspection_cExport.cmake
[10.760s] -- Installing: /home/user/celluleflexible/ros_ws/install/commande_locale/share/commande_locale/cmake/commande_locale__rosidl_typesupport_introspection_cExport-noconfig.cmake
[10.760s] -- Installing: /home/user/celluleflexible/ros_ws/install/commande_locale/share/commande_locale/cmake/commande_locale__rosidl_typesupport_cExport.cmake
[10.760s] -- Installing: /home/user/celluleflexible/ros_ws/install/commande_locale/share/commande_locale/cmake/commande_locale__rosidl_typesupport_cExport-noconfig.cmake
[10.760s] -- Installing: /home/user/celluleflexible/ros_ws/install/commande_locale/share/commande_locale/cmake/commande_locale__rosidl_typesupport_introspection_cppExport.cmake
[10.767s] -- Installing: /home/user/celluleflexible/ros_ws/install/commande_locale/share/commande_locale/cmake/commande_locale__rosidl_typesupport_introspection_cppExport-noconfig.cmake
[10.767s] -- Installing: /home/user/celluleflexible/ros_ws/install/commande_locale/share/commande_locale/cmake/commande_locale__rosidl_typesupport_cppExport.cmake
[10.767s] -- Installing: /home/user/celluleflexible/ros_ws/install/commande_locale/share/commande_locale/cmake/commande_locale__rosidl_typesupport_cppExport-noconfig.cmake
[10.767s] -- Installing: /home/user/celluleflexible/ros_ws/install/commande_locale/share/commande_locale/cmake/export_commande_locale__rosidl_generator_pyExport.cmake
[10.774s] -- Installing: /home/user/celluleflexible/ros_ws/install/commande_locale/share/commande_locale/cmake/export_commande_locale__rosidl_generator_pyExport-noconfig.cmake
[10.774s] -- Installing: /home/user/celluleflexible/ros_ws/install/commande_locale/share/commande_locale/cmake/rosidl_cmake-extras.cmake
[10.774s] -- Installing: /home/user/celluleflexible/ros_ws/install/commande_locale/share/commande_locale/cmake/ament_cmake_export_dependencies-extras.cmake
[10.774s] -- Installing: /home/user/celluleflexible/ros_ws/install/commande_locale/share/commande_locale/cmake/ament_cmake_export_include_directories-extras.cmake
[10.774s] -- Installing: /home/user/celluleflexible/ros_ws/install/commande_locale/share/commande_locale/cmake/ament_cmake_export_libraries-extras.cmake
[10.774s] -- Installing: /home/user/celluleflexible/ros_ws/install/commande_locale/share/commande_locale/cmake/ament_cmake_export_targets-extras.cmake
[10.774s] -- Installing: /home/user/celluleflexible/ros_ws/install/commande_locale/share/commande_locale/cmake/rosidl_cmake_export_typesupport_targets-extras.cmake
[10.774s] -- Installing: /home/user/celluleflexible/ros_ws/install/commande_locale/share/commande_locale/cmake/rosidl_cmake_export_typesupport_libraries-extras.cmake
[10.781s] -- Installing: /home/user/celluleflexible/ros_ws/install/commande_locale/share/commande_locale/cmake/commande_localeConfig.cmake
[10.788s] -- Installing: /home/user/celluleflexible/ros_ws/install/commande_locale/share/commande_locale/cmake/commande_localeConfig-version.cmake
[10.794s] -- Installing: /home/user/celluleflexible/ros_ws/install/commande_locale/share/commande_locale/package.xml
[10.800s] Invoked command in '/home/user/celluleflexible/ros_ws/build/commande_locale' returned '0': AMENT_PREFIX_PATH=/home/user/celluleflexible/ros_ws/install/aiguillages:${AMENT_PREFIX_PATH} CMAKE_PREFIX_PATH=/home/user/celluleflexible/ros_ws/install/aiguillages:/opt/ros/jazzy/opt/gz_math_vendor:/opt/ros/jazzy/opt/gz_utils_vendor:/opt/ros/jazzy/opt/gz_cmake_vendor:/opt/ros/jazzy DEBUGINFOD_URLS=https://debuginfod.ubuntu.com LD_LIBRARY_PATH=/home/user/celluleflexible/ros_ws/install/aiguillages/lib:${LD_LIBRARY_PATH} PYTHONPATH=/home/user/celluleflexible/ros_ws/install/aiguillages/lib/python3.12/site-packages:${PYTHONPATH} /usr/bin/cmake --install /home/user/celluleflexible/ros_ws/build/commande_locale
