[0.020s] Invoking command in '/home/user/Desktop/New_ter/CoppeliaSim/build/sim_ros2_interface': CMAKE_PREFIX_PATH=${CMAKE_PREFIX_PATH}:/opt/ros/jazzy DEBUGINFOD_URLS=https://debuginfod.ubuntu.com /usr/bin/cmake /home/user/Desktop/New_ter/CoppeliaSim/programming/ros2_packages/sim_ros2_interface -DAMENT_CMAKE_SYMLINK_INSTALL=1 -DCMAKE_INSTALL_PREFIX=/home/user/Desktop/New_ter/CoppeliaSim/install/sim_ros2_interface
[0.055s] -- Found ament_cmake: 2.5.5 (/opt/ros/jazzy/share/ament_cmake/cmake)
[0.473s] -- Override CMake install command with custom implementation using symlinks instead of copying resources
[0.493s] -- Found ament_cmake_ros: 0.12.0 (/opt/ros/jazzy/share/ament_cmake_ros/cmake)
[0.499s] -- Found diagnostic_msgs: 5.3.6 (/opt/ros/jazzy/share/diagnostic_msgs/cmake)
[0.540s] -- Found rosidl_generator_c: 4.6.7 (/opt/ros/jazzy/share/rosidl_generator_c/cmake)
[0.551s] -- Found rosidl_generator_cpp: 4.6.7 (/opt/ros/jazzy/share/rosidl_generator_cpp/cmake)
[0.564s] -- Using all available rosidl_typesupport_c: rosidl_typesupport_fastrtps_c;rosidl_typesupport_introspection_c
[0.579s] -- Using all available rosidl_typesupport_cpp: rosidl_typesupport_fastrtps_cpp;rosidl_typesupport_introspection_cpp
[0.664s] -- Found geometry_msgs: 5.3.6 (/opt/ros/jazzy/share/geometry_msgs/cmake)
[0.684s] -- Found lifecycle_msgs: 2.0.3 (/opt/ros/jazzy/share/lifecycle_msgs/cmake)
[0.707s] -- Found map_msgs: 2.4.1 (/opt/ros/jazzy/share/map_msgs/cmake)
[0.842s] -- Found pendulum_msgs: 0.33.9 (/opt/ros/jazzy/share/pendulum_msgs/cmake)
[0.861s] -- Found rosgraph_msgs: 2.0.3 (/opt/ros/jazzy/share/rosgraph_msgs/cmake)
[0.877s] -- Found shape_msgs: 5.3.6 (/opt/ros/jazzy/share/shape_msgs/cmake)
[0.902s] -- Found stereo_msgs: 5.3.6 (/opt/ros/jazzy/share/stereo_msgs/cmake)
[0.935s] -- Found tf2_geometry_msgs: 0.36.19 (/opt/ros/jazzy/share/tf2_geometry_msgs/cmake)
[0.941s] -- Found eigen3_cmake_module: 0.3.0 (/opt/ros/jazzy/share/eigen3_cmake_module/cmake)
[0.943s] -- Ensuring Eigen3 include directory is part of orocos-kdl CMake target
[1.045s] -- Found rmw_implementation_cmake: 7.3.3 (/opt/ros/jazzy/share/rmw_implementation_cmake/cmake)
[1.046s] -- Found rmw_fastrtps_cpp: 8.4.3 (/opt/ros/jazzy/share/rmw_fastrtps_cpp/cmake)
[1.153s] -- Using RMW implementation 'rmw_fastrtps_cpp' as default
[1.338s] -- Found trajectory_msgs: 5.3.6 (/opt/ros/jazzy/share/trajectory_msgs/cmake)
[1.363s] -- Found visualization_msgs: 5.3.6 (/opt/ros/jazzy/share/visualization_msgs/cmake)
[1.405s] -- Found std_srvs: 5.3.6 (/opt/ros/jazzy/share/std_srvs/cmake)
[1.427s] -- Found example_interfaces: 0.12.0 (/opt/ros/jazzy/share/example_interfaces/cmake)
[1.455s] -- Found image_transport: 5.1.7 (/opt/ros/jazzy/share/image_transport/cmake)
[1.469s] [31mCMake Error at CMakeLists.txt:50 (find_package):
[1.470s]   By not providing "Findaiguillages.cmake" in CMAKE_MODULE_PATH this project
[1.470s]   has asked CMake to find a package configuration file provided by
[1.470s]   "aiguillages", but CMake did not find one.
[1.470s] 
[1.470s]   Could not find a package configuration file provided by "aiguillages" with
[1.470s]   any of the following names:
[1.471s] 
[1.472s]     aiguillagesConfig.cmake
[1.472s]     aiguillages-config.cmake
[1.472s] 
[1.472s]   Add the installation prefix of "aiguillages" to CMAKE_PREFIX_PATH or set
[1.472s]   "aiguillages_DIR" to a directory containing one of the above files.  If
[1.472s]   "aiguillages" provides a separate development package or SDK, be sure it
[1.472s]   has been installed.
[1.472s] 
[1.472s] [0m
[1.472s] -- Configuring incomplete, errors occurred!
[1.495s] Invoked command in '/home/user/Desktop/New_ter/CoppeliaSim/build/sim_ros2_interface' returned '1': CMAKE_PREFIX_PATH=${CMAKE_PREFIX_PATH}:/opt/ros/jazzy DEBUGINFOD_URLS=https://debuginfod.ubuntu.com /usr/bin/cmake /home/user/Desktop/New_ter/CoppeliaSim/programming/ros2_packages/sim_ros2_interface -DAMENT_CMAKE_SYMLINK_INSTALL=1 -DCMAKE_INSTALL_PREFIX=/home/user/Desktop/New_ter/CoppeliaSim/install/sim_ros2_interface
