[0.036s] Invoking command in '/home/user/Desktop/New_ter/CoppeliaSim/build/sim_ros2_interface': CMAKE_PREFIX_PATH=${CMAKE_PREFIX_PATH}:/opt/ros/jazzy DEBUGINFOD_URLS=https://debuginfod.ubuntu.com /usr/bin/cmake --build /home/user/Desktop/New_ter/CoppeliaSim/build/sim_ros2_interface -- -j4 -l4
[0.103s] -- Found ament_cmake: 2.5.5 (/opt/ros/jazzy/share/ament_cmake/cmake)
[0.580s] -- Override CMake install command with custom implementation using symlinks instead of copying resources
[0.596s] -- Found ament_cmake_ros: 0.12.0 (/opt/ros/jazzy/share/ament_cmake_ros/cmake)
[0.602s] -- Found diagnostic_msgs: 5.3.6 (/opt/ros/jazzy/share/diagnostic_msgs/cmake)
[0.644s] -- Found rosidl_generator_c: 4.6.7 (/opt/ros/jazzy/share/rosidl_generator_c/cmake)
[0.654s] -- Found rosidl_generator_cpp: 4.6.7 (/opt/ros/jazzy/share/rosidl_generator_cpp/cmake)
[0.668s] -- Using all available rosidl_typesupport_c: rosidl_typesupport_fastrtps_c;rosidl_typesupport_introspection_c
[0.683s] -- Using all available rosidl_typesupport_cpp: rosidl_typesupport_fastrtps_cpp;rosidl_typesupport_introspection_cpp
[0.756s] -- Found geometry_msgs: 5.3.6 (/opt/ros/jazzy/share/geometry_msgs/cmake)
[0.781s] -- Found lifecycle_msgs: 2.0.3 (/opt/ros/jazzy/share/lifecycle_msgs/cmake)
[0.805s] -- Found map_msgs: 2.4.1 (/opt/ros/jazzy/share/map_msgs/cmake)
[0.911s] -- Found pendulum_msgs: 0.33.9 (/opt/ros/jazzy/share/pendulum_msgs/cmake)
[0.925s] -- Found rosgraph_msgs: 2.0.3 (/opt/ros/jazzy/share/rosgraph_msgs/cmake)
[0.940s] -- Found shape_msgs: 5.3.6 (/opt/ros/jazzy/share/shape_msgs/cmake)
[0.960s] -- Found stereo_msgs: 5.3.6 (/opt/ros/jazzy/share/stereo_msgs/cmake)
[0.994s] -- Found tf2_geometry_msgs: 0.36.19 (/opt/ros/jazzy/share/tf2_geometry_msgs/cmake)
[1.000s] -- Found eigen3_cmake_module: 0.3.0 (/opt/ros/jazzy/share/eigen3_cmake_module/cmake)
[1.002s] -- Ensuring Eigen3 include directory is part of orocos-kdl CMake target
[1.083s] -- Found rmw_implementation_cmake: 7.3.3 (/opt/ros/jazzy/share/rmw_implementation_cmake/cmake)
[1.087s] -- Found rmw_fastrtps_cpp: 8.4.3 (/opt/ros/jazzy/share/rmw_fastrtps_cpp/cmake)
[1.188s] -- Using RMW implementation 'rmw_fastrtps_cpp' as default
[1.441s] -- Found trajectory_msgs: 5.3.6 (/opt/ros/jazzy/share/trajectory_msgs/cmake)
[1.516s] -- Found visualization_msgs: 5.3.6 (/opt/ros/jazzy/share/visualization_msgs/cmake)
[1.597s] -- Found std_srvs: 5.3.6 (/opt/ros/jazzy/share/std_srvs/cmake)
[1.662s] -- Found example_interfaces: 0.12.0 (/opt/ros/jazzy/share/example_interfaces/cmake)
[1.725s] -- Found image_transport: 5.1.7 (/opt/ros/jazzy/share/image_transport/cmake)
[1.752s] -- Found aiguillages: 3.1.2 (/home/user/Desktop/New_ter/ros2_ws/install/aiguillages/share/aiguillages/cmake)
[1.771s] [31mCMake Error at CMakeLists.txt:56 (message):
[1.772s]   Environment variable COPPELIASIM_ROOT_DIR is not set
[1.772s] 
[1.772s] [0m
[1.772s] -- Configuring incomplete, errors occurred!
[1.787s] gmake: *** [Makefile:470: cmake_check_build_system] Error 1
[1.796s] Invoked command in '/home/user/Desktop/New_ter/CoppeliaSim/build/sim_ros2_interface' returned '2': CMAKE_PREFIX_PATH=${CMAKE_PREFIX_PATH}:/opt/ros/jazzy DEBUGINFOD_URLS=https://debuginfod.ubuntu.com /usr/bin/cmake --build /home/user/Desktop/New_ter/CoppeliaSim/build/sim_ros2_interface -- -j4 -l4
