[0.061s] DEBUG:colcon:Command line arguments: ['/usr/bin/colcon', 'build']
[0.061s] DEBUG:colcon:Parsed command line arguments: Namespace(log_base=None, log_level=None, verb_name='build', build_base='build', install_base='install', merge_install=False, symlink_install=False, test_result_base=None, continue_on_error=False, executor='parallel', parallel_workers=8, event_handlers=None, ignore_user_meta=False, metas=['./colcon.meta'], base_paths=['.'], packages_ignore=None, packages_ignore_regex=None, paths=None, packages_up_to=None, packages_up_to_regex=None, packages_above=None, packages_above_and_dependencies=None, packages_above_depth=None, packages_select_by_dep=None, packages_skip_by_dep=None, packages_skip_up_to=None, packages_select_build_failed=False, packages_skip_build_finished=False, packages_select_test_failures=False, packages_skip_test_passed=False, packages_select=None, packages_skip=None, packages_select_regex=None, packages_skip_regex=None, packages_start=None, packages_end=None, allow_overriding=[], cmake_args=None, cmake_target=None, cmake_target_skip_unavailable=False, cmake_clean_cache=False, cmake_clean_first=False, cmake_force_configure=False, ament_cmake_args=None, catkin_cmake_args=None, catkin_skip_building_tests=False, mixin_files=None, mixin=None, verb_parser=<colcon_mixin.mixin.mixin_argument.MixinArgumentDecorator object at 0x70fa63ba08f0>, verb_extension=<colcon_core.verb.build.BuildVerb object at 0x70fa63cccef0>, main=<bound method BuildVerb.main of <colcon_core.verb.build.BuildVerb object at 0x70fa63cccef0>>, mixin_verb=('build',))
[0.082s] Level 1:colcon.colcon_core.package_discovery:discover_packages(colcon_meta) check parameters
[0.083s] Level 1:colcon.colcon_core.package_discovery:discover_packages(recursive) check parameters
[0.083s] Level 1:colcon.colcon_core.package_discovery:discover_packages(ignore) check parameters
[0.083s] Level 1:colcon.colcon_core.package_discovery:discover_packages(path) check parameters
[0.083s] Level 1:colcon.colcon_core.package_discovery:discover_packages(colcon_meta) discover
[0.083s] Level 1:colcon.colcon_core.package_discovery:discover_packages(recursive) discover
[0.083s] INFO:colcon.colcon_core.package_discovery:Crawling recursively for packages in '/home/user/celluleflexible/ros_ws'
[0.083s] Level 1:colcon.colcon_core.package_identification:_identify(.) by extensions ['ignore', 'ignore_ament_install']
[0.083s] Level 1:colcon.colcon_core.package_identification:_identify(.) by extension 'ignore'
[0.083s] Level 1:colcon.colcon_core.package_identification:_identify(.) by extension 'ignore_ament_install'
[0.083s] Level 1:colcon.colcon_core.package_identification:_identify(.) by extensions ['colcon_pkg']
[0.083s] Level 1:colcon.colcon_core.package_identification:_identify(.) by extension 'colcon_pkg'
[0.083s] Level 1:colcon.colcon_core.package_identification:_identify(.) by extensions ['colcon_meta']
[0.083s] Level 1:colcon.colcon_core.package_identification:_identify(.) by extension 'colcon_meta'
[0.083s] Level 1:colcon.colcon_core.package_identification:_identify(.) by extensions ['ros']
[0.083s] Level 1:colcon.colcon_core.package_identification:_identify(.) by extension 'ros'
[0.096s] Level 1:colcon.colcon_core.package_identification:_identify(.) by extensions ['cmake', 'python']
[0.096s] Level 1:colcon.colcon_core.package_identification:_identify(.) by extension 'cmake'
[0.096s] Level 1:colcon.colcon_core.package_identification:_identify(.) by extension 'python'
[0.096s] Level 1:colcon.colcon_core.package_identification:_identify(.) by extensions ['python_setup_py']
[0.096s] Level 1:colcon.colcon_core.package_identification:_identify(.) by extension 'python_setup_py'
[0.096s] Level 1:colcon.colcon_core.package_identification:_identify(build) by extensions ['ignore', 'ignore_ament_install']
[0.096s] Level 1:colcon.colcon_core.package_identification:_identify(build) by extension 'ignore'
[0.096s] Level 1:colcon.colcon_core.package_identification:_identify(build) ignored
[0.096s] Level 1:colcon.colcon_core.package_identification:_identify(install) by extensions ['ignore', 'ignore_ament_install']
[0.096s] Level 1:colcon.colcon_core.package_identification:_identify(install) by extension 'ignore'
[0.096s] Level 1:colcon.colcon_core.package_identification:_identify(install) ignored
[0.096s] Level 1:colcon.colcon_core.package_identification:_identify(log) by extensions ['ignore', 'ignore_ament_install']
[0.096s] Level 1:colcon.colcon_core.package_identification:_identify(log) by extension 'ignore'
[0.096s] Level 1:colcon.colcon_core.package_identification:_identify(log) ignored
[0.096s] Level 1:colcon.colcon_core.package_identification:_identify(sim) by extensions ['ignore', 'ignore_ament_install']
[0.096s] Level 1:colcon.colcon_core.package_identification:_identify(sim) by extension 'ignore'
[0.096s] Level 1:colcon.colcon_core.package_identification:_identify(sim) by extension 'ignore_ament_install'
[0.096s] Level 1:colcon.colcon_core.package_identification:_identify(sim) by extensions ['colcon_pkg']
[0.096s] Level 1:colcon.colcon_core.package_identification:_identify(sim) by extension 'colcon_pkg'
[0.096s] Level 1:colcon.colcon_core.package_identification:_identify(sim) by extensions ['colcon_meta']
[0.096s] Level 1:colcon.colcon_core.package_identification:_identify(sim) by extension 'colcon_meta'
[0.096s] Level 1:colcon.colcon_core.package_identification:_identify(sim) by extensions ['ros']
[0.096s] Level 1:colcon.colcon_core.package_identification:_identify(sim) by extension 'ros'
[0.096s] Level 1:colcon.colcon_core.package_identification:_identify(sim) by extensions ['cmake', 'python']
[0.096s] Level 1:colcon.colcon_core.package_identification:_identify(sim) by extension 'cmake'
[0.096s] Level 1:colcon.colcon_core.package_identification:_identify(sim) by extension 'python'
[0.096s] Level 1:colcon.colcon_core.package_identification:_identify(sim) by extensions ['python_setup_py']
[0.096s] Level 1:colcon.colcon_core.package_identification:_identify(sim) by extension 'python_setup_py'
[0.096s] Level 1:colcon.colcon_core.package_identification:_identify(src) by extensions ['ignore', 'ignore_ament_install']
[0.097s] Level 1:colcon.colcon_core.package_identification:_identify(src) by extension 'ignore'
[0.097s] Level 1:colcon.colcon_core.package_identification:_identify(src) by extension 'ignore_ament_install'
[0.097s] Level 1:colcon.colcon_core.package_identification:_identify(src) by extensions ['colcon_pkg']
[0.097s] Level 1:colcon.colcon_core.package_identification:_identify(src) by extension 'colcon_pkg'
[0.097s] Level 1:colcon.colcon_core.package_identification:_identify(src) by extensions ['colcon_meta']
[0.097s] Level 1:colcon.colcon_core.package_identification:_identify(src) by extension 'colcon_meta'
[0.097s] Level 1:colcon.colcon_core.package_identification:_identify(src) by extensions ['ros']
[0.097s] Level 1:colcon.colcon_core.package_identification:_identify(src) by extension 'ros'
[0.097s] Level 1:colcon.colcon_core.package_identification:_identify(src) by extensions ['cmake', 'python']
[0.097s] Level 1:colcon.colcon_core.package_identification:_identify(src) by extension 'cmake'
[0.097s] Level 1:colcon.colcon_core.package_identification:_identify(src) by extension 'python'
[0.097s] Level 1:colcon.colcon_core.package_identification:_identify(src) by extensions ['python_setup_py']
[0.097s] Level 1:colcon.colcon_core.package_identification:_identify(src) by extension 'python_setup_py'
[0.097s] Level 1:colcon.colcon_core.package_identification:_identify(src/aiguillages) by extensions ['ignore', 'ignore_ament_install']
[0.097s] Level 1:colcon.colcon_core.package_identification:_identify(src/aiguillages) by extension 'ignore'
[0.097s] Level 1:colcon.colcon_core.package_identification:_identify(src/aiguillages) by extension 'ignore_ament_install'
[0.097s] Level 1:colcon.colcon_core.package_identification:_identify(src/aiguillages) by extensions ['colcon_pkg']
[0.097s] Level 1:colcon.colcon_core.package_identification:_identify(src/aiguillages) by extension 'colcon_pkg'
[0.097s] Level 1:colcon.colcon_core.package_identification:_identify(src/aiguillages) by extensions ['colcon_meta']
[0.097s] Level 1:colcon.colcon_core.package_identification:_identify(src/aiguillages) by extension 'colcon_meta'
[0.097s] Level 1:colcon.colcon_core.package_identification:_identify(src/aiguillages) by extensions ['ros']
[0.097s] Level 1:colcon.colcon_core.package_identification:_identify(src/aiguillages) by extension 'ros'
[0.098s] DEBUG:colcon.colcon_core.package_identification:Package 'src/aiguillages' with type 'ros.ament_cmake' and name 'aiguillages'
[0.098s] Level 1:colcon.colcon_core.package_identification:_identify(src/commande_locale) by extensions ['ignore', 'ignore_ament_install']
[0.098s] Level 1:colcon.colcon_core.package_identification:_identify(src/commande_locale) by extension 'ignore'
[0.098s] Level 1:colcon.colcon_core.package_identification:_identify(src/commande_locale) by extension 'ignore_ament_install'
[0.098s] Level 1:colcon.colcon_core.package_identification:_identify(src/commande_locale) by extensions ['colcon_pkg']
[0.098s] Level 1:colcon.colcon_core.package_identification:_identify(src/commande_locale) by extension 'colcon_pkg'
[0.098s] Level 1:colcon.colcon_core.package_identification:_identify(src/commande_locale) by extensions ['colcon_meta']
[0.098s] Level 1:colcon.colcon_core.package_identification:_identify(src/commande_locale) by extension 'colcon_meta'
[0.098s] Level 1:colcon.colcon_core.package_identification:_identify(src/commande_locale) by extensions ['ros']
[0.098s] Level 1:colcon.colcon_core.package_identification:_identify(src/commande_locale) by extension 'ros'
[0.099s] DEBUG:colcon.colcon_core.package_identification:Package 'src/commande_locale' with type 'ros.ament_cmake' and name 'commande_locale'
[0.099s] Level 1:colcon.colcon_core.package_discovery:discover_packages(recursive) using defaults
[0.099s] Level 1:colcon.colcon_core.package_discovery:discover_packages(ignore) discover
[0.099s] Level 1:colcon.colcon_core.package_discovery:discover_packages(ignore) using defaults
[0.099s] Level 1:colcon.colcon_core.package_discovery:discover_packages(path) discover
[0.099s] Level 1:colcon.colcon_core.package_discovery:discover_packages(path) using defaults
[0.108s] Level 1:colcon.colcon_core.package_discovery:discover_packages(prefix_path) check parameters
[0.108s] Level 1:colcon.colcon_core.package_discovery:discover_packages(prefix_path) discover
[0.109s] DEBUG:colcon.colcon_installed_package_information.package_discovery:Found 2 installed packages in /home/user/celluleflexible/ros_ws/install
[0.109s] DEBUG:colcon.colcon_installed_package_information.package_discovery:Found 286 installed packages in /opt/ros/jazzy
[0.109s] Level 1:colcon.colcon_core.package_discovery:discover_packages(prefix_path) using defaults
[0.128s] Level 5:colcon.colcon_core.verb:set package 'aiguillages' build argument 'cmake_args' from command line to 'None'
[0.128s] Level 5:colcon.colcon_core.verb:set package 'aiguillages' build argument 'cmake_target' from command line to 'None'
[0.128s] Level 5:colcon.colcon_core.verb:set package 'aiguillages' build argument 'cmake_target_skip_unavailable' from command line to 'False'
[0.128s] Level 5:colcon.colcon_core.verb:set package 'aiguillages' build argument 'cmake_clean_cache' from command line to 'False'
[0.128s] Level 5:colcon.colcon_core.verb:set package 'aiguillages' build argument 'cmake_clean_first' from command line to 'False'
[0.128s] Level 5:colcon.colcon_core.verb:set package 'aiguillages' build argument 'cmake_force_configure' from command line to 'False'
[0.128s] Level 5:colcon.colcon_core.verb:set package 'aiguillages' build argument 'ament_cmake_args' from command line to 'None'
[0.128s] Level 5:colcon.colcon_core.verb:set package 'aiguillages' build argument 'catkin_cmake_args' from command line to 'None'
[0.128s] Level 5:colcon.colcon_core.verb:set package 'aiguillages' build argument 'catkin_skip_building_tests' from command line to 'False'
[0.128s] DEBUG:colcon.colcon_core.verb:Building package 'aiguillages' with the following arguments: {'ament_cmake_args': None, 'build_base': '/home/user/celluleflexible/ros_ws/build/aiguillages', 'catkin_cmake_args': None, 'catkin_skip_building_tests': False, 'cmake_args': None, 'cmake_clean_cache': False, 'cmake_clean_first': False, 'cmake_force_configure': False, 'cmake_target': None, 'cmake_target_skip_unavailable': False, 'install_base': '/home/user/celluleflexible/ros_ws/install/aiguillages', 'merge_install': False, 'path': '/home/user/celluleflexible/ros_ws/src/aiguillages', 'symlink_install': False, 'test_result_base': None}
[0.128s] Level 5:colcon.colcon_core.verb:set package 'commande_locale' build argument 'cmake_args' from command line to 'None'
[0.128s] Level 5:colcon.colcon_core.verb:set package 'commande_locale' build argument 'cmake_target' from command line to 'None'
[0.128s] Level 5:colcon.colcon_core.verb:set package 'commande_locale' build argument 'cmake_target_skip_unavailable' from command line to 'False'
[0.128s] Level 5:colcon.colcon_core.verb:set package 'commande_locale' build argument 'cmake_clean_cache' from command line to 'False'
[0.128s] Level 5:colcon.colcon_core.verb:set package 'commande_locale' build argument 'cmake_clean_first' from command line to 'False'
[0.128s] Level 5:colcon.colcon_core.verb:set package 'commande_locale' build argument 'cmake_force_configure' from command line to 'False'
[0.128s] Level 5:colcon.colcon_core.verb:set package 'commande_locale' build argument 'ament_cmake_args' from command line to 'None'
[0.128s] Level 5:colcon.colcon_core.verb:set package 'commande_locale' build argument 'catkin_cmake_args' from command line to 'None'
[0.128s] Level 5:colcon.colcon_core.verb:set package 'commande_locale' build argument 'catkin_skip_building_tests' from command line to 'False'
[0.128s] DEBUG:colcon.colcon_core.verb:Building package 'commande_locale' with the following arguments: {'ament_cmake_args': None, 'build_base': '/home/user/celluleflexible/ros_ws/build/commande_locale', 'catkin_cmake_args': None, 'catkin_skip_building_tests': False, 'cmake_args': None, 'cmake_clean_cache': False, 'cmake_clean_first': False, 'cmake_force_configure': False, 'cmake_target': None, 'cmake_target_skip_unavailable': False, 'install_base': '/home/user/celluleflexible/ros_ws/install/commande_locale', 'merge_install': False, 'path': '/home/user/celluleflexible/ros_ws/src/commande_locale', 'symlink_install': False, 'test_result_base': None}
[0.128s] INFO:colcon.colcon_core.executor:Executing jobs using 'parallel' executor
[0.130s] DEBUG:colcon.colcon_parallel_executor.executor.parallel:run_until_complete
[0.131s] INFO:colcon.colcon_ros.task.ament_cmake.build:Building ROS package in '/home/user/celluleflexible/ros_ws/src/aiguillages' with build type 'ament_cmake'
[0.131s] INFO:colcon.colcon_cmake.task.cmake.build:Building CMake package in '/home/user/celluleflexible/ros_ws/src/aiguillages'
[0.134s] INFO:colcon.colcon_core.plugin_system:Skipping extension 'colcon_core.shell.bat': Not used on non-Windows systems
[0.134s] INFO:colcon.colcon_core.shell:Skip shell extension 'powershell' for command environment: Not usable outside of PowerShell
[0.134s] DEBUG:colcon.colcon_core.shell:Skip shell extension 'dsv' for command environment
[0.146s] DEBUG:colcon.colcon_core.event_handler.log_command:Invoking command in '/home/user/celluleflexible/ros_ws/build/aiguillages': CMAKE_PREFIX_PATH=${CMAKE_PREFIX_PATH}:/opt/ros/jazzy DEBUGINFOD_URLS=https://debuginfod.ubuntu.com /usr/bin/cmake --build /home/user/celluleflexible/ros_ws/build/aiguillages -- -j8 -l8
[0.464s] DEBUG:colcon.colcon_core.event_handler.log_command:Invoked command in '/home/user/celluleflexible/ros_ws/build/aiguillages' returned '0': CMAKE_PREFIX_PATH=${CMAKE_PREFIX_PATH}:/opt/ros/jazzy DEBUGINFOD_URLS=https://debuginfod.ubuntu.com /usr/bin/cmake --build /home/user/celluleflexible/ros_ws/build/aiguillages -- -j8 -l8
[0.474s] DEBUG:colcon.colcon_core.event_handler.log_command:Invoking command in '/home/user/celluleflexible/ros_ws/build/aiguillages': CMAKE_PREFIX_PATH=${CMAKE_PREFIX_PATH}:/opt/ros/jazzy DEBUGINFOD_URLS=https://debuginfod.ubuntu.com /usr/bin/cmake --install /home/user/celluleflexible/ros_ws/build/aiguillages
[0.519s] Level 1:colcon.colcon_core.environment:create_environment_scripts_only(aiguillages)
[0.520s] DEBUG:colcon.colcon_core.event_handler.log_command:Invoked command in '/home/user/celluleflexible/ros_ws/build/aiguillages' returned '0': CMAKE_PREFIX_PATH=${CMAKE_PREFIX_PATH}:/opt/ros/jazzy DEBUGINFOD_URLS=https://debuginfod.ubuntu.com /usr/bin/cmake --install /home/user/celluleflexible/ros_ws/build/aiguillages
[0.521s] Level 1:colcon.colcon_core.environment:checking '/home/user/celluleflexible/ros_ws/install/aiguillages' for CMake module files
[0.521s] Level 1:colcon.colcon_core.environment:checking '/home/user/celluleflexible/ros_ws/install/aiguillages' for CMake config files
[0.521s] Level 1:colcon.colcon_core.shell:create_environment_hook('aiguillages', 'cmake_prefix_path')
[0.522s] INFO:colcon.colcon_core.shell:Creating environment hook '/home/user/celluleflexible/ros_ws/install/aiguillages/share/aiguillages/hook/cmake_prefix_path.ps1'
[0.522s] INFO:colcon.colcon_core.shell:Creating environment descriptor '/home/user/celluleflexible/ros_ws/install/aiguillages/share/aiguillages/hook/cmake_prefix_path.dsv'
[0.522s] INFO:colcon.colcon_core.shell:Creating environment hook '/home/user/celluleflexible/ros_ws/install/aiguillages/share/aiguillages/hook/cmake_prefix_path.sh'
[0.523s] Level 1:colcon.colcon_core.environment:checking '/home/user/celluleflexible/ros_ws/install/aiguillages/lib'
[0.523s] Level 1:colcon.colcon_core.shell:create_environment_hook('aiguillages', 'ld_library_path_lib')
[0.523s] INFO:colcon.colcon_core.shell:Creating environment hook '/home/user/celluleflexible/ros_ws/install/aiguillages/share/aiguillages/hook/ld_library_path_lib.ps1'
[0.524s] INFO:colcon.colcon_core.shell:Creating environment descriptor '/home/user/celluleflexible/ros_ws/install/aiguillages/share/aiguillages/hook/ld_library_path_lib.dsv'
[0.524s] INFO:colcon.colcon_core.shell:Creating environment hook '/home/user/celluleflexible/ros_ws/install/aiguillages/share/aiguillages/hook/ld_library_path_lib.sh'
[0.524s] Level 1:colcon.colcon_core.environment:checking '/home/user/celluleflexible/ros_ws/install/aiguillages/bin'
[0.524s] Level 1:colcon.colcon_core.environment:checking '/home/user/celluleflexible/ros_ws/install/aiguillages/lib/pkgconfig/aiguillages.pc'
[0.525s] Level 1:colcon.colcon_core.environment:checking '/home/user/celluleflexible/ros_ws/install/aiguillages/lib/python3.12/site-packages'
[0.525s] Level 1:colcon.colcon_core.shell:create_environment_hook('aiguillages', 'pythonpath')
[0.525s] INFO:colcon.colcon_core.shell:Creating environment hook '/home/user/celluleflexible/ros_ws/install/aiguillages/share/aiguillages/hook/pythonpath.ps1'
[0.525s] INFO:colcon.colcon_core.shell:Creating environment descriptor '/home/user/celluleflexible/ros_ws/install/aiguillages/share/aiguillages/hook/pythonpath.dsv'
[0.525s] INFO:colcon.colcon_core.shell:Creating environment hook '/home/user/celluleflexible/ros_ws/install/aiguillages/share/aiguillages/hook/pythonpath.sh'
[0.526s] Level 1:colcon.colcon_core.environment:checking '/home/user/celluleflexible/ros_ws/install/aiguillages/bin'
[0.526s] INFO:colcon.colcon_core.shell:Creating package script '/home/user/celluleflexible/ros_ws/install/aiguillages/share/aiguillages/package.ps1'
[0.527s] INFO:colcon.colcon_core.shell:Creating package descriptor '/home/user/celluleflexible/ros_ws/install/aiguillages/share/aiguillages/package.dsv'
[0.527s] INFO:colcon.colcon_core.shell:Creating package script '/home/user/celluleflexible/ros_ws/install/aiguillages/share/aiguillages/package.sh'
[0.528s] INFO:colcon.colcon_core.shell:Creating package script '/home/user/celluleflexible/ros_ws/install/aiguillages/share/aiguillages/package.bash'
[0.528s] INFO:colcon.colcon_core.shell:Creating package script '/home/user/celluleflexible/ros_ws/install/aiguillages/share/aiguillages/package.zsh'
[0.528s] Level 1:colcon.colcon_core.environment:create_file_with_runtime_dependencies(/home/user/celluleflexible/ros_ws/install/aiguillages/share/colcon-core/packages/aiguillages)
[0.529s] Level 1:colcon.colcon_core.environment:create_environment_scripts_only(aiguillages)
[0.529s] Level 1:colcon.colcon_core.environment:checking '/home/user/celluleflexible/ros_ws/install/aiguillages' for CMake module files
[0.529s] Level 1:colcon.colcon_core.environment:checking '/home/user/celluleflexible/ros_ws/install/aiguillages' for CMake config files
[0.529s] Level 1:colcon.colcon_core.shell:create_environment_hook('aiguillages', 'cmake_prefix_path')
[0.529s] INFO:colcon.colcon_core.shell:Creating environment hook '/home/user/celluleflexible/ros_ws/install/aiguillages/share/aiguillages/hook/cmake_prefix_path.ps1'
[0.530s] INFO:colcon.colcon_core.shell:Creating environment descriptor '/home/user/celluleflexible/ros_ws/install/aiguillages/share/aiguillages/hook/cmake_prefix_path.dsv'
[0.530s] INFO:colcon.colcon_core.shell:Creating environment hook '/home/user/celluleflexible/ros_ws/install/aiguillages/share/aiguillages/hook/cmake_prefix_path.sh'
[0.531s] Level 1:colcon.colcon_core.environment:checking '/home/user/celluleflexible/ros_ws/install/aiguillages/lib'
[0.531s] Level 1:colcon.colcon_core.shell:create_environment_hook('aiguillages', 'ld_library_path_lib')
[0.531s] INFO:colcon.colcon_core.shell:Creating environment hook '/home/user/celluleflexible/ros_ws/install/aiguillages/share/aiguillages/hook/ld_library_path_lib.ps1'
[0.531s] INFO:colcon.colcon_core.shell:Creating environment descriptor '/home/user/celluleflexible/ros_ws/install/aiguillages/share/aiguillages/hook/ld_library_path_lib.dsv'
[0.532s] INFO:colcon.colcon_core.shell:Creating environment hook '/home/user/celluleflexible/ros_ws/install/aiguillages/share/aiguillages/hook/ld_library_path_lib.sh'
[0.532s] Level 1:colcon.colcon_core.environment:checking '/home/user/celluleflexible/ros_ws/install/aiguillages/bin'
[0.532s] Level 1:colcon.colcon_core.environment:checking '/home/user/celluleflexible/ros_ws/install/aiguillages/lib/pkgconfig/aiguillages.pc'
[0.533s] Level 1:colcon.colcon_core.environment:checking '/home/user/celluleflexible/ros_ws/install/aiguillages/lib/python3.12/site-packages'
[0.533s] Level 1:colcon.colcon_core.shell:create_environment_hook('aiguillages', 'pythonpath')
[0.533s] INFO:colcon.colcon_core.shell:Creating environment hook '/home/user/celluleflexible/ros_ws/install/aiguillages/share/aiguillages/hook/pythonpath.ps1'
[0.533s] INFO:colcon.colcon_core.shell:Creating environment descriptor '/home/user/celluleflexible/ros_ws/install/aiguillages/share/aiguillages/hook/pythonpath.dsv'
[0.533s] INFO:colcon.colcon_core.shell:Creating environment hook '/home/user/celluleflexible/ros_ws/install/aiguillages/share/aiguillages/hook/pythonpath.sh'
[0.535s] Level 1:colcon.colcon_core.environment:checking '/home/user/celluleflexible/ros_ws/install/aiguillages/bin'
[0.535s] INFO:colcon.colcon_core.shell:Creating package script '/home/user/celluleflexible/ros_ws/install/aiguillages/share/aiguillages/package.ps1'
[0.535s] INFO:colcon.colcon_core.shell:Creating package descriptor '/home/user/celluleflexible/ros_ws/install/aiguillages/share/aiguillages/package.dsv'
[0.536s] INFO:colcon.colcon_core.shell:Creating package script '/home/user/celluleflexible/ros_ws/install/aiguillages/share/aiguillages/package.sh'
[0.536s] INFO:colcon.colcon_core.shell:Creating package script '/home/user/celluleflexible/ros_ws/install/aiguillages/share/aiguillages/package.bash'
[0.536s] INFO:colcon.colcon_core.shell:Creating package script '/home/user/celluleflexible/ros_ws/install/aiguillages/share/aiguillages/package.zsh'
[0.538s] Level 1:colcon.colcon_core.environment:create_file_with_runtime_dependencies(/home/user/celluleflexible/ros_ws/install/aiguillages/share/colcon-core/packages/aiguillages)
[0.538s] INFO:colcon.colcon_ros.task.ament_cmake.build:Building ROS package in '/home/user/celluleflexible/ros_ws/src/commande_locale' with build type 'ament_cmake'
[0.538s] INFO:colcon.colcon_cmake.task.cmake.build:Building CMake package in '/home/user/celluleflexible/ros_ws/src/commande_locale'
[0.539s] INFO:colcon.colcon_core.shell:Skip shell extension 'powershell' for command environment: Not usable outside of PowerShell
[0.539s] DEBUG:colcon.colcon_core.shell:Skip shell extension 'dsv' for command environment
[0.557s] DEBUG:colcon.colcon_core.event_handler.log_command:Invoking command in '/home/user/celluleflexible/ros_ws/build/commande_locale': CMAKE_PREFIX_PATH=/home/user/celluleflexible/ros_ws/install/aiguillages:/home/user/celluleflexible/ros_ws/install/commande_locale:/opt/ros/jazzy/opt/gz_math_vendor:/opt/ros/jazzy/opt/gz_utils_vendor:/opt/ros/jazzy/opt/gz_cmake_vendor:/opt/ros/jazzy DEBUGINFOD_URLS=https://debuginfod.ubuntu.com LD_LIBRARY_PATH=/home/user/celluleflexible/ros_ws/install/aiguillages/lib:/home/user/celluleflexible/ros_ws/install/commande_locale/lib:/opt/ros/jazzy/opt/rviz_ogre_vendor/lib:/opt/ros/jazzy/lib/x86_64-linux-gnu:/opt/ros/jazzy/opt/gz_math_vendor/lib:/opt/ros/jazzy/opt/gz_utils_vendor/lib:/opt/ros/jazzy/opt/gz_cmake_vendor/lib:/opt/ros/jazzy/lib PYTHONPATH=/home/user/celluleflexible/ros_ws/install/aiguillages/lib/python3.12/site-packages:/home/user/celluleflexible/ros_ws/install/commande_locale/lib/python3.12/site-packages:/opt/ros/jazzy/lib/python3.12/site-packages /usr/bin/cmake --build /home/user/celluleflexible/ros_ws/build/commande_locale -- -j8 -l8
[7.869s] DEBUG:colcon.colcon_core.event_handler.log_command:Invoked command in '/home/user/celluleflexible/ros_ws/build/commande_locale' returned '0': CMAKE_PREFIX_PATH=/home/user/celluleflexible/ros_ws/install/aiguillages:/home/user/celluleflexible/ros_ws/install/commande_locale:/opt/ros/jazzy/opt/gz_math_vendor:/opt/ros/jazzy/opt/gz_utils_vendor:/opt/ros/jazzy/opt/gz_cmake_vendor:/opt/ros/jazzy DEBUGINFOD_URLS=https://debuginfod.ubuntu.com LD_LIBRARY_PATH=/home/user/celluleflexible/ros_ws/install/aiguillages/lib:/home/user/celluleflexible/ros_ws/install/commande_locale/lib:/opt/ros/jazzy/opt/rviz_ogre_vendor/lib:/opt/ros/jazzy/lib/x86_64-linux-gnu:/opt/ros/jazzy/opt/gz_math_vendor/lib:/opt/ros/jazzy/opt/gz_utils_vendor/lib:/opt/ros/jazzy/opt/gz_cmake_vendor/lib:/opt/ros/jazzy/lib PYTHONPATH=/home/user/celluleflexible/ros_ws/install/aiguillages/lib/python3.12/site-packages:/home/user/celluleflexible/ros_ws/install/commande_locale/lib/python3.12/site-packages:/opt/ros/jazzy/lib/python3.12/site-packages /usr/bin/cmake --build /home/user/celluleflexible/ros_ws/build/commande_locale -- -j8 -l8
[7.869s] DEBUG:colcon.colcon_core.event_handler.log_command:Invoking command in '/home/user/celluleflexible/ros_ws/build/commande_locale': CMAKE_PREFIX_PATH=/home/user/celluleflexible/ros_ws/install/aiguillages:/home/user/celluleflexible/ros_ws/install/commande_locale:/opt/ros/jazzy/opt/gz_math_vendor:/opt/ros/jazzy/opt/gz_utils_vendor:/opt/ros/jazzy/opt/gz_cmake_vendor:/opt/ros/jazzy DEBUGINFOD_URLS=https://debuginfod.ubuntu.com LD_LIBRARY_PATH=/home/user/celluleflexible/ros_ws/install/aiguillages/lib:/home/user/celluleflexible/ros_ws/install/commande_locale/lib:/opt/ros/jazzy/opt/rviz_ogre_vendor/lib:/opt/ros/jazzy/lib/x86_64-linux-gnu:/opt/ros/jazzy/opt/gz_math_vendor/lib:/opt/ros/jazzy/opt/gz_utils_vendor/lib:/opt/ros/jazzy/opt/gz_cmake_vendor/lib:/opt/ros/jazzy/lib PYTHONPATH=/home/user/celluleflexible/ros_ws/install/aiguillages/lib/python3.12/site-packages:/home/user/celluleflexible/ros_ws/install/commande_locale/lib/python3.12/site-packages:/opt/ros/jazzy/lib/python3.12/site-packages /usr/bin/cmake --install /home/user/celluleflexible/ros_ws/build/commande_locale
[7.936s] Level 1:colcon.colcon_core.environment:create_environment_scripts_only(commande_locale)
[7.936s] Level 1:colcon.colcon_core.environment:checking '/home/user/celluleflexible/ros_ws/install/commande_locale' for CMake module files
[7.937s] Level 1:colcon.colcon_core.environment:checking '/home/user/celluleflexible/ros_ws/install/commande_locale' for CMake config files
[7.937s] Level 1:colcon.colcon_core.shell:create_environment_hook('commande_locale', 'cmake_prefix_path')
[7.937s] INFO:colcon.colcon_core.shell:Creating environment hook '/home/user/celluleflexible/ros_ws/install/commande_locale/share/commande_locale/hook/cmake_prefix_path.ps1'
[7.938s] INFO:colcon.colcon_core.shell:Creating environment descriptor '/home/user/celluleflexible/ros_ws/install/commande_locale/share/commande_locale/hook/cmake_prefix_path.dsv'
[7.939s] DEBUG:colcon.colcon_core.event_handler.log_command:Invoked command in '/home/user/celluleflexible/ros_ws/build/commande_locale' returned '0': CMAKE_PREFIX_PATH=/home/user/celluleflexible/ros_ws/install/aiguillages:/home/user/celluleflexible/ros_ws/install/commande_locale:/opt/ros/jazzy/opt/gz_math_vendor:/opt/ros/jazzy/opt/gz_utils_vendor:/opt/ros/jazzy/opt/gz_cmake_vendor:/opt/ros/jazzy DEBUGINFOD_URLS=https://debuginfod.ubuntu.com LD_LIBRARY_PATH=/home/user/celluleflexible/ros_ws/install/aiguillages/lib:/home/user/celluleflexible/ros_ws/install/commande_locale/lib:/opt/ros/jazzy/opt/rviz_ogre_vendor/lib:/opt/ros/jazzy/lib/x86_64-linux-gnu:/opt/ros/jazzy/opt/gz_math_vendor/lib:/opt/ros/jazzy/opt/gz_utils_vendor/lib:/opt/ros/jazzy/opt/gz_cmake_vendor/lib:/opt/ros/jazzy/lib PYTHONPATH=/home/user/celluleflexible/ros_ws/install/aiguillages/lib/python3.12/site-packages:/home/user/celluleflexible/ros_ws/install/commande_locale/lib/python3.12/site-packages:/opt/ros/jazzy/lib/python3.12/site-packages /usr/bin/cmake --install /home/user/celluleflexible/ros_ws/build/commande_locale
[7.940s] INFO:colcon.colcon_core.shell:Creating environment hook '/home/user/celluleflexible/ros_ws/install/commande_locale/share/commande_locale/hook/cmake_prefix_path.sh'
[7.942s] Level 1:colcon.colcon_core.environment:checking '/home/user/celluleflexible/ros_ws/install/commande_locale/lib'
[7.942s] Level 1:colcon.colcon_core.shell:create_environment_hook('commande_locale', 'ld_library_path_lib')
[7.942s] INFO:colcon.colcon_core.shell:Creating environment hook '/home/user/celluleflexible/ros_ws/install/commande_locale/share/commande_locale/hook/ld_library_path_lib.ps1'
[7.942s] INFO:colcon.colcon_core.shell:Creating environment descriptor '/home/user/celluleflexible/ros_ws/install/commande_locale/share/commande_locale/hook/ld_library_path_lib.dsv'
[7.945s] INFO:colcon.colcon_core.shell:Creating environment hook '/home/user/celluleflexible/ros_ws/install/commande_locale/share/commande_locale/hook/ld_library_path_lib.sh'
[7.946s] Level 1:colcon.colcon_core.environment:checking '/home/user/celluleflexible/ros_ws/install/commande_locale/bin'
[7.947s] Level 1:colcon.colcon_core.environment:checking '/home/user/celluleflexible/ros_ws/install/commande_locale/lib/pkgconfig/commande_locale.pc'
[7.947s] Level 1:colcon.colcon_core.environment:checking '/home/user/celluleflexible/ros_ws/install/commande_locale/lib/python3.12/site-packages'
[7.948s] Level 1:colcon.colcon_core.shell:create_environment_hook('commande_locale', 'pythonpath')
[7.948s] INFO:colcon.colcon_core.shell:Creating environment hook '/home/user/celluleflexible/ros_ws/install/commande_locale/share/commande_locale/hook/pythonpath.ps1'
[7.949s] INFO:colcon.colcon_core.shell:Creating environment descriptor '/home/user/celluleflexible/ros_ws/install/commande_locale/share/commande_locale/hook/pythonpath.dsv'
[7.949s] INFO:colcon.colcon_core.shell:Creating environment hook '/home/user/celluleflexible/ros_ws/install/commande_locale/share/commande_locale/hook/pythonpath.sh'
[7.950s] Level 1:colcon.colcon_core.environment:checking '/home/user/celluleflexible/ros_ws/install/commande_locale/bin'
[7.950s] INFO:colcon.colcon_core.shell:Creating package script '/home/user/celluleflexible/ros_ws/install/commande_locale/share/commande_locale/package.ps1'
[7.950s] INFO:colcon.colcon_core.shell:Creating package descriptor '/home/user/celluleflexible/ros_ws/install/commande_locale/share/commande_locale/package.dsv'
[7.951s] INFO:colcon.colcon_core.shell:Creating package script '/home/user/celluleflexible/ros_ws/install/commande_locale/share/commande_locale/package.sh'
[7.952s] INFO:colcon.colcon_core.shell:Creating package script '/home/user/celluleflexible/ros_ws/install/commande_locale/share/commande_locale/package.bash'
[7.953s] INFO:colcon.colcon_core.shell:Creating package script '/home/user/celluleflexible/ros_ws/install/commande_locale/share/commande_locale/package.zsh'
[7.953s] Level 1:colcon.colcon_core.environment:create_file_with_runtime_dependencies(/home/user/celluleflexible/ros_ws/install/commande_locale/share/colcon-core/packages/commande_locale)
[7.954s] Level 1:colcon.colcon_core.environment:create_environment_scripts_only(commande_locale)
[7.954s] Level 1:colcon.colcon_core.environment:checking '/home/user/celluleflexible/ros_ws/install/commande_locale' for CMake module files
[7.954s] Level 1:colcon.colcon_core.environment:checking '/home/user/celluleflexible/ros_ws/install/commande_locale' for CMake config files
[7.954s] Level 1:colcon.colcon_core.shell:create_environment_hook('commande_locale', 'cmake_prefix_path')
[7.954s] INFO:colcon.colcon_core.shell:Creating environment hook '/home/user/celluleflexible/ros_ws/install/commande_locale/share/commande_locale/hook/cmake_prefix_path.ps1'
[7.955s] INFO:colcon.colcon_core.shell:Creating environment descriptor '/home/user/celluleflexible/ros_ws/install/commande_locale/share/commande_locale/hook/cmake_prefix_path.dsv'
[7.955s] INFO:colcon.colcon_core.shell:Creating environment hook '/home/user/celluleflexible/ros_ws/install/commande_locale/share/commande_locale/hook/cmake_prefix_path.sh'
[7.956s] Level 1:colcon.colcon_core.environment:checking '/home/user/celluleflexible/ros_ws/install/commande_locale/lib'
[7.956s] Level 1:colcon.colcon_core.shell:create_environment_hook('commande_locale', 'ld_library_path_lib')
[7.956s] INFO:colcon.colcon_core.shell:Creating environment hook '/home/user/celluleflexible/ros_ws/install/commande_locale/share/commande_locale/hook/ld_library_path_lib.ps1'
[7.956s] INFO:colcon.colcon_core.shell:Creating environment descriptor '/home/user/celluleflexible/ros_ws/install/commande_locale/share/commande_locale/hook/ld_library_path_lib.dsv'
[7.957s] INFO:colcon.colcon_core.shell:Creating environment hook '/home/user/celluleflexible/ros_ws/install/commande_locale/share/commande_locale/hook/ld_library_path_lib.sh'
[7.957s] Level 1:colcon.colcon_core.environment:checking '/home/user/celluleflexible/ros_ws/install/commande_locale/bin'
[7.957s] Level 1:colcon.colcon_core.environment:checking '/home/user/celluleflexible/ros_ws/install/commande_locale/lib/pkgconfig/commande_locale.pc'
[7.957s] Level 1:colcon.colcon_core.environment:checking '/home/user/celluleflexible/ros_ws/install/commande_locale/lib/python3.12/site-packages'
[7.957s] Level 1:colcon.colcon_core.shell:create_environment_hook('commande_locale', 'pythonpath')
[7.957s] INFO:colcon.colcon_core.shell:Creating environment hook '/home/user/celluleflexible/ros_ws/install/commande_locale/share/commande_locale/hook/pythonpath.ps1'
[7.958s] INFO:colcon.colcon_core.shell:Creating environment descriptor '/home/user/celluleflexible/ros_ws/install/commande_locale/share/commande_locale/hook/pythonpath.dsv'
[7.958s] INFO:colcon.colcon_core.shell:Creating environment hook '/home/user/celluleflexible/ros_ws/install/commande_locale/share/commande_locale/hook/pythonpath.sh'
[7.959s] Level 1:colcon.colcon_core.environment:checking '/home/user/celluleflexible/ros_ws/install/commande_locale/bin'
[7.959s] INFO:colcon.colcon_core.shell:Creating package script '/home/user/celluleflexible/ros_ws/install/commande_locale/share/commande_locale/package.ps1'
[7.959s] INFO:colcon.colcon_core.shell:Creating package descriptor '/home/user/celluleflexible/ros_ws/install/commande_locale/share/commande_locale/package.dsv'
[7.959s] INFO:colcon.colcon_core.shell:Creating package script '/home/user/celluleflexible/ros_ws/install/commande_locale/share/commande_locale/package.sh'
[7.960s] INFO:colcon.colcon_core.shell:Creating package script '/home/user/celluleflexible/ros_ws/install/commande_locale/share/commande_locale/package.bash'
[7.960s] INFO:colcon.colcon_core.shell:Creating package script '/home/user/celluleflexible/ros_ws/install/commande_locale/share/commande_locale/package.zsh'
[7.961s] Level 1:colcon.colcon_core.environment:create_file_with_runtime_dependencies(/home/user/celluleflexible/ros_ws/install/commande_locale/share/colcon-core/packages/commande_locale)
[7.961s] DEBUG:colcon.colcon_parallel_executor.executor.parallel:closing loop
[7.962s] DEBUG:colcon.colcon_parallel_executor.executor.parallel:loop closed
[7.962s] DEBUG:colcon.colcon_parallel_executor.executor.parallel:run_until_complete finished with '0'
[7.962s] DEBUG:colcon.colcon_core.event_reactor:joining thread
[7.967s] INFO:colcon.colcon_core.plugin_system:Skipping extension 'colcon_notification.desktop_notification.terminal_notifier': Not used on non-Darwin systems
[7.967s] INFO:colcon.colcon_core.plugin_system:Skipping extension 'colcon_notification.desktop_notification.win32': Not used on non-Windows systems
[7.967s] INFO:colcon.colcon_notification.desktop_notification:Sending desktop notification using 'notify2'
[7.988s] DEBUG:colcon.colcon_core.event_reactor:joined thread
[7.988s] INFO:colcon.colcon_core.shell:Creating prefix script '/home/user/celluleflexible/ros_ws/install/local_setup.ps1'
[7.989s] INFO:colcon.colcon_core.shell:Creating prefix util module '/home/user/celluleflexible/ros_ws/install/_local_setup_util_ps1.py'
[7.990s] INFO:colcon.colcon_core.shell:Creating prefix chain script '/home/user/celluleflexible/ros_ws/install/setup.ps1'
[7.991s] INFO:colcon.colcon_core.shell:Creating prefix script '/home/user/celluleflexible/ros_ws/install/local_setup.sh'
[7.992s] INFO:colcon.colcon_core.shell:Creating prefix util module '/home/user/celluleflexible/ros_ws/install/_local_setup_util_sh.py'
[7.992s] INFO:colcon.colcon_core.shell:Creating prefix chain script '/home/user/celluleflexible/ros_ws/install/setup.sh'
[7.993s] INFO:colcon.colcon_core.shell:Creating prefix script '/home/user/celluleflexible/ros_ws/install/local_setup.bash'
[7.994s] INFO:colcon.colcon_core.shell:Creating prefix chain script '/home/user/celluleflexible/ros_ws/install/setup.bash'
[7.994s] INFO:colcon.colcon_core.shell:Creating prefix script '/home/user/celluleflexible/ros_ws/install/local_setup.zsh'
[7.995s] INFO:colcon.colcon_core.shell:Creating prefix chain script '/home/user/celluleflexible/ros_ws/install/setup.zsh'
