[  1%] Built target robots__rosidl_generator_type_description
[  1%] Built target ament_cmake_python_copy_robots
[ 20%] Built target robots__rosidl_generator_c
[ 22%] Built target robots__cpp
[ 31%] Built target robots__rosidl_typesupport_fastrtps_c
[ 39%] Built target robots__rosidl_typesupport_introspection_c
[ 48%] Built target robots__rosidl_typesupport_c
[ 56%] Built target robots__rosidl_typesupport_fastrtps_cpp
[ 65%] Built target robots__rosidl_typesupport_introspection_cpp
[ 74%] Built target robots__rosidl_typesupport_cpp
[ 74%] Built target robots
[ 75%] Built target robots__py
[ 77%] [32mBuilding CXX object CMakeFiles/robot.dir/src/Robot.cpp.o[0m
[ 84%] Built target robots__rosidl_generator_py
running egg_info
[ 94%] Built target robots_s__rosidl_typesupport_introspection_c
[ 94%] Built target robots_s__rosidl_typesupport_fastrtps_c
[ 94%] Built target robots_s__rosidl_typesupport_c
writing robots.egg-info/PKG-INFO
writing dependency_links to robots.egg-info/dependency_links.txt
writing top-level names to robots.egg-info/top_level.txt
reading manifest file 'robots.egg-info/SOURCES.txt'
writing manifest file 'robots.egg-info/SOURCES.txt'
[ 94%] Built target ament_cmake_python_build_robots_egg
