[0.047s] Invoking command in '/home/user/Desktop/New_2/CoppeliaSim/build/ros_bubble_rob': DEBUGINFOD_URLS=https://debuginfod.ubuntu.com /usr/bin/cmake /home/user/Desktop/New_2/CoppeliaSim/programming/ros_packages/ros_bubble_rob -DCATKIN_INSTALL_INTO_PREFIX_ROOT=0 -DCMAKE_INSTALL_PREFIX=/home/user/Desktop/New_2/CoppeliaSim/install/ros_bubble_rob
[0.109s] [0mCMake Deprecation Warning at CMakeLists.txt:1 (cmake_minimum_required):
[0.109s]   Compatibility with CMake < 3.5 will be removed from a future version of
[0.109s]   CMake.
[0.109s] 
[0.126s]   Update the VERSION argument <min> value or use a ...<max> suffix to tell
[0.127s]   CMake that the project does not need compatibility with older versions.
[0.127s] 
[0.127s] [0m
[0.316s] -- The C compiler identification is GNU 13.3.0
[0.440s] -- The CXX compiler identification is GNU 13.3.0
[0.486s] -- Detecting C compiler ABI info
[0.779s] -- Detecting C compiler ABI info - done
[0.792s] -- Check for working C compiler: /usr/bin/cc - skipped
[0.793s] -- Detecting C compile features
[0.796s] -- Detecting C compile features - done
[0.861s] -- Detecting CXX compiler ABI info
[1.169s] -- Detecting CXX compiler ABI info - done
[1.186s] -- Check for working CXX compiler: /usr/bin/c++ - skipped
[1.193s] -- Detecting CXX compile features
[1.193s] -- Detecting CXX compile features - done
[1.205s] [31mCMake Error at CMakeLists.txt:4 (find_package):
[1.206s]   By not providing "Findcatkin.cmake" in CMAKE_MODULE_PATH this project has
[1.206s]   asked CMake to find a package configuration file provided by "catkin", but
[1.206s]   CMake did not find one.
[1.206s] 
[1.206s]   Could not find a package configuration file provided by "catkin" with any
[1.206s]   of the following names:
[1.206s] 
[1.206s]     catkinConfig.cmake
[1.206s]     catkin-config.cmake
[1.206s] 
[1.206s]   Add the installation prefix of "catkin" to CMAKE_PREFIX_PATH or set
[1.206s]   "catkin_DIR" to a directory containing one of the above files.  If "catkin"
[1.206s]   provides a separate development package or SDK, be sure it has been
[1.206s]   installed.
[1.206s] 
[1.207s] [0m
[1.211s] -- Configuring incomplete, errors occurred!
[1.224s] Invoked command in '/home/user/Desktop/New_2/CoppeliaSim/build/ros_bubble_rob' returned '1': DEBUGINFOD_URLS=https://debuginfod.ubuntu.com /usr/bin/cmake /home/user/Desktop/New_2/CoppeliaSim/programming/ros_packages/ros_bubble_rob -DCATKIN_INSTALL_INTO_PREFIX_ROOT=0 -DCMAKE_INSTALL_PREFIX=/home/user/Desktop/New_2/CoppeliaSim/install/ros_bubble_rob
