[0.009s] Invoking command in '/home/user/celluleflexible/ros_ws/build/aiguillages': CMAKE_PREFIX_PATH=${CMAKE_PREFIX_PATH}:/opt/ros/jazzy DEBUGINFOD_URLS=https://debuginfod.ubuntu.com /usr/bin/cmake /home/user/celluleflexible/ros_ws/src/aiguillages -DCMAKE_INSTALL_PREFIX=/home/user/celluleflexible/ros_ws/install/aiguillages
[0.071s] -- The C compiler identification is GNU 13.3.0
[0.118s] -- The CXX compiler identification is GNU 13.3.0
[0.136s] -- Detecting C compiler ABI info
[0.223s] -- Detecting C compiler ABI info - done
[0.228s] -- Check for working C compiler: /usr/bin/cc - skipped
[0.228s] -- Detecting C compile features
[0.228s] -- Detecting C compile features - done
[0.238s] -- Detecting CXX compiler ABI info
[0.325s] -- Detecting CXX compiler ABI info - done
[0.331s] -- Check for working CXX compiler: /usr/bin/c++ - skipped
[0.331s] -- Detecting CXX compile features
[0.331s] -- Detecting CXX compile features - done
[0.332s] -- Found ament_cmake: 2.5.5 (/opt/ros/jazzy/share/ament_cmake/cmake)
[0.433s] -- Found Python3: /usr/bin/python3 (found version "3.12.3") found components: Interpreter 
[0.495s] -- Found rclcpp: 28.1.16 (/opt/ros/jazzy/share/rclcpp/cmake)
[0.518s] -- Found rosidl_generator_c: 4.6.7 (/opt/ros/jazzy/share/rosidl_generator_c/cmake)
[0.525s] -- Found rosidl_generator_cpp: 4.6.7 (/opt/ros/jazzy/share/rosidl_generator_cpp/cmake)
[0.533s] -- Using all available rosidl_typesupport_c: rosidl_typesupport_fastrtps_c;rosidl_typesupport_introspection_c
[0.542s] -- Using all available rosidl_typesupport_cpp: rosidl_typesupport_fastrtps_cpp;rosidl_typesupport_introspection_cpp
[0.585s] -- Found rmw_implementation_cmake: 7.3.3 (/opt/ros/jazzy/share/rmw_implementation_cmake/cmake)
[0.586s] -- Found rmw_fastrtps_cpp: 8.4.3 (/opt/ros/jazzy/share/rmw_fastrtps_cpp/cmake)
[0.656s] -- Found OpenSSL: /usr/lib/x86_64-linux-gnu/libcrypto.so (found version "3.0.13")  
[0.671s] -- Found FastRTPS: /opt/ros/jazzy/include (Required is at least version "2.13") 
[0.688s] -- Using RMW implementation 'rmw_fastrtps_cpp' as default
[0.734s] -- Found std_msgs: 5.3.6 (/opt/ros/jazzy/share/std_msgs/cmake)
[0.740s] -- Found rosidl_default_generators: 1.6.0 (/opt/ros/jazzy/share/rosidl_default_generators/cmake)
[0.746s] -- Found rosidl_adapter: 4.6.7 (/opt/ros/jazzy/share/rosidl_adapter/cmake)
[0.753s] -- Found OpenCV: /usr (found version "4.6.0") 
[1.168s] -- Found ament_cmake_ros: 0.12.0 (/opt/ros/jazzy/share/ament_cmake_ros/cmake)
[1.704s] -- Using all available rosidl_typesupport_c: rosidl_typesupport_fastrtps_c;rosidl_typesupport_introspection_c
[1.898s] -- Using all available rosidl_typesupport_cpp: rosidl_typesupport_fastrtps_cpp;rosidl_typesupport_introspection_cpp
[1.899s] -- Found python_cmake_module: 0.11.1 (/opt/ros/jazzy/share/python_cmake_module/cmake)
[1.995s] -- Found PythonExtra: /usr/bin/python3  
[2.281s] -- Found Python3: /usr/bin/python3 (found version "3.12.3") found components: Interpreter Development NumPy Development.Module Development.Embed 
[2.315s] -- Configuring done (2.3s)
[2.343s] -- Generating done (0.0s)
[2.349s] -- Build files have been written to: /home/user/celluleflexible/ros_ws/build/aiguillages
[2.361s] Invoked command in '/home/user/celluleflexible/ros_ws/build/aiguillages' returned '0': CMAKE_PREFIX_PATH=${CMAKE_PREFIX_PATH}:/opt/ros/jazzy DEBUGINFOD_URLS=https://debuginfod.ubuntu.com /usr/bin/cmake /home/user/celluleflexible/ros_ws/src/aiguillages -DCMAKE_INSTALL_PREFIX=/home/user/celluleflexible/ros_ws/install/aiguillages
[2.362s] Invoking command in '/home/user/celluleflexible/ros_ws/build/aiguillages': CMAKE_PREFIX_PATH=${CMAKE_PREFIX_PATH}:/opt/ros/jazzy DEBUGINFOD_URLS=https://debuginfod.ubuntu.com /usr/bin/cmake --build /home/user/celluleflexible/ros_ws/build/aiguillages -- -j8 -l8
[2.412s] [  1%] [34m[1mGenerating type hashes for ROS interfaces[0m
[2.420s] [  1%] Built target ament_cmake_python_copy_aiguillages
[2.553s] running egg_info
[2.554s] creating aiguillages.egg-info
[2.564s] writing aiguillages.egg-info/PKG-INFO
[2.564s] writing dependency_links to aiguillages.egg-info/dependency_links.txt
[2.564s] writing top-level names to aiguillages.egg-info/top_level.txt
[2.564s] writing manifest file 'aiguillages.egg-info/SOURCES.txt'
[2.585s] [  1%] Built target aiguillages__rosidl_generator_type_description
[2.597s] reading manifest file 'aiguillages.egg-info/SOURCES.txt'
[2.597s] [  2%] [34m[1mGenerating C code for ROS interfaces[0m
[2.598s] writing manifest file 'aiguillages.egg-info/SOURCES.txt'
[2.611s] [  4%] [34m[1mGenerating C++ code for ROS interfaces[0m
[2.645s] [  4%] Built target ament_cmake_python_build_aiguillages_egg
[2.860s] [  4%] Built target aiguillages__cpp
[2.898s] [  5%] [32mBuilding C object CMakeFiles/aiguillages__rosidl_generator_c.dir/rosidl_generator_c/aiguillages/msg/detail/capteurs__description.c.o[0m
[2.905s] [  7%] [32mBuilding C object CMakeFiles/aiguillages__rosidl_generator_c.dir/rosidl_generator_c/aiguillages/msg/detail/capteurs__functions.c.o[0m
[2.905s] [  8%] [32mBuilding C object CMakeFiles/aiguillages__rosidl_generator_c.dir/rosidl_generator_c/aiguillages/msg/detail/capteurs__type_support.c.o[0m
[2.905s] [ 10%] [32mBuilding C object CMakeFiles/aiguillages__rosidl_generator_c.dir/rosidl_generator_c/aiguillages/msg/detail/actionneurs__functions.c.o[0m
[2.905s] [ 13%] [32mBuilding C object CMakeFiles/aiguillages__rosidl_generator_c.dir/rosidl_generator_c/aiguillages/msg/detail/actionneurs__type_support.c.o[0m
[2.905s] [ 13%] [32mBuilding C object CMakeFiles/aiguillages__rosidl_generator_c.dir/rosidl_generator_c/aiguillages/msg/detail/actionneurs__description.c.o[0m
[2.907s] [ 14%] [32mBuilding C object CMakeFiles/aiguillages__rosidl_generator_c.dir/rosidl_generator_c/aiguillages/msg/detail/exchange_sh__description.c.o[0m
[2.930s] [ 16%] [32mBuilding C object CMakeFiles/aiguillages__rosidl_generator_c.dir/rosidl_generator_c/aiguillages/msg/detail/exchange_sh__functions.c.o[0m
[2.963s] [ 17%] [32mBuilding C object CMakeFiles/aiguillages__rosidl_generator_c.dir/rosidl_generator_c/aiguillages/msg/detail/exchange_sh__type_support.c.o[0m
[2.963s] [ 19%] [32mBuilding C object CMakeFiles/aiguillages__rosidl_generator_c.dir/rosidl_generator_c/aiguillages/msg/detail/msg_sensor_state__description.c.o[0m
[2.966s] [ 20%] [32mBuilding C object CMakeFiles/aiguillages__rosidl_generator_c.dir/rosidl_generator_c/aiguillages/msg/detail/msg_sensor_state__functions.c.o[0m
[2.966s] [ 22%] [32mBuilding C object CMakeFiles/aiguillages__rosidl_generator_c.dir/rosidl_generator_c/aiguillages/msg/detail/msg_sensor_state__type_support.c.o[0m
[3.009s] [ 23%] [32m[1mLinking C shared library libaiguillages__rosidl_generator_c.so[0m
[3.047s] [ 23%] Built target aiguillages__rosidl_generator_c
[3.068s] [ 26%] [34m[1mGenerating C type support for eProsima Fast-RTPS[0m
[3.068s] [ 28%] [34m[1mGenerating C++ type support dispatch for ROS interfaces[0m
[3.068s] [ 26%] [34m[1mGenerating C++ type support for eProsima Fast-RTPS[0m
[3.068s] [ 29%] [34m[1mGenerating C introspection for ROS interfaces[0m
[3.068s] [ 31%] [34m[1mGenerating C++ introspection for ROS interfaces[0m
[3.073s] [ 32%] [34m[1mGenerating C type support dispatch for ROS interfaces[0m
[3.308s] [ 34%] [32mBuilding CXX object CMakeFiles/aiguillages__rosidl_typesupport_cpp.dir/rosidl_typesupport_cpp/aiguillages/msg/capteurs__type_support.cpp.o[0m
[3.309s] [ 37%] [32mBuilding CXX object CMakeFiles/aiguillages__rosidl_typesupport_cpp.dir/rosidl_typesupport_cpp/aiguillages/msg/exchange_sh__type_support.cpp.o[0m
[3.310s] [ 37%] [32mBuilding CXX object CMakeFiles/aiguillages__rosidl_typesupport_cpp.dir/rosidl_typesupport_cpp/aiguillages/msg/actionneurs__type_support.cpp.o[0m
[3.346s] [ 38%] [32mBuilding CXX object CMakeFiles/aiguillages__rosidl_typesupport_c.dir/rosidl_typesupport_c/aiguillages/msg/capteurs__type_support.cpp.o[0m
[3.380s] [ 40%] [32mBuilding CXX object CMakeFiles/aiguillages__rosidl_typesupport_c.dir/rosidl_typesupport_c/aiguillages/msg/actionneurs__type_support.cpp.o[0m
[3.470s] [ 41%] [32mBuilding C object CMakeFiles/aiguillages__rosidl_typesupport_introspection_c.dir/rosidl_typesupport_introspection_c/aiguillages/msg/detail/capteurs__type_support.c.o[0m
[3.486s] [ 43%] [32mBuilding CXX object CMakeFiles/aiguillages__rosidl_typesupport_introspection_cpp.dir/rosidl_typesupport_introspection_cpp/aiguillages/msg/detail/capteurs__type_support.cpp.o[0m
[3.490s] [ 44%] [32mBuilding CXX object CMakeFiles/aiguillages__rosidl_typesupport_c.dir/rosidl_typesupport_c/aiguillages/msg/exchange_sh__type_support.cpp.o[0m
[3.502s] [ 46%] [32mBuilding CXX object CMakeFiles/aiguillages__rosidl_typesupport_fastrtps_cpp.dir/rosidl_typesupport_fastrtps_cpp/aiguillages/msg/detail/dds_fastrtps/capteurs__type_support.cpp.o[0m
[3.514s] [ 47%] [32mBuilding CXX object CMakeFiles/aiguillages__rosidl_typesupport_fastrtps_c.dir/rosidl_typesupport_fastrtps_c/aiguillages/msg/detail/capteurs__type_support_c.cpp.o[0m
[3.515s] [ 49%] [32mBuilding C object CMakeFiles/aiguillages__rosidl_typesupport_introspection_c.dir/rosidl_typesupport_introspection_c/aiguillages/msg/detail/actionneurs__type_support.c.o[0m
[3.515s] [ 50%] [32mBuilding CXX object CMakeFiles/aiguillages__rosidl_typesupport_c.dir/rosidl_typesupport_c/aiguillages/msg/msg_sensor_state__type_support.cpp.o[0m
[3.551s] [ 52%] [32mBuilding C object CMakeFiles/aiguillages__rosidl_typesupport_introspection_c.dir/rosidl_typesupport_introspection_c/aiguillages/msg/detail/exchange_sh__type_support.c.o[0m
[3.553s] [ 53%] [32m[1mLinking CXX shared library libaiguillages__rosidl_typesupport_c.so[0m
[3.634s] [ 56%] [32mBuilding CXX object CMakeFiles/aiguillages__rosidl_typesupport_fastrtps_c.dir/rosidl_typesupport_fastrtps_c/aiguillages/msg/detail/actionneurs__type_support_c.cpp.o[0m
[3.634s] [ 56%] [32mBuilding C object CMakeFiles/aiguillages__rosidl_typesupport_introspection_c.dir/rosidl_typesupport_introspection_c/aiguillages/msg/detail/msg_sensor_state__type_support.c.o[0m
[3.637s] [ 58%] [32mBuilding CXX object CMakeFiles/aiguillages__rosidl_typesupport_introspection_cpp.dir/rosidl_typesupport_introspection_cpp/aiguillages/msg/detail/actionneurs__type_support.cpp.o[0m
[3.642s] [ 59%] [32mBuilding CXX object CMakeFiles/aiguillages__rosidl_typesupport_cpp.dir/rosidl_typesupport_cpp/aiguillages/msg/msg_sensor_state__type_support.cpp.o[0m
[3.644s] [ 59%] Built target aiguillages__rosidl_typesupport_c
[3.651s] [ 61%] [32mBuilding CXX object CMakeFiles/aiguillages__rosidl_typesupport_introspection_cpp.dir/rosidl_typesupport_introspection_cpp/aiguillages/msg/detail/exchange_sh__type_support.cpp.o[0m
[3.665s] [ 62%] [32m[1mLinking C shared library libaiguillages__rosidl_typesupport_introspection_c.so[0m
[3.707s] [ 64%] [32mBuilding CXX object CMakeFiles/aiguillages__rosidl_typesupport_introspection_cpp.dir/rosidl_typesupport_introspection_cpp/aiguillages/msg/detail/msg_sensor_state__type_support.cpp.o[0m
[3.808s] [ 64%] Built target aiguillages__rosidl_typesupport_introspection_c
[3.836s] [ 65%] [32mBuilding CXX object CMakeFiles/aiguillages__rosidl_typesupport_fastrtps_c.dir/rosidl_typesupport_fastrtps_c/aiguillages/msg/detail/exchange_sh__type_support_c.cpp.o[0m
[3.923s] [ 67%] [32mBuilding CXX object CMakeFiles/aiguillages__rosidl_typesupport_fastrtps_cpp.dir/rosidl_typesupport_fastrtps_cpp/aiguillages/msg/detail/dds_fastrtps/actionneurs__type_support.cpp.o[0m
[3.929s] [ 68%] [32m[1mLinking CXX shared library libaiguillages__rosidl_typesupport_cpp.so[0m
[3.938s] [ 70%] [32mBuilding CXX object CMakeFiles/aiguillages__rosidl_typesupport_fastrtps_cpp.dir/rosidl_typesupport_fastrtps_cpp/aiguillages/msg/detail/dds_fastrtps/exchange_sh__type_support.cpp.o[0m
[3.949s] [ 71%] [32mBuilding CXX object CMakeFiles/aiguillages__rosidl_typesupport_fastrtps_c.dir/rosidl_typesupport_fastrtps_c/aiguillages/msg/detail/msg_sensor_state__type_support_c.cpp.o[0m
[4.009s] [ 73%] [32mBuilding CXX object CMakeFiles/aiguillages__rosidl_typesupport_fastrtps_cpp.dir/rosidl_typesupport_fastrtps_cpp/aiguillages/msg/detail/dds_fastrtps/msg_sensor_state__type_support.cpp.o[0m
[4.032s] [ 73%] Built target aiguillages__rosidl_typesupport_cpp
[4.085s] [ 74%] [32mBuilding CXX object CMakeFiles/run_Aiguillage.dir/src/main_aiguillage.cpp.o[0m
[4.089s] [ 76%] [32mBuilding CXX object CMakeFiles/run_Aiguillage.dir/src/Aiguillage.cpp.o[0m
[4.112s] [ 77%] [32m[1mLinking CXX shared library libaiguillages__rosidl_typesupport_introspection_cpp.so[0m
[4.362s] [ 79%] [32m[1mLinking CXX shared library libaiguillages__rosidl_typesupport_fastrtps_c.so[0m
[4.391s] [ 80%] [32m[1mLinking CXX shared library libaiguillages__rosidl_typesupport_fastrtps_cpp.so[0m
[4.412s] [ 80%] Built target aiguillages__rosidl_typesupport_introspection_cpp
[4.420s] [ 80%] Built target aiguillages__rosidl_typesupport_fastrtps_c
[4.460s] [ 80%] Built target aiguillages__rosidl_typesupport_fastrtps_cpp
[4.482s] [ 80%] Built target aiguillages
[4.505s] [ 82%] [34m[1mGenerating Python code for ROS interfaces[0m
[4.845s] [ 82%] Built target aiguillages__py
[4.870s] [ 88%] [32mBuilding C object CMakeFiles/aiguillages__rosidl_generator_py.dir/rosidl_generator_py/aiguillages/msg/_msg_sensor_state_s.c.o[0m
[4.870s] [ 88%] [32mBuilding C object CMakeFiles/aiguillages__rosidl_generator_py.dir/rosidl_generator_py/aiguillages/msg/_exchange_sh_s.c.o[0m
[4.871s] [ 88%] [32mBuilding C object CMakeFiles/aiguillages__rosidl_generator_py.dir/rosidl_generator_py/aiguillages/msg/_actionneurs_s.c.o[0m
[4.871s] [ 88%] [32mBuilding C object CMakeFiles/aiguillages__rosidl_generator_py.dir/rosidl_generator_py/aiguillages/msg/_capteurs_s.c.o[0m
[4.992s] [ 89%] [32m[1mLinking C shared library libaiguillages__rosidl_generator_py.so[0m
[5.034s] [ 89%] Built target aiguillages__rosidl_generator_py
[5.060s] [ 91%] [32mBuilding C object CMakeFiles/aiguillages_s__rosidl_typesupport_c.dir/rosidl_generator_py/aiguillages/_aiguillages_s.ep.rosidl_typesupport_c.c.o[0m
[5.061s] [ 92%] [32mBuilding C object CMakeFiles/aiguillages_s__rosidl_typesupport_introspection_c.dir/rosidl_generator_py/aiguillages/_aiguillages_s.ep.rosidl_typesupport_introspection_c.c.o[0m
[5.061s] [ 94%] [32mBuilding C object CMakeFiles/aiguillages_s__rosidl_typesupport_fastrtps_c.dir/rosidl_generator_py/aiguillages/_aiguillages_s.ep.rosidl_typesupport_fastrtps_c.c.o[0m
[5.155s] [ 95%] [32m[1mLinking C shared module rosidl_generator_py/aiguillages/aiguillages_s__rosidl_typesupport_fastrtps_c.so[0m
[5.163s] [ 97%] [32m[1mLinking C shared module rosidl_generator_py/aiguillages/aiguillages_s__rosidl_typesupport_introspection_c.so[0m
[5.163s] [ 98%] [32m[1mLinking C shared module rosidl_generator_py/aiguillages/aiguillages_s__rosidl_typesupport_c.so[0m
[5.193s] [ 98%] Built target aiguillages_s__rosidl_typesupport_fastrtps_c
[5.194s] [ 98%] Built target aiguillages_s__rosidl_typesupport_c
[5.194s] [ 98%] Built target aiguillages_s__rosidl_typesupport_introspection_c
[10.021s] [100%] [32m[1mLinking CXX executable run_Aiguillage[0m
[10.263s] [100%] Built target run_Aiguillage
[10.277s] Invoked command in '/home/user/celluleflexible/ros_ws/build/aiguillages' returned '0': CMAKE_PREFIX_PATH=${CMAKE_PREFIX_PATH}:/opt/ros/jazzy DEBUGINFOD_URLS=https://debuginfod.ubuntu.com /usr/bin/cmake --build /home/user/celluleflexible/ros_ws/build/aiguillages -- -j8 -l8
[10.296s] Invoking command in '/home/user/celluleflexible/ros_ws/build/aiguillages': CMAKE_PREFIX_PATH=${CMAKE_PREFIX_PATH}:/opt/ros/jazzy DEBUGINFOD_URLS=https://debuginfod.ubuntu.com /usr/bin/cmake --install /home/user/celluleflexible/ros_ws/build/aiguillages
[10.302s] -- Install configuration: ""
[10.302s] -- Installing: /home/user/celluleflexible/ros_ws/install/aiguillages/share/ament_index/resource_index/rosidl_interfaces/aiguillages
[10.302s] -- Installing: /home/user/celluleflexible/ros_ws/install/aiguillages/share/aiguillages/msg/Capteurs.json
[10.303s] -- Installing: /home/user/celluleflexible/ros_ws/install/aiguillages/share/aiguillages/msg/Actionneurs.json
[10.303s] -- Installing: /home/user/celluleflexible/ros_ws/install/aiguillages/share/aiguillages/msg/ExchangeSh.json
[10.303s] -- Installing: /home/user/celluleflexible/ros_ws/install/aiguillages/share/aiguillages/msg/MsgSensorState.json
[10.303s] -- Installing: /home/user/celluleflexible/ros_ws/install/aiguillages/include/aiguillages/aiguillages
[10.303s] -- Installing: /home/user/celluleflexible/ros_ws/install/aiguillages/include/aiguillages/aiguillages/msg
[10.303s] -- Installing: /home/user/celluleflexible/ros_ws/install/aiguillages/include/aiguillages/aiguillages/msg/exchange_sh.h
[10.303s] -- Installing: /home/user/celluleflexible/ros_ws/install/aiguillages/include/aiguillages/aiguillages/msg/rosidl_generator_c__visibility_control.h
[10.303s] -- Installing: /home/user/celluleflexible/ros_ws/install/aiguillages/include/aiguillages/aiguillages/msg/capteurs.h
[10.303s] -- Installing: /home/user/celluleflexible/ros_ws/install/aiguillages/include/aiguillages/aiguillages/msg/msg_sensor_state.h
[10.303s] -- Installing: /home/user/celluleflexible/ros_ws/install/aiguillages/include/aiguillages/aiguillages/msg/actionneurs.h
[10.303s] -- Installing: /home/user/celluleflexible/ros_ws/install/aiguillages/include/aiguillages/aiguillages/msg/detail
[10.303s] -- Installing: /home/user/celluleflexible/ros_ws/install/aiguillages/include/aiguillages/aiguillages/msg/detail/msg_sensor_state__type_support.h
[10.303s] -- Installing: /home/user/celluleflexible/ros_ws/install/aiguillages/include/aiguillages/aiguillages/msg/detail/exchange_sh__description.c
[10.304s] -- Installing: /home/user/celluleflexible/ros_ws/install/aiguillages/include/aiguillages/aiguillages/msg/detail/exchange_sh__functions.c
[10.304s] -- Installing: /home/user/celluleflexible/ros_ws/install/aiguillages/include/aiguillages/aiguillages/msg/detail/msg_sensor_state__functions.h
[10.304s] -- Installing: /home/user/celluleflexible/ros_ws/install/aiguillages/include/aiguillages/aiguillages/msg/detail/actionneurs__functions.h
[10.304s] -- Installing: /home/user/celluleflexible/ros_ws/install/aiguillages/include/aiguillages/aiguillages/msg/detail/capteurs__type_support.c
[10.304s] -- Installing: /home/user/celluleflexible/ros_ws/install/aiguillages/include/aiguillages/aiguillages/msg/detail/actionneurs__type_support.c
[10.304s] -- Installing: /home/user/celluleflexible/ros_ws/install/aiguillages/include/aiguillages/aiguillages/msg/detail/capteurs__struct.h
[10.304s] -- Installing: /home/user/celluleflexible/ros_ws/install/aiguillages/include/aiguillages/aiguillages/msg/detail/actionneurs__type_support.h
[10.304s] -- Installing: /home/user/celluleflexible/ros_ws/install/aiguillages/include/aiguillages/aiguillages/msg/detail/capteurs__description.c
[10.304s] -- Installing: /home/user/celluleflexible/ros_ws/install/aiguillages/include/aiguillages/aiguillages/msg/detail/msg_sensor_state__description.c
[10.304s] -- Installing: /home/user/celluleflexible/ros_ws/install/aiguillages/include/aiguillages/aiguillages/msg/detail/capteurs__functions.h
[10.304s] -- Installing: /home/user/celluleflexible/ros_ws/install/aiguillages/include/aiguillages/aiguillages/msg/detail/msg_sensor_state__type_support.c
[10.304s] -- Installing: /home/user/celluleflexible/ros_ws/install/aiguillages/include/aiguillages/aiguillages/msg/detail/exchange_sh__functions.h
[10.304s] -- Installing: /home/user/celluleflexible/ros_ws/install/aiguillages/include/aiguillages/aiguillages/msg/detail/msg_sensor_state__struct.h
[10.305s] -- Installing: /home/user/celluleflexible/ros_ws/install/aiguillages/include/aiguillages/aiguillages/msg/detail/msg_sensor_state__functions.c
[10.305s] -- Installing: /home/user/celluleflexible/ros_ws/install/aiguillages/include/aiguillages/aiguillages/msg/detail/actionneurs__struct.h
[10.305s] -- Installing: /home/user/celluleflexible/ros_ws/install/aiguillages/include/aiguillages/aiguillages/msg/detail/exchange_sh__struct.h
[10.305s] -- Installing: /home/user/celluleflexible/ros_ws/install/aiguillages/include/aiguillages/aiguillages/msg/detail/actionneurs__description.c
[10.305s] -- Installing: /home/user/celluleflexible/ros_ws/install/aiguillages/include/aiguillages/aiguillages/msg/detail/exchange_sh__type_support.c
[10.305s] -- Installing: /home/user/celluleflexible/ros_ws/install/aiguillages/include/aiguillages/aiguillages/msg/detail/exchange_sh__type_support.h
[10.305s] -- Installing: /home/user/celluleflexible/ros_ws/install/aiguillages/include/aiguillages/aiguillages/msg/detail/capteurs__functions.c
[10.305s] -- Installing: /home/user/celluleflexible/ros_ws/install/aiguillages/include/aiguillages/aiguillages/msg/detail/capteurs__type_support.h
[10.305s] -- Installing: /home/user/celluleflexible/ros_ws/install/aiguillages/include/aiguillages/aiguillages/msg/detail/actionneurs__functions.c
[10.305s] -- Installing: /home/user/celluleflexible/ros_ws/install/aiguillages/share/aiguillages/environment/library_path.sh
[10.305s] -- Installing: /home/user/celluleflexible/ros_ws/install/aiguillages/share/aiguillages/environment/library_path.dsv
[10.305s] -- Installing: /home/user/celluleflexible/ros_ws/install/aiguillages/lib/libaiguillages__rosidl_generator_c.so
[10.305s] -- Set non-toolchain portion of runtime path of "/home/user/celluleflexible/ros_ws/install/aiguillages/lib/libaiguillages__rosidl_generator_c.so" to ""
[10.305s] -- Up-to-date: /home/user/celluleflexible/ros_ws/install/aiguillages/include/aiguillages/aiguillages
[10.305s] -- Up-to-date: /home/user/celluleflexible/ros_ws/install/aiguillages/include/aiguillages/aiguillages/msg
[10.306s] -- Installing: /home/user/celluleflexible/ros_ws/install/aiguillages/include/aiguillages/aiguillages/msg/rosidl_typesupport_fastrtps_c__visibility_control.h
[10.306s] -- Up-to-date: /home/user/celluleflexible/ros_ws/install/aiguillages/include/aiguillages/aiguillages/msg/detail
[10.306s] -- Installing: /home/user/celluleflexible/ros_ws/install/aiguillages/include/aiguillages/aiguillages/msg/detail/capteurs__rosidl_typesupport_fastrtps_c.h
[10.306s] -- Installing: /home/user/celluleflexible/ros_ws/install/aiguillages/include/aiguillages/aiguillages/msg/detail/exchange_sh__rosidl_typesupport_fastrtps_c.h
[10.306s] -- Installing: /home/user/celluleflexible/ros_ws/install/aiguillages/include/aiguillages/aiguillages/msg/detail/actionneurs__rosidl_typesupport_fastrtps_c.h
[10.306s] -- Installing: /home/user/celluleflexible/ros_ws/install/aiguillages/include/aiguillages/aiguillages/msg/detail/msg_sensor_state__rosidl_typesupport_fastrtps_c.h
[10.306s] -- Installing: /home/user/celluleflexible/ros_ws/install/aiguillages/lib/libaiguillages__rosidl_typesupport_fastrtps_c.so
[10.306s] -- Set non-toolchain portion of runtime path of "/home/user/celluleflexible/ros_ws/install/aiguillages/lib/libaiguillages__rosidl_typesupport_fastrtps_c.so" to ""
[10.306s] -- Up-to-date: /home/user/celluleflexible/ros_ws/install/aiguillages/include/aiguillages/aiguillages
[10.306s] -- Up-to-date: /home/user/celluleflexible/ros_ws/install/aiguillages/include/aiguillages/aiguillages/msg
[10.306s] -- Installing: /home/user/celluleflexible/ros_ws/install/aiguillages/include/aiguillages/aiguillages/msg/capteurs.hpp
[10.306s] -- Installing: /home/user/celluleflexible/ros_ws/install/aiguillages/include/aiguillages/aiguillages/msg/exchange_sh.hpp
[10.306s] -- Installing: /home/user/celluleflexible/ros_ws/install/aiguillages/include/aiguillages/aiguillages/msg/rosidl_generator_cpp__visibility_control.hpp
[10.306s] -- Installing: /home/user/celluleflexible/ros_ws/install/aiguillages/include/aiguillages/aiguillages/msg/actionneurs.hpp
[10.306s] -- Up-to-date: /home/user/celluleflexible/ros_ws/install/aiguillages/include/aiguillages/aiguillages/msg/detail
[10.306s] -- Installing: /home/user/celluleflexible/ros_ws/install/aiguillages/include/aiguillages/aiguillages/msg/detail/capteurs__builder.hpp
[10.307s] -- Installing: /home/user/celluleflexible/ros_ws/install/aiguillages/include/aiguillages/aiguillages/msg/detail/exchange_sh__traits.hpp
[10.307s] -- Installing: /home/user/celluleflexible/ros_ws/install/aiguillages/include/aiguillages/aiguillages/msg/detail/exchange_sh__type_support.hpp
[10.307s] -- Installing: /home/user/celluleflexible/ros_ws/install/aiguillages/include/aiguillages/aiguillages/msg/detail/exchange_sh__struct.hpp
[10.307s] -- Installing: /home/user/celluleflexible/ros_ws/install/aiguillages/include/aiguillages/aiguillages/msg/detail/actionneurs__type_support.hpp
[10.307s] -- Installing: /home/user/celluleflexible/ros_ws/install/aiguillages/include/aiguillages/aiguillages/msg/detail/capteurs__type_support.hpp
[10.307s] -- Installing: /home/user/celluleflexible/ros_ws/install/aiguillages/include/aiguillages/aiguillages/msg/detail/msg_sensor_state__type_support.hpp
[10.307s] -- Installing: /home/user/celluleflexible/ros_ws/install/aiguillages/include/aiguillages/aiguillages/msg/detail/msg_sensor_state__builder.hpp
[10.307s] -- Installing: /home/user/celluleflexible/ros_ws/install/aiguillages/include/aiguillages/aiguillages/msg/detail/msg_sensor_state__traits.hpp
[10.307s] -- Installing: /home/user/celluleflexible/ros_ws/install/aiguillages/include/aiguillages/aiguillages/msg/detail/exchange_sh__builder.hpp
[10.307s] -- Installing: /home/user/celluleflexible/ros_ws/install/aiguillages/include/aiguillages/aiguillages/msg/detail/actionneurs__builder.hpp
[10.307s] -- Installing: /home/user/celluleflexible/ros_ws/install/aiguillages/include/aiguillages/aiguillages/msg/detail/msg_sensor_state__struct.hpp
[10.307s] -- Installing: /home/user/celluleflexible/ros_ws/install/aiguillages/include/aiguillages/aiguillages/msg/detail/capteurs__traits.hpp
[10.307s] -- Installing: /home/user/celluleflexible/ros_ws/install/aiguillages/include/aiguillages/aiguillages/msg/detail/actionneurs__struct.hpp
[10.307s] -- Installing: /home/user/celluleflexible/ros_ws/install/aiguillages/include/aiguillages/aiguillages/msg/detail/actionneurs__traits.hpp
[10.307s] -- Installing: /home/user/celluleflexible/ros_ws/install/aiguillages/include/aiguillages/aiguillages/msg/detail/capteurs__struct.hpp
[10.307s] -- Installing: /home/user/celluleflexible/ros_ws/install/aiguillages/include/aiguillages/aiguillages/msg/msg_sensor_state.hpp
[10.307s] -- Up-to-date: /home/user/celluleflexible/ros_ws/install/aiguillages/include/aiguillages/aiguillages
[10.307s] -- Up-to-date: /home/user/celluleflexible/ros_ws/install/aiguillages/include/aiguillages/aiguillages/msg
[10.307s] -- Up-to-date: /home/user/celluleflexible/ros_ws/install/aiguillages/include/aiguillages/aiguillages/msg/detail
[10.307s] -- Installing: /home/user/celluleflexible/ros_ws/install/aiguillages/include/aiguillages/aiguillages/msg/detail/capteurs__rosidl_typesupport_fastrtps_cpp.hpp
[10.308s] -- Installing: /home/user/celluleflexible/ros_ws/install/aiguillages/include/aiguillages/aiguillages/msg/detail/exchange_sh__rosidl_typesupport_fastrtps_cpp.hpp
[10.308s] -- Installing: /home/user/celluleflexible/ros_ws/install/aiguillages/include/aiguillages/aiguillages/msg/detail/msg_sensor_state__rosidl_typesupport_fastrtps_cpp.hpp
[10.308s] -- Installing: /home/user/celluleflexible/ros_ws/install/aiguillages/include/aiguillages/aiguillages/msg/detail/dds_fastrtps
[10.308s] -- Installing: /home/user/celluleflexible/ros_ws/install/aiguillages/include/aiguillages/aiguillages/msg/detail/actionneurs__rosidl_typesupport_fastrtps_cpp.hpp
[10.308s] -- Installing: /home/user/celluleflexible/ros_ws/install/aiguillages/include/aiguillages/aiguillages/msg/rosidl_typesupport_fastrtps_cpp__visibility_control.h
[10.308s] -- Installing: /home/user/celluleflexible/ros_ws/install/aiguillages/lib/libaiguillages__rosidl_typesupport_fastrtps_cpp.so
[10.308s] -- Set non-toolchain portion of runtime path of "/home/user/celluleflexible/ros_ws/install/aiguillages/lib/libaiguillages__rosidl_typesupport_fastrtps_cpp.so" to ""
[10.308s] -- Up-to-date: /home/user/celluleflexible/ros_ws/install/aiguillages/include/aiguillages/aiguillages
[10.308s] -- Up-to-date: /home/user/celluleflexible/ros_ws/install/aiguillages/include/aiguillages/aiguillages/msg
[10.308s] -- Installing: /home/user/celluleflexible/ros_ws/install/aiguillages/include/aiguillages/aiguillages/msg/rosidl_typesupport_introspection_c__visibility_control.h
[10.308s] -- Up-to-date: /home/user/celluleflexible/ros_ws/install/aiguillages/include/aiguillages/aiguillages/msg/detail
[10.308s] -- Installing: /home/user/celluleflexible/ros_ws/install/aiguillages/include/aiguillages/aiguillages/msg/detail/actionneurs__rosidl_typesupport_introspection_c.h
[10.308s] -- Installing: /home/user/celluleflexible/ros_ws/install/aiguillages/include/aiguillages/aiguillages/msg/detail/msg_sensor_state__rosidl_typesupport_introspection_c.h
[10.308s] -- Installing: /home/user/celluleflexible/ros_ws/install/aiguillages/include/aiguillages/aiguillages/msg/detail/capteurs__type_support.c
[10.308s] -- Installing: /home/user/celluleflexible/ros_ws/install/aiguillages/include/aiguillages/aiguillages/msg/detail/capteurs__rosidl_typesupport_introspection_c.h
[10.308s] -- Installing: /home/user/celluleflexible/ros_ws/install/aiguillages/include/aiguillages/aiguillages/msg/detail/actionneurs__type_support.c
[10.308s] -- Installing: /home/user/celluleflexible/ros_ws/install/aiguillages/include/aiguillages/aiguillages/msg/detail/msg_sensor_state__type_support.c
[10.308s] -- Installing: /home/user/celluleflexible/ros_ws/install/aiguillages/include/aiguillages/aiguillages/msg/detail/exchange_sh__rosidl_typesupport_introspection_c.h
[10.308s] -- Installing: /home/user/celluleflexible/ros_ws/install/aiguillages/include/aiguillages/aiguillages/msg/detail/exchange_sh__type_support.c
[10.308s] -- Installing: /home/user/celluleflexible/ros_ws/install/aiguillages/lib/libaiguillages__rosidl_typesupport_introspection_c.so
[10.308s] -- Set non-toolchain portion of runtime path of "/home/user/celluleflexible/ros_ws/install/aiguillages/lib/libaiguillages__rosidl_typesupport_introspection_c.so" to ""
[10.308s] -- Installing: /home/user/celluleflexible/ros_ws/install/aiguillages/lib/libaiguillages__rosidl_typesupport_c.so
[10.308s] -- Set non-toolchain portion of runtime path of "/home/user/celluleflexible/ros_ws/install/aiguillages/lib/libaiguillages__rosidl_typesupport_c.so" to ""
[10.308s] -- Up-to-date: /home/user/celluleflexible/ros_ws/install/aiguillages/include/aiguillages/aiguillages
[10.308s] -- Up-to-date: /home/user/celluleflexible/ros_ws/install/aiguillages/include/aiguillages/aiguillages/msg
[10.308s] -- Up-to-date: /home/user/celluleflexible/ros_ws/install/aiguillages/include/aiguillages/aiguillages/msg/detail
[10.308s] -- Installing: /home/user/celluleflexible/ros_ws/install/aiguillages/include/aiguillages/aiguillages/msg/detail/actionneurs__rosidl_typesupport_introspection_cpp.hpp
[10.308s] -- Installing: /home/user/celluleflexible/ros_ws/install/aiguillages/include/aiguillages/aiguillages/msg/detail/capteurs__rosidl_typesupport_introspection_cpp.hpp
[10.308s] -- Installing: /home/user/celluleflexible/ros_ws/install/aiguillages/include/aiguillages/aiguillages/msg/detail/exchange_sh__rosidl_typesupport_introspection_cpp.hpp
[10.308s] -- Installing: /home/user/celluleflexible/ros_ws/install/aiguillages/include/aiguillages/aiguillages/msg/detail/capteurs__type_support.cpp
[10.308s] -- Installing: /home/user/celluleflexible/ros_ws/install/aiguillages/include/aiguillages/aiguillages/msg/detail/msg_sensor_state__type_support.cpp
[10.308s] -- Installing: /home/user/celluleflexible/ros_ws/install/aiguillages/include/aiguillages/aiguillages/msg/detail/exchange_sh__type_support.cpp
[10.308s] -- Installing: /home/user/celluleflexible/ros_ws/install/aiguillages/include/aiguillages/aiguillages/msg/detail/actionneurs__type_support.cpp
[10.308s] -- Installing: /home/user/celluleflexible/ros_ws/install/aiguillages/include/aiguillages/aiguillages/msg/detail/msg_sensor_state__rosidl_typesupport_introspection_cpp.hpp
[10.308s] -- Installing: /home/user/celluleflexible/ros_ws/install/aiguillages/lib/libaiguillages__rosidl_typesupport_introspection_cpp.so
[10.309s] -- Set non-toolchain portion of runtime path of "/home/user/celluleflexible/ros_ws/install/aiguillages/lib/libaiguillages__rosidl_typesupport_introspection_cpp.so" to ""
[10.309s] -- Installing: /home/user/celluleflexible/ros_ws/install/aiguillages/lib/libaiguillages__rosidl_typesupport_cpp.so
[10.309s] -- Set non-toolchain portion of runtime path of "/home/user/celluleflexible/ros_ws/install/aiguillages/lib/libaiguillages__rosidl_typesupport_cpp.so" to ""
[10.309s] -- Installing: /home/user/celluleflexible/ros_ws/install/aiguillages/share/aiguillages/environment/pythonpath.sh
[10.309s] -- Installing: /home/user/celluleflexible/ros_ws/install/aiguillages/share/aiguillages/environment/pythonpath.dsv
[10.309s] -- Installing: /home/user/celluleflexible/ros_ws/install/aiguillages/lib/python3.12/site-packages/aiguillages-3.1.2-py3.12.egg-info
[10.309s] -- Installing: /home/user/celluleflexible/ros_ws/install/aiguillages/lib/python3.12/site-packages/aiguillages-3.1.2-py3.12.egg-info/SOURCES.txt
[10.309s] -- Installing: /home/user/celluleflexible/ros_ws/install/aiguillages/lib/python3.12/site-packages/aiguillages-3.1.2-py3.12.egg-info/top_level.txt
[10.309s] -- Installing: /home/user/celluleflexible/ros_ws/install/aiguillages/lib/python3.12/site-packages/aiguillages-3.1.2-py3.12.egg-info/PKG-INFO
[10.309s] -- Installing: /home/user/celluleflexible/ros_ws/install/aiguillages/lib/python3.12/site-packages/aiguillages-3.1.2-py3.12.egg-info/dependency_links.txt
[10.309s] -- Installing: /home/user/celluleflexible/ros_ws/install/aiguillages/lib/python3.12/site-packages/aiguillages
[10.309s] -- Installing: /home/user/celluleflexible/ros_ws/install/aiguillages/lib/python3.12/site-packages/aiguillages/_aiguillages_s.ep.rosidl_typesupport_introspection_c.c
[10.309s] -- Installing: /home/user/celluleflexible/ros_ws/install/aiguillages/lib/python3.12/site-packages/aiguillages/msg
[10.309s] -- Installing: /home/user/celluleflexible/ros_ws/install/aiguillages/lib/python3.12/site-packages/aiguillages/msg/__init__.py
[10.309s] -- Installing: /home/user/celluleflexible/ros_ws/install/aiguillages/lib/python3.12/site-packages/aiguillages/msg/_exchange_sh_s.c
[10.309s] -- Installing: /home/user/celluleflexible/ros_ws/install/aiguillages/lib/python3.12/site-packages/aiguillages/msg/_actionneurs.py
[10.309s] -- Installing: /home/user/celluleflexible/ros_ws/install/aiguillages/lib/python3.12/site-packages/aiguillages/msg/_msg_sensor_state.py
[10.309s] -- Installing: /home/user/celluleflexible/ros_ws/install/aiguillages/lib/python3.12/site-packages/aiguillages/msg/_exchange_sh.py
[10.309s] -- Installing: /home/user/celluleflexible/ros_ws/install/aiguillages/lib/python3.12/site-packages/aiguillages/msg/_capteurs.py
[10.309s] -- Installing: /home/user/celluleflexible/ros_ws/install/aiguillages/lib/python3.12/site-packages/aiguillages/msg/_capteurs_s.c
[10.309s] -- Installing: /home/user/celluleflexible/ros_ws/install/aiguillages/lib/python3.12/site-packages/aiguillages/msg/_actionneurs_s.c
[10.309s] -- Installing: /home/user/celluleflexible/ros_ws/install/aiguillages/lib/python3.12/site-packages/aiguillages/msg/_msg_sensor_state_s.c
[10.309s] -- Installing: /home/user/celluleflexible/ros_ws/install/aiguillages/lib/python3.12/site-packages/aiguillages/__init__.py
[10.309s] -- Installing: /home/user/celluleflexible/ros_ws/install/aiguillages/lib/python3.12/site-packages/aiguillages/_aiguillages_s.ep.rosidl_typesupport_fastrtps_c.c
[10.309s] -- Installing: /home/user/celluleflexible/ros_ws/install/aiguillages/lib/python3.12/site-packages/aiguillages/aiguillages_s__rosidl_typesupport_c.so
[10.309s] -- Installing: /home/user/celluleflexible/ros_ws/install/aiguillages/lib/python3.12/site-packages/aiguillages/aiguillages_s__rosidl_typesupport_introspection_c.so
[10.309s] -- Installing: /home/user/celluleflexible/ros_ws/install/aiguillages/lib/python3.12/site-packages/aiguillages/_aiguillages_s.ep.rosidl_typesupport_c.c
[10.309s] -- Installing: /home/user/celluleflexible/ros_ws/install/aiguillages/lib/python3.12/site-packages/aiguillages/aiguillages_s__rosidl_typesupport_fastrtps_c.so
[10.331s] Listing '/home/user/celluleflexible/ros_ws/install/aiguillages/lib/python3.12/site-packages/aiguillages'...
[10.331s] Compiling '/home/user/celluleflexible/ros_ws/install/aiguillages/lib/python3.12/site-packages/aiguillages/__init__.py'...
[10.331s] Listing '/home/user/celluleflexible/ros_ws/install/aiguillages/lib/python3.12/site-packages/aiguillages/msg'...
[10.331s] Compiling '/home/user/celluleflexible/ros_ws/install/aiguillages/lib/python3.12/site-packages/aiguillages/msg/__init__.py'...
[10.331s] Compiling '/home/user/celluleflexible/ros_ws/install/aiguillages/lib/python3.12/site-packages/aiguillages/msg/_actionneurs.py'...
[10.331s] Compiling '/home/user/celluleflexible/ros_ws/install/aiguillages/lib/python3.12/site-packages/aiguillages/msg/_capteurs.py'...
[10.331s] Compiling '/home/user/celluleflexible/ros_ws/install/aiguillages/lib/python3.12/site-packages/aiguillages/msg/_exchange_sh.py'...
[10.331s] Compiling '/home/user/celluleflexible/ros_ws/install/aiguillages/lib/python3.12/site-packages/aiguillages/msg/_msg_sensor_state.py'...
[10.333s] -- Installing: /home/user/celluleflexible/ros_ws/install/aiguillages/lib/python3.12/site-packages/aiguillages/aiguillages_s__rosidl_typesupport_fastrtps_c.so
[10.334s] -- Set non-toolchain portion of runtime path of "/home/user/celluleflexible/ros_ws/install/aiguillages/lib/python3.12/site-packages/aiguillages/aiguillages_s__rosidl_typesupport_fastrtps_c.so" to ""
[10.334s] -- Installing: /home/user/celluleflexible/ros_ws/install/aiguillages/lib/python3.12/site-packages/aiguillages/aiguillages_s__rosidl_typesupport_introspection_c.so
[10.334s] -- Set non-toolchain portion of runtime path of "/home/user/celluleflexible/ros_ws/install/aiguillages/lib/python3.12/site-packages/aiguillages/aiguillages_s__rosidl_typesupport_introspection_c.so" to ""
[10.334s] -- Installing: /home/user/celluleflexible/ros_ws/install/aiguillages/lib/python3.12/site-packages/aiguillages/aiguillages_s__rosidl_typesupport_c.so
[10.334s] -- Set non-toolchain portion of runtime path of "/home/user/celluleflexible/ros_ws/install/aiguillages/lib/python3.12/site-packages/aiguillages/aiguillages_s__rosidl_typesupport_c.so" to ""
[10.334s] -- Installing: /home/user/celluleflexible/ros_ws/install/aiguillages/lib/libaiguillages__rosidl_generator_py.so
[10.334s] -- Set non-toolchain portion of runtime path of "/home/user/celluleflexible/ros_ws/install/aiguillages/lib/libaiguillages__rosidl_generator_py.so" to ""
[10.334s] -- Installing: /home/user/celluleflexible/ros_ws/install/aiguillages/share/aiguillages/msg/Capteurs.idl
[10.334s] -- Installing: /home/user/celluleflexible/ros_ws/install/aiguillages/share/aiguillages/msg/Actionneurs.idl
[10.335s] -- Installing: /home/user/celluleflexible/ros_ws/install/aiguillages/share/aiguillages/msg/ExchangeSh.idl
[10.335s] -- Installing: /home/user/celluleflexible/ros_ws/install/aiguillages/share/aiguillages/msg/MsgSensorState.idl
[10.335s] -- Installing: /home/user/celluleflexible/ros_ws/install/aiguillages/share/aiguillages/msg/Capteurs.msg
[10.335s] -- Installing: /home/user/celluleflexible/ros_ws/install/aiguillages/share/aiguillages/msg/Actionneurs.msg
[10.335s] -- Installing: /home/user/celluleflexible/ros_ws/install/aiguillages/share/aiguillages/msg/ExchangeSh.msg
[10.335s] -- Installing: /home/user/celluleflexible/ros_ws/install/aiguillages/share/aiguillages/msg/MsgSensorState.msg
[10.335s] -- Installing: /home/user/celluleflexible/ros_ws/install/aiguillages/lib/aiguillages/run_Aiguillage
[10.337s] -- Set non-toolchain portion of runtime path of "/home/user/celluleflexible/ros_ws/install/aiguillages/lib/aiguillages/run_Aiguillage" to ""
[10.338s] -- Installing: /home/user/celluleflexible/ros_ws/install/aiguillages/share/ament_index/resource_index/package_run_dependencies/aiguillages
[10.338s] -- Installing: /home/user/celluleflexible/ros_ws/install/aiguillages/share/ament_index/resource_index/parent_prefix_path/aiguillages
[10.338s] -- Installing: /home/user/celluleflexible/ros_ws/install/aiguillages/share/aiguillages/environment/ament_prefix_path.sh
[10.338s] -- Installing: /home/user/celluleflexible/ros_ws/install/aiguillages/share/aiguillages/environment/ament_prefix_path.dsv
[10.338s] -- Installing: /home/user/celluleflexible/ros_ws/install/aiguillages/share/aiguillages/environment/path.sh
[10.338s] -- Installing: /home/user/celluleflexible/ros_ws/install/aiguillages/share/aiguillages/environment/path.dsv
[10.338s] -- Installing: /home/user/celluleflexible/ros_ws/install/aiguillages/share/aiguillages/local_setup.bash
[10.338s] -- Installing: /home/user/celluleflexible/ros_ws/install/aiguillages/share/aiguillages/local_setup.sh
[10.338s] -- Installing: /home/user/celluleflexible/ros_ws/install/aiguillages/share/aiguillages/local_setup.zsh
[10.338s] -- Installing: /home/user/celluleflexible/ros_ws/install/aiguillages/share/aiguillages/local_setup.dsv
[10.338s] -- Installing: /home/user/celluleflexible/ros_ws/install/aiguillages/share/aiguillages/package.dsv
[10.338s] -- Installing: /home/user/celluleflexible/ros_ws/install/aiguillages/share/ament_index/resource_index/packages/aiguillages
[10.339s] -- Installing: /home/user/celluleflexible/ros_ws/install/aiguillages/share/aiguillages/cmake/export_aiguillages__rosidl_generator_cExport.cmake
[10.339s] -- Installing: /home/user/celluleflexible/ros_ws/install/aiguillages/share/aiguillages/cmake/export_aiguillages__rosidl_generator_cExport-noconfig.cmake
[10.339s] -- Installing: /home/user/celluleflexible/ros_ws/install/aiguillages/share/aiguillages/cmake/export_aiguillages__rosidl_typesupport_fastrtps_cExport.cmake
[10.339s] -- Installing: /home/user/celluleflexible/ros_ws/install/aiguillages/share/aiguillages/cmake/export_aiguillages__rosidl_typesupport_fastrtps_cExport-noconfig.cmake
[10.339s] -- Installing: /home/user/celluleflexible/ros_ws/install/aiguillages/share/aiguillages/cmake/export_aiguillages__rosidl_generator_cppExport.cmake
[10.339s] -- Installing: /home/user/celluleflexible/ros_ws/install/aiguillages/share/aiguillages/cmake/export_aiguillages__rosidl_typesupport_fastrtps_cppExport.cmake
[10.339s] -- Installing: /home/user/celluleflexible/ros_ws/install/aiguillages/share/aiguillages/cmake/export_aiguillages__rosidl_typesupport_fastrtps_cppExport-noconfig.cmake
[10.339s] -- Installing: /home/user/celluleflexible/ros_ws/install/aiguillages/share/aiguillages/cmake/aiguillages__rosidl_typesupport_introspection_cExport.cmake
[10.339s] -- Installing: /home/user/celluleflexible/ros_ws/install/aiguillages/share/aiguillages/cmake/aiguillages__rosidl_typesupport_introspection_cExport-noconfig.cmake
[10.339s] -- Installing: /home/user/celluleflexible/ros_ws/install/aiguillages/share/aiguillages/cmake/aiguillages__rosidl_typesupport_cExport.cmake
[10.339s] -- Installing: /home/user/celluleflexible/ros_ws/install/aiguillages/share/aiguillages/cmake/aiguillages__rosidl_typesupport_cExport-noconfig.cmake
[10.340s] -- Installing: /home/user/celluleflexible/ros_ws/install/aiguillages/share/aiguillages/cmake/aiguillages__rosidl_typesupport_introspection_cppExport.cmake
[10.340s] -- Installing: /home/user/celluleflexible/ros_ws/install/aiguillages/share/aiguillages/cmake/aiguillages__rosidl_typesupport_introspection_cppExport-noconfig.cmake
[10.340s] -- Installing: /home/user/celluleflexible/ros_ws/install/aiguillages/share/aiguillages/cmake/aiguillages__rosidl_typesupport_cppExport.cmake
[10.340s] -- Installing: /home/user/celluleflexible/ros_ws/install/aiguillages/share/aiguillages/cmake/aiguillages__rosidl_typesupport_cppExport-noconfig.cmake
[10.340s] -- Installing: /home/user/celluleflexible/ros_ws/install/aiguillages/share/aiguillages/cmake/export_aiguillages__rosidl_generator_pyExport.cmake
[10.340s] -- Installing: /home/user/celluleflexible/ros_ws/install/aiguillages/share/aiguillages/cmake/export_aiguillages__rosidl_generator_pyExport-noconfig.cmake
[10.340s] -- Installing: /home/user/celluleflexible/ros_ws/install/aiguillages/share/aiguillages/cmake/rosidl_cmake-extras.cmake
[10.340s] -- Installing: /home/user/celluleflexible/ros_ws/install/aiguillages/share/aiguillages/cmake/ament_cmake_export_dependencies-extras.cmake
[10.340s] -- Installing: /home/user/celluleflexible/ros_ws/install/aiguillages/share/aiguillages/cmake/ament_cmake_export_include_directories-extras.cmake
[10.340s] -- Installing: /home/user/celluleflexible/ros_ws/install/aiguillages/share/aiguillages/cmake/ament_cmake_export_libraries-extras.cmake
[10.340s] -- Installing: /home/user/celluleflexible/ros_ws/install/aiguillages/share/aiguillages/cmake/ament_cmake_export_targets-extras.cmake
[10.340s] -- Installing: /home/user/celluleflexible/ros_ws/install/aiguillages/share/aiguillages/cmake/rosidl_cmake_export_typesupport_targets-extras.cmake
[10.340s] -- Installing: /home/user/celluleflexible/ros_ws/install/aiguillages/share/aiguillages/cmake/rosidl_cmake_export_typesupport_libraries-extras.cmake
[10.340s] -- Installing: /home/user/celluleflexible/ros_ws/install/aiguillages/share/aiguillages/cmake/aiguillagesConfig.cmake
[10.340s] -- Installing: /home/user/celluleflexible/ros_ws/install/aiguillages/share/aiguillages/cmake/aiguillagesConfig-version.cmake
[10.340s] -- Installing: /home/user/celluleflexible/ros_ws/install/aiguillages/share/aiguillages/package.xml
[10.342s] Invoked command in '/home/user/celluleflexible/ros_ws/build/aiguillages' returned '0': CMAKE_PREFIX_PATH=${CMAKE_PREFIX_PATH}:/opt/ros/jazzy DEBUGINFOD_URLS=https://debuginfod.ubuntu.com /usr/bin/cmake --install /home/user/celluleflexible/ros_ws/build/aiguillages
