-- The C compiler identification is GNU 13.3.0
-- The CXX compiler identification is GNU 13.3.0
-- Detecting C compiler ABI info
-- Detecting C compiler ABI info - done
-- Check for working C compiler: /usr/bin/cc - skipped
-- Detecting C compile features
-- Detecting C compile features - done
-- Detecting CXX compiler ABI info
-- Detecting CXX compiler ABI info - done
-- Check for working CXX compiler: /usr/bin/c++ - skipped
-- Detecting CXX compile features
-- Detecting CXX compile features - done
-- Found ament_cmake: 2.5.5 (/opt/ros/jazzy/share/ament_cmake/cmake)
-- Found Python3: /usr/bin/python3 (found version "3.12.3") found components: Interpreter 
-- Found rclcpp: 28.1.16 (/opt/ros/jazzy/share/rclcpp/cmake)
-- Found rosidl_generator_c: 4.6.7 (/opt/ros/jazzy/share/rosidl_generator_c/cmake)
-- Found rosidl_generator_cpp: 4.6.7 (/opt/ros/jazzy/share/rosidl_generator_cpp/cmake)
-- Using all available rosidl_typesupport_c: rosidl_typesupport_fastrtps_c;rosidl_typesupport_introspection_c
-- Using all available rosidl_typesupport_cpp: rosidl_typesupport_fastrtps_cpp;rosidl_typesupport_introspection_cpp
-- Found rmw_implementation_cmake: 7.3.3 (/opt/ros/jazzy/share/rmw_implementation_cmake/cmake)
-- Found rmw_fastrtps_cpp: 8.4.3 (/opt/ros/jazzy/share/rmw_fastrtps_cpp/cmake)
-- Found OpenSSL: /usr/lib/x86_64-linux-gnu/libcrypto.so (found version "3.0.13")  
-- Found FastRTPS: /opt/ros/jazzy/include (Required is at least version "2.13") 
-- Using RMW implementation 'rmw_fastrtps_cpp' as default
-- Found std_msgs: 5.3.6 (/opt/ros/jazzy/share/std_msgs/cmake)
-- Found rosidl_default_generators: 1.6.0 (/opt/ros/jazzy/share/rosidl_default_generators/cmake)
-- Found rosidl_adapter: 4.6.7 (/opt/ros/jazzy/share/rosidl_adapter/cmake)
-- Found aiguillages: 3.1.2 (/home/user/celluleflexible_en_cours_ROS2/celluleflexible/ros_ws/install/aiguillages/share/aiguillages/cmake)
-- Found ament_cmake_ros: 0.12.0 (/opt/ros/jazzy/share/ament_cmake_ros/cmake)
-- Using all available rosidl_typesupport_c: rosidl_typesupport_fastrtps_c;rosidl_typesupport_introspection_c
-- Using all available rosidl_typesupport_cpp: rosidl_typesupport_fastrtps_cpp;rosidl_typesupport_introspection_cpp
-- Found python_cmake_module: 0.11.1 (/opt/ros/jazzy/share/python_cmake_module/cmake)
-- Found PythonExtra: /usr/bin/python3  
-- Found Python3: /usr/bin/python3 (found version "3.12.3") found components: Interpreter Development NumPy Development.Module Development.Embed 
-- Configuring done (2.3s)
-- Generating done (0.0s)
-- Build files have been written to: /home/user/celluleflexible_en_cours_ROS2/celluleflexible/ros_ws/build/shuttles
[  1%] [34m[1mGenerating type hashes for ROS interfaces[0m
[  1%] Built target ament_cmake_python_copy_shuttles
[  1%] Built target shuttles__rosidl_generator_type_description
[  2%] [34m[1mGenerating C code for ROS interfaces[0m
running egg_info
creating shuttles.egg-info
[  4%] [34m[1mGenerating C++ code for ROS interfaces[0m
writing shuttles.egg-info/PKG-INFO
writing dependency_links to shuttles.egg-info/dependency_links.txt
writing top-level names to shuttles.egg-info/top_level.txt
writing manifest file 'shuttles.egg-info/SOURCES.txt'
reading manifest file 'shuttles.egg-info/SOURCES.txt'
writing manifest file 'shuttles.egg-info/SOURCES.txt'
[  4%] Built target ament_cmake_python_build_shuttles_egg
[  4%] Built target shuttles__cpp
[  5%] [32mBuilding C object CMakeFiles/shuttles__rosidl_generator_c.dir/rosidl_generator_c/shuttles/msg/detail/msg_shuttle_change__description.c.o[0m
[  7%] [32mBuilding C object CMakeFiles/shuttles__rosidl_generator_c.dir/rosidl_generator_c/shuttles/msg/detail/msg_shuttle_create__description.c.o[0m
[ 10%] [32mBuilding C object CMakeFiles/shuttles__rosidl_generator_c.dir/rosidl_generator_c/shuttles/msg/detail/msg_shuttle_create__functions.c.o[0m
[  8%] [32mBuilding C object CMakeFiles/shuttles__rosidl_generator_c.dir/rosidl_generator_c/shuttles/msg/detail/msg_shuttle_change__type_support.c.o[0m
[ 13%] [32mBuilding C object CMakeFiles/shuttles__rosidl_generator_c.dir/rosidl_generator_c/shuttles/msg/detail/msg_erreur__description.c.o[0m
[ 11%] [32mBuilding C object CMakeFiles/shuttles__rosidl_generator_c.dir/rosidl_generator_c/shuttles/msg/detail/msg_shuttle_change__functions.c.o[0m
[ 14%] [32mBuilding C object CMakeFiles/shuttles__rosidl_generator_c.dir/rosidl_generator_c/shuttles/msg/detail/msg_erreur__functions.c.o[0m
[ 16%] [32mBuilding C object CMakeFiles/shuttles__rosidl_generator_c.dir/rosidl_generator_c/shuttles/msg/detail/msg_shuttle_create__type_support.c.o[0m
[ 17%] [32mBuilding C object CMakeFiles/shuttles__rosidl_generator_c.dir/rosidl_generator_c/shuttles/msg/detail/msg_erreur__type_support.c.o[0m
[ 20%] [32mBuilding C object CMakeFiles/shuttles__rosidl_generator_c.dir/rosidl_generator_c/shuttles/srv/detail/shuttle_id__description.c.o[0m
[ 20%] [32mBuilding C object CMakeFiles/shuttles__rosidl_generator_c.dir/rosidl_generator_c/shuttles/srv/detail/shuttle_id__functions.c.o[0m
[ 22%] [32mBuilding C object CMakeFiles/shuttles__rosidl_generator_c.dir/rosidl_generator_c/shuttles/srv/detail/shuttle_id__type_support.c.o[0m
[ 23%] [32m[1mLinking C shared library libshuttles__rosidl_generator_c.so[0m
[ 23%] Built target shuttles__rosidl_generator_c
[ 26%] [34m[1mGenerating C type support for eProsima Fast-RTPS[0m
[ 27%] [34m[1mGenerating C++ type support for eProsima Fast-RTPS[0m
[ 26%] [34m[1mGenerating C++ type support dispatch for ROS interfaces[0m
[ 29%] [34m[1mGenerating C type support dispatch for ROS interfaces[0m
[ 30%] [34m[1mGenerating C introspection for ROS interfaces[0m
[ 32%] [34m[1mGenerating C++ introspection for ROS interfaces[0m
[ 33%] [32mBuilding CXX object CMakeFiles/shuttles__rosidl_typesupport_c.dir/rosidl_typesupport_c/shuttles/msg/msg_shuttle_create__type_support.cpp.o[0m
[ 35%] [32mBuilding CXX object CMakeFiles/shuttles__rosidl_typesupport_c.dir/rosidl_typesupport_c/shuttles/msg/msg_shuttle_change__type_support.cpp.o[0m
[ 38%] [32mBuilding CXX object CMakeFiles/shuttles__rosidl_typesupport_cpp.dir/rosidl_typesupport_cpp/shuttles/msg/msg_shuttle_create__type_support.cpp.o[0m
[ 36%] [32mBuilding CXX object CMakeFiles/shuttles__rosidl_typesupport_cpp.dir/rosidl_typesupport_cpp/shuttles/msg/msg_shuttle_change__type_support.cpp.o[0m
[ 39%] [32mBuilding CXX object CMakeFiles/shuttles__rosidl_typesupport_introspection_cpp.dir/rosidl_typesupport_introspection_cpp/shuttles/msg/detail/msg_shuttle_change__type_support.cpp.o[0m
[ 41%] [32mBuilding CXX object CMakeFiles/shuttles__rosidl_typesupport_c.dir/rosidl_typesupport_c/shuttles/msg/msg_erreur__type_support.cpp.o[0m
[ 42%] [32mBuilding C object CMakeFiles/shuttles__rosidl_typesupport_introspection_c.dir/rosidl_typesupport_introspection_c/shuttles/msg/detail/msg_shuttle_change__type_support.c.o[0m
[ 44%] [32mBuilding CXX object CMakeFiles/shuttles__rosidl_typesupport_cpp.dir/rosidl_typesupport_cpp/shuttles/msg/msg_erreur__type_support.cpp.o[0m
[ 45%] [32mBuilding C object CMakeFiles/shuttles__rosidl_typesupport_introspection_c.dir/rosidl_typesupport_introspection_c/shuttles/msg/detail/msg_shuttle_create__type_support.c.o[0m
[ 47%] [32mBuilding CXX object CMakeFiles/shuttles__rosidl_typesupport_c.dir/rosidl_typesupport_c/shuttles/srv/shuttle_id__type_support.cpp.o[0m
[ 48%] [32mBuilding CXX object CMakeFiles/shuttles__rosidl_typesupport_fastrtps_cpp.dir/rosidl_typesupport_fastrtps_cpp/shuttles/msg/detail/dds_fastrtps/msg_shuttle_change__type_support.cpp.o[0m
[ 50%] [32mBuilding CXX object CMakeFiles/shuttles__rosidl_typesupport_fastrtps_c.dir/rosidl_typesupport_fastrtps_c/shuttles/msg/detail/msg_shuttle_change__type_support_c.cpp.o[0m
[ 51%] [32mBuilding C object CMakeFiles/shuttles__rosidl_typesupport_introspection_c.dir/rosidl_typesupport_introspection_c/shuttles/msg/detail/msg_erreur__type_support.c.o[0m
[ 52%] [32m[1mLinking CXX shared library libshuttles__rosidl_typesupport_c.so[0m
[ 54%] [32mBuilding CXX object CMakeFiles/shuttles__rosidl_typesupport_cpp.dir/rosidl_typesupport_cpp/shuttles/srv/shuttle_id__type_support.cpp.o[0m
[ 54%] Built target shuttles__rosidl_typesupport_c
[ 55%] [32mBuilding C object CMakeFiles/shuttles__rosidl_typesupport_introspection_c.dir/rosidl_typesupport_introspection_c/shuttles/srv/detail/shuttle_id__type_support.c.o[0m
[ 57%] [32mBuilding CXX object CMakeFiles/shuttles__rosidl_typesupport_introspection_cpp.dir/rosidl_typesupport_introspection_cpp/shuttles/msg/detail/msg_shuttle_create__type_support.cpp.o[0m
[ 58%] [32mBuilding CXX object CMakeFiles/shuttles__rosidl_typesupport_introspection_cpp.dir/rosidl_typesupport_introspection_cpp/shuttles/msg/detail/msg_erreur__type_support.cpp.o[0m
[ 60%] [32mBuilding CXX object CMakeFiles/shuttles__rosidl_typesupport_introspection_cpp.dir/rosidl_typesupport_introspection_cpp/shuttles/srv/detail/shuttle_id__type_support.cpp.o[0m
[ 61%] [32mBuilding CXX object CMakeFiles/shuttles__rosidl_typesupport_fastrtps_cpp.dir/rosidl_typesupport_fastrtps_cpp/shuttles/msg/detail/dds_fastrtps/msg_shuttle_create__type_support.cpp.o[0m
[ 63%] [32m[1mLinking C shared library libshuttles__rosidl_typesupport_introspection_c.so[0m
[ 64%] [32mBuilding CXX object CMakeFiles/shuttles__rosidl_typesupport_fastrtps_cpp.dir/rosidl_typesupport_fastrtps_cpp/shuttles/msg/detail/dds_fastrtps/msg_erreur__type_support.cpp.o[0m
[ 66%] [32mBuilding CXX object CMakeFiles/shuttles__rosidl_typesupport_fastrtps_c.dir/rosidl_typesupport_fastrtps_c/shuttles/msg/detail/msg_shuttle_create__type_support_c.cpp.o[0m
[ 67%] [32mBuilding CXX object CMakeFiles/shuttles__rosidl_typesupport_fastrtps_cpp.dir/rosidl_typesupport_fastrtps_cpp/shuttles/srv/detail/dds_fastrtps/shuttle_id__type_support.cpp.o[0m
[ 69%] [32mBuilding CXX object CMakeFiles/shuttles__rosidl_typesupport_fastrtps_c.dir/rosidl_typesupport_fastrtps_c/shuttles/msg/detail/msg_erreur__type_support_c.cpp.o[0m
[ 69%] Built target shuttles__rosidl_typesupport_introspection_c
[ 70%] [32mBuilding CXX object CMakeFiles/shuttles__rosidl_typesupport_fastrtps_c.dir/rosidl_typesupport_fastrtps_c/shuttles/srv/detail/shuttle_id__type_support_c.cpp.o[0m
[ 72%] [32m[1mLinking CXX shared library libshuttles__rosidl_typesupport_cpp.so[0m
[ 73%] [32m[1mLinking CXX shared library libshuttles__rosidl_typesupport_introspection_cpp.so[0m
[ 73%] Built target shuttles__rosidl_typesupport_cpp
[ 75%] [32mBuilding CXX object CMakeFiles/shuttle_manager.dir/src/main_ShuttleManager.cpp.o[0m
[ 76%] [32mBuilding CXX object CMakeFiles/shuttle_manager.dir/src/capteurs.cpp.o[0m
[ 76%] Built target shuttles__rosidl_typesupport_introspection_cpp
[ 77%] [32mBuilding CXX object CMakeFiles/shuttle_manager.dir/src/FileAttente.cpp.o[0m
[ 79%] [32m[1mLinking CXX shared library libshuttles__rosidl_typesupport_fastrtps_c.so[0m
[ 80%] [32m[1mLinking CXX shared library libshuttles__rosidl_typesupport_fastrtps_cpp.so[0m
[ 80%] Built target shuttles__rosidl_typesupport_fastrtps_c
[ 80%] Built target shuttles__rosidl_typesupport_fastrtps_cpp
[ 80%] Built target shuttles
[ 82%] [34m[1mGenerating Python code for ROS interfaces[0m
[ 82%] Built target shuttles__py
[ 83%] [32mBuilding C object CMakeFiles/shuttles__rosidl_generator_py.dir/rosidl_generator_py/shuttles/msg/_msg_shuttle_change_s.c.o[0m
[ 85%] [32mBuilding C object CMakeFiles/shuttles__rosidl_generator_py.dir/rosidl_generator_py/shuttles/msg/_msg_shuttle_create_s.c.o[0m
[ 86%] [32mBuilding C object CMakeFiles/shuttles__rosidl_generator_py.dir/rosidl_generator_py/shuttles/msg/_msg_erreur_s.c.o[0m
[ 88%] [32mBuilding C object CMakeFiles/shuttles__rosidl_generator_py.dir/rosidl_generator_py/shuttles/srv/_shuttle_id_s.c.o[0m
[ 89%] [32m[1mLinking C shared library libshuttles__rosidl_generator_py.so[0m
[ 89%] Built target shuttles__rosidl_generator_py
[ 91%] [32mBuilding C object CMakeFiles/shuttles_s__rosidl_typesupport_c.dir/rosidl_generator_py/shuttles/_shuttles_s.ep.rosidl_typesupport_c.c.o[0m
[ 92%] [32mBuilding C object CMakeFiles/shuttles_s__rosidl_typesupport_introspection_c.dir/rosidl_generator_py/shuttles/_shuttles_s.ep.rosidl_typesupport_introspection_c.c.o[0m
[ 94%] [32mBuilding C object CMakeFiles/shuttles_s__rosidl_typesupport_fastrtps_c.dir/rosidl_generator_py/shuttles/_shuttles_s.ep.rosidl_typesupport_fastrtps_c.c.o[0m
[ 95%] [32m[1mLinking C shared module rosidl_generator_py/shuttles/shuttles_s__rosidl_typesupport_fastrtps_c.so[0m
[ 97%] [32m[1mLinking C shared module rosidl_generator_py/shuttles/shuttles_s__rosidl_typesupport_c.so[0m
[ 98%] [32m[1mLinking C shared module rosidl_generator_py/shuttles/shuttles_s__rosidl_typesupport_introspection_c.so[0m
[ 98%] Built target shuttles_s__rosidl_typesupport_c
[ 98%] Built target shuttles_s__rosidl_typesupport_fastrtps_c
[ 98%] Built target shuttles_s__rosidl_typesupport_introspection_c
[100%] [32m[1mLinking CXX executable shuttle_manager[0m
[100%] Built target shuttle_manager
-- Install configuration: ""
-- Installing: /home/user/celluleflexible_en_cours_ROS2/celluleflexible/ros_ws/install/shuttles/share/ament_index/resource_index/rosidl_interfaces/shuttles
-- Installing: /home/user/celluleflexible_en_cours_ROS2/celluleflexible/ros_ws/install/shuttles/share/shuttles/msg/MsgShuttleChange.json
-- Installing: /home/user/celluleflexible_en_cours_ROS2/celluleflexible/ros_ws/install/shuttles/share/shuttles/msg/MsgShuttleCreate.json
-- Installing: /home/user/celluleflexible_en_cours_ROS2/celluleflexible/ros_ws/install/shuttles/share/shuttles/msg/MsgErreur.json
-- Installing: /home/user/celluleflexible_en_cours_ROS2/celluleflexible/ros_ws/install/shuttles/share/shuttles/srv/ShuttleId.json
-- Installing: /home/user/celluleflexible_en_cours_ROS2/celluleflexible/ros_ws/install/shuttles/include/shuttles/shuttles
-- Installing: /home/user/celluleflexible_en_cours_ROS2/celluleflexible/ros_ws/install/shuttles/include/shuttles/shuttles/msg
-- Installing: /home/user/celluleflexible_en_cours_ROS2/celluleflexible/ros_ws/install/shuttles/include/shuttles/shuttles/msg/msg_shuttle_create.h
-- Installing: /home/user/celluleflexible_en_cours_ROS2/celluleflexible/ros_ws/install/shuttles/include/shuttles/shuttles/msg/msg_shuttle_change.h
-- Installing: /home/user/celluleflexible_en_cours_ROS2/celluleflexible/ros_ws/install/shuttles/include/shuttles/shuttles/msg/rosidl_generator_c__visibility_control.h
-- Installing: /home/user/celluleflexible_en_cours_ROS2/celluleflexible/ros_ws/install/shuttles/include/shuttles/shuttles/msg/msg_erreur.h
-- Installing: /home/user/celluleflexible_en_cours_ROS2/celluleflexible/ros_ws/install/shuttles/include/shuttles/shuttles/msg/detail
-- Installing: /home/user/celluleflexible_en_cours_ROS2/celluleflexible/ros_ws/install/shuttles/include/shuttles/shuttles/msg/detail/msg_shuttle_change__functions.h
-- Installing: /home/user/celluleflexible_en_cours_ROS2/celluleflexible/ros_ws/install/shuttles/include/shuttles/shuttles/msg/detail/msg_erreur__functions.h
-- Installing: /home/user/celluleflexible_en_cours_ROS2/celluleflexible/ros_ws/install/shuttles/include/shuttles/shuttles/msg/detail/msg_shuttle_create__functions.c
-- Installing: /home/user/celluleflexible_en_cours_ROS2/celluleflexible/ros_ws/install/shuttles/include/shuttles/shuttles/msg/detail/msg_shuttle_create__type_support.c
-- Installing: /home/user/celluleflexible_en_cours_ROS2/celluleflexible/ros_ws/install/shuttles/include/shuttles/shuttles/msg/detail/msg_shuttle_create__struct.h
-- Installing: /home/user/celluleflexible_en_cours_ROS2/celluleflexible/ros_ws/install/shuttles/include/shuttles/shuttles/msg/detail/msg_erreur__type_support.h
-- Installing: /home/user/celluleflexible_en_cours_ROS2/celluleflexible/ros_ws/install/shuttles/include/shuttles/shuttles/msg/detail/msg_shuttle_change__struct.h
-- Installing: /home/user/celluleflexible_en_cours_ROS2/celluleflexible/ros_ws/install/shuttles/include/shuttles/shuttles/msg/detail/msg_erreur__struct.h
-- Installing: /home/user/celluleflexible_en_cours_ROS2/celluleflexible/ros_ws/install/shuttles/include/shuttles/shuttles/msg/detail/msg_shuttle_change__description.c
-- Installing: /home/user/celluleflexible_en_cours_ROS2/celluleflexible/ros_ws/install/shuttles/include/shuttles/shuttles/msg/detail/msg_erreur__functions.c
-- Installing: /home/user/celluleflexible_en_cours_ROS2/celluleflexible/ros_ws/install/shuttles/include/shuttles/shuttles/msg/detail/msg_shuttle_create__description.c
-- Installing: /home/user/celluleflexible_en_cours_ROS2/celluleflexible/ros_ws/install/shuttles/include/shuttles/shuttles/msg/detail/msg_shuttle_change__type_support.c
-- Installing: /home/user/celluleflexible_en_cours_ROS2/celluleflexible/ros_ws/install/shuttles/include/shuttles/shuttles/msg/detail/msg_erreur__description.c
-- Installing: /home/user/celluleflexible_en_cours_ROS2/celluleflexible/ros_ws/install/shuttles/include/shuttles/shuttles/msg/detail/msg_erreur__type_support.c
-- Installing: /home/user/celluleflexible_en_cours_ROS2/celluleflexible/ros_ws/install/shuttles/include/shuttles/shuttles/msg/detail/msg_shuttle_change__type_support.h
-- Installing: /home/user/celluleflexible_en_cours_ROS2/celluleflexible/ros_ws/install/shuttles/include/shuttles/shuttles/msg/detail/msg_shuttle_create__functions.h
-- Installing: /home/user/celluleflexible_en_cours_ROS2/celluleflexible/ros_ws/install/shuttles/include/shuttles/shuttles/msg/detail/msg_shuttle_create__type_support.h
-- Installing: /home/user/celluleflexible_en_cours_ROS2/celluleflexible/ros_ws/install/shuttles/include/shuttles/shuttles/msg/detail/msg_shuttle_change__functions.c
-- Installing: /home/user/celluleflexible_en_cours_ROS2/celluleflexible/ros_ws/install/shuttles/include/shuttles/shuttles/srv
-- Installing: /home/user/celluleflexible_en_cours_ROS2/celluleflexible/ros_ws/install/shuttles/include/shuttles/shuttles/srv/shuttle_id.h
-- Installing: /home/user/celluleflexible_en_cours_ROS2/celluleflexible/ros_ws/install/shuttles/include/shuttles/shuttles/srv/detail
-- Installing: /home/user/celluleflexible_en_cours_ROS2/celluleflexible/ros_ws/install/shuttles/include/shuttles/shuttles/srv/detail/shuttle_id__type_support.c
-- Installing: /home/user/celluleflexible_en_cours_ROS2/celluleflexible/ros_ws/install/shuttles/include/shuttles/shuttles/srv/detail/shuttle_id__struct.h
-- Installing: /home/user/celluleflexible_en_cours_ROS2/celluleflexible/ros_ws/install/shuttles/include/shuttles/shuttles/srv/detail/shuttle_id__functions.c
-- Installing: /home/user/celluleflexible_en_cours_ROS2/celluleflexible/ros_ws/install/shuttles/include/shuttles/shuttles/srv/detail/shuttle_id__functions.h
-- Installing: /home/user/celluleflexible_en_cours_ROS2/celluleflexible/ros_ws/install/shuttles/include/shuttles/shuttles/srv/detail/shuttle_id__type_support.h
-- Installing: /home/user/celluleflexible_en_cours_ROS2/celluleflexible/ros_ws/install/shuttles/include/shuttles/shuttles/srv/detail/shuttle_id__description.c
-- Installing: /home/user/celluleflexible_en_cours_ROS2/celluleflexible/ros_ws/install/shuttles/share/shuttles/environment/library_path.sh
-- Installing: /home/user/celluleflexible_en_cours_ROS2/celluleflexible/ros_ws/install/shuttles/share/shuttles/environment/library_path.dsv
-- Installing: /home/user/celluleflexible_en_cours_ROS2/celluleflexible/ros_ws/install/shuttles/lib/libshuttles__rosidl_generator_c.so
-- Set non-toolchain portion of runtime path of "/home/user/celluleflexible_en_cours_ROS2/celluleflexible/ros_ws/install/shuttles/lib/libshuttles__rosidl_generator_c.so" to ""
-- Up-to-date: /home/user/celluleflexible_en_cours_ROS2/celluleflexible/ros_ws/install/shuttles/include/shuttles/shuttles
-- Up-to-date: /home/user/celluleflexible_en_cours_ROS2/celluleflexible/ros_ws/install/shuttles/include/shuttles/shuttles/msg
-- Installing: /home/user/celluleflexible_en_cours_ROS2/celluleflexible/ros_ws/install/shuttles/include/shuttles/shuttles/msg/rosidl_typesupport_fastrtps_c__visibility_control.h
-- Up-to-date: /home/user/celluleflexible_en_cours_ROS2/celluleflexible/ros_ws/install/shuttles/include/shuttles/shuttles/msg/detail
-- Installing: /home/user/celluleflexible_en_cours_ROS2/celluleflexible/ros_ws/install/shuttles/include/shuttles/shuttles/msg/detail/msg_erreur__rosidl_typesupport_fastrtps_c.h
-- Installing: /home/user/celluleflexible_en_cours_ROS2/celluleflexible/ros_ws/install/shuttles/include/shuttles/shuttles/msg/detail/msg_shuttle_change__rosidl_typesupport_fastrtps_c.h
-- Installing: /home/user/celluleflexible_en_cours_ROS2/celluleflexible/ros_ws/install/shuttles/include/shuttles/shuttles/msg/detail/msg_shuttle_create__rosidl_typesupport_fastrtps_c.h
-- Up-to-date: /home/user/celluleflexible_en_cours_ROS2/celluleflexible/ros_ws/install/shuttles/include/shuttles/shuttles/srv
-- Up-to-date: /home/user/celluleflexible_en_cours_ROS2/celluleflexible/ros_ws/install/shuttles/include/shuttles/shuttles/srv/detail
-- Installing: /home/user/celluleflexible_en_cours_ROS2/celluleflexible/ros_ws/install/shuttles/include/shuttles/shuttles/srv/detail/shuttle_id__rosidl_typesupport_fastrtps_c.h
-- Installing: /home/user/celluleflexible_en_cours_ROS2/celluleflexible/ros_ws/install/shuttles/lib/libshuttles__rosidl_typesupport_fastrtps_c.so
-- Set non-toolchain portion of runtime path of "/home/user/celluleflexible_en_cours_ROS2/celluleflexible/ros_ws/install/shuttles/lib/libshuttles__rosidl_typesupport_fastrtps_c.so" to ""
-- Up-to-date: /home/user/celluleflexible_en_cours_ROS2/celluleflexible/ros_ws/install/shuttles/include/shuttles/shuttles
-- Up-to-date: /home/user/celluleflexible_en_cours_ROS2/celluleflexible/ros_ws/install/shuttles/include/shuttles/shuttles/msg
-- Installing: /home/user/celluleflexible_en_cours_ROS2/celluleflexible/ros_ws/install/shuttles/include/shuttles/shuttles/msg/rosidl_generator_cpp__visibility_control.hpp
-- Installing: /home/user/celluleflexible_en_cours_ROS2/celluleflexible/ros_ws/install/shuttles/include/shuttles/shuttles/msg/msg_shuttle_change.hpp
-- Installing: /home/user/celluleflexible_en_cours_ROS2/celluleflexible/ros_ws/install/shuttles/include/shuttles/shuttles/msg/msg_shuttle_create.hpp
-- Up-to-date: /home/user/celluleflexible_en_cours_ROS2/celluleflexible/ros_ws/install/shuttles/include/shuttles/shuttles/msg/detail
-- Installing: /home/user/celluleflexible_en_cours_ROS2/celluleflexible/ros_ws/install/shuttles/include/shuttles/shuttles/msg/detail/msg_shuttle_change__type_support.hpp
-- Installing: /home/user/celluleflexible_en_cours_ROS2/celluleflexible/ros_ws/install/shuttles/include/shuttles/shuttles/msg/detail/msg_shuttle_change__traits.hpp
-- Installing: /home/user/celluleflexible_en_cours_ROS2/celluleflexible/ros_ws/install/shuttles/include/shuttles/shuttles/msg/detail/msg_shuttle_create__traits.hpp
-- Installing: /home/user/celluleflexible_en_cours_ROS2/celluleflexible/ros_ws/install/shuttles/include/shuttles/shuttles/msg/detail/msg_erreur__traits.hpp
-- Installing: /home/user/celluleflexible_en_cours_ROS2/celluleflexible/ros_ws/install/shuttles/include/shuttles/shuttles/msg/detail/msg_erreur__struct.hpp
-- Installing: /home/user/celluleflexible_en_cours_ROS2/celluleflexible/ros_ws/install/shuttles/include/shuttles/shuttles/msg/detail/msg_erreur__type_support.hpp
-- Installing: /home/user/celluleflexible_en_cours_ROS2/celluleflexible/ros_ws/install/shuttles/include/shuttles/shuttles/msg/detail/msg_shuttle_create__builder.hpp
-- Installing: /home/user/celluleflexible_en_cours_ROS2/celluleflexible/ros_ws/install/shuttles/include/shuttles/shuttles/msg/detail/msg_shuttle_create__type_support.hpp
-- Installing: /home/user/celluleflexible_en_cours_ROS2/celluleflexible/ros_ws/install/shuttles/include/shuttles/shuttles/msg/detail/msg_erreur__builder.hpp
-- Installing: /home/user/celluleflexible_en_cours_ROS2/celluleflexible/ros_ws/install/shuttles/include/shuttles/shuttles/msg/detail/msg_shuttle_change__builder.hpp
-- Installing: /home/user/celluleflexible_en_cours_ROS2/celluleflexible/ros_ws/install/shuttles/include/shuttles/shuttles/msg/detail/msg_shuttle_create__struct.hpp
-- Installing: /home/user/celluleflexible_en_cours_ROS2/celluleflexible/ros_ws/install/shuttles/include/shuttles/shuttles/msg/detail/msg_shuttle_change__struct.hpp
-- Installing: /home/user/celluleflexible_en_cours_ROS2/celluleflexible/ros_ws/install/shuttles/include/shuttles/shuttles/msg/msg_erreur.hpp
-- Up-to-date: /home/user/celluleflexible_en_cours_ROS2/celluleflexible/ros_ws/install/shuttles/include/shuttles/shuttles/srv
-- Installing: /home/user/celluleflexible_en_cours_ROS2/celluleflexible/ros_ws/install/shuttles/include/shuttles/shuttles/srv/shuttle_id.hpp
-- Up-to-date: /home/user/celluleflexible_en_cours_ROS2/celluleflexible/ros_ws/install/shuttles/include/shuttles/shuttles/srv/detail
-- Installing: /home/user/celluleflexible_en_cours_ROS2/celluleflexible/ros_ws/install/shuttles/include/shuttles/shuttles/srv/detail/shuttle_id__type_support.hpp
-- Installing: /home/user/celluleflexible_en_cours_ROS2/celluleflexible/ros_ws/install/shuttles/include/shuttles/shuttles/srv/detail/shuttle_id__struct.hpp
-- Installing: /home/user/celluleflexible_en_cours_ROS2/celluleflexible/ros_ws/install/shuttles/include/shuttles/shuttles/srv/detail/shuttle_id__builder.hpp
-- Installing: /home/user/celluleflexible_en_cours_ROS2/celluleflexible/ros_ws/install/shuttles/include/shuttles/shuttles/srv/detail/shuttle_id__traits.hpp
-- Up-to-date: /home/user/celluleflexible_en_cours_ROS2/celluleflexible/ros_ws/install/shuttles/include/shuttles/shuttles
-- Up-to-date: /home/user/celluleflexible_en_cours_ROS2/celluleflexible/ros_ws/install/shuttles/include/shuttles/shuttles/msg
-- Up-to-date: /home/user/celluleflexible_en_cours_ROS2/celluleflexible/ros_ws/install/shuttles/include/shuttles/shuttles/msg/detail
-- Installing: /home/user/celluleflexible_en_cours_ROS2/celluleflexible/ros_ws/install/shuttles/include/shuttles/shuttles/msg/detail/dds_fastrtps
-- Installing: /home/user/celluleflexible_en_cours_ROS2/celluleflexible/ros_ws/install/shuttles/include/shuttles/shuttles/msg/detail/msg_shuttle_create__rosidl_typesupport_fastrtps_cpp.hpp
-- Installing: /home/user/celluleflexible_en_cours_ROS2/celluleflexible/ros_ws/install/shuttles/include/shuttles/shuttles/msg/detail/msg_shuttle_change__rosidl_typesupport_fastrtps_cpp.hpp
-- Installing: /home/user/celluleflexible_en_cours_ROS2/celluleflexible/ros_ws/install/shuttles/include/shuttles/shuttles/msg/detail/msg_erreur__rosidl_typesupport_fastrtps_cpp.hpp
-- Installing: /home/user/celluleflexible_en_cours_ROS2/celluleflexible/ros_ws/install/shuttles/include/shuttles/shuttles/msg/rosidl_typesupport_fastrtps_cpp__visibility_control.h
-- Up-to-date: /home/user/celluleflexible_en_cours_ROS2/celluleflexible/ros_ws/install/shuttles/include/shuttles/shuttles/srv
-- Up-to-date: /home/user/celluleflexible_en_cours_ROS2/celluleflexible/ros_ws/install/shuttles/include/shuttles/shuttles/srv/detail
-- Installing: /home/user/celluleflexible_en_cours_ROS2/celluleflexible/ros_ws/install/shuttles/include/shuttles/shuttles/srv/detail/shuttle_id__rosidl_typesupport_fastrtps_cpp.hpp
-- Installing: /home/user/celluleflexible_en_cours_ROS2/celluleflexible/ros_ws/install/shuttles/include/shuttles/shuttles/srv/detail/dds_fastrtps
-- Installing: /home/user/celluleflexible_en_cours_ROS2/celluleflexible/ros_ws/install/shuttles/lib/libshuttles__rosidl_typesupport_fastrtps_cpp.so
-- Set non-toolchain portion of runtime path of "/home/user/celluleflexible_en_cours_ROS2/celluleflexible/ros_ws/install/shuttles/lib/libshuttles__rosidl_typesupport_fastrtps_cpp.so" to ""
-- Up-to-date: /home/user/celluleflexible_en_cours_ROS2/celluleflexible/ros_ws/install/shuttles/include/shuttles/shuttles
-- Up-to-date: /home/user/celluleflexible_en_cours_ROS2/celluleflexible/ros_ws/install/shuttles/include/shuttles/shuttles/msg
-- Installing: /home/user/celluleflexible_en_cours_ROS2/celluleflexible/ros_ws/install/shuttles/include/shuttles/shuttles/msg/rosidl_typesupport_introspection_c__visibility_control.h
-- Up-to-date: /home/user/celluleflexible_en_cours_ROS2/celluleflexible/ros_ws/install/shuttles/include/shuttles/shuttles/msg/detail
-- Installing: /home/user/celluleflexible_en_cours_ROS2/celluleflexible/ros_ws/install/shuttles/include/shuttles/shuttles/msg/detail/msg_shuttle_create__type_support.c
-- Installing: /home/user/celluleflexible_en_cours_ROS2/celluleflexible/ros_ws/install/shuttles/include/shuttles/shuttles/msg/detail/msg_shuttle_change__rosidl_typesupport_introspection_c.h
-- Installing: /home/user/celluleflexible_en_cours_ROS2/celluleflexible/ros_ws/install/shuttles/include/shuttles/shuttles/msg/detail/msg_shuttle_change__type_support.c
-- Installing: /home/user/celluleflexible_en_cours_ROS2/celluleflexible/ros_ws/install/shuttles/include/shuttles/shuttles/msg/detail/msg_erreur__type_support.c
-- Installing: /home/user/celluleflexible_en_cours_ROS2/celluleflexible/ros_ws/install/shuttles/include/shuttles/shuttles/msg/detail/msg_shuttle_create__rosidl_typesupport_introspection_c.h
-- Installing: /home/user/celluleflexible_en_cours_ROS2/celluleflexible/ros_ws/install/shuttles/include/shuttles/shuttles/msg/detail/msg_erreur__rosidl_typesupport_introspection_c.h
-- Up-to-date: /home/user/celluleflexible_en_cours_ROS2/celluleflexible/ros_ws/install/shuttles/include/shuttles/shuttles/srv
-- Up-to-date: /home/user/celluleflexible_en_cours_ROS2/celluleflexible/ros_ws/install/shuttles/include/shuttles/shuttles/srv/detail
-- Installing: /home/user/celluleflexible_en_cours_ROS2/celluleflexible/ros_ws/install/shuttles/include/shuttles/shuttles/srv/detail/shuttle_id__type_support.c
-- Installing: /home/user/celluleflexible_en_cours_ROS2/celluleflexible/ros_ws/install/shuttles/include/shuttles/shuttles/srv/detail/shuttle_id__rosidl_typesupport_introspection_c.h
-- Installing: /home/user/celluleflexible_en_cours_ROS2/celluleflexible/ros_ws/install/shuttles/lib/libshuttles__rosidl_typesupport_introspection_c.so
-- Set non-toolchain portion of runtime path of "/home/user/celluleflexible_en_cours_ROS2/celluleflexible/ros_ws/install/shuttles/lib/libshuttles__rosidl_typesupport_introspection_c.so" to ""
-- Installing: /home/user/celluleflexible_en_cours_ROS2/celluleflexible/ros_ws/install/shuttles/lib/libshuttles__rosidl_typesupport_c.so
-- Set non-toolchain portion of runtime path of "/home/user/celluleflexible_en_cours_ROS2/celluleflexible/ros_ws/install/shuttles/lib/libshuttles__rosidl_typesupport_c.so" to ""
-- Up-to-date: /home/user/celluleflexible_en_cours_ROS2/celluleflexible/ros_ws/install/shuttles/include/shuttles/shuttles
-- Up-to-date: /home/user/celluleflexible_en_cours_ROS2/celluleflexible/ros_ws/install/shuttles/include/shuttles/shuttles/msg
-- Up-to-date: /home/user/celluleflexible_en_cours_ROS2/celluleflexible/ros_ws/install/shuttles/include/shuttles/shuttles/msg/detail
-- Installing: /home/user/celluleflexible_en_cours_ROS2/celluleflexible/ros_ws/install/shuttles/include/shuttles/shuttles/msg/detail/msg_shuttle_create__type_support.cpp
-- Installing: /home/user/celluleflexible_en_cours_ROS2/celluleflexible/ros_ws/install/shuttles/include/shuttles/shuttles/msg/detail/msg_erreur__type_support.cpp
-- Installing: /home/user/celluleflexible_en_cours_ROS2/celluleflexible/ros_ws/install/shuttles/include/shuttles/shuttles/msg/detail/msg_erreur__rosidl_typesupport_introspection_cpp.hpp
-- Installing: /home/user/celluleflexible_en_cours_ROS2/celluleflexible/ros_ws/install/shuttles/include/shuttles/shuttles/msg/detail/msg_shuttle_change__rosidl_typesupport_introspection_cpp.hpp
-- Installing: /home/user/celluleflexible_en_cours_ROS2/celluleflexible/ros_ws/install/shuttles/include/shuttles/shuttles/msg/detail/msg_shuttle_create__rosidl_typesupport_introspection_cpp.hpp
-- Installing: /home/user/celluleflexible_en_cours_ROS2/celluleflexible/ros_ws/install/shuttles/include/shuttles/shuttles/msg/detail/msg_shuttle_change__type_support.cpp
-- Up-to-date: /home/user/celluleflexible_en_cours_ROS2/celluleflexible/ros_ws/install/shuttles/include/shuttles/shuttles/srv
-- Up-to-date: /home/user/celluleflexible_en_cours_ROS2/celluleflexible/ros_ws/install/shuttles/include/shuttles/shuttles/srv/detail
-- Installing: /home/user/celluleflexible_en_cours_ROS2/celluleflexible/ros_ws/install/shuttles/include/shuttles/shuttles/srv/detail/shuttle_id__type_support.cpp
-- Installing: /home/user/celluleflexible_en_cours_ROS2/celluleflexible/ros_ws/install/shuttles/include/shuttles/shuttles/srv/detail/shuttle_id__rosidl_typesupport_introspection_cpp.hpp
-- Installing: /home/user/celluleflexible_en_cours_ROS2/celluleflexible/ros_ws/install/shuttles/lib/libshuttles__rosidl_typesupport_introspection_cpp.so
-- Set non-toolchain portion of runtime path of "/home/user/celluleflexible_en_cours_ROS2/celluleflexible/ros_ws/install/shuttles/lib/libshuttles__rosidl_typesupport_introspection_cpp.so" to ""
-- Installing: /home/user/celluleflexible_en_cours_ROS2/celluleflexible/ros_ws/install/shuttles/lib/libshuttles__rosidl_typesupport_cpp.so
-- Set non-toolchain portion of runtime path of "/home/user/celluleflexible_en_cours_ROS2/celluleflexible/ros_ws/install/shuttles/lib/libshuttles__rosidl_typesupport_cpp.so" to ""
-- Installing: /home/user/celluleflexible_en_cours_ROS2/celluleflexible/ros_ws/install/shuttles/share/shuttles/environment/pythonpath.sh
-- Installing: /home/user/celluleflexible_en_cours_ROS2/celluleflexible/ros_ws/install/shuttles/share/shuttles/environment/pythonpath.dsv
-- Installing: /home/user/celluleflexible_en_cours_ROS2/celluleflexible/ros_ws/install/shuttles/lib/python3.12/site-packages/shuttles-0.0.0-py3.12.egg-info
-- Installing: /home/user/celluleflexible_en_cours_ROS2/celluleflexible/ros_ws/install/shuttles/lib/python3.12/site-packages/shuttles-0.0.0-py3.12.egg-info/SOURCES.txt
-- Installing: /home/user/celluleflexible_en_cours_ROS2/celluleflexible/ros_ws/install/shuttles/lib/python3.12/site-packages/shuttles-0.0.0-py3.12.egg-info/top_level.txt
-- Installing: /home/user/celluleflexible_en_cours_ROS2/celluleflexible/ros_ws/install/shuttles/lib/python3.12/site-packages/shuttles-0.0.0-py3.12.egg-info/PKG-INFO
-- Installing: /home/user/celluleflexible_en_cours_ROS2/celluleflexible/ros_ws/install/shuttles/lib/python3.12/site-packages/shuttles-0.0.0-py3.12.egg-info/dependency_links.txt
-- Installing: /home/user/celluleflexible_en_cours_ROS2/celluleflexible/ros_ws/install/shuttles/lib/python3.12/site-packages/shuttles
-- Installing: /home/user/celluleflexible_en_cours_ROS2/celluleflexible/ros_ws/install/shuttles/lib/python3.12/site-packages/shuttles/shuttles_s__rosidl_typesupport_introspection_c.so
-- Installing: /home/user/celluleflexible_en_cours_ROS2/celluleflexible/ros_ws/install/shuttles/lib/python3.12/site-packages/shuttles/_shuttles_s.ep.rosidl_typesupport_c.c
-- Installing: /home/user/celluleflexible_en_cours_ROS2/celluleflexible/ros_ws/install/shuttles/lib/python3.12/site-packages/shuttles/msg
-- Installing: /home/user/celluleflexible_en_cours_ROS2/celluleflexible/ros_ws/install/shuttles/lib/python3.12/site-packages/shuttles/msg/_msg_shuttle_change.py
-- Installing: /home/user/celluleflexible_en_cours_ROS2/celluleflexible/ros_ws/install/shuttles/lib/python3.12/site-packages/shuttles/msg/_msg_erreur.py
-- Installing: /home/user/celluleflexible_en_cours_ROS2/celluleflexible/ros_ws/install/shuttles/lib/python3.12/site-packages/shuttles/msg/__init__.py
-- Installing: /home/user/celluleflexible_en_cours_ROS2/celluleflexible/ros_ws/install/shuttles/lib/python3.12/site-packages/shuttles/msg/_msg_shuttle_create_s.c
-- Installing: /home/user/celluleflexible_en_cours_ROS2/celluleflexible/ros_ws/install/shuttles/lib/python3.12/site-packages/shuttles/msg/_msg_erreur_s.c
-- Installing: /home/user/celluleflexible_en_cours_ROS2/celluleflexible/ros_ws/install/shuttles/lib/python3.12/site-packages/shuttles/msg/_msg_shuttle_create.py
-- Installing: /home/user/celluleflexible_en_cours_ROS2/celluleflexible/ros_ws/install/shuttles/lib/python3.12/site-packages/shuttles/msg/_msg_shuttle_change_s.c
-- Installing: /home/user/celluleflexible_en_cours_ROS2/celluleflexible/ros_ws/install/shuttles/lib/python3.12/site-packages/shuttles/shuttles_s__rosidl_typesupport_c.so
-- Installing: /home/user/celluleflexible_en_cours_ROS2/celluleflexible/ros_ws/install/shuttles/lib/python3.12/site-packages/shuttles/__init__.py
-- Installing: /home/user/celluleflexible_en_cours_ROS2/celluleflexible/ros_ws/install/shuttles/lib/python3.12/site-packages/shuttles/_shuttles_s.ep.rosidl_typesupport_fastrtps_c.c
-- Installing: /home/user/celluleflexible_en_cours_ROS2/celluleflexible/ros_ws/install/shuttles/lib/python3.12/site-packages/shuttles/srv
-- Installing: /home/user/celluleflexible_en_cours_ROS2/celluleflexible/ros_ws/install/shuttles/lib/python3.12/site-packages/shuttles/srv/__init__.py
-- Installing: /home/user/celluleflexible_en_cours_ROS2/celluleflexible/ros_ws/install/shuttles/lib/python3.12/site-packages/shuttles/srv/_shuttle_id.py
-- Installing: /home/user/celluleflexible_en_cours_ROS2/celluleflexible/ros_ws/install/shuttles/lib/python3.12/site-packages/shuttles/srv/_shuttle_id_s.c
-- Installing: /home/user/celluleflexible_en_cours_ROS2/celluleflexible/ros_ws/install/shuttles/lib/python3.12/site-packages/shuttles/_shuttles_s.ep.rosidl_typesupport_introspection_c.c
-- Installing: /home/user/celluleflexible_en_cours_ROS2/celluleflexible/ros_ws/install/shuttles/lib/python3.12/site-packages/shuttles/shuttles_s__rosidl_typesupport_fastrtps_c.so
Listing '/home/user/celluleflexible_en_cours_ROS2/celluleflexible/ros_ws/install/shuttles/lib/python3.12/site-packages/shuttles'...
Compiling '/home/user/celluleflexible_en_cours_ROS2/celluleflexible/ros_ws/install/shuttles/lib/python3.12/site-packages/shuttles/__init__.py'...
Listing '/home/user/celluleflexible_en_cours_ROS2/celluleflexible/ros_ws/install/shuttles/lib/python3.12/site-packages/shuttles/msg'...
Compiling '/home/user/celluleflexible_en_cours_ROS2/celluleflexible/ros_ws/install/shuttles/lib/python3.12/site-packages/shuttles/msg/__init__.py'...
Compiling '/home/user/celluleflexible_en_cours_ROS2/celluleflexible/ros_ws/install/shuttles/lib/python3.12/site-packages/shuttles/msg/_msg_erreur.py'...
Compiling '/home/user/celluleflexible_en_cours_ROS2/celluleflexible/ros_ws/install/shuttles/lib/python3.12/site-packages/shuttles/msg/_msg_shuttle_change.py'...
Compiling '/home/user/celluleflexible_en_cours_ROS2/celluleflexible/ros_ws/install/shuttles/lib/python3.12/site-packages/shuttles/msg/_msg_shuttle_create.py'...
Listing '/home/user/celluleflexible_en_cours_ROS2/celluleflexible/ros_ws/install/shuttles/lib/python3.12/site-packages/shuttles/srv'...
Compiling '/home/user/celluleflexible_en_cours_ROS2/celluleflexible/ros_ws/install/shuttles/lib/python3.12/site-packages/shuttles/srv/__init__.py'...
Compiling '/home/user/celluleflexible_en_cours_ROS2/celluleflexible/ros_ws/install/shuttles/lib/python3.12/site-packages/shuttles/srv/_shuttle_id.py'...
-- Installing: /home/user/celluleflexible_en_cours_ROS2/celluleflexible/ros_ws/install/shuttles/lib/python3.12/site-packages/shuttles/shuttles_s__rosidl_typesupport_fastrtps_c.so
-- Set non-toolchain portion of runtime path of "/home/user/celluleflexible_en_cours_ROS2/celluleflexible/ros_ws/install/shuttles/lib/python3.12/site-packages/shuttles/shuttles_s__rosidl_typesupport_fastrtps_c.so" to ""
-- Installing: /home/user/celluleflexible_en_cours_ROS2/celluleflexible/ros_ws/install/shuttles/lib/python3.12/site-packages/shuttles/shuttles_s__rosidl_typesupport_introspection_c.so
-- Set non-toolchain portion of runtime path of "/home/user/celluleflexible_en_cours_ROS2/celluleflexible/ros_ws/install/shuttles/lib/python3.12/site-packages/shuttles/shuttles_s__rosidl_typesupport_introspection_c.so" to ""
-- Installing: /home/user/celluleflexible_en_cours_ROS2/celluleflexible/ros_ws/install/shuttles/lib/python3.12/site-packages/shuttles/shuttles_s__rosidl_typesupport_c.so
-- Set non-toolchain portion of runtime path of "/home/user/celluleflexible_en_cours_ROS2/celluleflexible/ros_ws/install/shuttles/lib/python3.12/site-packages/shuttles/shuttles_s__rosidl_typesupport_c.so" to ""
-- Installing: /home/user/celluleflexible_en_cours_ROS2/celluleflexible/ros_ws/install/shuttles/lib/libshuttles__rosidl_generator_py.so
-- Set non-toolchain portion of runtime path of "/home/user/celluleflexible_en_cours_ROS2/celluleflexible/ros_ws/install/shuttles/lib/libshuttles__rosidl_generator_py.so" to ""
-- Installing: /home/user/celluleflexible_en_cours_ROS2/celluleflexible/ros_ws/install/shuttles/share/shuttles/msg/MsgShuttleChange.idl
-- Installing: /home/user/celluleflexible_en_cours_ROS2/celluleflexible/ros_ws/install/shuttles/share/shuttles/msg/MsgShuttleCreate.idl
-- Installing: /home/user/celluleflexible_en_cours_ROS2/celluleflexible/ros_ws/install/shuttles/share/shuttles/msg/MsgErreur.idl
-- Installing: /home/user/celluleflexible_en_cours_ROS2/celluleflexible/ros_ws/install/shuttles/share/shuttles/srv/ShuttleId.idl
-- Installing: /home/user/celluleflexible_en_cours_ROS2/celluleflexible/ros_ws/install/shuttles/share/shuttles/msg/MsgShuttleChange.msg
-- Installing: /home/user/celluleflexible_en_cours_ROS2/celluleflexible/ros_ws/install/shuttles/share/shuttles/msg/MsgShuttleCreate.msg
-- Installing: /home/user/celluleflexible_en_cours_ROS2/celluleflexible/ros_ws/install/shuttles/share/shuttles/msg/MsgErreur.msg
-- Installing: /home/user/celluleflexible_en_cours_ROS2/celluleflexible/ros_ws/install/shuttles/share/shuttles/srv/ShuttleId.srv
-- Installing: /home/user/celluleflexible_en_cours_ROS2/celluleflexible/ros_ws/install/shuttles/lib/shuttles/shuttle_manager
-- Set non-toolchain portion of runtime path of "/home/user/celluleflexible_en_cours_ROS2/celluleflexible/ros_ws/install/shuttles/lib/shuttles/shuttle_manager" to ""
-- Installing: /home/user/celluleflexible_en_cours_ROS2/celluleflexible/ros_ws/install/shuttles/share/ament_index/resource_index/package_run_dependencies/shuttles
-- Installing: /home/user/celluleflexible_en_cours_ROS2/celluleflexible/ros_ws/install/shuttles/share/ament_index/resource_index/parent_prefix_path/shuttles
-- Installing: /home/user/celluleflexible_en_cours_ROS2/celluleflexible/ros_ws/install/shuttles/share/shuttles/environment/ament_prefix_path.sh
-- Installing: /home/user/celluleflexible_en_cours_ROS2/celluleflexible/ros_ws/install/shuttles/share/shuttles/environment/ament_prefix_path.dsv
-- Installing: /home/user/celluleflexible_en_cours_ROS2/celluleflexible/ros_ws/install/shuttles/share/shuttles/environment/path.sh
-- Installing: /home/user/celluleflexible_en_cours_ROS2/celluleflexible/ros_ws/install/shuttles/share/shuttles/environment/path.dsv
-- Installing: /home/user/celluleflexible_en_cours_ROS2/celluleflexible/ros_ws/install/shuttles/share/shuttles/local_setup.bash
-- Installing: /home/user/celluleflexible_en_cours_ROS2/celluleflexible/ros_ws/install/shuttles/share/shuttles/local_setup.sh
-- Installing: /home/user/celluleflexible_en_cours_ROS2/celluleflexible/ros_ws/install/shuttles/share/shuttles/local_setup.zsh
-- Installing: /home/user/celluleflexible_en_cours_ROS2/celluleflexible/ros_ws/install/shuttles/share/shuttles/local_setup.dsv
-- Installing: /home/user/celluleflexible_en_cours_ROS2/celluleflexible/ros_ws/install/shuttles/share/shuttles/package.dsv
-- Installing: /home/user/celluleflexible_en_cours_ROS2/celluleflexible/ros_ws/install/shuttles/share/ament_index/resource_index/packages/shuttles
-- Installing: /home/user/celluleflexible_en_cours_ROS2/celluleflexible/ros_ws/install/shuttles/share/shuttles/cmake/export_shuttles__rosidl_generator_cExport.cmake
-- Installing: /home/user/celluleflexible_en_cours_ROS2/celluleflexible/ros_ws/install/shuttles/share/shuttles/cmake/export_shuttles__rosidl_generator_cExport-noconfig.cmake
-- Installing: /home/user/celluleflexible_en_cours_ROS2/celluleflexible/ros_ws/install/shuttles/share/shuttles/cmake/export_shuttles__rosidl_typesupport_fastrtps_cExport.cmake
-- Installing: /home/user/celluleflexible_en_cours_ROS2/celluleflexible/ros_ws/install/shuttles/share/shuttles/cmake/export_shuttles__rosidl_typesupport_fastrtps_cExport-noconfig.cmake
-- Installing: /home/user/celluleflexible_en_cours_ROS2/celluleflexible/ros_ws/install/shuttles/share/shuttles/cmake/export_shuttles__rosidl_generator_cppExport.cmake
-- Installing: /home/user/celluleflexible_en_cours_ROS2/celluleflexible/ros_ws/install/shuttles/share/shuttles/cmake/export_shuttles__rosidl_typesupport_fastrtps_cppExport.cmake
-- Installing: /home/user/celluleflexible_en_cours_ROS2/celluleflexible/ros_ws/install/shuttles/share/shuttles/cmake/export_shuttles__rosidl_typesupport_fastrtps_cppExport-noconfig.cmake
-- Installing: /home/user/celluleflexible_en_cours_ROS2/celluleflexible/ros_ws/install/shuttles/share/shuttles/cmake/shuttles__rosidl_typesupport_introspection_cExport.cmake
-- Installing: /home/user/celluleflexible_en_cours_ROS2/celluleflexible/ros_ws/install/shuttles/share/shuttles/cmake/shuttles__rosidl_typesupport_introspection_cExport-noconfig.cmake
-- Installing: /home/user/celluleflexible_en_cours_ROS2/celluleflexible/ros_ws/install/shuttles/share/shuttles/cmake/shuttles__rosidl_typesupport_cExport.cmake
-- Installing: /home/user/celluleflexible_en_cours_ROS2/celluleflexible/ros_ws/install/shuttles/share/shuttles/cmake/shuttles__rosidl_typesupport_cExport-noconfig.cmake
-- Installing: /home/user/celluleflexible_en_cours_ROS2/celluleflexible/ros_ws/install/shuttles/share/shuttles/cmake/shuttles__rosidl_typesupport_introspection_cppExport.cmake
-- Installing: /home/user/celluleflexible_en_cours_ROS2/celluleflexible/ros_ws/install/shuttles/share/shuttles/cmake/shuttles__rosidl_typesupport_introspection_cppExport-noconfig.cmake
-- Installing: /home/user/celluleflexible_en_cours_ROS2/celluleflexible/ros_ws/install/shuttles/share/shuttles/cmake/shuttles__rosidl_typesupport_cppExport.cmake
-- Installing: /home/user/celluleflexible_en_cours_ROS2/celluleflexible/ros_ws/install/shuttles/share/shuttles/cmake/shuttles__rosidl_typesupport_cppExport-noconfig.cmake
-- Installing: /home/user/celluleflexible_en_cours_ROS2/celluleflexible/ros_ws/install/shuttles/share/shuttles/cmake/export_shuttles__rosidl_generator_pyExport.cmake
-- Installing: /home/user/celluleflexible_en_cours_ROS2/celluleflexible/ros_ws/install/shuttles/share/shuttles/cmake/export_shuttles__rosidl_generator_pyExport-noconfig.cmake
-- Installing: /home/user/celluleflexible_en_cours_ROS2/celluleflexible/ros_ws/install/shuttles/share/shuttles/cmake/rosidl_cmake-extras.cmake
-- Installing: /home/user/celluleflexible_en_cours_ROS2/celluleflexible/ros_ws/install/shuttles/share/shuttles/cmake/ament_cmake_export_dependencies-extras.cmake
-- Installing: /home/user/celluleflexible_en_cours_ROS2/celluleflexible/ros_ws/install/shuttles/share/shuttles/cmake/ament_cmake_export_include_directories-extras.cmake
-- Installing: /home/user/celluleflexible_en_cours_ROS2/celluleflexible/ros_ws/install/shuttles/share/shuttles/cmake/ament_cmake_export_libraries-extras.cmake
-- Installing: /home/user/celluleflexible_en_cours_ROS2/celluleflexible/ros_ws/install/shuttles/share/shuttles/cmake/ament_cmake_export_targets-extras.cmake
-- Installing: /home/user/celluleflexible_en_cours_ROS2/celluleflexible/ros_ws/install/shuttles/share/shuttles/cmake/rosidl_cmake_export_typesupport_targets-extras.cmake
-- Installing: /home/user/celluleflexible_en_cours_ROS2/celluleflexible/ros_ws/install/shuttles/share/shuttles/cmake/rosidl_cmake_export_typesupport_libraries-extras.cmake
-- Installing: /home/user/celluleflexible_en_cours_ROS2/celluleflexible/ros_ws/install/shuttles/share/shuttles/cmake/shuttlesConfig.cmake
-- Installing: /home/user/celluleflexible_en_cours_ROS2/celluleflexible/ros_ws/install/shuttles/share/shuttles/cmake/shuttlesConfig-version.cmake
-- Installing: /home/user/celluleflexible_en_cours_ROS2/celluleflexible/ros_ws/install/shuttles/share/shuttles/package.xml
