[0.012s] Invoking command in '/home/user/celluleflexible_en_cours_ROS2/celluleflexible/ros_ws/build/shuttles': AMENT_PREFIX_PATH=/home/user/celluleflexible_en_cours_ROS2/celluleflexible/ros_ws/install/aiguillages:${AMENT_PREFIX_PATH} CMAKE_PREFIX_PATH=/home/user/celluleflexible_en_cours_ROS2/celluleflexible/ros_ws/install/aiguillages:/opt/ros/jazzy/opt/gz_math_vendor:/opt/ros/jazzy/opt/gz_utils_vendor:/opt/ros/jazzy/opt/gz_cmake_vendor:/opt/ros/jazzy DEBUGINFOD_URLS=https://debuginfod.ubuntu.com LD_LIBRARY_PATH=/home/user/celluleflexible_en_cours_ROS2/celluleflexible/ros_ws/install/aiguillages/lib:${LD_LIBRARY_PATH} PYTHONPATH=/home/user/celluleflexible_en_cours_ROS2/celluleflexible/ros_ws/install/aiguillages/lib/python3.12/site-packages:${PYTHONPATH} /usr/bin/cmake /home/user/celluleflexible_en_cours_ROS2/celluleflexible/ros_ws/src/shuttles -DCMAKE_INSTALL_PREFIX=/home/user/celluleflexible_en_cours_ROS2/celluleflexible/ros_ws/install/shuttles
[0.058s] -- The C compiler identification is GNU 13.3.0
[0.105s] -- The CXX compiler identification is GNU 13.3.0
[0.121s] -- Detecting C compiler ABI info
[0.216s] -- Detecting C compiler ABI info - done
[0.216s] -- Check for working C compiler: /usr/bin/cc - skipped
[0.217s] -- Detecting C compile features
[0.217s] -- Detecting C compile features - done
[0.227s] -- Detecting CXX compiler ABI info
[0.315s] -- Detecting CXX compiler ABI info - done
[0.322s] -- Check for working CXX compiler: /usr/bin/c++ - skipped
[0.323s] -- Detecting CXX compile features
[0.323s] -- Detecting CXX compile features - done
[0.324s] -- Found ament_cmake: 2.5.5 (/opt/ros/jazzy/share/ament_cmake/cmake)
[0.424s] -- Found Python3: /usr/bin/python3 (found version "3.12.3") found components: Interpreter 
[0.479s] -- Found rclcpp: 28.1.16 (/opt/ros/jazzy/share/rclcpp/cmake)
[0.503s] -- Found rosidl_generator_c: 4.6.7 (/opt/ros/jazzy/share/rosidl_generator_c/cmake)
[0.509s] -- Found rosidl_generator_cpp: 4.6.7 (/opt/ros/jazzy/share/rosidl_generator_cpp/cmake)
[0.515s] -- Using all available rosidl_typesupport_c: rosidl_typesupport_fastrtps_c;rosidl_typesupport_introspection_c
[0.527s] -- Using all available rosidl_typesupport_cpp: rosidl_typesupport_fastrtps_cpp;rosidl_typesupport_introspection_cpp
[0.566s] -- Found rmw_implementation_cmake: 7.3.3 (/opt/ros/jazzy/share/rmw_implementation_cmake/cmake)
[0.566s] -- Found rmw_fastrtps_cpp: 8.4.3 (/opt/ros/jazzy/share/rmw_fastrtps_cpp/cmake)
[0.648s] -- Found OpenSSL: /usr/lib/x86_64-linux-gnu/libcrypto.so (found version "3.0.13")  
[0.661s] -- Found FastRTPS: /opt/ros/jazzy/include (Required is at least version "2.13") 
[0.678s] -- Using RMW implementation 'rmw_fastrtps_cpp' as default
[0.718s] -- Found std_msgs: 5.3.6 (/opt/ros/jazzy/share/std_msgs/cmake)
[0.726s] -- Found rosidl_default_generators: 1.6.0 (/opt/ros/jazzy/share/rosidl_default_generators/cmake)
[0.732s] -- Found rosidl_adapter: 4.6.7 (/opt/ros/jazzy/share/rosidl_adapter/cmake)
[0.734s] -- Found aiguillages: 3.1.2 (/home/user/celluleflexible_en_cours_ROS2/celluleflexible/ros_ws/install/aiguillages/share/aiguillages/cmake)
[1.148s] -- Found ament_cmake_ros: 0.12.0 (/opt/ros/jazzy/share/ament_cmake_ros/cmake)
[1.680s] -- Using all available rosidl_typesupport_c: rosidl_typesupport_fastrtps_c;rosidl_typesupport_introspection_c
[1.885s] -- Using all available rosidl_typesupport_cpp: rosidl_typesupport_fastrtps_cpp;rosidl_typesupport_introspection_cpp
[1.887s] -- Found python_cmake_module: 0.11.1 (/opt/ros/jazzy/share/python_cmake_module/cmake)
[1.985s] -- Found PythonExtra: /usr/bin/python3  
[2.271s] -- Found Python3: /usr/bin/python3 (found version "3.12.3") found components: Interpreter Development NumPy Development.Module Development.Embed 
[2.306s] -- Configuring done (2.3s)
[2.335s] -- Generating done (0.0s)
[2.343s] -- Build files have been written to: /home/user/celluleflexible_en_cours_ROS2/celluleflexible/ros_ws/build/shuttles
[2.354s] Invoked command in '/home/user/celluleflexible_en_cours_ROS2/celluleflexible/ros_ws/build/shuttles' returned '0': AMENT_PREFIX_PATH=/home/user/celluleflexible_en_cours_ROS2/celluleflexible/ros_ws/install/aiguillages:${AMENT_PREFIX_PATH} CMAKE_PREFIX_PATH=/home/user/celluleflexible_en_cours_ROS2/celluleflexible/ros_ws/install/aiguillages:/opt/ros/jazzy/opt/gz_math_vendor:/opt/ros/jazzy/opt/gz_utils_vendor:/opt/ros/jazzy/opt/gz_cmake_vendor:/opt/ros/jazzy DEBUGINFOD_URLS=https://debuginfod.ubuntu.com LD_LIBRARY_PATH=/home/user/celluleflexible_en_cours_ROS2/celluleflexible/ros_ws/install/aiguillages/lib:${LD_LIBRARY_PATH} PYTHONPATH=/home/user/celluleflexible_en_cours_ROS2/celluleflexible/ros_ws/install/aiguillages/lib/python3.12/site-packages:${PYTHONPATH} /usr/bin/cmake /home/user/celluleflexible_en_cours_ROS2/celluleflexible/ros_ws/src/shuttles -DCMAKE_INSTALL_PREFIX=/home/user/celluleflexible_en_cours_ROS2/celluleflexible/ros_ws/install/shuttles
[2.355s] Invoking command in '/home/user/celluleflexible_en_cours_ROS2/celluleflexible/ros_ws/build/shuttles': AMENT_PREFIX_PATH=/home/user/celluleflexible_en_cours_ROS2/celluleflexible/ros_ws/install/aiguillages:${AMENT_PREFIX_PATH} CMAKE_PREFIX_PATH=/home/user/celluleflexible_en_cours_ROS2/celluleflexible/ros_ws/install/aiguillages:/opt/ros/jazzy/opt/gz_math_vendor:/opt/ros/jazzy/opt/gz_utils_vendor:/opt/ros/jazzy/opt/gz_cmake_vendor:/opt/ros/jazzy DEBUGINFOD_URLS=https://debuginfod.ubuntu.com LD_LIBRARY_PATH=/home/user/celluleflexible_en_cours_ROS2/celluleflexible/ros_ws/install/aiguillages/lib:${LD_LIBRARY_PATH} PYTHONPATH=/home/user/celluleflexible_en_cours_ROS2/celluleflexible/ros_ws/install/aiguillages/lib/python3.12/site-packages:${PYTHONPATH} /usr/bin/cmake --build /home/user/celluleflexible_en_cours_ROS2/celluleflexible/ros_ws/build/shuttles -- -j8 -l8
[2.401s] [  1%] [34m[1mGenerating type hashes for ROS interfaces[0m
[2.410s] [  1%] Built target ament_cmake_python_copy_shuttles
[2.540s] [  1%] Built target shuttles__rosidl_generator_type_description
[2.553s] [  2%] [34m[1mGenerating C code for ROS interfaces[0m
[2.558s] running egg_info
[2.558s] creating shuttles.egg-info
[2.566s] [  4%] [34m[1mGenerating C++ code for ROS interfaces[0m
[2.604s] writing shuttles.egg-info/PKG-INFO
[2.604s] writing dependency_links to shuttles.egg-info/dependency_links.txt
[2.604s] writing top-level names to shuttles.egg-info/top_level.txt
[2.605s] writing manifest file 'shuttles.egg-info/SOURCES.txt'
[2.605s] reading manifest file 'shuttles.egg-info/SOURCES.txt'
[2.605s] writing manifest file 'shuttles.egg-info/SOURCES.txt'
[2.620s] [  4%] Built target ament_cmake_python_build_shuttles_egg
[2.798s] [  4%] Built target shuttles__cpp
[2.854s] [  5%] [32mBuilding C object CMakeFiles/shuttles__rosidl_generator_c.dir/rosidl_generator_c/shuttles/msg/detail/msg_shuttle_change__description.c.o[0m
[2.854s] [  7%] [32mBuilding C object CMakeFiles/shuttles__rosidl_generator_c.dir/rosidl_generator_c/shuttles/msg/detail/msg_shuttle_create__description.c.o[0m
[2.858s] [ 10%] [32mBuilding C object CMakeFiles/shuttles__rosidl_generator_c.dir/rosidl_generator_c/shuttles/msg/detail/msg_shuttle_create__functions.c.o[0m
[2.858s] [  8%] [32mBuilding C object CMakeFiles/shuttles__rosidl_generator_c.dir/rosidl_generator_c/shuttles/msg/detail/msg_shuttle_change__type_support.c.o[0m
[2.858s] [ 13%] [32mBuilding C object CMakeFiles/shuttles__rosidl_generator_c.dir/rosidl_generator_c/shuttles/msg/detail/msg_erreur__description.c.o[0m
[2.858s] [ 11%] [32mBuilding C object CMakeFiles/shuttles__rosidl_generator_c.dir/rosidl_generator_c/shuttles/msg/detail/msg_shuttle_change__functions.c.o[0m
[2.876s] [ 14%] [32mBuilding C object CMakeFiles/shuttles__rosidl_generator_c.dir/rosidl_generator_c/shuttles/msg/detail/msg_erreur__functions.c.o[0m
[2.876s] [ 16%] [32mBuilding C object CMakeFiles/shuttles__rosidl_generator_c.dir/rosidl_generator_c/shuttles/msg/detail/msg_shuttle_create__type_support.c.o[0m
[2.881s] [ 17%] [32mBuilding C object CMakeFiles/shuttles__rosidl_generator_c.dir/rosidl_generator_c/shuttles/msg/detail/msg_erreur__type_support.c.o[0m
[2.881s] [ 20%] [32mBuilding C object CMakeFiles/shuttles__rosidl_generator_c.dir/rosidl_generator_c/shuttles/srv/detail/shuttle_id__description.c.o[0m
[2.881s] [ 20%] [32mBuilding C object CMakeFiles/shuttles__rosidl_generator_c.dir/rosidl_generator_c/shuttles/srv/detail/shuttle_id__functions.c.o[0m
[2.889s] [ 22%] [32mBuilding C object CMakeFiles/shuttles__rosidl_generator_c.dir/rosidl_generator_c/shuttles/srv/detail/shuttle_id__type_support.c.o[0m
[2.942s] [ 23%] [32m[1mLinking C shared library libshuttles__rosidl_generator_c.so[0m
[2.978s] [ 23%] Built target shuttles__rosidl_generator_c
[2.990s] [ 26%] [34m[1mGenerating C type support for eProsima Fast-RTPS[0m
[3.020s] [ 27%] [34m[1mGenerating C++ type support for eProsima Fast-RTPS[0m
[3.021s] [ 26%] [34m[1mGenerating C++ type support dispatch for ROS interfaces[0m
[3.021s] [ 29%] [34m[1mGenerating C type support dispatch for ROS interfaces[0m
[3.021s] [ 30%] [34m[1mGenerating C introspection for ROS interfaces[0m
[3.021s] [ 32%] [34m[1mGenerating C++ introspection for ROS interfaces[0m
[3.177s] [ 33%] [32mBuilding CXX object CMakeFiles/shuttles__rosidl_typesupport_c.dir/rosidl_typesupport_c/shuttles/msg/msg_shuttle_create__type_support.cpp.o[0m
[3.180s] [ 35%] [32mBuilding CXX object CMakeFiles/shuttles__rosidl_typesupport_c.dir/rosidl_typesupport_c/shuttles/msg/msg_shuttle_change__type_support.cpp.o[0m
[3.183s] [ 38%] [32mBuilding CXX object CMakeFiles/shuttles__rosidl_typesupport_cpp.dir/rosidl_typesupport_cpp/shuttles/msg/msg_shuttle_create__type_support.cpp.o[0m
[3.183s] [ 36%] [32mBuilding CXX object CMakeFiles/shuttles__rosidl_typesupport_cpp.dir/rosidl_typesupport_cpp/shuttles/msg/msg_shuttle_change__type_support.cpp.o[0m
[3.196s] [ 39%] [32mBuilding CXX object CMakeFiles/shuttles__rosidl_typesupport_introspection_cpp.dir/rosidl_typesupport_introspection_cpp/shuttles/msg/detail/msg_shuttle_change__type_support.cpp.o[0m
[3.217s] [ 41%] [32mBuilding CXX object CMakeFiles/shuttles__rosidl_typesupport_c.dir/rosidl_typesupport_c/shuttles/msg/msg_erreur__type_support.cpp.o[0m
[3.218s] [ 42%] [32mBuilding C object CMakeFiles/shuttles__rosidl_typesupport_introspection_c.dir/rosidl_typesupport_introspection_c/shuttles/msg/detail/msg_shuttle_change__type_support.c.o[0m
[3.241s] [ 44%] [32mBuilding CXX object CMakeFiles/shuttles__rosidl_typesupport_cpp.dir/rosidl_typesupport_cpp/shuttles/msg/msg_erreur__type_support.cpp.o[0m
[3.288s] [ 45%] [32mBuilding C object CMakeFiles/shuttles__rosidl_typesupport_introspection_c.dir/rosidl_typesupport_introspection_c/shuttles/msg/detail/msg_shuttle_create__type_support.c.o[0m
[3.291s] [ 47%] [32mBuilding CXX object CMakeFiles/shuttles__rosidl_typesupport_c.dir/rosidl_typesupport_c/shuttles/srv/shuttle_id__type_support.cpp.o[0m
[3.355s] [ 48%] [32mBuilding CXX object CMakeFiles/shuttles__rosidl_typesupport_fastrtps_cpp.dir/rosidl_typesupport_fastrtps_cpp/shuttles/msg/detail/dds_fastrtps/msg_shuttle_change__type_support.cpp.o[0m
[3.363s] [ 50%] [32mBuilding CXX object CMakeFiles/shuttles__rosidl_typesupport_fastrtps_c.dir/rosidl_typesupport_fastrtps_c/shuttles/msg/detail/msg_shuttle_change__type_support_c.cpp.o[0m
[3.363s] [ 51%] [32mBuilding C object CMakeFiles/shuttles__rosidl_typesupport_introspection_c.dir/rosidl_typesupport_introspection_c/shuttles/msg/detail/msg_erreur__type_support.c.o[0m
[3.375s] [ 52%] [32m[1mLinking CXX shared library libshuttles__rosidl_typesupport_c.so[0m
[3.398s] [ 54%] [32mBuilding CXX object CMakeFiles/shuttles__rosidl_typesupport_cpp.dir/rosidl_typesupport_cpp/shuttles/srv/shuttle_id__type_support.cpp.o[0m
[3.444s] [ 54%] Built target shuttles__rosidl_typesupport_c
[3.466s] [ 55%] [32mBuilding C object CMakeFiles/shuttles__rosidl_typesupport_introspection_c.dir/rosidl_typesupport_introspection_c/shuttles/srv/detail/shuttle_id__type_support.c.o[0m
[3.476s] [ 57%] [32mBuilding CXX object CMakeFiles/shuttles__rosidl_typesupport_introspection_cpp.dir/rosidl_typesupport_introspection_cpp/shuttles/msg/detail/msg_shuttle_create__type_support.cpp.o[0m
[3.484s] [ 58%] [32mBuilding CXX object CMakeFiles/shuttles__rosidl_typesupport_introspection_cpp.dir/rosidl_typesupport_introspection_cpp/shuttles/msg/detail/msg_erreur__type_support.cpp.o[0m
[3.499s] [ 60%] [32mBuilding CXX object CMakeFiles/shuttles__rosidl_typesupport_introspection_cpp.dir/rosidl_typesupport_introspection_cpp/shuttles/srv/detail/shuttle_id__type_support.cpp.o[0m
[3.537s] [ 61%] [32mBuilding CXX object CMakeFiles/shuttles__rosidl_typesupport_fastrtps_cpp.dir/rosidl_typesupport_fastrtps_cpp/shuttles/msg/detail/dds_fastrtps/msg_shuttle_create__type_support.cpp.o[0m
[3.554s] [ 63%] [32m[1mLinking C shared library libshuttles__rosidl_typesupport_introspection_c.so[0m
[3.679s] [ 64%] [32mBuilding CXX object CMakeFiles/shuttles__rosidl_typesupport_fastrtps_cpp.dir/rosidl_typesupport_fastrtps_cpp/shuttles/msg/detail/dds_fastrtps/msg_erreur__type_support.cpp.o[0m
[3.709s] [ 66%] [32mBuilding CXX object CMakeFiles/shuttles__rosidl_typesupport_fastrtps_c.dir/rosidl_typesupport_fastrtps_c/shuttles/msg/detail/msg_shuttle_create__type_support_c.cpp.o[0m
[3.709s] [ 67%] [32mBuilding CXX object CMakeFiles/shuttles__rosidl_typesupport_fastrtps_cpp.dir/rosidl_typesupport_fastrtps_cpp/shuttles/srv/detail/dds_fastrtps/shuttle_id__type_support.cpp.o[0m
[3.713s] [ 69%] [32mBuilding CXX object CMakeFiles/shuttles__rosidl_typesupport_fastrtps_c.dir/rosidl_typesupport_fastrtps_c/shuttles/msg/detail/msg_erreur__type_support_c.cpp.o[0m
[3.713s] [ 69%] Built target shuttles__rosidl_typesupport_introspection_c
[3.727s] [ 70%] [32mBuilding CXX object CMakeFiles/shuttles__rosidl_typesupport_fastrtps_c.dir/rosidl_typesupport_fastrtps_c/shuttles/srv/detail/shuttle_id__type_support_c.cpp.o[0m
[3.727s] [ 72%] [32m[1mLinking CXX shared library libshuttles__rosidl_typesupport_cpp.so[0m
[3.765s] [ 73%] [32m[1mLinking CXX shared library libshuttles__rosidl_typesupport_introspection_cpp.so[0m
[3.792s] [ 73%] Built target shuttles__rosidl_typesupport_cpp
[3.903s] [ 75%] [32mBuilding CXX object CMakeFiles/shuttle_manager.dir/src/main_ShuttleManager.cpp.o[0m
[3.928s] [ 76%] [32mBuilding CXX object CMakeFiles/shuttle_manager.dir/src/capteurs.cpp.o[0m
[3.929s] [ 76%] Built target shuttles__rosidl_typesupport_introspection_cpp
[3.946s] [ 77%] [32mBuilding CXX object CMakeFiles/shuttle_manager.dir/src/FileAttente.cpp.o[0m
[4.118s] [ 79%] [32m[1mLinking CXX shared library libshuttles__rosidl_typesupport_fastrtps_c.so[0m
[4.119s] [ 80%] [32m[1mLinking CXX shared library libshuttles__rosidl_typesupport_fastrtps_cpp.so[0m
[4.184s] [ 80%] Built target shuttles__rosidl_typesupport_fastrtps_c
[4.205s] [ 80%] Built target shuttles__rosidl_typesupport_fastrtps_cpp
[4.230s] [ 80%] Built target shuttles
[4.259s] [ 82%] [34m[1mGenerating Python code for ROS interfaces[0m
[4.610s] [ 82%] Built target shuttles__py
[4.878s] [ 83%] [32mBuilding C object CMakeFiles/shuttles__rosidl_generator_py.dir/rosidl_generator_py/shuttles/msg/_msg_shuttle_change_s.c.o[0m
[4.900s] [ 85%] [32mBuilding C object CMakeFiles/shuttles__rosidl_generator_py.dir/rosidl_generator_py/shuttles/msg/_msg_shuttle_create_s.c.o[0m
[4.903s] [ 86%] [32mBuilding C object CMakeFiles/shuttles__rosidl_generator_py.dir/rosidl_generator_py/shuttles/msg/_msg_erreur_s.c.o[0m
[4.909s] [ 88%] [32mBuilding C object CMakeFiles/shuttles__rosidl_generator_py.dir/rosidl_generator_py/shuttles/srv/_shuttle_id_s.c.o[0m
[5.020s] [ 89%] [32m[1mLinking C shared library libshuttles__rosidl_generator_py.so[0m
[5.060s] [ 89%] Built target shuttles__rosidl_generator_py
[5.105s] [ 91%] [32mBuilding C object CMakeFiles/shuttles_s__rosidl_typesupport_c.dir/rosidl_generator_py/shuttles/_shuttles_s.ep.rosidl_typesupport_c.c.o[0m
[5.114s] [ 92%] [32mBuilding C object CMakeFiles/shuttles_s__rosidl_typesupport_introspection_c.dir/rosidl_generator_py/shuttles/_shuttles_s.ep.rosidl_typesupport_introspection_c.c.o[0m
[5.132s] [ 94%] [32mBuilding C object CMakeFiles/shuttles_s__rosidl_typesupport_fastrtps_c.dir/rosidl_generator_py/shuttles/_shuttles_s.ep.rosidl_typesupport_fastrtps_c.c.o[0m
[5.258s] [ 95%] [32m[1mLinking C shared module rosidl_generator_py/shuttles/shuttles_s__rosidl_typesupport_fastrtps_c.so[0m
[5.260s] [ 97%] [32m[1mLinking C shared module rosidl_generator_py/shuttles/shuttles_s__rosidl_typesupport_c.so[0m
[5.331s] [ 98%] [32m[1mLinking C shared module rosidl_generator_py/shuttles/shuttles_s__rosidl_typesupport_introspection_c.so[0m
[5.331s] [ 98%] Built target shuttles_s__rosidl_typesupport_c
[5.349s] [ 98%] Built target shuttles_s__rosidl_typesupport_fastrtps_c
[5.380s] [ 98%] Built target shuttles_s__rosidl_typesupport_introspection_c
[10.945s] [100%] [32m[1mLinking CXX executable shuttle_manager[0m
[11.268s] [100%] Built target shuttle_manager
[11.280s] Invoked command in '/home/user/celluleflexible_en_cours_ROS2/celluleflexible/ros_ws/build/shuttles' returned '0': AMENT_PREFIX_PATH=/home/user/celluleflexible_en_cours_ROS2/celluleflexible/ros_ws/install/aiguillages:${AMENT_PREFIX_PATH} CMAKE_PREFIX_PATH=/home/user/celluleflexible_en_cours_ROS2/celluleflexible/ros_ws/install/aiguillages:/opt/ros/jazzy/opt/gz_math_vendor:/opt/ros/jazzy/opt/gz_utils_vendor:/opt/ros/jazzy/opt/gz_cmake_vendor:/opt/ros/jazzy DEBUGINFOD_URLS=https://debuginfod.ubuntu.com LD_LIBRARY_PATH=/home/user/celluleflexible_en_cours_ROS2/celluleflexible/ros_ws/install/aiguillages/lib:${LD_LIBRARY_PATH} PYTHONPATH=/home/user/celluleflexible_en_cours_ROS2/celluleflexible/ros_ws/install/aiguillages/lib/python3.12/site-packages:${PYTHONPATH} /usr/bin/cmake --build /home/user/celluleflexible_en_cours_ROS2/celluleflexible/ros_ws/build/shuttles -- -j8 -l8
[11.282s] Invoking command in '/home/user/celluleflexible_en_cours_ROS2/celluleflexible/ros_ws/build/shuttles': AMENT_PREFIX_PATH=/home/user/celluleflexible_en_cours_ROS2/celluleflexible/ros_ws/install/aiguillages:${AMENT_PREFIX_PATH} CMAKE_PREFIX_PATH=/home/user/celluleflexible_en_cours_ROS2/celluleflexible/ros_ws/install/aiguillages:/opt/ros/jazzy/opt/gz_math_vendor:/opt/ros/jazzy/opt/gz_utils_vendor:/opt/ros/jazzy/opt/gz_cmake_vendor:/opt/ros/jazzy DEBUGINFOD_URLS=https://debuginfod.ubuntu.com LD_LIBRARY_PATH=/home/user/celluleflexible_en_cours_ROS2/celluleflexible/ros_ws/install/aiguillages/lib:${LD_LIBRARY_PATH} PYTHONPATH=/home/user/celluleflexible_en_cours_ROS2/celluleflexible/ros_ws/install/aiguillages/lib/python3.12/site-packages:${PYTHONPATH} /usr/bin/cmake --install /home/user/celluleflexible_en_cours_ROS2/celluleflexible/ros_ws/build/shuttles
[11.290s] -- Install configuration: ""
[11.290s] -- Installing: /home/user/celluleflexible_en_cours_ROS2/celluleflexible/ros_ws/install/shuttles/share/ament_index/resource_index/rosidl_interfaces/shuttles
[11.290s] -- Installing: /home/user/celluleflexible_en_cours_ROS2/celluleflexible/ros_ws/install/shuttles/share/shuttles/msg/MsgShuttleChange.json
[11.290s] -- Installing: /home/user/celluleflexible_en_cours_ROS2/celluleflexible/ros_ws/install/shuttles/share/shuttles/msg/MsgShuttleCreate.json
[11.290s] -- Installing: /home/user/celluleflexible_en_cours_ROS2/celluleflexible/ros_ws/install/shuttles/share/shuttles/msg/MsgErreur.json
[11.290s] -- Installing: /home/user/celluleflexible_en_cours_ROS2/celluleflexible/ros_ws/install/shuttles/share/shuttles/srv/ShuttleId.json
[11.290s] -- Installing: /home/user/celluleflexible_en_cours_ROS2/celluleflexible/ros_ws/install/shuttles/include/shuttles/shuttles
[11.290s] -- Installing: /home/user/celluleflexible_en_cours_ROS2/celluleflexible/ros_ws/install/shuttles/include/shuttles/shuttles/msg
[11.291s] -- Installing: /home/user/celluleflexible_en_cours_ROS2/celluleflexible/ros_ws/install/shuttles/include/shuttles/shuttles/msg/msg_shuttle_create.h
[11.291s] -- Installing: /home/user/celluleflexible_en_cours_ROS2/celluleflexible/ros_ws/install/shuttles/include/shuttles/shuttles/msg/msg_shuttle_change.h
[11.291s] -- Installing: /home/user/celluleflexible_en_cours_ROS2/celluleflexible/ros_ws/install/shuttles/include/shuttles/shuttles/msg/rosidl_generator_c__visibility_control.h
[11.291s] -- Installing: /home/user/celluleflexible_en_cours_ROS2/celluleflexible/ros_ws/install/shuttles/include/shuttles/shuttles/msg/msg_erreur.h
[11.291s] -- Installing: /home/user/celluleflexible_en_cours_ROS2/celluleflexible/ros_ws/install/shuttles/include/shuttles/shuttles/msg/detail
[11.291s] -- Installing: /home/user/celluleflexible_en_cours_ROS2/celluleflexible/ros_ws/install/shuttles/include/shuttles/shuttles/msg/detail/msg_shuttle_change__functions.h
[11.291s] -- Installing: /home/user/celluleflexible_en_cours_ROS2/celluleflexible/ros_ws/install/shuttles/include/shuttles/shuttles/msg/detail/msg_erreur__functions.h
[11.291s] -- Installing: /home/user/celluleflexible_en_cours_ROS2/celluleflexible/ros_ws/install/shuttles/include/shuttles/shuttles/msg/detail/msg_shuttle_create__functions.c
[11.291s] -- Installing: /home/user/celluleflexible_en_cours_ROS2/celluleflexible/ros_ws/install/shuttles/include/shuttles/shuttles/msg/detail/msg_shuttle_create__type_support.c
[11.292s] -- Installing: /home/user/celluleflexible_en_cours_ROS2/celluleflexible/ros_ws/install/shuttles/include/shuttles/shuttles/msg/detail/msg_shuttle_create__struct.h
[11.292s] -- Installing: /home/user/celluleflexible_en_cours_ROS2/celluleflexible/ros_ws/install/shuttles/include/shuttles/shuttles/msg/detail/msg_erreur__type_support.h
[11.292s] -- Installing: /home/user/celluleflexible_en_cours_ROS2/celluleflexible/ros_ws/install/shuttles/include/shuttles/shuttles/msg/detail/msg_shuttle_change__struct.h
[11.292s] -- Installing: /home/user/celluleflexible_en_cours_ROS2/celluleflexible/ros_ws/install/shuttles/include/shuttles/shuttles/msg/detail/msg_erreur__struct.h
[11.292s] -- Installing: /home/user/celluleflexible_en_cours_ROS2/celluleflexible/ros_ws/install/shuttles/include/shuttles/shuttles/msg/detail/msg_shuttle_change__description.c
[11.292s] -- Installing: /home/user/celluleflexible_en_cours_ROS2/celluleflexible/ros_ws/install/shuttles/include/shuttles/shuttles/msg/detail/msg_erreur__functions.c
[11.293s] -- Installing: /home/user/celluleflexible_en_cours_ROS2/celluleflexible/ros_ws/install/shuttles/include/shuttles/shuttles/msg/detail/msg_shuttle_create__description.c
[11.293s] -- Installing: /home/user/celluleflexible_en_cours_ROS2/celluleflexible/ros_ws/install/shuttles/include/shuttles/shuttles/msg/detail/msg_shuttle_change__type_support.c
[11.293s] -- Installing: /home/user/celluleflexible_en_cours_ROS2/celluleflexible/ros_ws/install/shuttles/include/shuttles/shuttles/msg/detail/msg_erreur__description.c
[11.293s] -- Installing: /home/user/celluleflexible_en_cours_ROS2/celluleflexible/ros_ws/install/shuttles/include/shuttles/shuttles/msg/detail/msg_erreur__type_support.c
[11.293s] -- Installing: /home/user/celluleflexible_en_cours_ROS2/celluleflexible/ros_ws/install/shuttles/include/shuttles/shuttles/msg/detail/msg_shuttle_change__type_support.h
[11.293s] -- Installing: /home/user/celluleflexible_en_cours_ROS2/celluleflexible/ros_ws/install/shuttles/include/shuttles/shuttles/msg/detail/msg_shuttle_create__functions.h
[11.293s] -- Installing: /home/user/celluleflexible_en_cours_ROS2/celluleflexible/ros_ws/install/shuttles/include/shuttles/shuttles/msg/detail/msg_shuttle_create__type_support.h
[11.293s] -- Installing: /home/user/celluleflexible_en_cours_ROS2/celluleflexible/ros_ws/install/shuttles/include/shuttles/shuttles/msg/detail/msg_shuttle_change__functions.c
[11.293s] -- Installing: /home/user/celluleflexible_en_cours_ROS2/celluleflexible/ros_ws/install/shuttles/include/shuttles/shuttles/srv
[11.293s] -- Installing: /home/user/celluleflexible_en_cours_ROS2/celluleflexible/ros_ws/install/shuttles/include/shuttles/shuttles/srv/shuttle_id.h
[11.293s] -- Installing: /home/user/celluleflexible_en_cours_ROS2/celluleflexible/ros_ws/install/shuttles/include/shuttles/shuttles/srv/detail
[11.294s] -- Installing: /home/user/celluleflexible_en_cours_ROS2/celluleflexible/ros_ws/install/shuttles/include/shuttles/shuttles/srv/detail/shuttle_id__type_support.c
[11.294s] -- Installing: /home/user/celluleflexible_en_cours_ROS2/celluleflexible/ros_ws/install/shuttles/include/shuttles/shuttles/srv/detail/shuttle_id__struct.h
[11.294s] -- Installing: /home/user/celluleflexible_en_cours_ROS2/celluleflexible/ros_ws/install/shuttles/include/shuttles/shuttles/srv/detail/shuttle_id__functions.c
[11.294s] -- Installing: /home/user/celluleflexible_en_cours_ROS2/celluleflexible/ros_ws/install/shuttles/include/shuttles/shuttles/srv/detail/shuttle_id__functions.h
[11.294s] -- Installing: /home/user/celluleflexible_en_cours_ROS2/celluleflexible/ros_ws/install/shuttles/include/shuttles/shuttles/srv/detail/shuttle_id__type_support.h
[11.294s] -- Installing: /home/user/celluleflexible_en_cours_ROS2/celluleflexible/ros_ws/install/shuttles/include/shuttles/shuttles/srv/detail/shuttle_id__description.c
[11.294s] -- Installing: /home/user/celluleflexible_en_cours_ROS2/celluleflexible/ros_ws/install/shuttles/share/shuttles/environment/library_path.sh
[11.294s] -- Installing: /home/user/celluleflexible_en_cours_ROS2/celluleflexible/ros_ws/install/shuttles/share/shuttles/environment/library_path.dsv
[11.295s] -- Installing: /home/user/celluleflexible_en_cours_ROS2/celluleflexible/ros_ws/install/shuttles/lib/libshuttles__rosidl_generator_c.so
[11.295s] -- Set non-toolchain portion of runtime path of "/home/user/celluleflexible_en_cours_ROS2/celluleflexible/ros_ws/install/shuttles/lib/libshuttles__rosidl_generator_c.so" to ""
[11.295s] -- Up-to-date: /home/user/celluleflexible_en_cours_ROS2/celluleflexible/ros_ws/install/shuttles/include/shuttles/shuttles
[11.295s] -- Up-to-date: /home/user/celluleflexible_en_cours_ROS2/celluleflexible/ros_ws/install/shuttles/include/shuttles/shuttles/msg
[11.295s] -- Installing: /home/user/celluleflexible_en_cours_ROS2/celluleflexible/ros_ws/install/shuttles/include/shuttles/shuttles/msg/rosidl_typesupport_fastrtps_c__visibility_control.h
[11.295s] -- Up-to-date: /home/user/celluleflexible_en_cours_ROS2/celluleflexible/ros_ws/install/shuttles/include/shuttles/shuttles/msg/detail
[11.295s] -- Installing: /home/user/celluleflexible_en_cours_ROS2/celluleflexible/ros_ws/install/shuttles/include/shuttles/shuttles/msg/detail/msg_erreur__rosidl_typesupport_fastrtps_c.h
[11.295s] -- Installing: /home/user/celluleflexible_en_cours_ROS2/celluleflexible/ros_ws/install/shuttles/include/shuttles/shuttles/msg/detail/msg_shuttle_change__rosidl_typesupport_fastrtps_c.h
[11.295s] -- Installing: /home/user/celluleflexible_en_cours_ROS2/celluleflexible/ros_ws/install/shuttles/include/shuttles/shuttles/msg/detail/msg_shuttle_create__rosidl_typesupport_fastrtps_c.h
[11.295s] -- Up-to-date: /home/user/celluleflexible_en_cours_ROS2/celluleflexible/ros_ws/install/shuttles/include/shuttles/shuttles/srv
[11.295s] -- Up-to-date: /home/user/celluleflexible_en_cours_ROS2/celluleflexible/ros_ws/install/shuttles/include/shuttles/shuttles/srv/detail
[11.296s] -- Installing: /home/user/celluleflexible_en_cours_ROS2/celluleflexible/ros_ws/install/shuttles/include/shuttles/shuttles/srv/detail/shuttle_id__rosidl_typesupport_fastrtps_c.h
[11.296s] -- Installing: /home/user/celluleflexible_en_cours_ROS2/celluleflexible/ros_ws/install/shuttles/lib/libshuttles__rosidl_typesupport_fastrtps_c.so
[11.296s] -- Set non-toolchain portion of runtime path of "/home/user/celluleflexible_en_cours_ROS2/celluleflexible/ros_ws/install/shuttles/lib/libshuttles__rosidl_typesupport_fastrtps_c.so" to ""
[11.296s] -- Up-to-date: /home/user/celluleflexible_en_cours_ROS2/celluleflexible/ros_ws/install/shuttles/include/shuttles/shuttles
[11.296s] -- Up-to-date: /home/user/celluleflexible_en_cours_ROS2/celluleflexible/ros_ws/install/shuttles/include/shuttles/shuttles/msg
[11.296s] -- Installing: /home/user/celluleflexible_en_cours_ROS2/celluleflexible/ros_ws/install/shuttles/include/shuttles/shuttles/msg/rosidl_generator_cpp__visibility_control.hpp
[11.296s] -- Installing: /home/user/celluleflexible_en_cours_ROS2/celluleflexible/ros_ws/install/shuttles/include/shuttles/shuttles/msg/msg_shuttle_change.hpp
[11.296s] -- Installing: /home/user/celluleflexible_en_cours_ROS2/celluleflexible/ros_ws/install/shuttles/include/shuttles/shuttles/msg/msg_shuttle_create.hpp
[11.296s] -- Up-to-date: /home/user/celluleflexible_en_cours_ROS2/celluleflexible/ros_ws/install/shuttles/include/shuttles/shuttles/msg/detail
[11.296s] -- Installing: /home/user/celluleflexible_en_cours_ROS2/celluleflexible/ros_ws/install/shuttles/include/shuttles/shuttles/msg/detail/msg_shuttle_change__type_support.hpp
[11.296s] -- Installing: /home/user/celluleflexible_en_cours_ROS2/celluleflexible/ros_ws/install/shuttles/include/shuttles/shuttles/msg/detail/msg_shuttle_change__traits.hpp
[11.296s] -- Installing: /home/user/celluleflexible_en_cours_ROS2/celluleflexible/ros_ws/install/shuttles/include/shuttles/shuttles/msg/detail/msg_shuttle_create__traits.hpp
[11.297s] -- Installing: /home/user/celluleflexible_en_cours_ROS2/celluleflexible/ros_ws/install/shuttles/include/shuttles/shuttles/msg/detail/msg_erreur__traits.hpp
[11.297s] -- Installing: /home/user/celluleflexible_en_cours_ROS2/celluleflexible/ros_ws/install/shuttles/include/shuttles/shuttles/msg/detail/msg_erreur__struct.hpp
[11.297s] -- Installing: /home/user/celluleflexible_en_cours_ROS2/celluleflexible/ros_ws/install/shuttles/include/shuttles/shuttles/msg/detail/msg_erreur__type_support.hpp
[11.297s] -- Installing: /home/user/celluleflexible_en_cours_ROS2/celluleflexible/ros_ws/install/shuttles/include/shuttles/shuttles/msg/detail/msg_shuttle_create__builder.hpp
[11.297s] -- Installing: /home/user/celluleflexible_en_cours_ROS2/celluleflexible/ros_ws/install/shuttles/include/shuttles/shuttles/msg/detail/msg_shuttle_create__type_support.hpp
[11.297s] -- Installing: /home/user/celluleflexible_en_cours_ROS2/celluleflexible/ros_ws/install/shuttles/include/shuttles/shuttles/msg/detail/msg_erreur__builder.hpp
[11.297s] -- Installing: /home/user/celluleflexible_en_cours_ROS2/celluleflexible/ros_ws/install/shuttles/include/shuttles/shuttles/msg/detail/msg_shuttle_change__builder.hpp
[11.297s] -- Installing: /home/user/celluleflexible_en_cours_ROS2/celluleflexible/ros_ws/install/shuttles/include/shuttles/shuttles/msg/detail/msg_shuttle_create__struct.hpp
[11.297s] -- Installing: /home/user/celluleflexible_en_cours_ROS2/celluleflexible/ros_ws/install/shuttles/include/shuttles/shuttles/msg/detail/msg_shuttle_change__struct.hpp
[11.297s] -- Installing: /home/user/celluleflexible_en_cours_ROS2/celluleflexible/ros_ws/install/shuttles/include/shuttles/shuttles/msg/msg_erreur.hpp
[11.297s] -- Up-to-date: /home/user/celluleflexible_en_cours_ROS2/celluleflexible/ros_ws/install/shuttles/include/shuttles/shuttles/srv
[11.297s] -- Installing: /home/user/celluleflexible_en_cours_ROS2/celluleflexible/ros_ws/install/shuttles/include/shuttles/shuttles/srv/shuttle_id.hpp
[11.297s] -- Up-to-date: /home/user/celluleflexible_en_cours_ROS2/celluleflexible/ros_ws/install/shuttles/include/shuttles/shuttles/srv/detail
[11.297s] -- Installing: /home/user/celluleflexible_en_cours_ROS2/celluleflexible/ros_ws/install/shuttles/include/shuttles/shuttles/srv/detail/shuttle_id__type_support.hpp
[11.297s] -- Installing: /home/user/celluleflexible_en_cours_ROS2/celluleflexible/ros_ws/install/shuttles/include/shuttles/shuttles/srv/detail/shuttle_id__struct.hpp
[11.298s] -- Installing: /home/user/celluleflexible_en_cours_ROS2/celluleflexible/ros_ws/install/shuttles/include/shuttles/shuttles/srv/detail/shuttle_id__builder.hpp
[11.298s] -- Installing: /home/user/celluleflexible_en_cours_ROS2/celluleflexible/ros_ws/install/shuttles/include/shuttles/shuttles/srv/detail/shuttle_id__traits.hpp
[11.298s] -- Up-to-date: /home/user/celluleflexible_en_cours_ROS2/celluleflexible/ros_ws/install/shuttles/include/shuttles/shuttles
[11.298s] -- Up-to-date: /home/user/celluleflexible_en_cours_ROS2/celluleflexible/ros_ws/install/shuttles/include/shuttles/shuttles/msg
[11.298s] -- Up-to-date: /home/user/celluleflexible_en_cours_ROS2/celluleflexible/ros_ws/install/shuttles/include/shuttles/shuttles/msg/detail
[11.298s] -- Installing: /home/user/celluleflexible_en_cours_ROS2/celluleflexible/ros_ws/install/shuttles/include/shuttles/shuttles/msg/detail/dds_fastrtps
[11.298s] -- Installing: /home/user/celluleflexible_en_cours_ROS2/celluleflexible/ros_ws/install/shuttles/include/shuttles/shuttles/msg/detail/msg_shuttle_create__rosidl_typesupport_fastrtps_cpp.hpp
[11.298s] -- Installing: /home/user/celluleflexible_en_cours_ROS2/celluleflexible/ros_ws/install/shuttles/include/shuttles/shuttles/msg/detail/msg_shuttle_change__rosidl_typesupport_fastrtps_cpp.hpp
[11.298s] -- Installing: /home/user/celluleflexible_en_cours_ROS2/celluleflexible/ros_ws/install/shuttles/include/shuttles/shuttles/msg/detail/msg_erreur__rosidl_typesupport_fastrtps_cpp.hpp
[11.298s] -- Installing: /home/user/celluleflexible_en_cours_ROS2/celluleflexible/ros_ws/install/shuttles/include/shuttles/shuttles/msg/rosidl_typesupport_fastrtps_cpp__visibility_control.h
[11.298s] -- Up-to-date: /home/user/celluleflexible_en_cours_ROS2/celluleflexible/ros_ws/install/shuttles/include/shuttles/shuttles/srv
[11.298s] -- Up-to-date: /home/user/celluleflexible_en_cours_ROS2/celluleflexible/ros_ws/install/shuttles/include/shuttles/shuttles/srv/detail
[11.298s] -- Installing: /home/user/celluleflexible_en_cours_ROS2/celluleflexible/ros_ws/install/shuttles/include/shuttles/shuttles/srv/detail/shuttle_id__rosidl_typesupport_fastrtps_cpp.hpp
[11.298s] -- Installing: /home/user/celluleflexible_en_cours_ROS2/celluleflexible/ros_ws/install/shuttles/include/shuttles/shuttles/srv/detail/dds_fastrtps
[11.298s] -- Installing: /home/user/celluleflexible_en_cours_ROS2/celluleflexible/ros_ws/install/shuttles/lib/libshuttles__rosidl_typesupport_fastrtps_cpp.so
[11.298s] -- Set non-toolchain portion of runtime path of "/home/user/celluleflexible_en_cours_ROS2/celluleflexible/ros_ws/install/shuttles/lib/libshuttles__rosidl_typesupport_fastrtps_cpp.so" to ""
[11.299s] -- Up-to-date: /home/user/celluleflexible_en_cours_ROS2/celluleflexible/ros_ws/install/shuttles/include/shuttles/shuttles
[11.299s] -- Up-to-date: /home/user/celluleflexible_en_cours_ROS2/celluleflexible/ros_ws/install/shuttles/include/shuttles/shuttles/msg
[11.299s] -- Installing: /home/user/celluleflexible_en_cours_ROS2/celluleflexible/ros_ws/install/shuttles/include/shuttles/shuttles/msg/rosidl_typesupport_introspection_c__visibility_control.h
[11.299s] -- Up-to-date: /home/user/celluleflexible_en_cours_ROS2/celluleflexible/ros_ws/install/shuttles/include/shuttles/shuttles/msg/detail
[11.299s] -- Installing: /home/user/celluleflexible_en_cours_ROS2/celluleflexible/ros_ws/install/shuttles/include/shuttles/shuttles/msg/detail/msg_shuttle_create__type_support.c
[11.299s] -- Installing: /home/user/celluleflexible_en_cours_ROS2/celluleflexible/ros_ws/install/shuttles/include/shuttles/shuttles/msg/detail/msg_shuttle_change__rosidl_typesupport_introspection_c.h
[11.299s] -- Installing: /home/user/celluleflexible_en_cours_ROS2/celluleflexible/ros_ws/install/shuttles/include/shuttles/shuttles/msg/detail/msg_shuttle_change__type_support.c
[11.299s] -- Installing: /home/user/celluleflexible_en_cours_ROS2/celluleflexible/ros_ws/install/shuttles/include/shuttles/shuttles/msg/detail/msg_erreur__type_support.c
[11.299s] -- Installing: /home/user/celluleflexible_en_cours_ROS2/celluleflexible/ros_ws/install/shuttles/include/shuttles/shuttles/msg/detail/msg_shuttle_create__rosidl_typesupport_introspection_c.h
[11.299s] -- Installing: /home/user/celluleflexible_en_cours_ROS2/celluleflexible/ros_ws/install/shuttles/include/shuttles/shuttles/msg/detail/msg_erreur__rosidl_typesupport_introspection_c.h
[11.299s] -- Up-to-date: /home/user/celluleflexible_en_cours_ROS2/celluleflexible/ros_ws/install/shuttles/include/shuttles/shuttles/srv
[11.299s] -- Up-to-date: /home/user/celluleflexible_en_cours_ROS2/celluleflexible/ros_ws/install/shuttles/include/shuttles/shuttles/srv/detail
[11.299s] -- Installing: /home/user/celluleflexible_en_cours_ROS2/celluleflexible/ros_ws/install/shuttles/include/shuttles/shuttles/srv/detail/shuttle_id__type_support.c
[11.300s] -- Installing: /home/user/celluleflexible_en_cours_ROS2/celluleflexible/ros_ws/install/shuttles/include/shuttles/shuttles/srv/detail/shuttle_id__rosidl_typesupport_introspection_c.h
[11.300s] -- Installing: /home/user/celluleflexible_en_cours_ROS2/celluleflexible/ros_ws/install/shuttles/lib/libshuttles__rosidl_typesupport_introspection_c.so
[11.300s] -- Set non-toolchain portion of runtime path of "/home/user/celluleflexible_en_cours_ROS2/celluleflexible/ros_ws/install/shuttles/lib/libshuttles__rosidl_typesupport_introspection_c.so" to ""
[11.300s] -- Installing: /home/user/celluleflexible_en_cours_ROS2/celluleflexible/ros_ws/install/shuttles/lib/libshuttles__rosidl_typesupport_c.so
[11.300s] -- Set non-toolchain portion of runtime path of "/home/user/celluleflexible_en_cours_ROS2/celluleflexible/ros_ws/install/shuttles/lib/libshuttles__rosidl_typesupport_c.so" to ""
[11.300s] -- Up-to-date: /home/user/celluleflexible_en_cours_ROS2/celluleflexible/ros_ws/install/shuttles/include/shuttles/shuttles
[11.300s] -- Up-to-date: /home/user/celluleflexible_en_cours_ROS2/celluleflexible/ros_ws/install/shuttles/include/shuttles/shuttles/msg
[11.300s] -- Up-to-date: /home/user/celluleflexible_en_cours_ROS2/celluleflexible/ros_ws/install/shuttles/include/shuttles/shuttles/msg/detail
[11.300s] -- Installing: /home/user/celluleflexible_en_cours_ROS2/celluleflexible/ros_ws/install/shuttles/include/shuttles/shuttles/msg/detail/msg_shuttle_create__type_support.cpp
[11.300s] -- Installing: /home/user/celluleflexible_en_cours_ROS2/celluleflexible/ros_ws/install/shuttles/include/shuttles/shuttles/msg/detail/msg_erreur__type_support.cpp
[11.300s] -- Installing: /home/user/celluleflexible_en_cours_ROS2/celluleflexible/ros_ws/install/shuttles/include/shuttles/shuttles/msg/detail/msg_erreur__rosidl_typesupport_introspection_cpp.hpp
[11.300s] -- Installing: /home/user/celluleflexible_en_cours_ROS2/celluleflexible/ros_ws/install/shuttles/include/shuttles/shuttles/msg/detail/msg_shuttle_change__rosidl_typesupport_introspection_cpp.hpp
[11.300s] -- Installing: /home/user/celluleflexible_en_cours_ROS2/celluleflexible/ros_ws/install/shuttles/include/shuttles/shuttles/msg/detail/msg_shuttle_create__rosidl_typesupport_introspection_cpp.hpp
[11.300s] -- Installing: /home/user/celluleflexible_en_cours_ROS2/celluleflexible/ros_ws/install/shuttles/include/shuttles/shuttles/msg/detail/msg_shuttle_change__type_support.cpp
[11.300s] -- Up-to-date: /home/user/celluleflexible_en_cours_ROS2/celluleflexible/ros_ws/install/shuttles/include/shuttles/shuttles/srv
[11.300s] -- Up-to-date: /home/user/celluleflexible_en_cours_ROS2/celluleflexible/ros_ws/install/shuttles/include/shuttles/shuttles/srv/detail
[11.300s] -- Installing: /home/user/celluleflexible_en_cours_ROS2/celluleflexible/ros_ws/install/shuttles/include/shuttles/shuttles/srv/detail/shuttle_id__type_support.cpp
[11.301s] -- Installing: /home/user/celluleflexible_en_cours_ROS2/celluleflexible/ros_ws/install/shuttles/include/shuttles/shuttles/srv/detail/shuttle_id__rosidl_typesupport_introspection_cpp.hpp
[11.301s] -- Installing: /home/user/celluleflexible_en_cours_ROS2/celluleflexible/ros_ws/install/shuttles/lib/libshuttles__rosidl_typesupport_introspection_cpp.so
[11.301s] -- Set non-toolchain portion of runtime path of "/home/user/celluleflexible_en_cours_ROS2/celluleflexible/ros_ws/install/shuttles/lib/libshuttles__rosidl_typesupport_introspection_cpp.so" to ""
[11.301s] -- Installing: /home/user/celluleflexible_en_cours_ROS2/celluleflexible/ros_ws/install/shuttles/lib/libshuttles__rosidl_typesupport_cpp.so
[11.301s] -- Set non-toolchain portion of runtime path of "/home/user/celluleflexible_en_cours_ROS2/celluleflexible/ros_ws/install/shuttles/lib/libshuttles__rosidl_typesupport_cpp.so" to ""
[11.301s] -- Installing: /home/user/celluleflexible_en_cours_ROS2/celluleflexible/ros_ws/install/shuttles/share/shuttles/environment/pythonpath.sh
[11.301s] -- Installing: /home/user/celluleflexible_en_cours_ROS2/celluleflexible/ros_ws/install/shuttles/share/shuttles/environment/pythonpath.dsv
[11.301s] -- Installing: /home/user/celluleflexible_en_cours_ROS2/celluleflexible/ros_ws/install/shuttles/lib/python3.12/site-packages/shuttles-0.0.0-py3.12.egg-info
[11.301s] -- Installing: /home/user/celluleflexible_en_cours_ROS2/celluleflexible/ros_ws/install/shuttles/lib/python3.12/site-packages/shuttles-0.0.0-py3.12.egg-info/SOURCES.txt
[11.301s] -- Installing: /home/user/celluleflexible_en_cours_ROS2/celluleflexible/ros_ws/install/shuttles/lib/python3.12/site-packages/shuttles-0.0.0-py3.12.egg-info/top_level.txt
[11.301s] -- Installing: /home/user/celluleflexible_en_cours_ROS2/celluleflexible/ros_ws/install/shuttles/lib/python3.12/site-packages/shuttles-0.0.0-py3.12.egg-info/PKG-INFO
[11.301s] -- Installing: /home/user/celluleflexible_en_cours_ROS2/celluleflexible/ros_ws/install/shuttles/lib/python3.12/site-packages/shuttles-0.0.0-py3.12.egg-info/dependency_links.txt
[11.301s] -- Installing: /home/user/celluleflexible_en_cours_ROS2/celluleflexible/ros_ws/install/shuttles/lib/python3.12/site-packages/shuttles
[11.301s] -- Installing: /home/user/celluleflexible_en_cours_ROS2/celluleflexible/ros_ws/install/shuttles/lib/python3.12/site-packages/shuttles/shuttles_s__rosidl_typesupport_introspection_c.so
[11.301s] -- Installing: /home/user/celluleflexible_en_cours_ROS2/celluleflexible/ros_ws/install/shuttles/lib/python3.12/site-packages/shuttles/_shuttles_s.ep.rosidl_typesupport_c.c
[11.301s] -- Installing: /home/user/celluleflexible_en_cours_ROS2/celluleflexible/ros_ws/install/shuttles/lib/python3.12/site-packages/shuttles/msg
[11.301s] -- Installing: /home/user/celluleflexible_en_cours_ROS2/celluleflexible/ros_ws/install/shuttles/lib/python3.12/site-packages/shuttles/msg/_msg_shuttle_change.py
[11.301s] -- Installing: /home/user/celluleflexible_en_cours_ROS2/celluleflexible/ros_ws/install/shuttles/lib/python3.12/site-packages/shuttles/msg/_msg_erreur.py
[11.301s] -- Installing: /home/user/celluleflexible_en_cours_ROS2/celluleflexible/ros_ws/install/shuttles/lib/python3.12/site-packages/shuttles/msg/__init__.py
[11.301s] -- Installing: /home/user/celluleflexible_en_cours_ROS2/celluleflexible/ros_ws/install/shuttles/lib/python3.12/site-packages/shuttles/msg/_msg_shuttle_create_s.c
[11.301s] -- Installing: /home/user/celluleflexible_en_cours_ROS2/celluleflexible/ros_ws/install/shuttles/lib/python3.12/site-packages/shuttles/msg/_msg_erreur_s.c
[11.302s] -- Installing: /home/user/celluleflexible_en_cours_ROS2/celluleflexible/ros_ws/install/shuttles/lib/python3.12/site-packages/shuttles/msg/_msg_shuttle_create.py
[11.302s] -- Installing: /home/user/celluleflexible_en_cours_ROS2/celluleflexible/ros_ws/install/shuttles/lib/python3.12/site-packages/shuttles/msg/_msg_shuttle_change_s.c
[11.302s] -- Installing: /home/user/celluleflexible_en_cours_ROS2/celluleflexible/ros_ws/install/shuttles/lib/python3.12/site-packages/shuttles/shuttles_s__rosidl_typesupport_c.so
[11.302s] -- Installing: /home/user/celluleflexible_en_cours_ROS2/celluleflexible/ros_ws/install/shuttles/lib/python3.12/site-packages/shuttles/__init__.py
[11.302s] -- Installing: /home/user/celluleflexible_en_cours_ROS2/celluleflexible/ros_ws/install/shuttles/lib/python3.12/site-packages/shuttles/_shuttles_s.ep.rosidl_typesupport_fastrtps_c.c
[11.302s] -- Installing: /home/user/celluleflexible_en_cours_ROS2/celluleflexible/ros_ws/install/shuttles/lib/python3.12/site-packages/shuttles/srv
[11.302s] -- Installing: /home/user/celluleflexible_en_cours_ROS2/celluleflexible/ros_ws/install/shuttles/lib/python3.12/site-packages/shuttles/srv/__init__.py
[11.302s] -- Installing: /home/user/celluleflexible_en_cours_ROS2/celluleflexible/ros_ws/install/shuttles/lib/python3.12/site-packages/shuttles/srv/_shuttle_id.py
[11.302s] -- Installing: /home/user/celluleflexible_en_cours_ROS2/celluleflexible/ros_ws/install/shuttles/lib/python3.12/site-packages/shuttles/srv/_shuttle_id_s.c
[11.302s] -- Installing: /home/user/celluleflexible_en_cours_ROS2/celluleflexible/ros_ws/install/shuttles/lib/python3.12/site-packages/shuttles/_shuttles_s.ep.rosidl_typesupport_introspection_c.c
[11.302s] -- Installing: /home/user/celluleflexible_en_cours_ROS2/celluleflexible/ros_ws/install/shuttles/lib/python3.12/site-packages/shuttles/shuttles_s__rosidl_typesupport_fastrtps_c.so
[11.329s] Listing '/home/user/celluleflexible_en_cours_ROS2/celluleflexible/ros_ws/install/shuttles/lib/python3.12/site-packages/shuttles'...
[11.329s] Compiling '/home/user/celluleflexible_en_cours_ROS2/celluleflexible/ros_ws/install/shuttles/lib/python3.12/site-packages/shuttles/__init__.py'...
[11.329s] Listing '/home/user/celluleflexible_en_cours_ROS2/celluleflexible/ros_ws/install/shuttles/lib/python3.12/site-packages/shuttles/msg'...
[11.329s] Compiling '/home/user/celluleflexible_en_cours_ROS2/celluleflexible/ros_ws/install/shuttles/lib/python3.12/site-packages/shuttles/msg/__init__.py'...
[11.329s] Compiling '/home/user/celluleflexible_en_cours_ROS2/celluleflexible/ros_ws/install/shuttles/lib/python3.12/site-packages/shuttles/msg/_msg_erreur.py'...
[11.329s] Compiling '/home/user/celluleflexible_en_cours_ROS2/celluleflexible/ros_ws/install/shuttles/lib/python3.12/site-packages/shuttles/msg/_msg_shuttle_change.py'...
[11.329s] Compiling '/home/user/celluleflexible_en_cours_ROS2/celluleflexible/ros_ws/install/shuttles/lib/python3.12/site-packages/shuttles/msg/_msg_shuttle_create.py'...
[11.329s] Listing '/home/user/celluleflexible_en_cours_ROS2/celluleflexible/ros_ws/install/shuttles/lib/python3.12/site-packages/shuttles/srv'...
[11.329s] Compiling '/home/user/celluleflexible_en_cours_ROS2/celluleflexible/ros_ws/install/shuttles/lib/python3.12/site-packages/shuttles/srv/__init__.py'...
[11.330s] Compiling '/home/user/celluleflexible_en_cours_ROS2/celluleflexible/ros_ws/install/shuttles/lib/python3.12/site-packages/shuttles/srv/_shuttle_id.py'...
[11.333s] -- Installing: /home/user/celluleflexible_en_cours_ROS2/celluleflexible/ros_ws/install/shuttles/lib/python3.12/site-packages/shuttles/shuttles_s__rosidl_typesupport_fastrtps_c.so
[11.334s] -- Set non-toolchain portion of runtime path of "/home/user/celluleflexible_en_cours_ROS2/celluleflexible/ros_ws/install/shuttles/lib/python3.12/site-packages/shuttles/shuttles_s__rosidl_typesupport_fastrtps_c.so" to ""
[11.334s] -- Installing: /home/user/celluleflexible_en_cours_ROS2/celluleflexible/ros_ws/install/shuttles/lib/python3.12/site-packages/shuttles/shuttles_s__rosidl_typesupport_introspection_c.so
[11.335s] -- Set non-toolchain portion of runtime path of "/home/user/celluleflexible_en_cours_ROS2/celluleflexible/ros_ws/install/shuttles/lib/python3.12/site-packages/shuttles/shuttles_s__rosidl_typesupport_introspection_c.so" to ""
[11.335s] -- Installing: /home/user/celluleflexible_en_cours_ROS2/celluleflexible/ros_ws/install/shuttles/lib/python3.12/site-packages/shuttles/shuttles_s__rosidl_typesupport_c.so
[11.335s] -- Set non-toolchain portion of runtime path of "/home/user/celluleflexible_en_cours_ROS2/celluleflexible/ros_ws/install/shuttles/lib/python3.12/site-packages/shuttles/shuttles_s__rosidl_typesupport_c.so" to ""
[11.336s] -- Installing: /home/user/celluleflexible_en_cours_ROS2/celluleflexible/ros_ws/install/shuttles/lib/libshuttles__rosidl_generator_py.so
[11.336s] -- Set non-toolchain portion of runtime path of "/home/user/celluleflexible_en_cours_ROS2/celluleflexible/ros_ws/install/shuttles/lib/libshuttles__rosidl_generator_py.so" to ""
[11.336s] -- Installing: /home/user/celluleflexible_en_cours_ROS2/celluleflexible/ros_ws/install/shuttles/share/shuttles/msg/MsgShuttleChange.idl
[11.336s] -- Installing: /home/user/celluleflexible_en_cours_ROS2/celluleflexible/ros_ws/install/shuttles/share/shuttles/msg/MsgShuttleCreate.idl
[11.337s] -- Installing: /home/user/celluleflexible_en_cours_ROS2/celluleflexible/ros_ws/install/shuttles/share/shuttles/msg/MsgErreur.idl
[11.337s] -- Installing: /home/user/celluleflexible_en_cours_ROS2/celluleflexible/ros_ws/install/shuttles/share/shuttles/srv/ShuttleId.idl
[11.337s] -- Installing: /home/user/celluleflexible_en_cours_ROS2/celluleflexible/ros_ws/install/shuttles/share/shuttles/msg/MsgShuttleChange.msg
[11.337s] -- Installing: /home/user/celluleflexible_en_cours_ROS2/celluleflexible/ros_ws/install/shuttles/share/shuttles/msg/MsgShuttleCreate.msg
[11.337s] -- Installing: /home/user/celluleflexible_en_cours_ROS2/celluleflexible/ros_ws/install/shuttles/share/shuttles/msg/MsgErreur.msg
[11.337s] -- Installing: /home/user/celluleflexible_en_cours_ROS2/celluleflexible/ros_ws/install/shuttles/share/shuttles/srv/ShuttleId.srv
[11.337s] -- Installing: /home/user/celluleflexible_en_cours_ROS2/celluleflexible/ros_ws/install/shuttles/lib/shuttles/shuttle_manager
[11.344s] -- Set non-toolchain portion of runtime path of "/home/user/celluleflexible_en_cours_ROS2/celluleflexible/ros_ws/install/shuttles/lib/shuttles/shuttle_manager" to ""
[11.344s] -- Installing: /home/user/celluleflexible_en_cours_ROS2/celluleflexible/ros_ws/install/shuttles/share/ament_index/resource_index/package_run_dependencies/shuttles
[11.345s] -- Installing: /home/user/celluleflexible_en_cours_ROS2/celluleflexible/ros_ws/install/shuttles/share/ament_index/resource_index/parent_prefix_path/shuttles
[11.345s] -- Installing: /home/user/celluleflexible_en_cours_ROS2/celluleflexible/ros_ws/install/shuttles/share/shuttles/environment/ament_prefix_path.sh
[11.345s] -- Installing: /home/user/celluleflexible_en_cours_ROS2/celluleflexible/ros_ws/install/shuttles/share/shuttles/environment/ament_prefix_path.dsv
[11.345s] -- Installing: /home/user/celluleflexible_en_cours_ROS2/celluleflexible/ros_ws/install/shuttles/share/shuttles/environment/path.sh
[11.345s] -- Installing: /home/user/celluleflexible_en_cours_ROS2/celluleflexible/ros_ws/install/shuttles/share/shuttles/environment/path.dsv
[11.345s] -- Installing: /home/user/celluleflexible_en_cours_ROS2/celluleflexible/ros_ws/install/shuttles/share/shuttles/local_setup.bash
[11.345s] -- Installing: /home/user/celluleflexible_en_cours_ROS2/celluleflexible/ros_ws/install/shuttles/share/shuttles/local_setup.sh
[11.345s] -- Installing: /home/user/celluleflexible_en_cours_ROS2/celluleflexible/ros_ws/install/shuttles/share/shuttles/local_setup.zsh
[11.345s] -- Installing: /home/user/celluleflexible_en_cours_ROS2/celluleflexible/ros_ws/install/shuttles/share/shuttles/local_setup.dsv
[11.345s] -- Installing: /home/user/celluleflexible_en_cours_ROS2/celluleflexible/ros_ws/install/shuttles/share/shuttles/package.dsv
[11.345s] -- Installing: /home/user/celluleflexible_en_cours_ROS2/celluleflexible/ros_ws/install/shuttles/share/ament_index/resource_index/packages/shuttles
[11.345s] -- Installing: /home/user/celluleflexible_en_cours_ROS2/celluleflexible/ros_ws/install/shuttles/share/shuttles/cmake/export_shuttles__rosidl_generator_cExport.cmake
[11.345s] -- Installing: /home/user/celluleflexible_en_cours_ROS2/celluleflexible/ros_ws/install/shuttles/share/shuttles/cmake/export_shuttles__rosidl_generator_cExport-noconfig.cmake
[11.346s] -- Installing: /home/user/celluleflexible_en_cours_ROS2/celluleflexible/ros_ws/install/shuttles/share/shuttles/cmake/export_shuttles__rosidl_typesupport_fastrtps_cExport.cmake
[11.346s] -- Installing: /home/user/celluleflexible_en_cours_ROS2/celluleflexible/ros_ws/install/shuttles/share/shuttles/cmake/export_shuttles__rosidl_typesupport_fastrtps_cExport-noconfig.cmake
[11.346s] -- Installing: /home/user/celluleflexible_en_cours_ROS2/celluleflexible/ros_ws/install/shuttles/share/shuttles/cmake/export_shuttles__rosidl_generator_cppExport.cmake
[11.347s] -- Installing: /home/user/celluleflexible_en_cours_ROS2/celluleflexible/ros_ws/install/shuttles/share/shuttles/cmake/export_shuttles__rosidl_typesupport_fastrtps_cppExport.cmake
[11.347s] -- Installing: /home/user/celluleflexible_en_cours_ROS2/celluleflexible/ros_ws/install/shuttles/share/shuttles/cmake/export_shuttles__rosidl_typesupport_fastrtps_cppExport-noconfig.cmake
[11.347s] -- Installing: /home/user/celluleflexible_en_cours_ROS2/celluleflexible/ros_ws/install/shuttles/share/shuttles/cmake/shuttles__rosidl_typesupport_introspection_cExport.cmake
[11.347s] -- Installing: /home/user/celluleflexible_en_cours_ROS2/celluleflexible/ros_ws/install/shuttles/share/shuttles/cmake/shuttles__rosidl_typesupport_introspection_cExport-noconfig.cmake
[11.347s] -- Installing: /home/user/celluleflexible_en_cours_ROS2/celluleflexible/ros_ws/install/shuttles/share/shuttles/cmake/shuttles__rosidl_typesupport_cExport.cmake
[11.347s] -- Installing: /home/user/celluleflexible_en_cours_ROS2/celluleflexible/ros_ws/install/shuttles/share/shuttles/cmake/shuttles__rosidl_typesupport_cExport-noconfig.cmake
[11.348s] -- Installing: /home/user/celluleflexible_en_cours_ROS2/celluleflexible/ros_ws/install/shuttles/share/shuttles/cmake/shuttles__rosidl_typesupport_introspection_cppExport.cmake
[11.348s] -- Installing: /home/user/celluleflexible_en_cours_ROS2/celluleflexible/ros_ws/install/shuttles/share/shuttles/cmake/shuttles__rosidl_typesupport_introspection_cppExport-noconfig.cmake
[11.348s] -- Installing: /home/user/celluleflexible_en_cours_ROS2/celluleflexible/ros_ws/install/shuttles/share/shuttles/cmake/shuttles__rosidl_typesupport_cppExport.cmake
[11.348s] -- Installing: /home/user/celluleflexible_en_cours_ROS2/celluleflexible/ros_ws/install/shuttles/share/shuttles/cmake/shuttles__rosidl_typesupport_cppExport-noconfig.cmake
[11.348s] -- Installing: /home/user/celluleflexible_en_cours_ROS2/celluleflexible/ros_ws/install/shuttles/share/shuttles/cmake/export_shuttles__rosidl_generator_pyExport.cmake
[11.348s] -- Installing: /home/user/celluleflexible_en_cours_ROS2/celluleflexible/ros_ws/install/shuttles/share/shuttles/cmake/export_shuttles__rosidl_generator_pyExport-noconfig.cmake
[11.348s] -- Installing: /home/user/celluleflexible_en_cours_ROS2/celluleflexible/ros_ws/install/shuttles/share/shuttles/cmake/rosidl_cmake-extras.cmake
[11.348s] -- Installing: /home/user/celluleflexible_en_cours_ROS2/celluleflexible/ros_ws/install/shuttles/share/shuttles/cmake/ament_cmake_export_dependencies-extras.cmake
[11.348s] -- Installing: /home/user/celluleflexible_en_cours_ROS2/celluleflexible/ros_ws/install/shuttles/share/shuttles/cmake/ament_cmake_export_include_directories-extras.cmake
[11.348s] -- Installing: /home/user/celluleflexible_en_cours_ROS2/celluleflexible/ros_ws/install/shuttles/share/shuttles/cmake/ament_cmake_export_libraries-extras.cmake
[11.348s] -- Installing: /home/user/celluleflexible_en_cours_ROS2/celluleflexible/ros_ws/install/shuttles/share/shuttles/cmake/ament_cmake_export_targets-extras.cmake
[11.348s] -- Installing: /home/user/celluleflexible_en_cours_ROS2/celluleflexible/ros_ws/install/shuttles/share/shuttles/cmake/rosidl_cmake_export_typesupport_targets-extras.cmake
[11.348s] -- Installing: /home/user/celluleflexible_en_cours_ROS2/celluleflexible/ros_ws/install/shuttles/share/shuttles/cmake/rosidl_cmake_export_typesupport_libraries-extras.cmake
[11.348s] -- Installing: /home/user/celluleflexible_en_cours_ROS2/celluleflexible/ros_ws/install/shuttles/share/shuttles/cmake/shuttlesConfig.cmake
[11.348s] -- Installing: /home/user/celluleflexible_en_cours_ROS2/celluleflexible/ros_ws/install/shuttles/share/shuttles/cmake/shuttlesConfig-version.cmake
[11.348s] -- Installing: /home/user/celluleflexible_en_cours_ROS2/celluleflexible/ros_ws/install/shuttles/share/shuttles/package.xml
[11.351s] Invoked command in '/home/user/celluleflexible_en_cours_ROS2/celluleflexible/ros_ws/build/shuttles' returned '0': AMENT_PREFIX_PATH=/home/user/celluleflexible_en_cours_ROS2/celluleflexible/ros_ws/install/aiguillages:${AMENT_PREFIX_PATH} CMAKE_PREFIX_PATH=/home/user/celluleflexible_en_cours_ROS2/celluleflexible/ros_ws/install/aiguillages:/opt/ros/jazzy/opt/gz_math_vendor:/opt/ros/jazzy/opt/gz_utils_vendor:/opt/ros/jazzy/opt/gz_cmake_vendor:/opt/ros/jazzy DEBUGINFOD_URLS=https://debuginfod.ubuntu.com LD_LIBRARY_PATH=/home/user/celluleflexible_en_cours_ROS2/celluleflexible/ros_ws/install/aiguillages/lib:${LD_LIBRARY_PATH} PYTHONPATH=/home/user/celluleflexible_en_cours_ROS2/celluleflexible/ros_ws/install/aiguillages/lib/python3.12/site-packages:${PYTHONPATH} /usr/bin/cmake --install /home/user/celluleflexible_en_cours_ROS2/celluleflexible/ros_ws/build/shuttles
