-- The C compiler identification is GNU 13.3.0
-- The CXX compiler identification is GNU 13.3.0
-- Detecting C compiler ABI info
-- Detecting C compiler ABI info - done
-- Check for working C compiler: /usr/bin/cc - skipped
-- Detecting C compile features
-- Detecting C compile features - done
-- Detecting CXX compiler ABI info
-- Detecting CXX compiler ABI info - done
-- Check for working CXX compiler: /usr/bin/c++ - skipped
-- Detecting CXX compile features
-- Detecting CXX compile features - done
-- Found ament_cmake: 2.5.5 (/opt/ros/jazzy/share/ament_cmake/cmake)
-- Found Python3: /usr/bin/python3 (found version "3.12.3") found components: Interpreter 
-- Found rclcpp: 28.1.16 (/opt/ros/jazzy/share/rclcpp/cmake)
-- Found rosidl_generator_c: 4.6.7 (/opt/ros/jazzy/share/rosidl_generator_c/cmake)
-- Found rosidl_generator_cpp: 4.6.7 (/opt/ros/jazzy/share/rosidl_generator_cpp/cmake)
-- Using all available rosidl_typesupport_c: rosidl_typesupport_fastrtps_c;rosidl_typesupport_introspection_c
-- Using all available rosidl_typesupport_cpp: rosidl_typesupport_fastrtps_cpp;rosidl_typesupport_introspection_cpp
-- Found rmw_implementation_cmake: 7.3.3 (/opt/ros/jazzy/share/rmw_implementation_cmake/cmake)
-- Found rmw_fastrtps_cpp: 8.4.3 (/opt/ros/jazzy/share/rmw_fastrtps_cpp/cmake)
-- Found OpenSSL: /usr/lib/x86_64-linux-gnu/libcrypto.so (found version "3.0.13")  
-- Found FastRTPS: /opt/ros/jazzy/include (Required is at least version "2.13") 
-- Using RMW implementation 'rmw_fastrtps_cpp' as default
-- Found std_msgs: 5.3.6 (/opt/ros/jazzy/share/std_msgs/cmake)
-- Found robots: 3.1.2 (/home/user/celluleflexible_en_cours_ROS2/celluleflexible/ros_ws/install/robots/share/robots/cmake)
-- Found commande_locale: 3.1.2 (/home/user/celluleflexible_en_cours_ROS2/celluleflexible/ros_ws/install/commande_locale/share/commande_locale/cmake)
-- Found shuttles: 0.0.0 (/home/user/celluleflexible_en_cours_ROS2/celluleflexible/ros_ws/install/shuttles/share/shuttles/cmake)
-- Found OpenCV: /usr (found version "4.6.0") 
-- Configuring done (0.8s)
-- Generating done (0.0s)
-- Build files have been written to: /home/user/celluleflexible_en_cours_ROS2/celluleflexible/ros_ws/build/commande
[ 12%] [32mBuilding CXX object CMakeFiles/run.dir/src/commande.cpp.o[0m
[ 25%] [32mBuilding CXX object CMakeFiles/run.dir/src/actionneurs.cpp.o[0m
[ 37%] [32mBuilding CXX object CMakeFiles/run.dir/src/capteurs.cpp.o[0m
[ 50%] [32mBuilding CXX object CMakeFiles/run.dir/src/RobotsInterface.cpp.o[0m
[ 62%] [32mBuilding CXX object CMakeFiles/run.dir/src/main_commande.cpp.o[0m
[ 75%] [32mBuilding CXX object CMakeFiles/run.dir/src/communication_baxter.cpp.o[0m
[ 87%] [32mBuilding CXX object CMakeFiles/run.dir/src/AigsInterface.cpp.o[0m
[100%] [32m[1mLinking CXX executable run[0m
[100%] Built target run
-- Install configuration: ""
-- Installing: /home/user/celluleflexible_en_cours_ROS2/celluleflexible/ros_ws/install/commande/lib/commande/run
-- Set non-toolchain portion of runtime path of "/home/user/celluleflexible_en_cours_ROS2/celluleflexible/ros_ws/install/commande/lib/commande/run" to ""
-- Installing: /home/user/celluleflexible_en_cours_ROS2/celluleflexible/ros_ws/install/commande/share/ament_index/resource_index/package_run_dependencies/commande
-- Installing: /home/user/celluleflexible_en_cours_ROS2/celluleflexible/ros_ws/install/commande/share/ament_index/resource_index/parent_prefix_path/commande
-- Installing: /home/user/celluleflexible_en_cours_ROS2/celluleflexible/ros_ws/install/commande/share/commande/environment/ament_prefix_path.sh
-- Installing: /home/user/celluleflexible_en_cours_ROS2/celluleflexible/ros_ws/install/commande/share/commande/environment/ament_prefix_path.dsv
-- Installing: /home/user/celluleflexible_en_cours_ROS2/celluleflexible/ros_ws/install/commande/share/commande/environment/path.sh
-- Installing: /home/user/celluleflexible_en_cours_ROS2/celluleflexible/ros_ws/install/commande/share/commande/environment/path.dsv
-- Installing: /home/user/celluleflexible_en_cours_ROS2/celluleflexible/ros_ws/install/commande/share/commande/local_setup.bash
-- Installing: /home/user/celluleflexible_en_cours_ROS2/celluleflexible/ros_ws/install/commande/share/commande/local_setup.sh
-- Installing: /home/user/celluleflexible_en_cours_ROS2/celluleflexible/ros_ws/install/commande/share/commande/local_setup.zsh
-- Installing: /home/user/celluleflexible_en_cours_ROS2/celluleflexible/ros_ws/install/commande/share/commande/local_setup.dsv
-- Installing: /home/user/celluleflexible_en_cours_ROS2/celluleflexible/ros_ws/install/commande/share/commande/package.dsv
-- Installing: /home/user/celluleflexible_en_cours_ROS2/celluleflexible/ros_ws/install/commande/share/ament_index/resource_index/packages/commande
-- Installing: /home/user/celluleflexible_en_cours_ROS2/celluleflexible/ros_ws/install/commande/share/commande/cmake/commandeConfig.cmake
-- Installing: /home/user/celluleflexible_en_cours_ROS2/celluleflexible/ros_ws/install/commande/share/commande/cmake/commandeConfig-version.cmake
-- Installing: /home/user/celluleflexible_en_cours_ROS2/celluleflexible/ros_ws/install/commande/share/commande/package.xml
