[  1%] Built target shuttles__rosidl_generator_type_description
[  1%] Built target ament_cmake_python_copy_shuttles
[  2%] Built target shuttles__cpp
[ 23%] Built target shuttles__rosidl_generator_c
[ 32%] Built target shuttles__rosidl_typesupport_fastrtps_c
[ 41%] Built target shuttles__rosidl_typesupport_introspection_c
[ 50%] Built target shuttles__rosidl_typesupport_cpp
[ 58%] Built target shuttles__rosidl_typesupport_fastrtps_cpp
[ 67%] Built target shuttles__rosidl_typesupport_c
[ 76%] Built target shuttles__rosidl_typesupport_introspection_cpp
[ 82%] Built target shuttle_manager
[ 82%] Built target shuttles
[ 83%] Built target shuttles__py
[ 91%] Built target shuttles__rosidl_generator_py
running egg_info
[ 94%] Built target shuttles_s__rosidl_typesupport_fastrtps_c
[ 97%] Built target shuttles_s__rosidl_typesupport_introspection_c
[100%] Built target shuttles_s__rosidl_typesupport_c
writing shuttles.egg-info/PKG-INFO
writing dependency_links to shuttles.egg-info/dependency_links.txt
writing top-level names to shuttles.egg-info/top_level.txt
reading manifest file 'shuttles.egg-info/SOURCES.txt'
writing manifest file 'shuttles.egg-info/SOURCES.txt'
[100%] Built target ament_cmake_python_build_shuttles_egg
-- Install configuration: ""
-- Up-to-date: /home/user/celluleflexible_en_cours_ROS2/ros_ws/install/shuttles/share/ament_index/resource_index/rosidl_interfaces/shuttles
-- Up-to-date: /home/user/celluleflexible_en_cours_ROS2/ros_ws/install/shuttles/share/shuttles/msg/MsgShuttleChange.json
-- Up-to-date: /home/user/celluleflexible_en_cours_ROS2/ros_ws/install/shuttles/share/shuttles/msg/MsgShuttleCreate.json
-- Up-to-date: /home/user/celluleflexible_en_cours_ROS2/ros_ws/install/shuttles/share/shuttles/msg/MsgErreur.json
-- Up-to-date: /home/user/celluleflexible_en_cours_ROS2/ros_ws/install/shuttles/share/shuttles/srv/ShuttleId.json
-- Up-to-date: /home/user/celluleflexible_en_cours_ROS2/ros_ws/install/shuttles/include/shuttles/shuttles
-- Up-to-date: /home/user/celluleflexible_en_cours_ROS2/ros_ws/install/shuttles/include/shuttles/shuttles/msg
-- Up-to-date: /home/user/celluleflexible_en_cours_ROS2/ros_ws/install/shuttles/include/shuttles/shuttles/msg/msg_shuttle_create.h
-- Up-to-date: /home/user/celluleflexible_en_cours_ROS2/ros_ws/install/shuttles/include/shuttles/shuttles/msg/msg_shuttle_change.h
-- Up-to-date: /home/user/celluleflexible_en_cours_ROS2/ros_ws/install/shuttles/include/shuttles/shuttles/msg/rosidl_generator_c__visibility_control.h
-- Up-to-date: /home/user/celluleflexible_en_cours_ROS2/ros_ws/install/shuttles/include/shuttles/shuttles/msg/msg_erreur.h
-- Up-to-date: /home/user/celluleflexible_en_cours_ROS2/ros_ws/install/shuttles/include/shuttles/shuttles/msg/detail
-- Up-to-date: /home/user/celluleflexible_en_cours_ROS2/ros_ws/install/shuttles/include/shuttles/shuttles/msg/detail/msg_shuttle_change__functions.h
-- Up-to-date: /home/user/celluleflexible_en_cours_ROS2/ros_ws/install/shuttles/include/shuttles/shuttles/msg/detail/msg_erreur__functions.h
-- Up-to-date: /home/user/celluleflexible_en_cours_ROS2/ros_ws/install/shuttles/include/shuttles/shuttles/msg/detail/msg_shuttle_create__functions.c
-- Up-to-date: /home/user/celluleflexible_en_cours_ROS2/ros_ws/install/shuttles/include/shuttles/shuttles/msg/detail/msg_shuttle_create__type_support.c
-- Up-to-date: /home/user/celluleflexible_en_cours_ROS2/ros_ws/install/shuttles/include/shuttles/shuttles/msg/detail/msg_shuttle_create__struct.h
-- Up-to-date: /home/user/celluleflexible_en_cours_ROS2/ros_ws/install/shuttles/include/shuttles/shuttles/msg/detail/msg_erreur__type_support.h
-- Up-to-date: /home/user/celluleflexible_en_cours_ROS2/ros_ws/install/shuttles/include/shuttles/shuttles/msg/detail/msg_shuttle_change__struct.h
-- Up-to-date: /home/user/celluleflexible_en_cours_ROS2/ros_ws/install/shuttles/include/shuttles/shuttles/msg/detail/msg_erreur__struct.h
-- Up-to-date: /home/user/celluleflexible_en_cours_ROS2/ros_ws/install/shuttles/include/shuttles/shuttles/msg/detail/msg_shuttle_change__description.c
-- Up-to-date: /home/user/celluleflexible_en_cours_ROS2/ros_ws/install/shuttles/include/shuttles/shuttles/msg/detail/msg_erreur__functions.c
-- Up-to-date: /home/user/celluleflexible_en_cours_ROS2/ros_ws/install/shuttles/include/shuttles/shuttles/msg/detail/msg_shuttle_create__description.c
-- Up-to-date: /home/user/celluleflexible_en_cours_ROS2/ros_ws/install/shuttles/include/shuttles/shuttles/msg/detail/msg_shuttle_change__type_support.c
-- Up-to-date: /home/user/celluleflexible_en_cours_ROS2/ros_ws/install/shuttles/include/shuttles/shuttles/msg/detail/msg_erreur__description.c
-- Up-to-date: /home/user/celluleflexible_en_cours_ROS2/ros_ws/install/shuttles/include/shuttles/shuttles/msg/detail/msg_erreur__type_support.c
-- Up-to-date: /home/user/celluleflexible_en_cours_ROS2/ros_ws/install/shuttles/include/shuttles/shuttles/msg/detail/msg_shuttle_change__type_support.h
-- Up-to-date: /home/user/celluleflexible_en_cours_ROS2/ros_ws/install/shuttles/include/shuttles/shuttles/msg/detail/msg_shuttle_create__functions.h
-- Up-to-date: /home/user/celluleflexible_en_cours_ROS2/ros_ws/install/shuttles/include/shuttles/shuttles/msg/detail/msg_shuttle_create__type_support.h
-- Up-to-date: /home/user/celluleflexible_en_cours_ROS2/ros_ws/install/shuttles/include/shuttles/shuttles/msg/detail/msg_shuttle_change__functions.c
-- Up-to-date: /home/user/celluleflexible_en_cours_ROS2/ros_ws/install/shuttles/include/shuttles/shuttles/srv
-- Up-to-date: /home/user/celluleflexible_en_cours_ROS2/ros_ws/install/shuttles/include/shuttles/shuttles/srv/shuttle_id.h
-- Up-to-date: /home/user/celluleflexible_en_cours_ROS2/ros_ws/install/shuttles/include/shuttles/shuttles/srv/detail
-- Up-to-date: /home/user/celluleflexible_en_cours_ROS2/ros_ws/install/shuttles/include/shuttles/shuttles/srv/detail/shuttle_id__type_support.c
-- Up-to-date: /home/user/celluleflexible_en_cours_ROS2/ros_ws/install/shuttles/include/shuttles/shuttles/srv/detail/shuttle_id__struct.h
-- Up-to-date: /home/user/celluleflexible_en_cours_ROS2/ros_ws/install/shuttles/include/shuttles/shuttles/srv/detail/shuttle_id__functions.c
-- Up-to-date: /home/user/celluleflexible_en_cours_ROS2/ros_ws/install/shuttles/include/shuttles/shuttles/srv/detail/shuttle_id__functions.h
-- Up-to-date: /home/user/celluleflexible_en_cours_ROS2/ros_ws/install/shuttles/include/shuttles/shuttles/srv/detail/shuttle_id__type_support.h
-- Up-to-date: /home/user/celluleflexible_en_cours_ROS2/ros_ws/install/shuttles/include/shuttles/shuttles/srv/detail/shuttle_id__description.c
-- Up-to-date: /home/user/celluleflexible_en_cours_ROS2/ros_ws/install/shuttles/share/shuttles/environment/library_path.sh
-- Up-to-date: /home/user/celluleflexible_en_cours_ROS2/ros_ws/install/shuttles/share/shuttles/environment/library_path.dsv
-- Up-to-date: /home/user/celluleflexible_en_cours_ROS2/ros_ws/install/shuttles/lib/libshuttles__rosidl_generator_c.so
-- Up-to-date: /home/user/celluleflexible_en_cours_ROS2/ros_ws/install/shuttles/include/shuttles/shuttles
-- Up-to-date: /home/user/celluleflexible_en_cours_ROS2/ros_ws/install/shuttles/include/shuttles/shuttles/msg
-- Up-to-date: /home/user/celluleflexible_en_cours_ROS2/ros_ws/install/shuttles/include/shuttles/shuttles/msg/rosidl_typesupport_fastrtps_c__visibility_control.h
-- Up-to-date: /home/user/celluleflexible_en_cours_ROS2/ros_ws/install/shuttles/include/shuttles/shuttles/msg/detail
-- Up-to-date: /home/user/celluleflexible_en_cours_ROS2/ros_ws/install/shuttles/include/shuttles/shuttles/msg/detail/msg_erreur__rosidl_typesupport_fastrtps_c.h
-- Up-to-date: /home/user/celluleflexible_en_cours_ROS2/ros_ws/install/shuttles/include/shuttles/shuttles/msg/detail/msg_shuttle_change__rosidl_typesupport_fastrtps_c.h
-- Up-to-date: /home/user/celluleflexible_en_cours_ROS2/ros_ws/install/shuttles/include/shuttles/shuttles/msg/detail/msg_shuttle_create__rosidl_typesupport_fastrtps_c.h
-- Up-to-date: /home/user/celluleflexible_en_cours_ROS2/ros_ws/install/shuttles/include/shuttles/shuttles/srv
-- Up-to-date: /home/user/celluleflexible_en_cours_ROS2/ros_ws/install/shuttles/include/shuttles/shuttles/srv/detail
-- Up-to-date: /home/user/celluleflexible_en_cours_ROS2/ros_ws/install/shuttles/include/shuttles/shuttles/srv/detail/shuttle_id__rosidl_typesupport_fastrtps_c.h
-- Up-to-date: /home/user/celluleflexible_en_cours_ROS2/ros_ws/install/shuttles/lib/libshuttles__rosidl_typesupport_fastrtps_c.so
-- Up-to-date: /home/user/celluleflexible_en_cours_ROS2/ros_ws/install/shuttles/include/shuttles/shuttles
-- Up-to-date: /home/user/celluleflexible_en_cours_ROS2/ros_ws/install/shuttles/include/shuttles/shuttles/msg
-- Up-to-date: /home/user/celluleflexible_en_cours_ROS2/ros_ws/install/shuttles/include/shuttles/shuttles/msg/rosidl_generator_cpp__visibility_control.hpp
-- Up-to-date: /home/user/celluleflexible_en_cours_ROS2/ros_ws/install/shuttles/include/shuttles/shuttles/msg/msg_shuttle_change.hpp
-- Up-to-date: /home/user/celluleflexible_en_cours_ROS2/ros_ws/install/shuttles/include/shuttles/shuttles/msg/msg_shuttle_create.hpp
-- Up-to-date: /home/user/celluleflexible_en_cours_ROS2/ros_ws/install/shuttles/include/shuttles/shuttles/msg/detail
-- Up-to-date: /home/user/celluleflexible_en_cours_ROS2/ros_ws/install/shuttles/include/shuttles/shuttles/msg/detail/msg_shuttle_change__type_support.hpp
-- Up-to-date: /home/user/celluleflexible_en_cours_ROS2/ros_ws/install/shuttles/include/shuttles/shuttles/msg/detail/msg_shuttle_change__traits.hpp
-- Up-to-date: /home/user/celluleflexible_en_cours_ROS2/ros_ws/install/shuttles/include/shuttles/shuttles/msg/detail/msg_shuttle_create__traits.hpp
-- Up-to-date: /home/user/celluleflexible_en_cours_ROS2/ros_ws/install/shuttles/include/shuttles/shuttles/msg/detail/msg_erreur__traits.hpp
-- Up-to-date: /home/user/celluleflexible_en_cours_ROS2/ros_ws/install/shuttles/include/shuttles/shuttles/msg/detail/msg_erreur__struct.hpp
-- Up-to-date: /home/user/celluleflexible_en_cours_ROS2/ros_ws/install/shuttles/include/shuttles/shuttles/msg/detail/msg_erreur__type_support.hpp
-- Up-to-date: /home/user/celluleflexible_en_cours_ROS2/ros_ws/install/shuttles/include/shuttles/shuttles/msg/detail/msg_shuttle_create__builder.hpp
-- Up-to-date: /home/user/celluleflexible_en_cours_ROS2/ros_ws/install/shuttles/include/shuttles/shuttles/msg/detail/msg_shuttle_create__type_support.hpp
-- Up-to-date: /home/user/celluleflexible_en_cours_ROS2/ros_ws/install/shuttles/include/shuttles/shuttles/msg/detail/msg_erreur__builder.hpp
-- Up-to-date: /home/user/celluleflexible_en_cours_ROS2/ros_ws/install/shuttles/include/shuttles/shuttles/msg/detail/msg_shuttle_change__builder.hpp
-- Up-to-date: /home/user/celluleflexible_en_cours_ROS2/ros_ws/install/shuttles/include/shuttles/shuttles/msg/detail/msg_shuttle_create__struct.hpp
-- Up-to-date: /home/user/celluleflexible_en_cours_ROS2/ros_ws/install/shuttles/include/shuttles/shuttles/msg/detail/msg_shuttle_change__struct.hpp
-- Up-to-date: /home/user/celluleflexible_en_cours_ROS2/ros_ws/install/shuttles/include/shuttles/shuttles/msg/msg_erreur.hpp
-- Up-to-date: /home/user/celluleflexible_en_cours_ROS2/ros_ws/install/shuttles/include/shuttles/shuttles/srv
-- Up-to-date: /home/user/celluleflexible_en_cours_ROS2/ros_ws/install/shuttles/include/shuttles/shuttles/srv/shuttle_id.hpp
-- Up-to-date: /home/user/celluleflexible_en_cours_ROS2/ros_ws/install/shuttles/include/shuttles/shuttles/srv/detail
-- Up-to-date: /home/user/celluleflexible_en_cours_ROS2/ros_ws/install/shuttles/include/shuttles/shuttles/srv/detail/shuttle_id__type_support.hpp
-- Up-to-date: /home/user/celluleflexible_en_cours_ROS2/ros_ws/install/shuttles/include/shuttles/shuttles/srv/detail/shuttle_id__struct.hpp
-- Up-to-date: /home/user/celluleflexible_en_cours_ROS2/ros_ws/install/shuttles/include/shuttles/shuttles/srv/detail/shuttle_id__builder.hpp
-- Up-to-date: /home/user/celluleflexible_en_cours_ROS2/ros_ws/install/shuttles/include/shuttles/shuttles/srv/detail/shuttle_id__traits.hpp
-- Up-to-date: /home/user/celluleflexible_en_cours_ROS2/ros_ws/install/shuttles/include/shuttles/shuttles
-- Up-to-date: /home/user/celluleflexible_en_cours_ROS2/ros_ws/install/shuttles/include/shuttles/shuttles/msg
-- Up-to-date: /home/user/celluleflexible_en_cours_ROS2/ros_ws/install/shuttles/include/shuttles/shuttles/msg/detail
-- Up-to-date: /home/user/celluleflexible_en_cours_ROS2/ros_ws/install/shuttles/include/shuttles/shuttles/msg/detail/dds_fastrtps
-- Up-to-date: /home/user/celluleflexible_en_cours_ROS2/ros_ws/install/shuttles/include/shuttles/shuttles/msg/detail/msg_shuttle_create__rosidl_typesupport_fastrtps_cpp.hpp
-- Up-to-date: /home/user/celluleflexible_en_cours_ROS2/ros_ws/install/shuttles/include/shuttles/shuttles/msg/detail/msg_shuttle_change__rosidl_typesupport_fastrtps_cpp.hpp
-- Up-to-date: /home/user/celluleflexible_en_cours_ROS2/ros_ws/install/shuttles/include/shuttles/shuttles/msg/detail/msg_erreur__rosidl_typesupport_fastrtps_cpp.hpp
-- Up-to-date: /home/user/celluleflexible_en_cours_ROS2/ros_ws/install/shuttles/include/shuttles/shuttles/msg/rosidl_typesupport_fastrtps_cpp__visibility_control.h
-- Up-to-date: /home/user/celluleflexible_en_cours_ROS2/ros_ws/install/shuttles/include/shuttles/shuttles/srv
-- Up-to-date: /home/user/celluleflexible_en_cours_ROS2/ros_ws/install/shuttles/include/shuttles/shuttles/srv/detail
-- Up-to-date: /home/user/celluleflexible_en_cours_ROS2/ros_ws/install/shuttles/include/shuttles/shuttles/srv/detail/shuttle_id__rosidl_typesupport_fastrtps_cpp.hpp
-- Up-to-date: /home/user/celluleflexible_en_cours_ROS2/ros_ws/install/shuttles/include/shuttles/shuttles/srv/detail/dds_fastrtps
-- Up-to-date: /home/user/celluleflexible_en_cours_ROS2/ros_ws/install/shuttles/lib/libshuttles__rosidl_typesupport_fastrtps_cpp.so
-- Up-to-date: /home/user/celluleflexible_en_cours_ROS2/ros_ws/install/shuttles/include/shuttles/shuttles
-- Up-to-date: /home/user/celluleflexible_en_cours_ROS2/ros_ws/install/shuttles/include/shuttles/shuttles/msg
-- Up-to-date: /home/user/celluleflexible_en_cours_ROS2/ros_ws/install/shuttles/include/shuttles/shuttles/msg/rosidl_typesupport_introspection_c__visibility_control.h
-- Up-to-date: /home/user/celluleflexible_en_cours_ROS2/ros_ws/install/shuttles/include/shuttles/shuttles/msg/detail
-- Up-to-date: /home/user/celluleflexible_en_cours_ROS2/ros_ws/install/shuttles/include/shuttles/shuttles/msg/detail/msg_shuttle_create__type_support.c
-- Up-to-date: /home/user/celluleflexible_en_cours_ROS2/ros_ws/install/shuttles/include/shuttles/shuttles/msg/detail/msg_shuttle_change__rosidl_typesupport_introspection_c.h
-- Up-to-date: /home/user/celluleflexible_en_cours_ROS2/ros_ws/install/shuttles/include/shuttles/shuttles/msg/detail/msg_shuttle_change__type_support.c
-- Up-to-date: /home/user/celluleflexible_en_cours_ROS2/ros_ws/install/shuttles/include/shuttles/shuttles/msg/detail/msg_erreur__type_support.c
-- Up-to-date: /home/user/celluleflexible_en_cours_ROS2/ros_ws/install/shuttles/include/shuttles/shuttles/msg/detail/msg_shuttle_create__rosidl_typesupport_introspection_c.h
-- Up-to-date: /home/user/celluleflexible_en_cours_ROS2/ros_ws/install/shuttles/include/shuttles/shuttles/msg/detail/msg_erreur__rosidl_typesupport_introspection_c.h
-- Up-to-date: /home/user/celluleflexible_en_cours_ROS2/ros_ws/install/shuttles/include/shuttles/shuttles/srv
-- Up-to-date: /home/user/celluleflexible_en_cours_ROS2/ros_ws/install/shuttles/include/shuttles/shuttles/srv/detail
-- Up-to-date: /home/user/celluleflexible_en_cours_ROS2/ros_ws/install/shuttles/include/shuttles/shuttles/srv/detail/shuttle_id__type_support.c
-- Up-to-date: /home/user/celluleflexible_en_cours_ROS2/ros_ws/install/shuttles/include/shuttles/shuttles/srv/detail/shuttle_id__rosidl_typesupport_introspection_c.h
-- Up-to-date: /home/user/celluleflexible_en_cours_ROS2/ros_ws/install/shuttles/lib/libshuttles__rosidl_typesupport_introspection_c.so
-- Up-to-date: /home/user/celluleflexible_en_cours_ROS2/ros_ws/install/shuttles/lib/libshuttles__rosidl_typesupport_c.so
-- Up-to-date: /home/user/celluleflexible_en_cours_ROS2/ros_ws/install/shuttles/include/shuttles/shuttles
-- Up-to-date: /home/user/celluleflexible_en_cours_ROS2/ros_ws/install/shuttles/include/shuttles/shuttles/msg
-- Up-to-date: /home/user/celluleflexible_en_cours_ROS2/ros_ws/install/shuttles/include/shuttles/shuttles/msg/detail
-- Up-to-date: /home/user/celluleflexible_en_cours_ROS2/ros_ws/install/shuttles/include/shuttles/shuttles/msg/detail/msg_shuttle_create__type_support.cpp
-- Up-to-date: /home/user/celluleflexible_en_cours_ROS2/ros_ws/install/shuttles/include/shuttles/shuttles/msg/detail/msg_erreur__type_support.cpp
-- Up-to-date: /home/user/celluleflexible_en_cours_ROS2/ros_ws/install/shuttles/include/shuttles/shuttles/msg/detail/msg_erreur__rosidl_typesupport_introspection_cpp.hpp
-- Up-to-date: /home/user/celluleflexible_en_cours_ROS2/ros_ws/install/shuttles/include/shuttles/shuttles/msg/detail/msg_shuttle_change__rosidl_typesupport_introspection_cpp.hpp
-- Up-to-date: /home/user/celluleflexible_en_cours_ROS2/ros_ws/install/shuttles/include/shuttles/shuttles/msg/detail/msg_shuttle_create__rosidl_typesupport_introspection_cpp.hpp
-- Up-to-date: /home/user/celluleflexible_en_cours_ROS2/ros_ws/install/shuttles/include/shuttles/shuttles/msg/detail/msg_shuttle_change__type_support.cpp
-- Up-to-date: /home/user/celluleflexible_en_cours_ROS2/ros_ws/install/shuttles/include/shuttles/shuttles/srv
-- Up-to-date: /home/user/celluleflexible_en_cours_ROS2/ros_ws/install/shuttles/include/shuttles/shuttles/srv/detail
-- Up-to-date: /home/user/celluleflexible_en_cours_ROS2/ros_ws/install/shuttles/include/shuttles/shuttles/srv/detail/shuttle_id__type_support.cpp
-- Up-to-date: /home/user/celluleflexible_en_cours_ROS2/ros_ws/install/shuttles/include/shuttles/shuttles/srv/detail/shuttle_id__rosidl_typesupport_introspection_cpp.hpp
-- Up-to-date: /home/user/celluleflexible_en_cours_ROS2/ros_ws/install/shuttles/lib/libshuttles__rosidl_typesupport_introspection_cpp.so
-- Up-to-date: /home/user/celluleflexible_en_cours_ROS2/ros_ws/install/shuttles/lib/libshuttles__rosidl_typesupport_cpp.so
-- Up-to-date: /home/user/celluleflexible_en_cours_ROS2/ros_ws/install/shuttles/share/shuttles/environment/pythonpath.sh
-- Up-to-date: /home/user/celluleflexible_en_cours_ROS2/ros_ws/install/shuttles/share/shuttles/environment/pythonpath.dsv
-- Up-to-date: /home/user/celluleflexible_en_cours_ROS2/ros_ws/install/shuttles/lib/python3.12/site-packages/shuttles-0.0.0-py3.12.egg-info
-- Installing: /home/user/celluleflexible_en_cours_ROS2/ros_ws/install/shuttles/lib/python3.12/site-packages/shuttles-0.0.0-py3.12.egg-info/SOURCES.txt
-- Installing: /home/user/celluleflexible_en_cours_ROS2/ros_ws/install/shuttles/lib/python3.12/site-packages/shuttles-0.0.0-py3.12.egg-info/top_level.txt
-- Installing: /home/user/celluleflexible_en_cours_ROS2/ros_ws/install/shuttles/lib/python3.12/site-packages/shuttles-0.0.0-py3.12.egg-info/PKG-INFO
-- Installing: /home/user/celluleflexible_en_cours_ROS2/ros_ws/install/shuttles/lib/python3.12/site-packages/shuttles-0.0.0-py3.12.egg-info/dependency_links.txt
-- Up-to-date: /home/user/celluleflexible_en_cours_ROS2/ros_ws/install/shuttles/lib/python3.12/site-packages/shuttles
-- Up-to-date: /home/user/celluleflexible_en_cours_ROS2/ros_ws/install/shuttles/lib/python3.12/site-packages/shuttles/shuttles_s__rosidl_typesupport_introspection_c.so
-- Up-to-date: /home/user/celluleflexible_en_cours_ROS2/ros_ws/install/shuttles/lib/python3.12/site-packages/shuttles/_shuttles_s.ep.rosidl_typesupport_c.c
-- Up-to-date: /home/user/celluleflexible_en_cours_ROS2/ros_ws/install/shuttles/lib/python3.12/site-packages/shuttles/msg
-- Up-to-date: /home/user/celluleflexible_en_cours_ROS2/ros_ws/install/shuttles/lib/python3.12/site-packages/shuttles/msg/_msg_shuttle_change.py
-- Up-to-date: /home/user/celluleflexible_en_cours_ROS2/ros_ws/install/shuttles/lib/python3.12/site-packages/shuttles/msg/_msg_erreur.py
-- Up-to-date: /home/user/celluleflexible_en_cours_ROS2/ros_ws/install/shuttles/lib/python3.12/site-packages/shuttles/msg/__init__.py
-- Up-to-date: /home/user/celluleflexible_en_cours_ROS2/ros_ws/install/shuttles/lib/python3.12/site-packages/shuttles/msg/_msg_shuttle_create_s.c
-- Up-to-date: /home/user/celluleflexible_en_cours_ROS2/ros_ws/install/shuttles/lib/python3.12/site-packages/shuttles/msg/_msg_erreur_s.c
-- Up-to-date: /home/user/celluleflexible_en_cours_ROS2/ros_ws/install/shuttles/lib/python3.12/site-packages/shuttles/msg/_msg_shuttle_create.py
-- Up-to-date: /home/user/celluleflexible_en_cours_ROS2/ros_ws/install/shuttles/lib/python3.12/site-packages/shuttles/msg/_msg_shuttle_change_s.c
-- Up-to-date: /home/user/celluleflexible_en_cours_ROS2/ros_ws/install/shuttles/lib/python3.12/site-packages/shuttles/shuttles_s__rosidl_typesupport_c.so
-- Up-to-date: /home/user/celluleflexible_en_cours_ROS2/ros_ws/install/shuttles/lib/python3.12/site-packages/shuttles/__init__.py
-- Up-to-date: /home/user/celluleflexible_en_cours_ROS2/ros_ws/install/shuttles/lib/python3.12/site-packages/shuttles/_shuttles_s.ep.rosidl_typesupport_fastrtps_c.c
-- Up-to-date: /home/user/celluleflexible_en_cours_ROS2/ros_ws/install/shuttles/lib/python3.12/site-packages/shuttles/srv
-- Up-to-date: /home/user/celluleflexible_en_cours_ROS2/ros_ws/install/shuttles/lib/python3.12/site-packages/shuttles/srv/__init__.py
-- Up-to-date: /home/user/celluleflexible_en_cours_ROS2/ros_ws/install/shuttles/lib/python3.12/site-packages/shuttles/srv/_shuttle_id.py
-- Up-to-date: /home/user/celluleflexible_en_cours_ROS2/ros_ws/install/shuttles/lib/python3.12/site-packages/shuttles/srv/_shuttle_id_s.c
-- Up-to-date: /home/user/celluleflexible_en_cours_ROS2/ros_ws/install/shuttles/lib/python3.12/site-packages/shuttles/_shuttles_s.ep.rosidl_typesupport_introspection_c.c
-- Up-to-date: /home/user/celluleflexible_en_cours_ROS2/ros_ws/install/shuttles/lib/python3.12/site-packages/shuttles/shuttles_s__rosidl_typesupport_fastrtps_c.so
Listing '/home/user/celluleflexible_en_cours_ROS2/ros_ws/install/shuttles/lib/python3.12/site-packages/shuttles'...
Listing '/home/user/celluleflexible_en_cours_ROS2/ros_ws/install/shuttles/lib/python3.12/site-packages/shuttles/msg'...
Listing '/home/user/celluleflexible_en_cours_ROS2/ros_ws/install/shuttles/lib/python3.12/site-packages/shuttles/srv'...
-- Up-to-date: /home/user/celluleflexible_en_cours_ROS2/ros_ws/install/shuttles/lib/python3.12/site-packages/shuttles/shuttles_s__rosidl_typesupport_fastrtps_c.so
-- Up-to-date: /home/user/celluleflexible_en_cours_ROS2/ros_ws/install/shuttles/lib/python3.12/site-packages/shuttles/shuttles_s__rosidl_typesupport_introspection_c.so
-- Up-to-date: /home/user/celluleflexible_en_cours_ROS2/ros_ws/install/shuttles/lib/python3.12/site-packages/shuttles/shuttles_s__rosidl_typesupport_c.so
-- Up-to-date: /home/user/celluleflexible_en_cours_ROS2/ros_ws/install/shuttles/lib/libshuttles__rosidl_generator_py.so
-- Up-to-date: /home/user/celluleflexible_en_cours_ROS2/ros_ws/install/shuttles/share/shuttles/msg/MsgShuttleChange.idl
-- Up-to-date: /home/user/celluleflexible_en_cours_ROS2/ros_ws/install/shuttles/share/shuttles/msg/MsgShuttleCreate.idl
-- Up-to-date: /home/user/celluleflexible_en_cours_ROS2/ros_ws/install/shuttles/share/shuttles/msg/MsgErreur.idl
-- Up-to-date: /home/user/celluleflexible_en_cours_ROS2/ros_ws/install/shuttles/share/shuttles/srv/ShuttleId.idl
-- Up-to-date: /home/user/celluleflexible_en_cours_ROS2/ros_ws/install/shuttles/share/shuttles/msg/MsgShuttleChange.msg
-- Up-to-date: /home/user/celluleflexible_en_cours_ROS2/ros_ws/install/shuttles/share/shuttles/msg/MsgShuttleCreate.msg
-- Up-to-date: /home/user/celluleflexible_en_cours_ROS2/ros_ws/install/shuttles/share/shuttles/msg/MsgErreur.msg
-- Up-to-date: /home/user/celluleflexible_en_cours_ROS2/ros_ws/install/shuttles/share/shuttles/srv/ShuttleId.srv
-- Up-to-date: /home/user/celluleflexible_en_cours_ROS2/ros_ws/install/shuttles/lib/shuttles/shuttle_manager
-- Up-to-date: /home/user/celluleflexible_en_cours_ROS2/ros_ws/install/shuttles/share/ament_index/resource_index/package_run_dependencies/shuttles
-- Up-to-date: /home/user/celluleflexible_en_cours_ROS2/ros_ws/install/shuttles/share/ament_index/resource_index/parent_prefix_path/shuttles
-- Up-to-date: /home/user/celluleflexible_en_cours_ROS2/ros_ws/install/shuttles/share/shuttles/environment/ament_prefix_path.sh
-- Up-to-date: /home/user/celluleflexible_en_cours_ROS2/ros_ws/install/shuttles/share/shuttles/environment/ament_prefix_path.dsv
-- Up-to-date: /home/user/celluleflexible_en_cours_ROS2/ros_ws/install/shuttles/share/shuttles/environment/path.sh
-- Up-to-date: /home/user/celluleflexible_en_cours_ROS2/ros_ws/install/shuttles/share/shuttles/environment/path.dsv
-- Up-to-date: /home/user/celluleflexible_en_cours_ROS2/ros_ws/install/shuttles/share/shuttles/local_setup.bash
-- Up-to-date: /home/user/celluleflexible_en_cours_ROS2/ros_ws/install/shuttles/share/shuttles/local_setup.sh
-- Up-to-date: /home/user/celluleflexible_en_cours_ROS2/ros_ws/install/shuttles/share/shuttles/local_setup.zsh
-- Up-to-date: /home/user/celluleflexible_en_cours_ROS2/ros_ws/install/shuttles/share/shuttles/local_setup.dsv
-- Installing: /home/user/celluleflexible_en_cours_ROS2/ros_ws/install/shuttles/share/shuttles/package.dsv
-- Up-to-date: /home/user/celluleflexible_en_cours_ROS2/ros_ws/install/shuttles/share/ament_index/resource_index/packages/shuttles
-- Up-to-date: /home/user/celluleflexible_en_cours_ROS2/ros_ws/install/shuttles/share/shuttles/cmake/export_shuttles__rosidl_generator_cExport.cmake
-- Up-to-date: /home/user/celluleflexible_en_cours_ROS2/ros_ws/install/shuttles/share/shuttles/cmake/export_shuttles__rosidl_generator_cExport-noconfig.cmake
-- Up-to-date: /home/user/celluleflexible_en_cours_ROS2/ros_ws/install/shuttles/share/shuttles/cmake/export_shuttles__rosidl_typesupport_fastrtps_cExport.cmake
-- Up-to-date: /home/user/celluleflexible_en_cours_ROS2/ros_ws/install/shuttles/share/shuttles/cmake/export_shuttles__rosidl_typesupport_fastrtps_cExport-noconfig.cmake
-- Up-to-date: /home/user/celluleflexible_en_cours_ROS2/ros_ws/install/shuttles/share/shuttles/cmake/export_shuttles__rosidl_generator_cppExport.cmake
-- Up-to-date: /home/user/celluleflexible_en_cours_ROS2/ros_ws/install/shuttles/share/shuttles/cmake/export_shuttles__rosidl_typesupport_fastrtps_cppExport.cmake
-- Up-to-date: /home/user/celluleflexible_en_cours_ROS2/ros_ws/install/shuttles/share/shuttles/cmake/export_shuttles__rosidl_typesupport_fastrtps_cppExport-noconfig.cmake
-- Up-to-date: /home/user/celluleflexible_en_cours_ROS2/ros_ws/install/shuttles/share/shuttles/cmake/shuttles__rosidl_typesupport_introspection_cExport.cmake
-- Up-to-date: /home/user/celluleflexible_en_cours_ROS2/ros_ws/install/shuttles/share/shuttles/cmake/shuttles__rosidl_typesupport_introspection_cExport-noconfig.cmake
-- Up-to-date: /home/user/celluleflexible_en_cours_ROS2/ros_ws/install/shuttles/share/shuttles/cmake/shuttles__rosidl_typesupport_cExport.cmake
-- Up-to-date: /home/user/celluleflexible_en_cours_ROS2/ros_ws/install/shuttles/share/shuttles/cmake/shuttles__rosidl_typesupport_cExport-noconfig.cmake
-- Up-to-date: /home/user/celluleflexible_en_cours_ROS2/ros_ws/install/shuttles/share/shuttles/cmake/shuttles__rosidl_typesupport_introspection_cppExport.cmake
-- Up-to-date: /home/user/celluleflexible_en_cours_ROS2/ros_ws/install/shuttles/share/shuttles/cmake/shuttles__rosidl_typesupport_introspection_cppExport-noconfig.cmake
-- Up-to-date: /home/user/celluleflexible_en_cours_ROS2/ros_ws/install/shuttles/share/shuttles/cmake/shuttles__rosidl_typesupport_cppExport.cmake
-- Up-to-date: /home/user/celluleflexible_en_cours_ROS2/ros_ws/install/shuttles/share/shuttles/cmake/shuttles__rosidl_typesupport_cppExport-noconfig.cmake
-- Up-to-date: /home/user/celluleflexible_en_cours_ROS2/ros_ws/install/shuttles/share/shuttles/cmake/export_shuttles__rosidl_generator_pyExport.cmake
-- Up-to-date: /home/user/celluleflexible_en_cours_ROS2/ros_ws/install/shuttles/share/shuttles/cmake/export_shuttles__rosidl_generator_pyExport-noconfig.cmake
-- Up-to-date: /home/user/celluleflexible_en_cours_ROS2/ros_ws/install/shuttles/share/shuttles/cmake/rosidl_cmake-extras.cmake
-- Up-to-date: /home/user/celluleflexible_en_cours_ROS2/ros_ws/install/shuttles/share/shuttles/cmake/ament_cmake_export_dependencies-extras.cmake
-- Up-to-date: /home/user/celluleflexible_en_cours_ROS2/ros_ws/install/shuttles/share/shuttles/cmake/ament_cmake_export_include_directories-extras.cmake
-- Up-to-date: /home/user/celluleflexible_en_cours_ROS2/ros_ws/install/shuttles/share/shuttles/cmake/ament_cmake_export_libraries-extras.cmake
-- Up-to-date: /home/user/celluleflexible_en_cours_ROS2/ros_ws/install/shuttles/share/shuttles/cmake/ament_cmake_export_targets-extras.cmake
-- Up-to-date: /home/user/celluleflexible_en_cours_ROS2/ros_ws/install/shuttles/share/shuttles/cmake/rosidl_cmake_export_typesupport_targets-extras.cmake
-- Up-to-date: /home/user/celluleflexible_en_cours_ROS2/ros_ws/install/shuttles/share/shuttles/cmake/rosidl_cmake_export_typesupport_libraries-extras.cmake
-- Up-to-date: /home/user/celluleflexible_en_cours_ROS2/ros_ws/install/shuttles/share/shuttles/cmake/shuttlesConfig.cmake
-- Up-to-date: /home/user/celluleflexible_en_cours_ROS2/ros_ws/install/shuttles/share/shuttles/cmake/shuttlesConfig-version.cmake
-- Up-to-date: /home/user/celluleflexible_en_cours_ROS2/ros_ws/install/shuttles/share/shuttles/package.xml
