[0.017s] Invoking command in '/home/user/celluleflexible_en_cours_ROS2/celluleflexible/CoppeliaSim/build/sim_ros2_interface': CMAKE_PREFIX_PATH=${CMAKE_PREFIX_PATH}:/opt/ros/jazzy DEBUGINFOD_URLS=https://debuginfod.ubuntu.com /usr/bin/cmake /home/user/celluleflexible_en_cours_ROS2/celluleflexible/CoppeliaSim/programming/ros2_packages/sim_ros2_interface -DAMENT_CMAKE_SYMLINK_INSTALL=1 -DCMAKE_INSTALL_PREFIX=/home/user/celluleflexible_en_cours_ROS2/celluleflexible/CoppeliaSim/install/sim_ros2_interface
[0.031s] -- Found ament_cmake: 2.5.5 (/opt/ros/jazzy/share/ament_cmake/cmake)
[0.120s] -- Found Python3: /usr/bin/python3 (found version "3.12.3") found components: Interpreter 
[0.167s] -- Override CMake install command with custom implementation using symlinks instead of copying resources
[0.194s] -- Found ament_cmake_ros: 0.12.0 (/opt/ros/jazzy/share/ament_cmake_ros/cmake)
[0.199s] -- Found diagnostic_msgs: 5.3.6 (/opt/ros/jazzy/share/diagnostic_msgs/cmake)
[0.220s] -- Found rosidl_generator_c: 4.6.7 (/opt/ros/jazzy/share/rosidl_generator_c/cmake)
[0.228s] -- Found rosidl_generator_cpp: 4.6.7 (/opt/ros/jazzy/share/rosidl_generator_cpp/cmake)
[0.241s] -- Using all available rosidl_typesupport_c: rosidl_typesupport_fastrtps_c;rosidl_typesupport_introspection_c
[0.244s] -- Using all available rosidl_typesupport_cpp: rosidl_typesupport_fastrtps_cpp;rosidl_typesupport_introspection_cpp
[0.287s] -- Found geometry_msgs: 5.3.6 (/opt/ros/jazzy/share/geometry_msgs/cmake)
[0.296s] -- Found lifecycle_msgs: 2.0.3 (/opt/ros/jazzy/share/lifecycle_msgs/cmake)
[0.315s] -- Found map_msgs: 2.4.1 (/opt/ros/jazzy/share/map_msgs/cmake)
[0.398s] -- Found pendulum_msgs: 0.33.9 (/opt/ros/jazzy/share/pendulum_msgs/cmake)
[0.419s] -- Found rosgraph_msgs: 2.0.3 (/opt/ros/jazzy/share/rosgraph_msgs/cmake)
[0.432s] -- Found shape_msgs: 5.3.6 (/opt/ros/jazzy/share/shape_msgs/cmake)
[0.462s] -- Found stereo_msgs: 5.3.6 (/opt/ros/jazzy/share/stereo_msgs/cmake)
[0.492s] -- Found tf2_geometry_msgs: 0.36.19 (/opt/ros/jazzy/share/tf2_geometry_msgs/cmake)
[0.512s] -- Found eigen3_cmake_module: 0.3.0 (/opt/ros/jazzy/share/eigen3_cmake_module/cmake)
[0.513s] -- Found Eigen3: TRUE (found version "3.4.0") 
[0.513s] -- Ensuring Eigen3 include directory is part of orocos-kdl CMake target
[0.627s] -- Found rmw_implementation_cmake: 7.3.3 (/opt/ros/jazzy/share/rmw_implementation_cmake/cmake)
[0.628s] -- Found rmw_fastrtps_cpp: 8.4.3 (/opt/ros/jazzy/share/rmw_fastrtps_cpp/cmake)
[0.727s] -- Found OpenSSL: /usr/lib/x86_64-linux-gnu/libcrypto.so (found version "3.0.13")  
[0.741s] -- Found FastRTPS: /opt/ros/jazzy/include (Required is at least version "2.13") 
[0.764s] -- Using RMW implementation 'rmw_fastrtps_cpp' as default
[0.898s] -- Found trajectory_msgs: 5.3.6 (/opt/ros/jazzy/share/trajectory_msgs/cmake)
[0.922s] -- Found visualization_msgs: 5.3.6 (/opt/ros/jazzy/share/visualization_msgs/cmake)
[0.961s] -- Found std_srvs: 5.3.6 (/opt/ros/jazzy/share/std_srvs/cmake)
[0.984s] -- Found example_interfaces: 0.12.0 (/opt/ros/jazzy/share/example_interfaces/cmake)
[1.009s] -- Found image_transport: 5.1.7 (/opt/ros/jazzy/share/image_transport/cmake)
[1.016s] -- CoppeliaSim: LIBPLUGIN_DIR: /home/user/celluleflexible_en_cours_ROS2/celluleflexible/CoppeliaSim/programming/libPlugin.
[1.017s] -- CoppeliaSim: COPPELIASIM_ROOT_DIR: /home/user/celluleflexible_en_cours_ROS2/celluleflexible/CoppeliaSim.
[1.017s] -- Found CoppeliaSim installation at /home/user/celluleflexible_en_cours_ROS2/celluleflexible/CoppeliaSim.
[1.017s] -- Checking CoppeliaSim header version...
[1.232s] -- CoppeliaSim headers version 4.3.0 rev3
[1.243s] -- Found Boost: /usr/lib/x86_64-linux-gnu/cmake/Boost-1.83.0/BoostConfig.cmake (found version "1.83.0") found components: regex 
[1.249s] -- Found Git: /usr/bin/git (found version "2.43.0") 
[1.341s] -- Found Boost: /usr/lib/x86_64-linux-gnu/cmake/Boost-1.83.0/BoostConfig.cmake (found version "1.83.0")  
[1.342s] -- Adding simStubsGen command...
[1.435s] -- Reading plugin metadata...
[1.457s] warning: missing python package "xmlschema"; input file callbacks.xml will not be validated.
[1.476s] warning: missing python package "xmlschema"; input file callbacks.xml will not be validated.
[1.485s] -- Plugin: ROS2
[1.549s] -- Configuring done (1.5s)
[1.575s] -- Generating done (0.0s)
[1.578s] -- Build files have been written to: /home/user/celluleflexible_en_cours_ROS2/celluleflexible/CoppeliaSim/build/sim_ros2_interface
[1.590s] Invoked command in '/home/user/celluleflexible_en_cours_ROS2/celluleflexible/CoppeliaSim/build/sim_ros2_interface' returned '0': CMAKE_PREFIX_PATH=${CMAKE_PREFIX_PATH}:/opt/ros/jazzy DEBUGINFOD_URLS=https://debuginfod.ubuntu.com /usr/bin/cmake /home/user/celluleflexible_en_cours_ROS2/celluleflexible/CoppeliaSim/programming/ros2_packages/sim_ros2_interface -DAMENT_CMAKE_SYMLINK_INSTALL=1 -DCMAKE_INSTALL_PREFIX=/home/user/celluleflexible_en_cours_ROS2/celluleflexible/CoppeliaSim/install/sim_ros2_interface
[1.591s] Invoking command in '/home/user/celluleflexible_en_cours_ROS2/celluleflexible/CoppeliaSim/build/sim_ros2_interface': CMAKE_PREFIX_PATH=${CMAKE_PREFIX_PATH}:/opt/ros/jazzy DEBUGINFOD_URLS=https://debuginfod.ubuntu.com /usr/bin/cmake --build /home/user/celluleflexible_en_cours_ROS2/celluleflexible/CoppeliaSim/build/sim_ros2_interface -- -j8 -l8
[1.648s] [  2%] [34m[1mGenerating generated/actcli_cancelLastGoal.cpp[0m
[1.650s] [  4%] [34m[1mGenerating generated/actcli_sendGoal.cpp[0m
[1.650s] [  7%] [34m[1mGenerating generated/actsrv_action_abort.cpp[0m
[1.652s] [  9%] [34m[1mGenerating generated/actcli_del.cpp[0m
[1.652s] [ 12%] [34m[1mGenerating generated/actsrv_action_canceled.cpp[0m
[1.653s] [ 14%] [34m[1mGenerating generated/actcli_new.cpp[0m
[1.653s] [ 17%] [34m[1mGenerating generated/actsrv_action_is_active.cpp[0m
[1.655s] [ 19%] [34m[1mGenerating generated/actsrv_action_execute.cpp[0m
[1.784s] [ 21%] [34m[1mGenerating generated/actsrv_action_is_canceling.cpp[0m
[1.786s] [ 24%] [34m[1mGenerating generated/actsrv_action_is_executing.cpp[0m
[1.787s] [ 26%] [34m[1mGenerating generated/actsrv_action_publish_feedback.cpp[0m
[1.789s] [ 29%] [34m[1mGenerating generated/actsrv_action_succeed.cpp[0m
[1.791s] [ 31%] [34m[1mGenerating generated/actsrv_del.cpp[0m
[1.791s] [ 34%] [34m[1mGenerating generated/actsrv_new.cpp[0m
[1.796s] [ 36%] [34m[1mGenerating generated/callbacks.cpp[0m
[1.796s] [ 39%] [34m[1mGenerating generated/callbacks.h[0m
[1.886s] [ 41%] [34m[1mGenerating generated/cli_call.cpp[0m
[1.890s] [ 43%] [34m[1mGenerating generated/cli_del.cpp[0m
[1.892s] [ 48%] [34m[1mGenerating generated/cli_wait.cpp[0m
[1.892s] [ 48%] [34m[1mGenerating generated/cli_new.cpp[0m
[1.892s] [ 51%] [34m[1mGenerating generated/if_const.cpp[0m
[1.899s] [ 53%] [34m[1mGenerating generated/if_list.cpp[0m
[1.903s] [ 56%] [34m[1mGenerating generated/if_new.cpp[0m
[1.907s] [ 58%] [34m[1mGenerating generated/pub_del.cpp[0m
[1.991s] [ 60%] [34m[1mGenerating generated/pub_new.cpp[0m
[1.994s] [ 63%] [34m[1mGenerating generated/pub_publish.cpp[0m
[1.996s] [ 65%] [34m[1mGenerating generated/srv_del.cpp[0m
[2.000s] [ 68%] [34m[1mGenerating generated/srv_new.cpp[0m
[2.001s] [ 70%] [34m[1mGenerating generated/sub_del.cpp[0m
[2.005s] [ 73%] [34m[1mGenerating generated/sub_new.cpp[0m
[2.114s] [ 73%] Built target generate_ros_code
[2.126s] [ 75%] [34m[1mGenerating generated/stubs.cpp, generated/stubs.h, generated/plugin.h, generated/stubsPlusPlus.cpp, generated/index.json, generated/reference.html, generated/lua_calltips.cpp, generated/simROS2-typecheck.lua[0m
[2.150s] /home/user/celluleflexible_en_cours_ROS2/celluleflexible/CoppeliaSim/programming/libPlugin/simStubsGen/generate.py --verbose --xml-file /home/user/celluleflexible_en_cours_ROS2/celluleflexible/CoppeliaSim/programming/ros2_packages/sim_ros2_interface/meta/callbacks.xml --gen-all /home/user/celluleflexible_en_cours_ROS2/celluleflexible/CoppeliaSim/build/sim_ros2_interface/generated --lua-file /home/user/celluleflexible_en_cours_ROS2/celluleflexible/CoppeliaSim/programming/ros2_packages/sim_ros2_interface/simROS2.lua
[2.150s] warning: missing python package "xmlschema"; input file callbacks.xml will not be validated.
[2.151s] /usr/bin/python3 /home/user/celluleflexible_en_cours_ROS2/celluleflexible/CoppeliaSim/programming/libPlugin/simStubsGen/generate_lua_xml.py /home/user/celluleflexible_en_cours_ROS2/celluleflexible/CoppeliaSim/programming/ros2_packages/sim_ros2_interface/meta/callbacks.xml /home/user/celluleflexible_en_cours_ROS2/celluleflexible/CoppeliaSim/programming/ros2_packages/sim_ros2_interface/simROS2.lua /home/user/celluleflexible_en_cours_ROS2/celluleflexible/CoppeliaSim/build/sim_ros2_interface/generated/lua.xml
[2.171s] warning: missing python package "xmlschema"; input file callbacks.xml will not be validated.
[2.176s] /usr/bin/python3 /home/user/celluleflexible_en_cours_ROS2/celluleflexible/CoppeliaSim/programming/libPlugin/simStubsGen/merge_xml.py /home/user/celluleflexible_en_cours_ROS2/celluleflexible/CoppeliaSim/programming/ros2_packages/sim_ros2_interface/meta/callbacks.xml /home/user/celluleflexible_en_cours_ROS2/celluleflexible/CoppeliaSim/build/sim_ros2_interface/generated/lua.xml /home/user/celluleflexible_en_cours_ROS2/celluleflexible/CoppeliaSim/build/sim_ros2_interface/generated/reference.xml
[2.201s] xsltproc -o /home/user/celluleflexible_en_cours_ROS2/celluleflexible/CoppeliaSim/build/sim_ros2_interface/generated/reference.html /home/user/celluleflexible_en_cours_ROS2/celluleflexible/CoppeliaSim/programming/libPlugin/simStubsGen/xsl/reference.xsl /home/user/celluleflexible_en_cours_ROS2/celluleflexible/CoppeliaSim/build/sim_ros2_interface/generated/reference.xml
[2.222s] /usr/bin/python3 /home/user/celluleflexible_en_cours_ROS2/celluleflexible/CoppeliaSim/programming/libPlugin/simStubsGen/generate_lua_calltips.py /home/user/celluleflexible_en_cours_ROS2/celluleflexible/CoppeliaSim/build/sim_ros2_interface/generated/lua.xml /home/user/celluleflexible_en_cours_ROS2/celluleflexible/CoppeliaSim/build/sim_ros2_interface/generated/lua_calltips.cpp
[2.244s] warning: missing python package "xmlschema"; input file lua.xml will not be validated.
[2.246s] /usr/bin/python3 /home/user/celluleflexible_en_cours_ROS2/celluleflexible/CoppeliaSim/programming/libPlugin/simStubsGen/generate_lua_typechecker.py /home/user/celluleflexible_en_cours_ROS2/celluleflexible/CoppeliaSim/programming/ros2_packages/sim_ros2_interface/simROS2.lua /home/user/celluleflexible_en_cours_ROS2/celluleflexible/CoppeliaSim/build/sim_ros2_interface/generated/lua.xml /home/user/celluleflexible_en_cours_ROS2/celluleflexible/CoppeliaSim/build/sim_ros2_interface/generated/simROS2-typecheck.lua
[2.266s] warning: missing python package "xmlschema"; input file lua.xml will not be validated.
[2.269s] /usr/bin/python3 /home/user/celluleflexible_en_cours_ROS2/celluleflexible/CoppeliaSim/programming/libPlugin/simStubsGen/generate_api_index.py /home/user/celluleflexible_en_cours_ROS2/celluleflexible/CoppeliaSim/build/sim_ros2_interface/generated/reference.xml /home/user/celluleflexible_en_cours_ROS2/celluleflexible/CoppeliaSim/build/sim_ros2_interface/generated/index.json
[2.290s] warning: missing python package "xmlschema"; input file reference.xml will not be validated.
[2.295s] /usr/bin/python3 /home/user/celluleflexible_en_cours_ROS2/celluleflexible/CoppeliaSim/programming/libPlugin/simStubsGen/external/pycpp/pycpp.py -p xml_file=/home/user/celluleflexible_en_cours_ROS2/celluleflexible/CoppeliaSim/programming/ros2_packages/sim_ros2_interface/meta/callbacks.xml -p have_lua_calltips=True -P /home/user/celluleflexible_en_cours_ROS2/celluleflexible/CoppeliaSim/programming/libPlugin/simStubsGen -p lua_require=simROS2-typecheck -i /home/user/celluleflexible_en_cours_ROS2/celluleflexible/CoppeliaSim/programming/libPlugin/simStubsGen/cpp/stubs.cpp -o /home/user/celluleflexible_en_cours_ROS2/celluleflexible/CoppeliaSim/build/sim_ros2_interface/generated/stubs.cpp
[2.322s] warning: missing python package "xmlschema"; input file callbacks.xml will not be validated.
[2.330s] /usr/bin/python3 /home/user/celluleflexible_en_cours_ROS2/celluleflexible/CoppeliaSim/programming/libPlugin/simStubsGen/external/pycpp/pycpp.py -p xml_file=/home/user/celluleflexible_en_cours_ROS2/celluleflexible/CoppeliaSim/programming/ros2_packages/sim_ros2_interface/meta/callbacks.xml -p have_lua_calltips=True -P /home/user/celluleflexible_en_cours_ROS2/celluleflexible/CoppeliaSim/programming/libPlugin/simStubsGen -p lua_require=simROS2-typecheck -i /home/user/celluleflexible_en_cours_ROS2/celluleflexible/CoppeliaSim/programming/libPlugin/simStubsGen/cpp/stubs.h -o /home/user/celluleflexible_en_cours_ROS2/celluleflexible/CoppeliaSim/build/sim_ros2_interface/generated/stubs.h
[2.356s] warning: missing python package "xmlschema"; input file callbacks.xml will not be validated.
[2.361s] /usr/bin/python3 /home/user/celluleflexible_en_cours_ROS2/celluleflexible/CoppeliaSim/programming/libPlugin/simStubsGen/external/pycpp/pycpp.py -p xml_file=/home/user/celluleflexible_en_cours_ROS2/celluleflexible/CoppeliaSim/programming/ros2_packages/sim_ros2_interface/meta/callbacks.xml -p have_lua_calltips=True -P /home/user/celluleflexible_en_cours_ROS2/celluleflexible/CoppeliaSim/programming/libPlugin/simStubsGen -p lua_require=simROS2-typecheck -i /home/user/celluleflexible_en_cours_ROS2/celluleflexible/CoppeliaSim/programming/libPlugin/simStubsGen/cpp/plugin.h -o /home/user/celluleflexible_en_cours_ROS2/celluleflexible/CoppeliaSim/build/sim_ros2_interface/generated/plugin.h
[2.386s] warning: missing python package "xmlschema"; input file callbacks.xml will not be validated.
[2.386s] /usr/bin/python3 /home/user/celluleflexible_en_cours_ROS2/celluleflexible/CoppeliaSim/programming/libPlugin/simStubsGen/external/pycpp/pycpp.py -p xml_file=/home/user/celluleflexible_en_cours_ROS2/celluleflexible/CoppeliaSim/programming/ros2_packages/sim_ros2_interface/meta/callbacks.xml -p have_lua_calltips=True -P /home/user/celluleflexible_en_cours_ROS2/celluleflexible/CoppeliaSim/programming/libPlugin/simStubsGen -p lua_require=simROS2-typecheck -i /home/user/celluleflexible_en_cours_ROS2/celluleflexible/CoppeliaSim/programming/libPlugin/simStubsGen/cpp/stubsPlusPlus.cpp -o /home/user/celluleflexible_en_cours_ROS2/celluleflexible/CoppeliaSim/build/sim_ros2_interface/generated/stubsPlusPlus.cpp
[2.407s] warning: missing python package "xmlschema"; input file callbacks.xml will not be validated.
[2.459s] [ 78%] [32mBuilding CXX object CMakeFiles/simExtROS2.dir/home/user/celluleflexible_en_cours_ROS2/celluleflexible/CoppeliaSim/programming/common/simLib.cpp.o[0m
[2.459s] [ 82%] [32mBuilding CXX object CMakeFiles/simExtROS2.dir/home/user/celluleflexible_en_cours_ROS2/celluleflexible/CoppeliaSim/programming/libPlugin/simPlusPlus/Plugin.cpp.o[0m
[2.459s] [ 80%] [32mBuilding CXX object CMakeFiles/simExtROS2.dir/generated/stubs.cpp.o[0m
[2.459s] [ 85%] [32mBuilding CXX object CMakeFiles/simExtROS2.dir/src/sim_ros2_interface.cpp.o[0m
[2.459s] [ 87%] [32mBuilding CXX object CMakeFiles/simExtROS2.dir/generated/callbacks.cpp.o[0m
[2.460s] [ 90%] [32mBuilding CXX object CMakeFiles/simExtROS2.dir/src/ros_msg_builtin_io.cpp.o[0m
[2.460s] [ 92%] [32mBuilding CXX object CMakeFiles/simExtROS2.dir/home/user/celluleflexible_en_cours_ROS2/celluleflexible/CoppeliaSim/programming/libPlugin/simPlusPlus/Lib.cpp.o[0m
[2.464s] [ 95%] [32mBuilding CXX object CMakeFiles/simExtROS2.dir/home/user/celluleflexible_en_cours_ROS2/celluleflexible/CoppeliaSim/programming/libPlugin/simPlusPlus/Handle.cpp.o[0m
[55.768s] [ 97%] [32m[1mLinking CXX shared library libsimExtROS2.so[0m
[59.862s] [100%] Built target simExtROS2
[59.879s] Invoked command in '/home/user/celluleflexible_en_cours_ROS2/celluleflexible/CoppeliaSim/build/sim_ros2_interface' returned '0': CMAKE_PREFIX_PATH=${CMAKE_PREFIX_PATH}:/opt/ros/jazzy DEBUGINFOD_URLS=https://debuginfod.ubuntu.com /usr/bin/cmake --build /home/user/celluleflexible_en_cours_ROS2/celluleflexible/CoppeliaSim/build/sim_ros2_interface -- -j8 -l8
[59.888s] Invoking command in '/home/user/celluleflexible_en_cours_ROS2/celluleflexible/CoppeliaSim/build/sim_ros2_interface': CMAKE_PREFIX_PATH=${CMAKE_PREFIX_PATH}:/opt/ros/jazzy DEBUGINFOD_URLS=https://debuginfod.ubuntu.com /usr/bin/cmake --install /home/user/celluleflexible_en_cours_ROS2/celluleflexible/CoppeliaSim/build/sim_ros2_interface
[59.894s] -- Install configuration: ""
[59.894s] -- Execute custom install script
[59.894s] -- Symlinking: /home/user/celluleflexible_en_cours_ROS2/celluleflexible/CoppeliaSim/lua/simROS2-typecheck.lua
[59.902s] -- Symlinking: /home/user/celluleflexible_en_cours_ROS2/celluleflexible/CoppeliaSim/lua/simROS2.lua
[59.910s] -- Symlinking: /home/user/celluleflexible_en_cours_ROS2/celluleflexible/CoppeliaSim/helpFiles/en/simROS2.htm
[59.916s] -- Symlinking: /home/user/celluleflexible_en_cours_ROS2/celluleflexible/CoppeliaSim/helpFiles/index/simROS2.json
[59.922s] -- Symlinking: /home/user/celluleflexible_en_cours_ROS2/celluleflexible/CoppeliaSim/libsimExtROS2.so
[59.928s] -- Symlinking: /home/user/celluleflexible_en_cours_ROS2/celluleflexible/CoppeliaSim/install/sim_ros2_interface/share/ament_index/resource_index/package_run_dependencies/sim_ros2_interface
[59.934s] -- Symlinking: /home/user/celluleflexible_en_cours_ROS2/celluleflexible/CoppeliaSim/install/sim_ros2_interface/share/ament_index/resource_index/parent_prefix_path/sim_ros2_interface
[59.940s] -- Up-to-date symlink: /home/user/celluleflexible_en_cours_ROS2/celluleflexible/CoppeliaSim/install/sim_ros2_interface/share/sim_ros2_interface/environment/ament_prefix_path.sh
[59.941s] -- Symlinking: /home/user/celluleflexible_en_cours_ROS2/celluleflexible/CoppeliaSim/install/sim_ros2_interface/share/sim_ros2_interface/environment/ament_prefix_path.dsv
[59.947s] -- Up-to-date symlink: /home/user/celluleflexible_en_cours_ROS2/celluleflexible/CoppeliaSim/install/sim_ros2_interface/share/sim_ros2_interface/environment/path.sh
[59.948s] -- Symlinking: /home/user/celluleflexible_en_cours_ROS2/celluleflexible/CoppeliaSim/install/sim_ros2_interface/share/sim_ros2_interface/environment/path.dsv
[59.954s] -- Symlinking: /home/user/celluleflexible_en_cours_ROS2/celluleflexible/CoppeliaSim/install/sim_ros2_interface/share/sim_ros2_interface/local_setup.bash
[59.961s] -- Symlinking: /home/user/celluleflexible_en_cours_ROS2/celluleflexible/CoppeliaSim/install/sim_ros2_interface/share/sim_ros2_interface/local_setup.sh
[59.967s] -- Symlinking: /home/user/celluleflexible_en_cours_ROS2/celluleflexible/CoppeliaSim/install/sim_ros2_interface/share/sim_ros2_interface/local_setup.zsh
[59.997s] -- Symlinking: /home/user/celluleflexible_en_cours_ROS2/celluleflexible/CoppeliaSim/install/sim_ros2_interface/share/sim_ros2_interface/local_setup.dsv
[60.005s] -- Symlinking: /home/user/celluleflexible_en_cours_ROS2/celluleflexible/CoppeliaSim/install/sim_ros2_interface/share/sim_ros2_interface/package.dsv
[60.011s] -- Symlinking: /home/user/celluleflexible_en_cours_ROS2/celluleflexible/CoppeliaSim/install/sim_ros2_interface/share/ament_index/resource_index/packages/sim_ros2_interface
[60.019s] -- Symlinking: /home/user/celluleflexible_en_cours_ROS2/celluleflexible/CoppeliaSim/install/sim_ros2_interface/share/sim_ros2_interface/cmake/sim_ros2_interfaceConfig.cmake
[60.026s] -- Symlinking: /home/user/celluleflexible_en_cours_ROS2/celluleflexible/CoppeliaSim/install/sim_ros2_interface/share/sim_ros2_interface/cmake/sim_ros2_interfaceConfig-version.cmake
[60.033s] -- Symlinking: /home/user/celluleflexible_en_cours_ROS2/celluleflexible/CoppeliaSim/install/sim_ros2_interface/share/sim_ros2_interface/package.xml
[60.041s] Invoked command in '/home/user/celluleflexible_en_cours_ROS2/celluleflexible/CoppeliaSim/build/sim_ros2_interface' returned '0': CMAKE_PREFIX_PATH=${CMAKE_PREFIX_PATH}:/opt/ros/jazzy DEBUGINFOD_URLS=https://debuginfod.ubuntu.com /usr/bin/cmake --install /home/user/celluleflexible_en_cours_ROS2/celluleflexible/CoppeliaSim/build/sim_ros2_interface
