[0.018s] Invoking command in '/home/user/celluleflexible_en_cours_ROS2/celluleflexible/ros_ws/build/commande_locale': CMAKE_PREFIX_PATH=/home/user/celluleflexible_en_cours_ROS2/celluleflexible/ros_ws/install/shuttles:/home/user/celluleflexible_en_cours_ROS2/celluleflexible/ros_ws/install/aiguillages:/home/user/celluleflexible_en_cours_ROS2/celluleflexible/ros_ws/install/commande:/home/user/celluleflexible_en_cours_ROS2/celluleflexible/ros_ws/install/robots:/home/user/celluleflexible_en_cours_ROS2/celluleflexible/ros_ws/install/launcher:/home/user/celluleflexible_en_cours_ROS2/celluleflexible/ros_ws/install/commande_locale:/opt/ros/jazzy/opt/gz_math_vendor:/opt/ros/jazzy/opt/gz_utils_vendor:/opt/ros/jazzy/opt/gz_cmake_vendor:/opt/ros/jazzy DEBUGINFOD_URLS=https://debuginfod.ubuntu.com LD_LIBRARY_PATH=/home/user/celluleflexible_en_cours_ROS2/celluleflexible/ros_ws/install/shuttles/lib:/home/user/celluleflexible_en_cours_ROS2/celluleflexible/ros_ws/install/aiguillages/lib:/home/user/celluleflexible_en_cours_ROS2/celluleflexible/ros_ws/install/robots/lib:/home/user/celluleflexible_en_cours_ROS2/celluleflexible/ros_ws/install/commande_locale/lib:/opt/ros/jazzy/opt/rviz_ogre_vendor/lib:/opt/ros/jazzy/lib/x86_64-linux-gnu:/opt/ros/jazzy/opt/gz_math_vendor/lib:/opt/ros/jazzy/opt/gz_utils_vendor/lib:/opt/ros/jazzy/opt/gz_cmake_vendor/lib:/opt/ros/jazzy/lib PYTHONPATH=/home/user/celluleflexible_en_cours_ROS2/celluleflexible/ros_ws/install/shuttles/lib/python3.12/site-packages:/home/user/celluleflexible_en_cours_ROS2/celluleflexible/ros_ws/install/aiguillages/lib/python3.12/site-packages:/home/user/celluleflexible_en_cours_ROS2/celluleflexible/ros_ws/install/robots/lib/python3.12/site-packages:/home/user/celluleflexible_en_cours_ROS2/celluleflexible/ros_ws/install/commande_locale/lib/python3.12/site-packages:/opt/ros/jazzy/lib/python3.12/site-packages /usr/bin/cmake --build /home/user/celluleflexible_en_cours_ROS2/celluleflexible/ros_ws/build/commande_locale -- -j8 -l8
[0.072s] [  1%] Built target commande_locale__rosidl_generator_type_description
[0.085s] [  1%] Built target ament_cmake_python_copy_commande_locale
[0.102s] [  1%] Built target commande_locale__cpp
[0.108s] [ 26%] Built target commande_locale__rosidl_generator_c
[0.132s] [ 35%] Built target commande_locale__rosidl_typesupport_c
[0.132s] [ 44%] Built target commande_locale__rosidl_typesupport_introspection_c
[0.132s] [ 53%] Built target commande_locale__rosidl_typesupport_cpp
[0.133s] [ 63%] Built target commande_locale__rosidl_typesupport_introspection_cpp
[0.136s] [ 73%] Built target commande_locale__rosidl_typesupport_fastrtps_c
[0.137s] [ 82%] Built target commande_locale__rosidl_typesupport_fastrtps_cpp
[0.164s] [ 85%] [32mBuilding CXX object CMakeFiles/display_node.dir/src/display.cpp.o[0m
[0.164s] [ 85%] Built target log_manager
[0.165s] [ 87%] Built target simulation
[0.187s] [ 87%] Built target commande_locale
[0.210s] [ 88%] Built target commande_locale__py
[0.230s] running egg_info
[0.237s] [ 97%] Built target commande_locale__rosidl_generator_py
[0.241s] writing commande_locale.egg-info/PKG-INFO
[0.241s] writing dependency_links to commande_locale.egg-info/dependency_links.txt
[0.241s] writing top-level names to commande_locale.egg-info/top_level.txt
[0.260s] [100%] Built target commande_locale_s__rosidl_typesupport_introspection_c
[0.261s] [100%] Built target commande_locale_s__rosidl_typesupport_fastrtps_c
[0.261s] [100%] Built target commande_locale_s__rosidl_typesupport_c
[0.274s] reading manifest file 'commande_locale.egg-info/SOURCES.txt'
[0.274s] writing manifest file 'commande_locale.egg-info/SOURCES.txt'
[0.302s] [100%] Built target ament_cmake_python_build_commande_locale_egg
[4.801s] [100%] [32m[1mLinking CXX executable display_node[0m
[5.391s] [100%] Built target display_node
[5.404s] Invoked command in '/home/user/celluleflexible_en_cours_ROS2/celluleflexible/ros_ws/build/commande_locale' returned '0': CMAKE_PREFIX_PATH=/home/user/celluleflexible_en_cours_ROS2/celluleflexible/ros_ws/install/shuttles:/home/user/celluleflexible_en_cours_ROS2/celluleflexible/ros_ws/install/aiguillages:/home/user/celluleflexible_en_cours_ROS2/celluleflexible/ros_ws/install/commande:/home/user/celluleflexible_en_cours_ROS2/celluleflexible/ros_ws/install/robots:/home/user/celluleflexible_en_cours_ROS2/celluleflexible/ros_ws/install/launcher:/home/user/celluleflexible_en_cours_ROS2/celluleflexible/ros_ws/install/commande_locale:/opt/ros/jazzy/opt/gz_math_vendor:/opt/ros/jazzy/opt/gz_utils_vendor:/opt/ros/jazzy/opt/gz_cmake_vendor:/opt/ros/jazzy DEBUGINFOD_URLS=https://debuginfod.ubuntu.com LD_LIBRARY_PATH=/home/user/celluleflexible_en_cours_ROS2/celluleflexible/ros_ws/install/shuttles/lib:/home/user/celluleflexible_en_cours_ROS2/celluleflexible/ros_ws/install/aiguillages/lib:/home/user/celluleflexible_en_cours_ROS2/celluleflexible/ros_ws/install/robots/lib:/home/user/celluleflexible_en_cours_ROS2/celluleflexible/ros_ws/install/commande_locale/lib:/opt/ros/jazzy/opt/rviz_ogre_vendor/lib:/opt/ros/jazzy/lib/x86_64-linux-gnu:/opt/ros/jazzy/opt/gz_math_vendor/lib:/opt/ros/jazzy/opt/gz_utils_vendor/lib:/opt/ros/jazzy/opt/gz_cmake_vendor/lib:/opt/ros/jazzy/lib PYTHONPATH=/home/user/celluleflexible_en_cours_ROS2/celluleflexible/ros_ws/install/shuttles/lib/python3.12/site-packages:/home/user/celluleflexible_en_cours_ROS2/celluleflexible/ros_ws/install/aiguillages/lib/python3.12/site-packages:/home/user/celluleflexible_en_cours_ROS2/celluleflexible/ros_ws/install/robots/lib/python3.12/site-packages:/home/user/celluleflexible_en_cours_ROS2/celluleflexible/ros_ws/install/commande_locale/lib/python3.12/site-packages:/opt/ros/jazzy/lib/python3.12/site-packages /usr/bin/cmake --build /home/user/celluleflexible_en_cours_ROS2/celluleflexible/ros_ws/build/commande_locale -- -j8 -l8
[5.405s] Invoking command in '/home/user/celluleflexible_en_cours_ROS2/celluleflexible/ros_ws/build/commande_locale': CMAKE_PREFIX_PATH=/home/user/celluleflexible_en_cours_ROS2/celluleflexible/ros_ws/install/shuttles:/home/user/celluleflexible_en_cours_ROS2/celluleflexible/ros_ws/install/aiguillages:/home/user/celluleflexible_en_cours_ROS2/celluleflexible/ros_ws/install/commande:/home/user/celluleflexible_en_cours_ROS2/celluleflexible/ros_ws/install/robots:/home/user/celluleflexible_en_cours_ROS2/celluleflexible/ros_ws/install/launcher:/home/user/celluleflexible_en_cours_ROS2/celluleflexible/ros_ws/install/commande_locale:/opt/ros/jazzy/opt/gz_math_vendor:/opt/ros/jazzy/opt/gz_utils_vendor:/opt/ros/jazzy/opt/gz_cmake_vendor:/opt/ros/jazzy DEBUGINFOD_URLS=https://debuginfod.ubuntu.com LD_LIBRARY_PATH=/home/user/celluleflexible_en_cours_ROS2/celluleflexible/ros_ws/install/shuttles/lib:/home/user/celluleflexible_en_cours_ROS2/celluleflexible/ros_ws/install/aiguillages/lib:/home/user/celluleflexible_en_cours_ROS2/celluleflexible/ros_ws/install/robots/lib:/home/user/celluleflexible_en_cours_ROS2/celluleflexible/ros_ws/install/commande_locale/lib:/opt/ros/jazzy/opt/rviz_ogre_vendor/lib:/opt/ros/jazzy/lib/x86_64-linux-gnu:/opt/ros/jazzy/opt/gz_math_vendor/lib:/opt/ros/jazzy/opt/gz_utils_vendor/lib:/opt/ros/jazzy/opt/gz_cmake_vendor/lib:/opt/ros/jazzy/lib PYTHONPATH=/home/user/celluleflexible_en_cours_ROS2/celluleflexible/ros_ws/install/shuttles/lib/python3.12/site-packages:/home/user/celluleflexible_en_cours_ROS2/celluleflexible/ros_ws/install/aiguillages/lib/python3.12/site-packages:/home/user/celluleflexible_en_cours_ROS2/celluleflexible/ros_ws/install/robots/lib/python3.12/site-packages:/home/user/celluleflexible_en_cours_ROS2/celluleflexible/ros_ws/install/commande_locale/lib/python3.12/site-packages:/opt/ros/jazzy/lib/python3.12/site-packages /usr/bin/cmake --install /home/user/celluleflexible_en_cours_ROS2/celluleflexible/ros_ws/build/commande_locale
[5.413s] -- Install configuration: ""
[5.413s] -- Up-to-date: /home/user/celluleflexible_en_cours_ROS2/celluleflexible/ros_ws/install/commande_locale/share/ament_index/resource_index/rosidl_interfaces/commande_locale
[5.413s] -- Up-to-date: /home/user/celluleflexible_en_cours_ROS2/celluleflexible/ros_ws/install/commande_locale/share/commande_locale/srv/SrvAddProduct.json
[5.413s] -- Up-to-date: /home/user/celluleflexible_en_cours_ROS2/celluleflexible/ros_ws/install/commande_locale/share/commande_locale/srv/SrvFinInit.json
[5.413s] -- Up-to-date: /home/user/celluleflexible_en_cours_ROS2/celluleflexible/ros_ws/install/commande_locale/share/commande_locale/srv/SrvAddProductPushBack.json
[5.413s] -- Up-to-date: /home/user/celluleflexible_en_cours_ROS2/celluleflexible/ros_ws/install/commande_locale/share/commande_locale/msg/MsgAddProduct.json
[5.414s] -- Up-to-date: /home/user/celluleflexible_en_cours_ROS2/celluleflexible/ros_ws/install/commande_locale/share/commande_locale/msg/MsgStopControl.json
[5.414s] -- Up-to-date: /home/user/celluleflexible_en_cours_ROS2/celluleflexible/ros_ws/install/commande_locale/share/commande_locale/msg/MsgColor.json
[5.414s] -- Up-to-date: /home/user/celluleflexible_en_cours_ROS2/celluleflexible/ros_ws/install/commande_locale/share/commande_locale/msg/MsgSwitchControl.json
[5.414s] -- Up-to-date: /home/user/celluleflexible_en_cours_ROS2/celluleflexible/ros_ws/install/commande_locale/share/commande_locale/msg/MsgPinControl.json
[5.414s] -- Up-to-date: /home/user/celluleflexible_en_cours_ROS2/celluleflexible/ros_ws/install/commande_locale/share/commande_locale/msg/MsgErreur.json
[5.414s] -- Up-to-date: /home/user/celluleflexible_en_cours_ROS2/celluleflexible/ros_ws/install/commande_locale/share/commande_locale/msg/RobotJoints.json
[5.414s] -- Up-to-date: /home/user/celluleflexible_en_cours_ROS2/celluleflexible/ros_ws/install/commande_locale/share/commande_locale/msg/TacheFinieMsg.json
[5.414s] -- Up-to-date: /home/user/celluleflexible_en_cours_ROS2/celluleflexible/ros_ws/install/commande_locale/share/commande_locale/msg/DeplacerPieceMsg.json
[5.414s] -- Up-to-date: /home/user/celluleflexible_en_cours_ROS2/celluleflexible/ros_ws/install/commande_locale/share/commande_locale/msg/Actionneurs.json
[5.414s] -- Up-to-date: /home/user/celluleflexible_en_cours_ROS2/celluleflexible/ros_ws/install/commande_locale/share/commande_locale/msg/Capteurs.json
[5.414s] -- Up-to-date: /home/user/celluleflexible_en_cours_ROS2/celluleflexible/ros_ws/install/commande_locale/share/commande_locale/msg/MsgChoixMode.json
[5.414s] -- Up-to-date: /home/user/celluleflexible_en_cours_ROS2/celluleflexible/ros_ws/install/commande_locale/include/commande_locale/commande_locale
[5.414s] -- Up-to-date: /home/user/celluleflexible_en_cours_ROS2/celluleflexible/ros_ws/install/commande_locale/include/commande_locale/commande_locale/msg
[5.414s] -- Up-to-date: /home/user/celluleflexible_en_cours_ROS2/celluleflexible/ros_ws/install/commande_locale/include/commande_locale/commande_locale/msg/msg_choix_mode.h
[5.414s] -- Up-to-date: /home/user/celluleflexible_en_cours_ROS2/celluleflexible/ros_ws/install/commande_locale/include/commande_locale/commande_locale/msg/msg_stop_control.h
[5.414s] -- Up-to-date: /home/user/celluleflexible_en_cours_ROS2/celluleflexible/ros_ws/install/commande_locale/include/commande_locale/commande_locale/msg/rosidl_generator_c__visibility_control.h
[5.414s] -- Up-to-date: /home/user/celluleflexible_en_cours_ROS2/celluleflexible/ros_ws/install/commande_locale/include/commande_locale/commande_locale/msg/msg_add_product.h
[5.414s] -- Up-to-date: /home/user/celluleflexible_en_cours_ROS2/celluleflexible/ros_ws/install/commande_locale/include/commande_locale/commande_locale/msg/deplacer_piece_msg.h
[5.414s] -- Up-to-date: /home/user/celluleflexible_en_cours_ROS2/celluleflexible/ros_ws/install/commande_locale/include/commande_locale/commande_locale/msg/capteurs.h
[5.414s] -- Up-to-date: /home/user/celluleflexible_en_cours_ROS2/celluleflexible/ros_ws/install/commande_locale/include/commande_locale/commande_locale/msg/actionneurs.h
[5.414s] -- Up-to-date: /home/user/celluleflexible_en_cours_ROS2/celluleflexible/ros_ws/install/commande_locale/include/commande_locale/commande_locale/msg/msg_erreur.h
[5.415s] -- Up-to-date: /home/user/celluleflexible_en_cours_ROS2/celluleflexible/ros_ws/install/commande_locale/include/commande_locale/commande_locale/msg/robot_joints.h
[5.415s] -- Up-to-date: /home/user/celluleflexible_en_cours_ROS2/celluleflexible/ros_ws/install/commande_locale/include/commande_locale/commande_locale/msg/msg_pin_control.h
[5.415s] -- Up-to-date: /home/user/celluleflexible_en_cours_ROS2/celluleflexible/ros_ws/install/commande_locale/include/commande_locale/commande_locale/msg/msg_switch_control.h
[5.415s] -- Up-to-date: /home/user/celluleflexible_en_cours_ROS2/celluleflexible/ros_ws/install/commande_locale/include/commande_locale/commande_locale/msg/detail
[5.415s] -- Up-to-date: /home/user/celluleflexible_en_cours_ROS2/celluleflexible/ros_ws/install/commande_locale/include/commande_locale/commande_locale/msg/detail/msg_pin_control__functions.h
[5.415s] -- Up-to-date: /home/user/celluleflexible_en_cours_ROS2/celluleflexible/ros_ws/install/commande_locale/include/commande_locale/commande_locale/msg/detail/msg_choix_mode__functions.h
[5.415s] -- Up-to-date: /home/user/celluleflexible_en_cours_ROS2/celluleflexible/ros_ws/install/commande_locale/include/commande_locale/commande_locale/msg/detail/msg_color__type_support.h
[5.415s] -- Up-to-date: /home/user/celluleflexible_en_cours_ROS2/celluleflexible/ros_ws/install/commande_locale/include/commande_locale/commande_locale/msg/detail/msg_color__description.c
[5.415s] -- Up-to-date: /home/user/celluleflexible_en_cours_ROS2/celluleflexible/ros_ws/install/commande_locale/include/commande_locale/commande_locale/msg/detail/msg_pin_control__functions.c
[5.415s] -- Up-to-date: /home/user/celluleflexible_en_cours_ROS2/celluleflexible/ros_ws/install/commande_locale/include/commande_locale/commande_locale/msg/detail/msg_erreur__functions.h
[5.415s] -- Up-to-date: /home/user/celluleflexible_en_cours_ROS2/celluleflexible/ros_ws/install/commande_locale/include/commande_locale/commande_locale/msg/detail/msg_stop_control__description.c
[5.415s] -- Installing: /home/user/celluleflexible_en_cours_ROS2/celluleflexible/ros_ws/install/commande_locale/include/commande_locale/commande_locale/msg/detail/msg_switch_control__type_support.c
[5.415s] -- Up-to-date: /home/user/celluleflexible_en_cours_ROS2/celluleflexible/ros_ws/install/commande_locale/include/commande_locale/commande_locale/msg/detail/robot_joints__type_support.h
[5.415s] -- Up-to-date: /home/user/celluleflexible_en_cours_ROS2/celluleflexible/ros_ws/install/commande_locale/include/commande_locale/commande_locale/msg/detail/msg_switch_control__functions.h
[5.415s] -- Installing: /home/user/celluleflexible_en_cours_ROS2/celluleflexible/ros_ws/install/commande_locale/include/commande_locale/commande_locale/msg/detail/msg_stop_control__type_support.c
[5.415s] -- Up-to-date: /home/user/celluleflexible_en_cours_ROS2/celluleflexible/ros_ws/install/commande_locale/include/commande_locale/commande_locale/msg/detail/actionneurs__functions.h
[5.415s] -- Up-to-date: /home/user/celluleflexible_en_cours_ROS2/celluleflexible/ros_ws/install/commande_locale/include/commande_locale/commande_locale/msg/detail/robot_joints__struct.h
[5.416s] -- Installing: /home/user/celluleflexible_en_cours_ROS2/celluleflexible/ros_ws/install/commande_locale/include/commande_locale/commande_locale/msg/detail/capteurs__type_support.c
[5.416s] -- Up-to-date: /home/user/celluleflexible_en_cours_ROS2/celluleflexible/ros_ws/install/commande_locale/include/commande_locale/commande_locale/msg/detail/msg_erreur__type_support.h
[5.416s] -- Installing: /home/user/celluleflexible_en_cours_ROS2/celluleflexible/ros_ws/install/commande_locale/include/commande_locale/commande_locale/msg/detail/deplacer_piece_msg__type_support.c
[5.416s] -- Up-to-date: /home/user/celluleflexible_en_cours_ROS2/celluleflexible/ros_ws/install/commande_locale/include/commande_locale/commande_locale/msg/detail/deplacer_piece_msg__struct.h
[5.416s] -- Installing: /home/user/celluleflexible_en_cours_ROS2/celluleflexible/ros_ws/install/commande_locale/include/commande_locale/commande_locale/msg/detail/actionneurs__type_support.c
[5.416s] -- Up-to-date: /home/user/celluleflexible_en_cours_ROS2/celluleflexible/ros_ws/install/commande_locale/include/commande_locale/commande_locale/msg/detail/capteurs__struct.h
[5.416s] -- Up-to-date: /home/user/celluleflexible_en_cours_ROS2/celluleflexible/ros_ws/install/commande_locale/include/commande_locale/commande_locale/msg/detail/msg_choix_mode__description.c
[5.416s] -- Up-to-date: /home/user/celluleflexible_en_cours_ROS2/celluleflexible/ros_ws/install/commande_locale/include/commande_locale/commande_locale/msg/detail/actionneurs__type_support.h
[5.416s] -- Up-to-date: /home/user/celluleflexible_en_cours_ROS2/celluleflexible/ros_ws/install/commande_locale/include/commande_locale/commande_locale/msg/detail/msg_color__struct.h
[5.416s] -- Up-to-date: /home/user/celluleflexible_en_cours_ROS2/celluleflexible/ros_ws/install/commande_locale/include/commande_locale/commande_locale/msg/detail/msg_erreur__struct.h
[5.417s] -- Up-to-date: /home/user/celluleflexible_en_cours_ROS2/celluleflexible/ros_ws/install/commande_locale/include/commande_locale/commande_locale/msg/detail/msg_add_product__description.c
[5.417s] -- Up-to-date: /home/user/celluleflexible_en_cours_ROS2/celluleflexible/ros_ws/install/commande_locale/include/commande_locale/commande_locale/msg/detail/deplacer_piece_msg__functions.h
[5.417s] -- Up-to-date: /home/user/celluleflexible_en_cours_ROS2/celluleflexible/ros_ws/install/commande_locale/include/commande_locale/commande_locale/msg/detail/msg_switch_control__description.c
[5.417s] -- Up-to-date: /home/user/celluleflexible_en_cours_ROS2/celluleflexible/ros_ws/install/commande_locale/include/commande_locale/commande_locale/msg/detail/msg_stop_control__type_support.h
[5.417s] -- Up-to-date: /home/user/celluleflexible_en_cours_ROS2/celluleflexible/ros_ws/install/commande_locale/include/commande_locale/commande_locale/msg/detail/msg_switch_control__functions.c
[5.417s] -- Up-to-date: /home/user/celluleflexible_en_cours_ROS2/celluleflexible/ros_ws/install/commande_locale/include/commande_locale/commande_locale/msg/detail/msg_erreur__functions.c
[5.417s] -- Up-to-date: /home/user/celluleflexible_en_cours_ROS2/celluleflexible/ros_ws/install/commande_locale/include/commande_locale/commande_locale/msg/detail/msg_choix_mode__type_support.h
[5.418s] -- Up-to-date: /home/user/celluleflexible_en_cours_ROS2/celluleflexible/ros_ws/install/commande_locale/include/commande_locale/commande_locale/msg/detail/msg_add_product__functions.c
[5.418s] -- Up-to-date: /home/user/celluleflexible_en_cours_ROS2/celluleflexible/ros_ws/install/commande_locale/include/commande_locale/commande_locale/msg/detail/capteurs__description.c
[5.418s] -- Up-to-date: /home/user/celluleflexible_en_cours_ROS2/celluleflexible/ros_ws/install/commande_locale/include/commande_locale/commande_locale/msg/detail/capteurs__functions.h
[5.418s] -- Up-to-date: /home/user/celluleflexible_en_cours_ROS2/celluleflexible/ros_ws/install/commande_locale/include/commande_locale/commande_locale/msg/detail/msg_choix_mode__functions.c
[5.418s] -- Up-to-date: /home/user/celluleflexible_en_cours_ROS2/celluleflexible/ros_ws/install/commande_locale/include/commande_locale/commande_locale/msg/detail/msg_stop_control__functions.h
[5.418s] -- Installing: /home/user/celluleflexible_en_cours_ROS2/celluleflexible/ros_ws/install/commande_locale/include/commande_locale/commande_locale/msg/detail/msg_color__type_support.c
[5.418s] -- Up-to-date: /home/user/celluleflexible_en_cours_ROS2/celluleflexible/ros_ws/install/commande_locale/include/commande_locale/commande_locale/msg/detail/deplacer_piece_msg__type_support.h
[5.418s] -- Installing: /home/user/celluleflexible_en_cours_ROS2/celluleflexible/ros_ws/install/commande_locale/include/commande_locale/commande_locale/msg/detail/msg_add_product__type_support.c
[5.418s] -- Installing: /home/user/celluleflexible_en_cours_ROS2/celluleflexible/ros_ws/install/commande_locale/include/commande_locale/commande_locale/msg/detail/msg_choix_mode__type_support.c
[5.419s] -- Up-to-date: /home/user/celluleflexible_en_cours_ROS2/celluleflexible/ros_ws/install/commande_locale/include/commande_locale/commande_locale/msg/detail/robot_joints__description.c
[5.419s] -- Up-to-date: /home/user/celluleflexible_en_cours_ROS2/celluleflexible/ros_ws/install/commande_locale/include/commande_locale/commande_locale/msg/detail/actionneurs__struct.h
[5.419s] -- Up-to-date: /home/user/celluleflexible_en_cours_ROS2/celluleflexible/ros_ws/install/commande_locale/include/commande_locale/commande_locale/msg/detail/robot_joints__functions.c
[5.419s] -- Up-to-date: /home/user/celluleflexible_en_cours_ROS2/celluleflexible/ros_ws/install/commande_locale/include/commande_locale/commande_locale/msg/detail/actionneurs__description.c
[5.419s] -- Installing: /home/user/celluleflexible_en_cours_ROS2/celluleflexible/ros_ws/install/commande_locale/include/commande_locale/commande_locale/msg/detail/robot_joints__type_support.c
[5.419s] -- Up-to-date: /home/user/celluleflexible_en_cours_ROS2/celluleflexible/ros_ws/install/commande_locale/include/commande_locale/commande_locale/msg/detail/msg_pin_control__description.c
[5.419s] -- Up-to-date: /home/user/celluleflexible_en_cours_ROS2/celluleflexible/ros_ws/install/commande_locale/include/commande_locale/commande_locale/msg/detail/tache_finie_msg__struct.h
[5.419s] -- Up-to-date: /home/user/celluleflexible_en_cours_ROS2/celluleflexible/ros_ws/install/commande_locale/include/commande_locale/commande_locale/msg/detail/msg_switch_control__struct.h
[5.419s] -- Up-to-date: /home/user/celluleflexible_en_cours_ROS2/celluleflexible/ros_ws/install/commande_locale/include/commande_locale/commande_locale/msg/detail/msg_erreur__description.c
[5.419s] -- Up-to-date: /home/user/celluleflexible_en_cours_ROS2/celluleflexible/ros_ws/install/commande_locale/include/commande_locale/commande_locale/msg/detail/tache_finie_msg__description.c
[5.419s] -- Up-to-date: /home/user/celluleflexible_en_cours_ROS2/celluleflexible/ros_ws/install/commande_locale/include/commande_locale/commande_locale/msg/detail/deplacer_piece_msg__description.c
[5.419s] -- Up-to-date: /home/user/celluleflexible_en_cours_ROS2/celluleflexible/ros_ws/install/commande_locale/include/commande_locale/commande_locale/msg/detail/msg_add_product__functions.h
[5.419s] -- Installing: /home/user/celluleflexible_en_cours_ROS2/celluleflexible/ros_ws/install/commande_locale/include/commande_locale/commande_locale/msg/detail/msg_pin_control__type_support.c
[5.420s] -- Installing: /home/user/celluleflexible_en_cours_ROS2/celluleflexible/ros_ws/install/commande_locale/include/commande_locale/commande_locale/msg/detail/msg_erreur__type_support.c
[5.420s] -- Up-to-date: /home/user/celluleflexible_en_cours_ROS2/celluleflexible/ros_ws/install/commande_locale/include/commande_locale/commande_locale/msg/detail/msg_add_product__type_support.h
[5.420s] -- Up-to-date: /home/user/celluleflexible_en_cours_ROS2/celluleflexible/ros_ws/install/commande_locale/include/commande_locale/commande_locale/msg/detail/msg_stop_control__struct.h
[5.420s] -- Up-to-date: /home/user/celluleflexible_en_cours_ROS2/celluleflexible/ros_ws/install/commande_locale/include/commande_locale/commande_locale/msg/detail/msg_stop_control__functions.c
[5.420s] -- Up-to-date: /home/user/celluleflexible_en_cours_ROS2/celluleflexible/ros_ws/install/commande_locale/include/commande_locale/commande_locale/msg/detail/msg_switch_control__type_support.h
[5.420s] -- Up-to-date: /home/user/celluleflexible_en_cours_ROS2/celluleflexible/ros_ws/install/commande_locale/include/commande_locale/commande_locale/msg/detail/msg_pin_control__type_support.h
[5.420s] -- Up-to-date: /home/user/celluleflexible_en_cours_ROS2/celluleflexible/ros_ws/install/commande_locale/include/commande_locale/commande_locale/msg/detail/robot_joints__functions.h
[5.420s] -- Up-to-date: /home/user/celluleflexible_en_cours_ROS2/celluleflexible/ros_ws/install/commande_locale/include/commande_locale/commande_locale/msg/detail/deplacer_piece_msg__functions.c
[5.420s] -- Installing: /home/user/celluleflexible_en_cours_ROS2/celluleflexible/ros_ws/install/commande_locale/include/commande_locale/commande_locale/msg/detail/tache_finie_msg__type_support.c
[5.420s] -- Up-to-date: /home/user/celluleflexible_en_cours_ROS2/celluleflexible/ros_ws/install/commande_locale/include/commande_locale/commande_locale/msg/detail/msg_add_product__struct.h
[5.421s] -- Up-to-date: /home/user/celluleflexible_en_cours_ROS2/celluleflexible/ros_ws/install/commande_locale/include/commande_locale/commande_locale/msg/detail/tache_finie_msg__functions.h
[5.421s] -- Up-to-date: /home/user/celluleflexible_en_cours_ROS2/celluleflexible/ros_ws/install/commande_locale/include/commande_locale/commande_locale/msg/detail/capteurs__functions.c
[5.421s] -- Up-to-date: /home/user/celluleflexible_en_cours_ROS2/celluleflexible/ros_ws/install/commande_locale/include/commande_locale/commande_locale/msg/detail/msg_color__functions.h
[5.421s] -- Up-to-date: /home/user/celluleflexible_en_cours_ROS2/celluleflexible/ros_ws/install/commande_locale/include/commande_locale/commande_locale/msg/detail/msg_choix_mode__struct.h
[5.421s] -- Up-to-date: /home/user/celluleflexible_en_cours_ROS2/celluleflexible/ros_ws/install/commande_locale/include/commande_locale/commande_locale/msg/detail/msg_pin_control__struct.h
[5.421s] -- Up-to-date: /home/user/celluleflexible_en_cours_ROS2/celluleflexible/ros_ws/install/commande_locale/include/commande_locale/commande_locale/msg/detail/tache_finie_msg__type_support.h
[5.421s] -- Up-to-date: /home/user/celluleflexible_en_cours_ROS2/celluleflexible/ros_ws/install/commande_locale/include/commande_locale/commande_locale/msg/detail/msg_color__functions.c
[5.421s] -- Up-to-date: /home/user/celluleflexible_en_cours_ROS2/celluleflexible/ros_ws/install/commande_locale/include/commande_locale/commande_locale/msg/detail/capteurs__type_support.h
[5.421s] -- Up-to-date: /home/user/celluleflexible_en_cours_ROS2/celluleflexible/ros_ws/install/commande_locale/include/commande_locale/commande_locale/msg/detail/actionneurs__functions.c
[5.421s] -- Up-to-date: /home/user/celluleflexible_en_cours_ROS2/celluleflexible/ros_ws/install/commande_locale/include/commande_locale/commande_locale/msg/detail/tache_finie_msg__functions.c
[5.421s] -- Up-to-date: /home/user/celluleflexible_en_cours_ROS2/celluleflexible/ros_ws/install/commande_locale/include/commande_locale/commande_locale/msg/tache_finie_msg.h
[5.421s] -- Up-to-date: /home/user/celluleflexible_en_cours_ROS2/celluleflexible/ros_ws/install/commande_locale/include/commande_locale/commande_locale/msg/msg_color.h
[5.421s] -- Up-to-date: /home/user/celluleflexible_en_cours_ROS2/celluleflexible/ros_ws/install/commande_locale/include/commande_locale/commande_locale/srv
[5.421s] -- Up-to-date: /home/user/celluleflexible_en_cours_ROS2/celluleflexible/ros_ws/install/commande_locale/include/commande_locale/commande_locale/srv/srv_fin_init.h
[5.421s] -- Up-to-date: /home/user/celluleflexible_en_cours_ROS2/celluleflexible/ros_ws/install/commande_locale/include/commande_locale/commande_locale/srv/srv_add_product_push_back.h
[5.421s] -- Up-to-date: /home/user/celluleflexible_en_cours_ROS2/celluleflexible/ros_ws/install/commande_locale/include/commande_locale/commande_locale/srv/srv_add_product.h
[5.421s] -- Up-to-date: /home/user/celluleflexible_en_cours_ROS2/celluleflexible/ros_ws/install/commande_locale/include/commande_locale/commande_locale/srv/detail
[5.421s] -- Up-to-date: /home/user/celluleflexible_en_cours_ROS2/celluleflexible/ros_ws/install/commande_locale/include/commande_locale/commande_locale/srv/detail/srv_fin_init__type_support.h
[5.421s] -- Installing: /home/user/celluleflexible_en_cours_ROS2/celluleflexible/ros_ws/install/commande_locale/include/commande_locale/commande_locale/srv/detail/srv_add_product_push_back__type_support.c
[5.421s] -- Up-to-date: /home/user/celluleflexible_en_cours_ROS2/celluleflexible/ros_ws/install/commande_locale/include/commande_locale/commande_locale/srv/detail/srv_add_product_push_back__description.c
[5.421s] -- Up-to-date: /home/user/celluleflexible_en_cours_ROS2/celluleflexible/ros_ws/install/commande_locale/include/commande_locale/commande_locale/srv/detail/srv_add_product__struct.h
[5.421s] -- Installing: /home/user/celluleflexible_en_cours_ROS2/celluleflexible/ros_ws/install/commande_locale/include/commande_locale/commande_locale/srv/detail/srv_fin_init__type_support.c
[5.421s] -- Up-to-date: /home/user/celluleflexible_en_cours_ROS2/celluleflexible/ros_ws/install/commande_locale/include/commande_locale/commande_locale/srv/detail/srv_add_product__type_support.h
[5.421s] -- Up-to-date: /home/user/celluleflexible_en_cours_ROS2/celluleflexible/ros_ws/install/commande_locale/include/commande_locale/commande_locale/srv/detail/srv_fin_init__functions.c
[5.421s] -- Up-to-date: /home/user/celluleflexible_en_cours_ROS2/celluleflexible/ros_ws/install/commande_locale/include/commande_locale/commande_locale/srv/detail/srv_add_product__description.c
[5.421s] -- Up-to-date: /home/user/celluleflexible_en_cours_ROS2/celluleflexible/ros_ws/install/commande_locale/include/commande_locale/commande_locale/srv/detail/srv_add_product_push_back__functions.h
[5.421s] -- Up-to-date: /home/user/celluleflexible_en_cours_ROS2/celluleflexible/ros_ws/install/commande_locale/include/commande_locale/commande_locale/srv/detail/srv_add_product__functions.c
[5.421s] -- Up-to-date: /home/user/celluleflexible_en_cours_ROS2/celluleflexible/ros_ws/install/commande_locale/include/commande_locale/commande_locale/srv/detail/srv_fin_init__functions.h
[5.421s] -- Installing: /home/user/celluleflexible_en_cours_ROS2/celluleflexible/ros_ws/install/commande_locale/include/commande_locale/commande_locale/srv/detail/srv_add_product__type_support.c
[5.421s] -- Up-to-date: /home/user/celluleflexible_en_cours_ROS2/celluleflexible/ros_ws/install/commande_locale/include/commande_locale/commande_locale/srv/detail/srv_add_product_push_back__struct.h
[5.421s] -- Up-to-date: /home/user/celluleflexible_en_cours_ROS2/celluleflexible/ros_ws/install/commande_locale/include/commande_locale/commande_locale/srv/detail/srv_fin_init__description.c
[5.421s] -- Up-to-date: /home/user/celluleflexible_en_cours_ROS2/celluleflexible/ros_ws/install/commande_locale/include/commande_locale/commande_locale/srv/detail/srv_add_product_push_back__type_support.h
[5.421s] -- Up-to-date: /home/user/celluleflexible_en_cours_ROS2/celluleflexible/ros_ws/install/commande_locale/include/commande_locale/commande_locale/srv/detail/srv_fin_init__struct.h
[5.421s] -- Up-to-date: /home/user/celluleflexible_en_cours_ROS2/celluleflexible/ros_ws/install/commande_locale/include/commande_locale/commande_locale/srv/detail/srv_add_product_push_back__functions.c
[5.422s] -- Up-to-date: /home/user/celluleflexible_en_cours_ROS2/celluleflexible/ros_ws/install/commande_locale/include/commande_locale/commande_locale/srv/detail/srv_add_product__functions.h
[5.422s] -- Up-to-date: /home/user/celluleflexible_en_cours_ROS2/celluleflexible/ros_ws/install/commande_locale/share/commande_locale/environment/library_path.sh
[5.422s] -- Up-to-date: /home/user/celluleflexible_en_cours_ROS2/celluleflexible/ros_ws/install/commande_locale/share/commande_locale/environment/library_path.dsv
[5.422s] -- Up-to-date: /home/user/celluleflexible_en_cours_ROS2/celluleflexible/ros_ws/install/commande_locale/lib/libcommande_locale__rosidl_generator_c.so
[5.422s] -- Up-to-date: /home/user/celluleflexible_en_cours_ROS2/celluleflexible/ros_ws/install/commande_locale/include/commande_locale/commande_locale
[5.422s] -- Up-to-date: /home/user/celluleflexible_en_cours_ROS2/celluleflexible/ros_ws/install/commande_locale/include/commande_locale/commande_locale/msg
[5.422s] -- Up-to-date: /home/user/celluleflexible_en_cours_ROS2/celluleflexible/ros_ws/install/commande_locale/include/commande_locale/commande_locale/msg/rosidl_typesupport_fastrtps_c__visibility_control.h
[5.422s] -- Up-to-date: /home/user/celluleflexible_en_cours_ROS2/celluleflexible/ros_ws/install/commande_locale/include/commande_locale/commande_locale/msg/detail
[5.422s] -- Up-to-date: /home/user/celluleflexible_en_cours_ROS2/celluleflexible/ros_ws/install/commande_locale/include/commande_locale/commande_locale/msg/detail/capteurs__rosidl_typesupport_fastrtps_c.h
[5.422s] -- Up-to-date: /home/user/celluleflexible_en_cours_ROS2/celluleflexible/ros_ws/install/commande_locale/include/commande_locale/commande_locale/msg/detail/msg_erreur__rosidl_typesupport_fastrtps_c.h
[5.422s] -- Up-to-date: /home/user/celluleflexible_en_cours_ROS2/celluleflexible/ros_ws/install/commande_locale/include/commande_locale/commande_locale/msg/detail/msg_color__rosidl_typesupport_fastrtps_c.h
[5.422s] -- Up-to-date: /home/user/celluleflexible_en_cours_ROS2/celluleflexible/ros_ws/install/commande_locale/include/commande_locale/commande_locale/msg/detail/msg_choix_mode__rosidl_typesupport_fastrtps_c.h
[5.422s] -- Up-to-date: /home/user/celluleflexible_en_cours_ROS2/celluleflexible/ros_ws/install/commande_locale/include/commande_locale/commande_locale/msg/detail/tache_finie_msg__rosidl_typesupport_fastrtps_c.h
[5.422s] -- Up-to-date: /home/user/celluleflexible_en_cours_ROS2/celluleflexible/ros_ws/install/commande_locale/include/commande_locale/commande_locale/msg/detail/robot_joints__rosidl_typesupport_fastrtps_c.h
[5.422s] -- Up-to-date: /home/user/celluleflexible_en_cours_ROS2/celluleflexible/ros_ws/install/commande_locale/include/commande_locale/commande_locale/msg/detail/msg_add_product__rosidl_typesupport_fastrtps_c.h
[5.422s] -- Up-to-date: /home/user/celluleflexible_en_cours_ROS2/celluleflexible/ros_ws/install/commande_locale/include/commande_locale/commande_locale/msg/detail/deplacer_piece_msg__rosidl_typesupport_fastrtps_c.h
[5.422s] -- Up-to-date: /home/user/celluleflexible_en_cours_ROS2/celluleflexible/ros_ws/install/commande_locale/include/commande_locale/commande_locale/msg/detail/msg_pin_control__rosidl_typesupport_fastrtps_c.h
[5.422s] -- Up-to-date: /home/user/celluleflexible_en_cours_ROS2/celluleflexible/ros_ws/install/commande_locale/include/commande_locale/commande_locale/msg/detail/msg_stop_control__rosidl_typesupport_fastrtps_c.h
[5.422s] -- Up-to-date: /home/user/celluleflexible_en_cours_ROS2/celluleflexible/ros_ws/install/commande_locale/include/commande_locale/commande_locale/msg/detail/actionneurs__rosidl_typesupport_fastrtps_c.h
[5.422s] -- Up-to-date: /home/user/celluleflexible_en_cours_ROS2/celluleflexible/ros_ws/install/commande_locale/include/commande_locale/commande_locale/msg/detail/msg_switch_control__rosidl_typesupport_fastrtps_c.h
[5.422s] -- Up-to-date: /home/user/celluleflexible_en_cours_ROS2/celluleflexible/ros_ws/install/commande_locale/include/commande_locale/commande_locale/srv
[5.422s] -- Up-to-date: /home/user/celluleflexible_en_cours_ROS2/celluleflexible/ros_ws/install/commande_locale/include/commande_locale/commande_locale/srv/detail
[5.422s] -- Up-to-date: /home/user/celluleflexible_en_cours_ROS2/celluleflexible/ros_ws/install/commande_locale/include/commande_locale/commande_locale/srv/detail/srv_add_product_push_back__rosidl_typesupport_fastrtps_c.h
[5.422s] -- Up-to-date: /home/user/celluleflexible_en_cours_ROS2/celluleflexible/ros_ws/install/commande_locale/include/commande_locale/commande_locale/srv/detail/srv_add_product__rosidl_typesupport_fastrtps_c.h
[5.422s] -- Up-to-date: /home/user/celluleflexible_en_cours_ROS2/celluleflexible/ros_ws/install/commande_locale/include/commande_locale/commande_locale/srv/detail/srv_fin_init__rosidl_typesupport_fastrtps_c.h
[5.422s] -- Up-to-date: /home/user/celluleflexible_en_cours_ROS2/celluleflexible/ros_ws/install/commande_locale/lib/libcommande_locale__rosidl_typesupport_fastrtps_c.so
[5.422s] -- Up-to-date: /home/user/celluleflexible_en_cours_ROS2/celluleflexible/ros_ws/install/commande_locale/include/commande_locale/commande_locale
[5.422s] -- Up-to-date: /home/user/celluleflexible_en_cours_ROS2/celluleflexible/ros_ws/install/commande_locale/include/commande_locale/commande_locale/msg
[5.422s] -- Up-to-date: /home/user/celluleflexible_en_cours_ROS2/celluleflexible/ros_ws/install/commande_locale/include/commande_locale/commande_locale/msg/deplacer_piece_msg.hpp
[5.422s] -- Up-to-date: /home/user/celluleflexible_en_cours_ROS2/celluleflexible/ros_ws/install/commande_locale/include/commande_locale/commande_locale/msg/capteurs.hpp
[5.422s] -- Up-to-date: /home/user/celluleflexible_en_cours_ROS2/celluleflexible/ros_ws/install/commande_locale/include/commande_locale/commande_locale/msg/msg_color.hpp
[5.422s] -- Up-to-date: /home/user/celluleflexible_en_cours_ROS2/celluleflexible/ros_ws/install/commande_locale/include/commande_locale/commande_locale/msg/msg_pin_control.hpp
[5.422s] -- Up-to-date: /home/user/celluleflexible_en_cours_ROS2/celluleflexible/ros_ws/install/commande_locale/include/commande_locale/commande_locale/msg/msg_switch_control.hpp
[5.422s] -- Up-to-date: /home/user/celluleflexible_en_cours_ROS2/celluleflexible/ros_ws/install/commande_locale/include/commande_locale/commande_locale/msg/rosidl_generator_cpp__visibility_control.hpp
[5.422s] -- Up-to-date: /home/user/celluleflexible_en_cours_ROS2/celluleflexible/ros_ws/install/commande_locale/include/commande_locale/commande_locale/msg/msg_stop_control.hpp
[5.422s] -- Up-to-date: /home/user/celluleflexible_en_cours_ROS2/celluleflexible/ros_ws/install/commande_locale/include/commande_locale/commande_locale/msg/msg_choix_mode.hpp
[5.422s] -- Up-to-date: /home/user/celluleflexible_en_cours_ROS2/celluleflexible/ros_ws/install/commande_locale/include/commande_locale/commande_locale/msg/actionneurs.hpp
[5.422s] -- Up-to-date: /home/user/celluleflexible_en_cours_ROS2/celluleflexible/ros_ws/install/commande_locale/include/commande_locale/commande_locale/msg/robot_joints.hpp
[5.422s] -- Up-to-date: /home/user/celluleflexible_en_cours_ROS2/celluleflexible/ros_ws/install/commande_locale/include/commande_locale/commande_locale/msg/tache_finie_msg.hpp
[5.422s] -- Up-to-date: /home/user/celluleflexible_en_cours_ROS2/celluleflexible/ros_ws/install/commande_locale/include/commande_locale/commande_locale/msg/msg_add_product.hpp
[5.422s] -- Up-to-date: /home/user/celluleflexible_en_cours_ROS2/celluleflexible/ros_ws/install/commande_locale/include/commande_locale/commande_locale/msg/detail
[5.422s] -- Up-to-date: /home/user/celluleflexible_en_cours_ROS2/celluleflexible/ros_ws/install/commande_locale/include/commande_locale/commande_locale/msg/detail/msg_choix_mode__struct.hpp
[5.422s] -- Up-to-date: /home/user/celluleflexible_en_cours_ROS2/celluleflexible/ros_ws/install/commande_locale/include/commande_locale/commande_locale/msg/detail/robot_joints__type_support.hpp
[5.422s] -- Up-to-date: /home/user/celluleflexible_en_cours_ROS2/celluleflexible/ros_ws/install/commande_locale/include/commande_locale/commande_locale/msg/detail/capteurs__builder.hpp
[5.422s] -- Up-to-date: /home/user/celluleflexible_en_cours_ROS2/celluleflexible/ros_ws/install/commande_locale/include/commande_locale/commande_locale/msg/detail/msg_add_product__struct.hpp
[5.422s] -- Up-to-date: /home/user/celluleflexible_en_cours_ROS2/celluleflexible/ros_ws/install/commande_locale/include/commande_locale/commande_locale/msg/detail/tache_finie_msg__struct.hpp
[5.422s] -- Up-to-date: /home/user/celluleflexible_en_cours_ROS2/celluleflexible/ros_ws/install/commande_locale/include/commande_locale/commande_locale/msg/detail/robot_joints__builder.hpp
[5.423s] -- Up-to-date: /home/user/celluleflexible_en_cours_ROS2/celluleflexible/ros_ws/install/commande_locale/include/commande_locale/commande_locale/msg/detail/msg_switch_control__struct.hpp
[5.423s] -- Up-to-date: /home/user/celluleflexible_en_cours_ROS2/celluleflexible/ros_ws/install/commande_locale/include/commande_locale/commande_locale/msg/detail/msg_stop_control__traits.hpp
[5.423s] -- Up-to-date: /home/user/celluleflexible_en_cours_ROS2/celluleflexible/ros_ws/install/commande_locale/include/commande_locale/commande_locale/msg/detail/msg_color__traits.hpp
[5.423s] -- Up-to-date: /home/user/celluleflexible_en_cours_ROS2/celluleflexible/ros_ws/install/commande_locale/include/commande_locale/commande_locale/msg/detail/actionneurs__type_support.hpp
[5.423s] -- Up-to-date: /home/user/celluleflexible_en_cours_ROS2/celluleflexible/ros_ws/install/commande_locale/include/commande_locale/commande_locale/msg/detail/tache_finie_msg__type_support.hpp
[5.423s] -- Up-to-date: /home/user/celluleflexible_en_cours_ROS2/celluleflexible/ros_ws/install/commande_locale/include/commande_locale/commande_locale/msg/detail/msg_pin_control__builder.hpp
[5.423s] -- Up-to-date: /home/user/celluleflexible_en_cours_ROS2/celluleflexible/ros_ws/install/commande_locale/include/commande_locale/commande_locale/msg/detail/capteurs__type_support.hpp
[5.423s] -- Up-to-date: /home/user/celluleflexible_en_cours_ROS2/celluleflexible/ros_ws/install/commande_locale/include/commande_locale/commande_locale/msg/detail/msg_switch_control__traits.hpp
[5.423s] -- Up-to-date: /home/user/celluleflexible_en_cours_ROS2/celluleflexible/ros_ws/install/commande_locale/include/commande_locale/commande_locale/msg/detail/deplacer_piece_msg__builder.hpp
[5.423s] -- Up-to-date: /home/user/celluleflexible_en_cours_ROS2/celluleflexible/ros_ws/install/commande_locale/include/commande_locale/commande_locale/msg/detail/msg_erreur__traits.hpp
[5.423s] -- Up-to-date: /home/user/celluleflexible_en_cours_ROS2/celluleflexible/ros_ws/install/commande_locale/include/commande_locale/commande_locale/msg/detail/msg_add_product__builder.hpp
[5.423s] -- Up-to-date: /home/user/celluleflexible_en_cours_ROS2/celluleflexible/ros_ws/install/commande_locale/include/commande_locale/commande_locale/msg/detail/msg_stop_control__struct.hpp
[5.423s] -- Up-to-date: /home/user/celluleflexible_en_cours_ROS2/celluleflexible/ros_ws/install/commande_locale/include/commande_locale/commande_locale/msg/detail/tache_finie_msg__traits.hpp
[5.423s] -- Up-to-date: /home/user/celluleflexible_en_cours_ROS2/celluleflexible/ros_ws/install/commande_locale/include/commande_locale/commande_locale/msg/detail/msg_choix_mode__traits.hpp
[5.423s] -- Up-to-date: /home/user/celluleflexible_en_cours_ROS2/celluleflexible/ros_ws/install/commande_locale/include/commande_locale/commande_locale/msg/detail/msg_choix_mode__builder.hpp
[5.423s] -- Up-to-date: /home/user/celluleflexible_en_cours_ROS2/celluleflexible/ros_ws/install/commande_locale/include/commande_locale/commande_locale/msg/detail/msg_erreur__struct.hpp
[5.423s] -- Up-to-date: /home/user/celluleflexible_en_cours_ROS2/celluleflexible/ros_ws/install/commande_locale/include/commande_locale/commande_locale/msg/detail/msg_color__builder.hpp
[5.423s] -- Up-to-date: /home/user/celluleflexible_en_cours_ROS2/celluleflexible/ros_ws/install/commande_locale/include/commande_locale/commande_locale/msg/detail/msg_erreur__type_support.hpp
[5.423s] -- Up-to-date: /home/user/celluleflexible_en_cours_ROS2/celluleflexible/ros_ws/install/commande_locale/include/commande_locale/commande_locale/msg/detail/msg_add_product__type_support.hpp
[5.423s] -- Up-to-date: /home/user/celluleflexible_en_cours_ROS2/celluleflexible/ros_ws/install/commande_locale/include/commande_locale/commande_locale/msg/detail/deplacer_piece_msg__traits.hpp
[5.423s] -- Up-to-date: /home/user/celluleflexible_en_cours_ROS2/celluleflexible/ros_ws/install/commande_locale/include/commande_locale/commande_locale/msg/detail/deplacer_piece_msg__type_support.hpp
[5.423s] -- Up-to-date: /home/user/celluleflexible_en_cours_ROS2/celluleflexible/ros_ws/install/commande_locale/include/commande_locale/commande_locale/msg/detail/msg_pin_control__struct.hpp
[5.423s] -- Up-to-date: /home/user/celluleflexible_en_cours_ROS2/celluleflexible/ros_ws/install/commande_locale/include/commande_locale/commande_locale/msg/detail/robot_joints__struct.hpp
[5.423s] -- Up-to-date: /home/user/celluleflexible_en_cours_ROS2/celluleflexible/ros_ws/install/commande_locale/include/commande_locale/commande_locale/msg/detail/deplacer_piece_msg__struct.hpp
[5.423s] -- Up-to-date: /home/user/celluleflexible_en_cours_ROS2/celluleflexible/ros_ws/install/commande_locale/include/commande_locale/commande_locale/msg/detail/actionneurs__builder.hpp
[5.423s] -- Up-to-date: /home/user/celluleflexible_en_cours_ROS2/celluleflexible/ros_ws/install/commande_locale/include/commande_locale/commande_locale/msg/detail/tache_finie_msg__builder.hpp
[5.423s] -- Up-to-date: /home/user/celluleflexible_en_cours_ROS2/celluleflexible/ros_ws/install/commande_locale/include/commande_locale/commande_locale/msg/detail/msg_erreur__builder.hpp
[5.423s] -- Up-to-date: /home/user/celluleflexible_en_cours_ROS2/celluleflexible/ros_ws/install/commande_locale/include/commande_locale/commande_locale/msg/detail/msg_switch_control__type_support.hpp
[5.423s] -- Up-to-date: /home/user/celluleflexible_en_cours_ROS2/celluleflexible/ros_ws/install/commande_locale/include/commande_locale/commande_locale/msg/detail/robot_joints__traits.hpp
[5.423s] -- Up-to-date: /home/user/celluleflexible_en_cours_ROS2/celluleflexible/ros_ws/install/commande_locale/include/commande_locale/commande_locale/msg/detail/msg_pin_control__traits.hpp
[5.423s] -- Up-to-date: /home/user/celluleflexible_en_cours_ROS2/celluleflexible/ros_ws/install/commande_locale/include/commande_locale/commande_locale/msg/detail/msg_add_product__traits.hpp
[5.423s] -- Up-to-date: /home/user/celluleflexible_en_cours_ROS2/celluleflexible/ros_ws/install/commande_locale/include/commande_locale/commande_locale/msg/detail/capteurs__traits.hpp
[5.423s] -- Up-to-date: /home/user/celluleflexible_en_cours_ROS2/celluleflexible/ros_ws/install/commande_locale/include/commande_locale/commande_locale/msg/detail/actionneurs__struct.hpp
[5.423s] -- Up-to-date: /home/user/celluleflexible_en_cours_ROS2/celluleflexible/ros_ws/install/commande_locale/include/commande_locale/commande_locale/msg/detail/msg_choix_mode__type_support.hpp
[5.423s] -- Up-to-date: /home/user/celluleflexible_en_cours_ROS2/celluleflexible/ros_ws/install/commande_locale/include/commande_locale/commande_locale/msg/detail/actionneurs__traits.hpp
[5.423s] -- Up-to-date: /home/user/celluleflexible_en_cours_ROS2/celluleflexible/ros_ws/install/commande_locale/include/commande_locale/commande_locale/msg/detail/msg_stop_control__type_support.hpp
[5.423s] -- Up-to-date: /home/user/celluleflexible_en_cours_ROS2/celluleflexible/ros_ws/install/commande_locale/include/commande_locale/commande_locale/msg/detail/msg_switch_control__builder.hpp
[5.423s] -- Up-to-date: /home/user/celluleflexible_en_cours_ROS2/celluleflexible/ros_ws/install/commande_locale/include/commande_locale/commande_locale/msg/detail/msg_stop_control__builder.hpp
[5.423s] -- Up-to-date: /home/user/celluleflexible_en_cours_ROS2/celluleflexible/ros_ws/install/commande_locale/include/commande_locale/commande_locale/msg/detail/msg_color__type_support.hpp
[5.423s] -- Up-to-date: /home/user/celluleflexible_en_cours_ROS2/celluleflexible/ros_ws/install/commande_locale/include/commande_locale/commande_locale/msg/detail/msg_pin_control__type_support.hpp
[5.423s] -- Up-to-date: /home/user/celluleflexible_en_cours_ROS2/celluleflexible/ros_ws/install/commande_locale/include/commande_locale/commande_locale/msg/detail/capteurs__struct.hpp
[5.423s] -- Up-to-date: /home/user/celluleflexible_en_cours_ROS2/celluleflexible/ros_ws/install/commande_locale/include/commande_locale/commande_locale/msg/detail/msg_color__struct.hpp
[5.423s] -- Up-to-date: /home/user/celluleflexible_en_cours_ROS2/celluleflexible/ros_ws/install/commande_locale/include/commande_locale/commande_locale/msg/msg_erreur.hpp
[5.423s] -- Up-to-date: /home/user/celluleflexible_en_cours_ROS2/celluleflexible/ros_ws/install/commande_locale/include/commande_locale/commande_locale/srv
[5.423s] -- Up-to-date: /home/user/celluleflexible_en_cours_ROS2/celluleflexible/ros_ws/install/commande_locale/include/commande_locale/commande_locale/srv/srv_add_product.hpp
[5.423s] -- Up-to-date: /home/user/celluleflexible_en_cours_ROS2/celluleflexible/ros_ws/install/commande_locale/include/commande_locale/commande_locale/srv/srv_add_product_push_back.hpp
[5.423s] -- Up-to-date: /home/user/celluleflexible_en_cours_ROS2/celluleflexible/ros_ws/install/commande_locale/include/commande_locale/commande_locale/srv/srv_fin_init.hpp
[5.423s] -- Up-to-date: /home/user/celluleflexible_en_cours_ROS2/celluleflexible/ros_ws/install/commande_locale/include/commande_locale/commande_locale/srv/detail
[5.424s] -- Up-to-date: /home/user/celluleflexible_en_cours_ROS2/celluleflexible/ros_ws/install/commande_locale/include/commande_locale/commande_locale/srv/detail/srv_add_product_push_back__builder.hpp
[5.424s] -- Up-to-date: /home/user/celluleflexible_en_cours_ROS2/celluleflexible/ros_ws/install/commande_locale/include/commande_locale/commande_locale/srv/detail/srv_fin_init__builder.hpp
[5.424s] -- Up-to-date: /home/user/celluleflexible_en_cours_ROS2/celluleflexible/ros_ws/install/commande_locale/include/commande_locale/commande_locale/srv/detail/srv_add_product__struct.hpp
[5.424s] -- Up-to-date: /home/user/celluleflexible_en_cours_ROS2/celluleflexible/ros_ws/install/commande_locale/include/commande_locale/commande_locale/srv/detail/srv_fin_init__traits.hpp
[5.424s] -- Up-to-date: /home/user/celluleflexible_en_cours_ROS2/celluleflexible/ros_ws/install/commande_locale/include/commande_locale/commande_locale/srv/detail/srv_add_product__type_support.hpp
[5.424s] -- Up-to-date: /home/user/celluleflexible_en_cours_ROS2/celluleflexible/ros_ws/install/commande_locale/include/commande_locale/commande_locale/srv/detail/srv_add_product_push_back__struct.hpp
[5.424s] -- Up-to-date: /home/user/celluleflexible_en_cours_ROS2/celluleflexible/ros_ws/install/commande_locale/include/commande_locale/commande_locale/srv/detail/srv_add_product_push_back__traits.hpp
[5.424s] -- Up-to-date: /home/user/celluleflexible_en_cours_ROS2/celluleflexible/ros_ws/install/commande_locale/include/commande_locale/commande_locale/srv/detail/srv_fin_init__type_support.hpp
[5.424s] -- Up-to-date: /home/user/celluleflexible_en_cours_ROS2/celluleflexible/ros_ws/install/commande_locale/include/commande_locale/commande_locale/srv/detail/srv_add_product__builder.hpp
[5.424s] -- Up-to-date: /home/user/celluleflexible_en_cours_ROS2/celluleflexible/ros_ws/install/commande_locale/include/commande_locale/commande_locale/srv/detail/srv_fin_init__struct.hpp
[5.424s] -- Up-to-date: /home/user/celluleflexible_en_cours_ROS2/celluleflexible/ros_ws/install/commande_locale/include/commande_locale/commande_locale/srv/detail/srv_add_product__traits.hpp
[5.424s] -- Up-to-date: /home/user/celluleflexible_en_cours_ROS2/celluleflexible/ros_ws/install/commande_locale/include/commande_locale/commande_locale/srv/detail/srv_add_product_push_back__type_support.hpp
[5.424s] -- Up-to-date: /home/user/celluleflexible_en_cours_ROS2/celluleflexible/ros_ws/install/commande_locale/include/commande_locale/commande_locale
[5.424s] -- Up-to-date: /home/user/celluleflexible_en_cours_ROS2/celluleflexible/ros_ws/install/commande_locale/include/commande_locale/commande_locale/msg
[5.424s] -- Up-to-date: /home/user/celluleflexible_en_cours_ROS2/celluleflexible/ros_ws/install/commande_locale/include/commande_locale/commande_locale/msg/detail
[5.424s] -- Up-to-date: /home/user/celluleflexible_en_cours_ROS2/celluleflexible/ros_ws/install/commande_locale/include/commande_locale/commande_locale/msg/detail/msg_pin_control__rosidl_typesupport_fastrtps_cpp.hpp
[5.424s] -- Up-to-date: /home/user/celluleflexible_en_cours_ROS2/celluleflexible/ros_ws/install/commande_locale/include/commande_locale/commande_locale/msg/detail/capteurs__rosidl_typesupport_fastrtps_cpp.hpp
[5.424s] -- Up-to-date: /home/user/celluleflexible_en_cours_ROS2/celluleflexible/ros_ws/install/commande_locale/include/commande_locale/commande_locale/msg/detail/tache_finie_msg__rosidl_typesupport_fastrtps_cpp.hpp
[5.424s] -- Up-to-date: /home/user/celluleflexible_en_cours_ROS2/celluleflexible/ros_ws/install/commande_locale/include/commande_locale/commande_locale/msg/detail/msg_switch_control__rosidl_typesupport_fastrtps_cpp.hpp
[5.424s] -- Up-to-date: /home/user/celluleflexible_en_cours_ROS2/celluleflexible/ros_ws/install/commande_locale/include/commande_locale/commande_locale/msg/detail/dds_fastrtps
[5.424s] -- Up-to-date: /home/user/celluleflexible_en_cours_ROS2/celluleflexible/ros_ws/install/commande_locale/include/commande_locale/commande_locale/msg/detail/msg_erreur__rosidl_typesupport_fastrtps_cpp.hpp
[5.424s] -- Up-to-date: /home/user/celluleflexible_en_cours_ROS2/celluleflexible/ros_ws/install/commande_locale/include/commande_locale/commande_locale/msg/detail/robot_joints__rosidl_typesupport_fastrtps_cpp.hpp
[5.424s] -- Up-to-date: /home/user/celluleflexible_en_cours_ROS2/celluleflexible/ros_ws/install/commande_locale/include/commande_locale/commande_locale/msg/detail/msg_add_product__rosidl_typesupport_fastrtps_cpp.hpp
[5.424s] -- Up-to-date: /home/user/celluleflexible_en_cours_ROS2/celluleflexible/ros_ws/install/commande_locale/include/commande_locale/commande_locale/msg/detail/msg_stop_control__rosidl_typesupport_fastrtps_cpp.hpp
[5.424s] -- Up-to-date: /home/user/celluleflexible_en_cours_ROS2/celluleflexible/ros_ws/install/commande_locale/include/commande_locale/commande_locale/msg/detail/actionneurs__rosidl_typesupport_fastrtps_cpp.hpp
[5.424s] -- Up-to-date: /home/user/celluleflexible_en_cours_ROS2/celluleflexible/ros_ws/install/commande_locale/include/commande_locale/commande_locale/msg/detail/msg_color__rosidl_typesupport_fastrtps_cpp.hpp
[5.424s] -- Up-to-date: /home/user/celluleflexible_en_cours_ROS2/celluleflexible/ros_ws/install/commande_locale/include/commande_locale/commande_locale/msg/detail/msg_choix_mode__rosidl_typesupport_fastrtps_cpp.hpp
[5.424s] -- Up-to-date: /home/user/celluleflexible_en_cours_ROS2/celluleflexible/ros_ws/install/commande_locale/include/commande_locale/commande_locale/msg/detail/deplacer_piece_msg__rosidl_typesupport_fastrtps_cpp.hpp
[5.424s] -- Up-to-date: /home/user/celluleflexible_en_cours_ROS2/celluleflexible/ros_ws/install/commande_locale/include/commande_locale/commande_locale/msg/rosidl_typesupport_fastrtps_cpp__visibility_control.h
[5.424s] -- Up-to-date: /home/user/celluleflexible_en_cours_ROS2/celluleflexible/ros_ws/install/commande_locale/include/commande_locale/commande_locale/srv
[5.424s] -- Up-to-date: /home/user/celluleflexible_en_cours_ROS2/celluleflexible/ros_ws/install/commande_locale/include/commande_locale/commande_locale/srv/detail
[5.424s] -- Up-to-date: /home/user/celluleflexible_en_cours_ROS2/celluleflexible/ros_ws/install/commande_locale/include/commande_locale/commande_locale/srv/detail/srv_fin_init__rosidl_typesupport_fastrtps_cpp.hpp
[5.424s] -- Up-to-date: /home/user/celluleflexible_en_cours_ROS2/celluleflexible/ros_ws/install/commande_locale/include/commande_locale/commande_locale/srv/detail/srv_add_product__rosidl_typesupport_fastrtps_cpp.hpp
[5.424s] -- Up-to-date: /home/user/celluleflexible_en_cours_ROS2/celluleflexible/ros_ws/install/commande_locale/include/commande_locale/commande_locale/srv/detail/srv_add_product_push_back__rosidl_typesupport_fastrtps_cpp.hpp
[5.424s] -- Up-to-date: /home/user/celluleflexible_en_cours_ROS2/celluleflexible/ros_ws/install/commande_locale/include/commande_locale/commande_locale/srv/detail/dds_fastrtps
[5.424s] -- Up-to-date: /home/user/celluleflexible_en_cours_ROS2/celluleflexible/ros_ws/install/commande_locale/lib/libcommande_locale__rosidl_typesupport_fastrtps_cpp.so
[5.424s] -- Up-to-date: /home/user/celluleflexible_en_cours_ROS2/celluleflexible/ros_ws/install/commande_locale/include/commande_locale/commande_locale
[5.424s] -- Up-to-date: /home/user/celluleflexible_en_cours_ROS2/celluleflexible/ros_ws/install/commande_locale/include/commande_locale/commande_locale/msg
[5.424s] -- Up-to-date: /home/user/celluleflexible_en_cours_ROS2/celluleflexible/ros_ws/install/commande_locale/include/commande_locale/commande_locale/msg/rosidl_typesupport_introspection_c__visibility_control.h
[5.424s] -- Up-to-date: /home/user/celluleflexible_en_cours_ROS2/celluleflexible/ros_ws/install/commande_locale/include/commande_locale/commande_locale/msg/detail
[5.424s] -- Up-to-date: /home/user/celluleflexible_en_cours_ROS2/celluleflexible/ros_ws/install/commande_locale/include/commande_locale/commande_locale/msg/detail/msg_stop_control__rosidl_typesupport_introspection_c.h
[5.424s] -- Up-to-date: /home/user/celluleflexible_en_cours_ROS2/celluleflexible/ros_ws/install/commande_locale/include/commande_locale/commande_locale/msg/detail/msg_color__rosidl_typesupport_introspection_c.h
[5.424s] -- Up-to-date: /home/user/celluleflexible_en_cours_ROS2/celluleflexible/ros_ws/install/commande_locale/include/commande_locale/commande_locale/msg/detail/msg_add_product__rosidl_typesupport_introspection_c.h
[5.424s] -- Up-to-date: /home/user/celluleflexible_en_cours_ROS2/celluleflexible/ros_ws/install/commande_locale/include/commande_locale/commande_locale/msg/detail/actionneurs__rosidl_typesupport_introspection_c.h
[5.424s] -- Up-to-date: /home/user/celluleflexible_en_cours_ROS2/celluleflexible/ros_ws/install/commande_locale/include/commande_locale/commande_locale/msg/detail/tache_finie_msg__rosidl_typesupport_introspection_c.h
[5.424s] -- Installing: /home/user/celluleflexible_en_cours_ROS2/celluleflexible/ros_ws/install/commande_locale/include/commande_locale/commande_locale/msg/detail/msg_switch_control__type_support.c
[5.424s] -- Installing: /home/user/celluleflexible_en_cours_ROS2/celluleflexible/ros_ws/install/commande_locale/include/commande_locale/commande_locale/msg/detail/msg_stop_control__type_support.c
[5.424s] -- Installing: /home/user/celluleflexible_en_cours_ROS2/celluleflexible/ros_ws/install/commande_locale/include/commande_locale/commande_locale/msg/detail/capteurs__type_support.c
[5.424s] -- Installing: /home/user/celluleflexible_en_cours_ROS2/celluleflexible/ros_ws/install/commande_locale/include/commande_locale/commande_locale/msg/detail/deplacer_piece_msg__type_support.c
[5.425s] -- Up-to-date: /home/user/celluleflexible_en_cours_ROS2/celluleflexible/ros_ws/install/commande_locale/include/commande_locale/commande_locale/msg/detail/msg_pin_control__rosidl_typesupport_introspection_c.h
[5.425s] -- Up-to-date: /home/user/celluleflexible_en_cours_ROS2/celluleflexible/ros_ws/install/commande_locale/include/commande_locale/commande_locale/msg/detail/capteurs__rosidl_typesupport_introspection_c.h
[5.425s] -- Installing: /home/user/celluleflexible_en_cours_ROS2/celluleflexible/ros_ws/install/commande_locale/include/commande_locale/commande_locale/msg/detail/actionneurs__type_support.c
[5.425s] -- Up-to-date: /home/user/celluleflexible_en_cours_ROS2/celluleflexible/ros_ws/install/commande_locale/include/commande_locale/commande_locale/msg/detail/deplacer_piece_msg__rosidl_typesupport_introspection_c.h
[5.425s] -- Up-to-date: /home/user/celluleflexible_en_cours_ROS2/celluleflexible/ros_ws/install/commande_locale/include/commande_locale/commande_locale/msg/detail/msg_switch_control__rosidl_typesupport_introspection_c.h
[5.425s] -- Up-to-date: /home/user/celluleflexible_en_cours_ROS2/celluleflexible/ros_ws/install/commande_locale/include/commande_locale/commande_locale/msg/detail/robot_joints__rosidl_typesupport_introspection_c.h
[5.425s] -- Installing: /home/user/celluleflexible_en_cours_ROS2/celluleflexible/ros_ws/install/commande_locale/include/commande_locale/commande_locale/msg/detail/msg_color__type_support.c
[5.425s] -- Installing: /home/user/celluleflexible_en_cours_ROS2/celluleflexible/ros_ws/install/commande_locale/include/commande_locale/commande_locale/msg/detail/msg_add_product__type_support.c
[5.425s] -- Installing: /home/user/celluleflexible_en_cours_ROS2/celluleflexible/ros_ws/install/commande_locale/include/commande_locale/commande_locale/msg/detail/msg_choix_mode__type_support.c
[5.425s] -- Up-to-date: /home/user/celluleflexible_en_cours_ROS2/celluleflexible/ros_ws/install/commande_locale/include/commande_locale/commande_locale/msg/detail/msg_choix_mode__rosidl_typesupport_introspection_c.h
[5.425s] -- Installing: /home/user/celluleflexible_en_cours_ROS2/celluleflexible/ros_ws/install/commande_locale/include/commande_locale/commande_locale/msg/detail/robot_joints__type_support.c
[5.425s] -- Installing: /home/user/celluleflexible_en_cours_ROS2/celluleflexible/ros_ws/install/commande_locale/include/commande_locale/commande_locale/msg/detail/msg_pin_control__type_support.c
[5.425s] -- Installing: /home/user/celluleflexible_en_cours_ROS2/celluleflexible/ros_ws/install/commande_locale/include/commande_locale/commande_locale/msg/detail/msg_erreur__type_support.c
[5.425s] -- Installing: /home/user/celluleflexible_en_cours_ROS2/celluleflexible/ros_ws/install/commande_locale/include/commande_locale/commande_locale/msg/detail/tache_finie_msg__type_support.c
[5.425s] -- Up-to-date: /home/user/celluleflexible_en_cours_ROS2/celluleflexible/ros_ws/install/commande_locale/include/commande_locale/commande_locale/msg/detail/msg_erreur__rosidl_typesupport_introspection_c.h
[5.425s] -- Up-to-date: /home/user/celluleflexible_en_cours_ROS2/celluleflexible/ros_ws/install/commande_locale/include/commande_locale/commande_locale/srv
[5.425s] -- Up-to-date: /home/user/celluleflexible_en_cours_ROS2/celluleflexible/ros_ws/install/commande_locale/include/commande_locale/commande_locale/srv/detail
[5.425s] -- Installing: /home/user/celluleflexible_en_cours_ROS2/celluleflexible/ros_ws/install/commande_locale/include/commande_locale/commande_locale/srv/detail/srv_add_product_push_back__type_support.c
[5.425s] -- Installing: /home/user/celluleflexible_en_cours_ROS2/celluleflexible/ros_ws/install/commande_locale/include/commande_locale/commande_locale/srv/detail/srv_fin_init__type_support.c
[5.425s] -- Up-to-date: /home/user/celluleflexible_en_cours_ROS2/celluleflexible/ros_ws/install/commande_locale/include/commande_locale/commande_locale/srv/detail/srv_add_product_push_back__rosidl_typesupport_introspection_c.h
[5.425s] -- Up-to-date: /home/user/celluleflexible_en_cours_ROS2/celluleflexible/ros_ws/install/commande_locale/include/commande_locale/commande_locale/srv/detail/srv_fin_init__rosidl_typesupport_introspection_c.h
[5.425s] -- Up-to-date: /home/user/celluleflexible_en_cours_ROS2/celluleflexible/ros_ws/install/commande_locale/include/commande_locale/commande_locale/srv/detail/srv_add_product__rosidl_typesupport_introspection_c.h
[5.425s] -- Installing: /home/user/celluleflexible_en_cours_ROS2/celluleflexible/ros_ws/install/commande_locale/include/commande_locale/commande_locale/srv/detail/srv_add_product__type_support.c
[5.425s] -- Up-to-date: /home/user/celluleflexible_en_cours_ROS2/celluleflexible/ros_ws/install/commande_locale/lib/libcommande_locale__rosidl_typesupport_introspection_c.so
[5.425s] -- Up-to-date: /home/user/celluleflexible_en_cours_ROS2/celluleflexible/ros_ws/install/commande_locale/lib/libcommande_locale__rosidl_typesupport_c.so
[5.425s] -- Up-to-date: /home/user/celluleflexible_en_cours_ROS2/celluleflexible/ros_ws/install/commande_locale/include/commande_locale/commande_locale
[5.425s] -- Up-to-date: /home/user/celluleflexible_en_cours_ROS2/celluleflexible/ros_ws/install/commande_locale/include/commande_locale/commande_locale/msg
[5.425s] -- Up-to-date: /home/user/celluleflexible_en_cours_ROS2/celluleflexible/ros_ws/install/commande_locale/include/commande_locale/commande_locale/msg/detail
[5.425s] -- Up-to-date: /home/user/celluleflexible_en_cours_ROS2/celluleflexible/ros_ws/install/commande_locale/include/commande_locale/commande_locale/msg/detail/msg_add_product__type_support.cpp
[5.425s] -- Up-to-date: /home/user/celluleflexible_en_cours_ROS2/celluleflexible/ros_ws/install/commande_locale/include/commande_locale/commande_locale/msg/detail/msg_switch_control__rosidl_typesupport_introspection_cpp.hpp
[5.425s] -- Up-to-date: /home/user/celluleflexible_en_cours_ROS2/celluleflexible/ros_ws/install/commande_locale/include/commande_locale/commande_locale/msg/detail/msg_pin_control__type_support.cpp
[5.425s] -- Up-to-date: /home/user/celluleflexible_en_cours_ROS2/celluleflexible/ros_ws/install/commande_locale/include/commande_locale/commande_locale/msg/detail/actionneurs__rosidl_typesupport_introspection_cpp.hpp
[5.425s] -- Up-to-date: /home/user/celluleflexible_en_cours_ROS2/celluleflexible/ros_ws/install/commande_locale/include/commande_locale/commande_locale/msg/detail/msg_stop_control__rosidl_typesupport_introspection_cpp.hpp
[5.425s] -- Up-to-date: /home/user/celluleflexible_en_cours_ROS2/celluleflexible/ros_ws/install/commande_locale/include/commande_locale/commande_locale/msg/detail/tache_finie_msg__type_support.cpp
[5.425s] -- Up-to-date: /home/user/celluleflexible_en_cours_ROS2/celluleflexible/ros_ws/install/commande_locale/include/commande_locale/commande_locale/msg/detail/capteurs__rosidl_typesupport_introspection_cpp.hpp
[5.425s] -- Up-to-date: /home/user/celluleflexible_en_cours_ROS2/celluleflexible/ros_ws/install/commande_locale/include/commande_locale/commande_locale/msg/detail/deplacer_piece_msg__rosidl_typesupport_introspection_cpp.hpp
[5.425s] -- Up-to-date: /home/user/celluleflexible_en_cours_ROS2/celluleflexible/ros_ws/install/commande_locale/include/commande_locale/commande_locale/msg/detail/msg_stop_control__type_support.cpp
[5.425s] -- Up-to-date: /home/user/celluleflexible_en_cours_ROS2/celluleflexible/ros_ws/install/commande_locale/include/commande_locale/commande_locale/msg/detail/msg_pin_control__rosidl_typesupport_introspection_cpp.hpp
[5.425s] -- Up-to-date: /home/user/celluleflexible_en_cours_ROS2/celluleflexible/ros_ws/install/commande_locale/include/commande_locale/commande_locale/msg/detail/msg_erreur__type_support.cpp
[5.425s] -- Up-to-date: /home/user/celluleflexible_en_cours_ROS2/celluleflexible/ros_ws/install/commande_locale/include/commande_locale/commande_locale/msg/detail/robot_joints__rosidl_typesupport_introspection_cpp.hpp
[5.425s] -- Up-to-date: /home/user/celluleflexible_en_cours_ROS2/celluleflexible/ros_ws/install/commande_locale/include/commande_locale/commande_locale/msg/detail/msg_erreur__rosidl_typesupport_introspection_cpp.hpp
[5.425s] -- Up-to-date: /home/user/celluleflexible_en_cours_ROS2/celluleflexible/ros_ws/install/commande_locale/include/commande_locale/commande_locale/msg/detail/msg_choix_mode__type_support.cpp
[5.425s] -- Up-to-date: /home/user/celluleflexible_en_cours_ROS2/celluleflexible/ros_ws/install/commande_locale/include/commande_locale/commande_locale/msg/detail/msg_color__rosidl_typesupport_introspection_cpp.hpp
[5.425s] -- Up-to-date: /home/user/celluleflexible_en_cours_ROS2/celluleflexible/ros_ws/install/commande_locale/include/commande_locale/commande_locale/msg/detail/msg_choix_mode__rosidl_typesupport_introspection_cpp.hpp
[5.425s] -- Up-to-date: /home/user/celluleflexible_en_cours_ROS2/celluleflexible/ros_ws/install/commande_locale/include/commande_locale/commande_locale/msg/detail/deplacer_piece_msg__type_support.cpp
[5.425s] -- Up-to-date: /home/user/celluleflexible_en_cours_ROS2/celluleflexible/ros_ws/install/commande_locale/include/commande_locale/commande_locale/msg/detail/msg_switch_control__type_support.cpp
[5.425s] -- Up-to-date: /home/user/celluleflexible_en_cours_ROS2/celluleflexible/ros_ws/install/commande_locale/include/commande_locale/commande_locale/msg/detail/robot_joints__type_support.cpp
[5.425s] -- Up-to-date: /home/user/celluleflexible_en_cours_ROS2/celluleflexible/ros_ws/install/commande_locale/include/commande_locale/commande_locale/msg/detail/capteurs__type_support.cpp
[5.425s] -- Up-to-date: /home/user/celluleflexible_en_cours_ROS2/celluleflexible/ros_ws/install/commande_locale/include/commande_locale/commande_locale/msg/detail/tache_finie_msg__rosidl_typesupport_introspection_cpp.hpp
[5.426s] -- Up-to-date: /home/user/celluleflexible_en_cours_ROS2/celluleflexible/ros_ws/install/commande_locale/include/commande_locale/commande_locale/msg/detail/msg_color__type_support.cpp
[5.426s] -- Up-to-date: /home/user/celluleflexible_en_cours_ROS2/celluleflexible/ros_ws/install/commande_locale/include/commande_locale/commande_locale/msg/detail/msg_add_product__rosidl_typesupport_introspection_cpp.hpp
[5.426s] -- Up-to-date: /home/user/celluleflexible_en_cours_ROS2/celluleflexible/ros_ws/install/commande_locale/include/commande_locale/commande_locale/msg/detail/actionneurs__type_support.cpp
[5.426s] -- Up-to-date: /home/user/celluleflexible_en_cours_ROS2/celluleflexible/ros_ws/install/commande_locale/include/commande_locale/commande_locale/srv
[5.426s] -- Up-to-date: /home/user/celluleflexible_en_cours_ROS2/celluleflexible/ros_ws/install/commande_locale/include/commande_locale/commande_locale/srv/detail
[5.426s] -- Up-to-date: /home/user/celluleflexible_en_cours_ROS2/celluleflexible/ros_ws/install/commande_locale/include/commande_locale/commande_locale/srv/detail/srv_add_product_push_back__rosidl_typesupport_introspection_cpp.hpp
[5.426s] -- Up-to-date: /home/user/celluleflexible_en_cours_ROS2/celluleflexible/ros_ws/install/commande_locale/include/commande_locale/commande_locale/srv/detail/srv_add_product__type_support.cpp
[5.426s] -- Up-to-date: /home/user/celluleflexible_en_cours_ROS2/celluleflexible/ros_ws/install/commande_locale/include/commande_locale/commande_locale/srv/detail/srv_add_product__rosidl_typesupport_introspection_cpp.hpp
[5.426s] -- Up-to-date: /home/user/celluleflexible_en_cours_ROS2/celluleflexible/ros_ws/install/commande_locale/include/commande_locale/commande_locale/srv/detail/srv_fin_init__rosidl_typesupport_introspection_cpp.hpp
[5.426s] -- Up-to-date: /home/user/celluleflexible_en_cours_ROS2/celluleflexible/ros_ws/install/commande_locale/include/commande_locale/commande_locale/srv/detail/srv_add_product_push_back__type_support.cpp
[5.426s] -- Up-to-date: /home/user/celluleflexible_en_cours_ROS2/celluleflexible/ros_ws/install/commande_locale/include/commande_locale/commande_locale/srv/detail/srv_fin_init__type_support.cpp
[5.426s] -- Up-to-date: /home/user/celluleflexible_en_cours_ROS2/celluleflexible/ros_ws/install/commande_locale/lib/libcommande_locale__rosidl_typesupport_introspection_cpp.so
[5.426s] -- Up-to-date: /home/user/celluleflexible_en_cours_ROS2/celluleflexible/ros_ws/install/commande_locale/lib/libcommande_locale__rosidl_typesupport_cpp.so
[5.426s] -- Up-to-date: /home/user/celluleflexible_en_cours_ROS2/celluleflexible/ros_ws/install/commande_locale/share/commande_locale/environment/pythonpath.sh
[5.426s] -- Up-to-date: /home/user/celluleflexible_en_cours_ROS2/celluleflexible/ros_ws/install/commande_locale/share/commande_locale/environment/pythonpath.dsv
[5.426s] -- Up-to-date: /home/user/celluleflexible_en_cours_ROS2/celluleflexible/ros_ws/install/commande_locale/lib/python3.12/site-packages/commande_locale-3.1.2-py3.12.egg-info
[5.426s] -- Installing: /home/user/celluleflexible_en_cours_ROS2/celluleflexible/ros_ws/install/commande_locale/lib/python3.12/site-packages/commande_locale-3.1.2-py3.12.egg-info/SOURCES.txt
[5.426s] -- Installing: /home/user/celluleflexible_en_cours_ROS2/celluleflexible/ros_ws/install/commande_locale/lib/python3.12/site-packages/commande_locale-3.1.2-py3.12.egg-info/top_level.txt
[5.426s] -- Installing: /home/user/celluleflexible_en_cours_ROS2/celluleflexible/ros_ws/install/commande_locale/lib/python3.12/site-packages/commande_locale-3.1.2-py3.12.egg-info/PKG-INFO
[5.426s] -- Installing: /home/user/celluleflexible_en_cours_ROS2/celluleflexible/ros_ws/install/commande_locale/lib/python3.12/site-packages/commande_locale-3.1.2-py3.12.egg-info/dependency_links.txt
[5.426s] -- Up-to-date: /home/user/celluleflexible_en_cours_ROS2/celluleflexible/ros_ws/install/commande_locale/lib/python3.12/site-packages/commande_locale
[5.426s] -- Up-to-date: /home/user/celluleflexible_en_cours_ROS2/celluleflexible/ros_ws/install/commande_locale/lib/python3.12/site-packages/commande_locale/msg
[5.426s] -- Up-to-date: /home/user/celluleflexible_en_cours_ROS2/celluleflexible/ros_ws/install/commande_locale/lib/python3.12/site-packages/commande_locale/msg/_deplacer_piece_msg.py
[5.426s] -- Up-to-date: /home/user/celluleflexible_en_cours_ROS2/celluleflexible/ros_ws/install/commande_locale/lib/python3.12/site-packages/commande_locale/msg/_msg_color_s.c
[5.426s] -- Up-to-date: /home/user/celluleflexible_en_cours_ROS2/celluleflexible/ros_ws/install/commande_locale/lib/python3.12/site-packages/commande_locale/msg/_tache_finie_msg_s.c
[5.426s] -- Up-to-date: /home/user/celluleflexible_en_cours_ROS2/celluleflexible/ros_ws/install/commande_locale/lib/python3.12/site-packages/commande_locale/msg/_msg_color.py
[5.426s] -- Up-to-date: /home/user/celluleflexible_en_cours_ROS2/celluleflexible/ros_ws/install/commande_locale/lib/python3.12/site-packages/commande_locale/msg/_msg_stop_control.py
[5.426s] -- Up-to-date: /home/user/celluleflexible_en_cours_ROS2/celluleflexible/ros_ws/install/commande_locale/lib/python3.12/site-packages/commande_locale/msg/_msg_erreur.py
[5.426s] -- Up-to-date: /home/user/celluleflexible_en_cours_ROS2/celluleflexible/ros_ws/install/commande_locale/lib/python3.12/site-packages/commande_locale/msg/_msg_choix_mode_s.c
[5.426s] -- Up-to-date: /home/user/celluleflexible_en_cours_ROS2/celluleflexible/ros_ws/install/commande_locale/lib/python3.12/site-packages/commande_locale/msg/__init__.py
[5.426s] -- Up-to-date: /home/user/celluleflexible_en_cours_ROS2/celluleflexible/ros_ws/install/commande_locale/lib/python3.12/site-packages/commande_locale/msg/_msg_add_product_s.c
[5.426s] -- Up-to-date: /home/user/celluleflexible_en_cours_ROS2/celluleflexible/ros_ws/install/commande_locale/lib/python3.12/site-packages/commande_locale/msg/_msg_choix_mode.py
[5.426s] -- Up-to-date: /home/user/celluleflexible_en_cours_ROS2/celluleflexible/ros_ws/install/commande_locale/lib/python3.12/site-packages/commande_locale/msg/_actionneurs.py
[5.426s] -- Up-to-date: /home/user/celluleflexible_en_cours_ROS2/celluleflexible/ros_ws/install/commande_locale/lib/python3.12/site-packages/commande_locale/msg/_tache_finie_msg.py
[5.426s] -- Up-to-date: /home/user/celluleflexible_en_cours_ROS2/celluleflexible/ros_ws/install/commande_locale/lib/python3.12/site-packages/commande_locale/msg/_msg_switch_control.py
[5.426s] -- Up-to-date: /home/user/celluleflexible_en_cours_ROS2/celluleflexible/ros_ws/install/commande_locale/lib/python3.12/site-packages/commande_locale/msg/_capteurs.py
[5.426s] -- Up-to-date: /home/user/celluleflexible_en_cours_ROS2/celluleflexible/ros_ws/install/commande_locale/lib/python3.12/site-packages/commande_locale/msg/_msg_stop_control_s.c
[5.426s] -- Up-to-date: /home/user/celluleflexible_en_cours_ROS2/celluleflexible/ros_ws/install/commande_locale/lib/python3.12/site-packages/commande_locale/msg/_robot_joints_s.c
[5.426s] -- Up-to-date: /home/user/celluleflexible_en_cours_ROS2/celluleflexible/ros_ws/install/commande_locale/lib/python3.12/site-packages/commande_locale/msg/_capteurs_s.c
[5.426s] -- Up-to-date: /home/user/celluleflexible_en_cours_ROS2/celluleflexible/ros_ws/install/commande_locale/lib/python3.12/site-packages/commande_locale/msg/_deplacer_piece_msg_s.c
[5.426s] -- Up-to-date: /home/user/celluleflexible_en_cours_ROS2/celluleflexible/ros_ws/install/commande_locale/lib/python3.12/site-packages/commande_locale/msg/_msg_switch_control_s.c
[5.426s] -- Up-to-date: /home/user/celluleflexible_en_cours_ROS2/celluleflexible/ros_ws/install/commande_locale/lib/python3.12/site-packages/commande_locale/msg/_actionneurs_s.c
[5.426s] -- Up-to-date: /home/user/celluleflexible_en_cours_ROS2/celluleflexible/ros_ws/install/commande_locale/lib/python3.12/site-packages/commande_locale/msg/_msg_pin_control_s.c
[5.426s] -- Up-to-date: /home/user/celluleflexible_en_cours_ROS2/celluleflexible/ros_ws/install/commande_locale/lib/python3.12/site-packages/commande_locale/msg/_msg_erreur_s.c
[5.426s] -- Up-to-date: /home/user/celluleflexible_en_cours_ROS2/celluleflexible/ros_ws/install/commande_locale/lib/python3.12/site-packages/commande_locale/msg/_msg_pin_control.py
[5.426s] -- Up-to-date: /home/user/celluleflexible_en_cours_ROS2/celluleflexible/ros_ws/install/commande_locale/lib/python3.12/site-packages/commande_locale/msg/_robot_joints.py
[5.426s] -- Up-to-date: /home/user/celluleflexible_en_cours_ROS2/celluleflexible/ros_ws/install/commande_locale/lib/python3.12/site-packages/commande_locale/msg/_msg_add_product.py
[5.426s] -- Installing: /home/user/celluleflexible_en_cours_ROS2/celluleflexible/ros_ws/install/commande_locale/lib/python3.12/site-packages/commande_locale/__init__.py
[5.427s] -- Up-to-date: /home/user/celluleflexible_en_cours_ROS2/celluleflexible/ros_ws/install/commande_locale/lib/python3.12/site-packages/commande_locale/_commande_locale_s.ep.rosidl_typesupport_c.c
[5.427s] -- Up-to-date: /home/user/celluleflexible_en_cours_ROS2/celluleflexible/ros_ws/install/commande_locale/lib/python3.12/site-packages/commande_locale/commande_locale_s__rosidl_typesupport_c.so
[5.427s] -- Up-to-date: /home/user/celluleflexible_en_cours_ROS2/celluleflexible/ros_ws/install/commande_locale/lib/python3.12/site-packages/commande_locale/commande_locale_s__rosidl_typesupport_fastrtps_c.so
[5.427s] -- Up-to-date: /home/user/celluleflexible_en_cours_ROS2/celluleflexible/ros_ws/install/commande_locale/lib/python3.12/site-packages/commande_locale/srv
[5.427s] -- Up-to-date: /home/user/celluleflexible_en_cours_ROS2/celluleflexible/ros_ws/install/commande_locale/lib/python3.12/site-packages/commande_locale/srv/_srv_add_product.py
[5.427s] -- Up-to-date: /home/user/celluleflexible_en_cours_ROS2/celluleflexible/ros_ws/install/commande_locale/lib/python3.12/site-packages/commande_locale/srv/_srv_add_product_push_back.py
[5.427s] -- Up-to-date: /home/user/celluleflexible_en_cours_ROS2/celluleflexible/ros_ws/install/commande_locale/lib/python3.12/site-packages/commande_locale/srv/__init__.py
[5.427s] -- Up-to-date: /home/user/celluleflexible_en_cours_ROS2/celluleflexible/ros_ws/install/commande_locale/lib/python3.12/site-packages/commande_locale/srv/_srv_add_product_push_back_s.c
[5.427s] -- Up-to-date: /home/user/celluleflexible_en_cours_ROS2/celluleflexible/ros_ws/install/commande_locale/lib/python3.12/site-packages/commande_locale/srv/_srv_fin_init.py
[5.427s] -- Up-to-date: /home/user/celluleflexible_en_cours_ROS2/celluleflexible/ros_ws/install/commande_locale/lib/python3.12/site-packages/commande_locale/srv/_srv_fin_init_s.c
[5.427s] -- Up-to-date: /home/user/celluleflexible_en_cours_ROS2/celluleflexible/ros_ws/install/commande_locale/lib/python3.12/site-packages/commande_locale/srv/_srv_add_product_s.c
[5.427s] -- Up-to-date: /home/user/celluleflexible_en_cours_ROS2/celluleflexible/ros_ws/install/commande_locale/lib/python3.12/site-packages/commande_locale/_commande_locale_s.ep.rosidl_typesupport_introspection_c.c
[5.427s] -- Up-to-date: /home/user/celluleflexible_en_cours_ROS2/celluleflexible/ros_ws/install/commande_locale/lib/python3.12/site-packages/commande_locale/commande_locale_s__rosidl_typesupport_introspection_c.so
[5.427s] -- Up-to-date: /home/user/celluleflexible_en_cours_ROS2/celluleflexible/ros_ws/install/commande_locale/lib/python3.12/site-packages/commande_locale/_commande_locale_s.ep.rosidl_typesupport_fastrtps_c.c
[5.442s] Listing '/home/user/celluleflexible_en_cours_ROS2/celluleflexible/ros_ws/install/commande_locale/lib/python3.12/site-packages/commande_locale'...
[5.442s] Compiling '/home/user/celluleflexible_en_cours_ROS2/celluleflexible/ros_ws/install/commande_locale/lib/python3.12/site-packages/commande_locale/__init__.py'...
[5.442s] Listing '/home/user/celluleflexible_en_cours_ROS2/celluleflexible/ros_ws/install/commande_locale/lib/python3.12/site-packages/commande_locale/msg'...
[5.442s] Listing '/home/user/celluleflexible_en_cours_ROS2/celluleflexible/ros_ws/install/commande_locale/lib/python3.12/site-packages/commande_locale/srv'...
[5.445s] -- Up-to-date: /home/user/celluleflexible_en_cours_ROS2/celluleflexible/ros_ws/install/commande_locale/lib/python3.12/site-packages/commande_locale/commande_locale_s__rosidl_typesupport_fastrtps_c.so
[5.445s] -- Up-to-date: /home/user/celluleflexible_en_cours_ROS2/celluleflexible/ros_ws/install/commande_locale/lib/python3.12/site-packages/commande_locale/commande_locale_s__rosidl_typesupport_introspection_c.so
[5.445s] -- Up-to-date: /home/user/celluleflexible_en_cours_ROS2/celluleflexible/ros_ws/install/commande_locale/lib/python3.12/site-packages/commande_locale/commande_locale_s__rosidl_typesupport_c.so
[5.445s] -- Up-to-date: /home/user/celluleflexible_en_cours_ROS2/celluleflexible/ros_ws/install/commande_locale/lib/libcommande_locale__rosidl_generator_py.so
[5.447s] -- Up-to-date: /home/user/celluleflexible_en_cours_ROS2/celluleflexible/ros_ws/install/commande_locale/share/commande_locale/srv/SrvAddProduct.idl
[5.447s] -- Up-to-date: /home/user/celluleflexible_en_cours_ROS2/celluleflexible/ros_ws/install/commande_locale/share/commande_locale/srv/SrvFinInit.idl
[5.447s] -- Up-to-date: /home/user/celluleflexible_en_cours_ROS2/celluleflexible/ros_ws/install/commande_locale/share/commande_locale/srv/SrvAddProductPushBack.idl
[5.447s] -- Up-to-date: /home/user/celluleflexible_en_cours_ROS2/celluleflexible/ros_ws/install/commande_locale/share/commande_locale/msg/MsgAddProduct.idl
[5.447s] -- Up-to-date: /home/user/celluleflexible_en_cours_ROS2/celluleflexible/ros_ws/install/commande_locale/share/commande_locale/msg/MsgStopControl.idl
[5.447s] -- Up-to-date: /home/user/celluleflexible_en_cours_ROS2/celluleflexible/ros_ws/install/commande_locale/share/commande_locale/msg/MsgColor.idl
[5.447s] -- Up-to-date: /home/user/celluleflexible_en_cours_ROS2/celluleflexible/ros_ws/install/commande_locale/share/commande_locale/msg/MsgSwitchControl.idl
[5.447s] -- Up-to-date: /home/user/celluleflexible_en_cours_ROS2/celluleflexible/ros_ws/install/commande_locale/share/commande_locale/msg/MsgPinControl.idl
[5.447s] -- Up-to-date: /home/user/celluleflexible_en_cours_ROS2/celluleflexible/ros_ws/install/commande_locale/share/commande_locale/msg/MsgErreur.idl
[5.447s] -- Up-to-date: /home/user/celluleflexible_en_cours_ROS2/celluleflexible/ros_ws/install/commande_locale/share/commande_locale/msg/RobotJoints.idl
[5.447s] -- Up-to-date: /home/user/celluleflexible_en_cours_ROS2/celluleflexible/ros_ws/install/commande_locale/share/commande_locale/msg/TacheFinieMsg.idl
[5.447s] -- Up-to-date: /home/user/celluleflexible_en_cours_ROS2/celluleflexible/ros_ws/install/commande_locale/share/commande_locale/msg/DeplacerPieceMsg.idl
[5.447s] -- Up-to-date: /home/user/celluleflexible_en_cours_ROS2/celluleflexible/ros_ws/install/commande_locale/share/commande_locale/msg/Actionneurs.idl
[5.447s] -- Up-to-date: /home/user/celluleflexible_en_cours_ROS2/celluleflexible/ros_ws/install/commande_locale/share/commande_locale/msg/Capteurs.idl
[5.447s] -- Up-to-date: /home/user/celluleflexible_en_cours_ROS2/celluleflexible/ros_ws/install/commande_locale/share/commande_locale/msg/MsgChoixMode.idl
[5.448s] -- Up-to-date: /home/user/celluleflexible_en_cours_ROS2/celluleflexible/ros_ws/install/commande_locale/share/commande_locale/srv/SrvAddProduct.srv
[5.448s] -- Up-to-date: /home/user/celluleflexible_en_cours_ROS2/celluleflexible/ros_ws/install/commande_locale/share/commande_locale/srv/SrvFinInit.srv
[5.448s] -- Up-to-date: /home/user/celluleflexible_en_cours_ROS2/celluleflexible/ros_ws/install/commande_locale/share/commande_locale/srv/SrvAddProductPushBack.srv
[5.448s] -- Up-to-date: /home/user/celluleflexible_en_cours_ROS2/celluleflexible/ros_ws/install/commande_locale/share/commande_locale/msg/MsgAddProduct.msg
[5.448s] -- Up-to-date: /home/user/celluleflexible_en_cours_ROS2/celluleflexible/ros_ws/install/commande_locale/share/commande_locale/msg/MsgStopControl.msg
[5.448s] -- Up-to-date: /home/user/celluleflexible_en_cours_ROS2/celluleflexible/ros_ws/install/commande_locale/share/commande_locale/msg/MsgColor.msg
[5.448s] -- Up-to-date: /home/user/celluleflexible_en_cours_ROS2/celluleflexible/ros_ws/install/commande_locale/share/commande_locale/msg/MsgSwitchControl.msg
[5.448s] -- Up-to-date: /home/user/celluleflexible_en_cours_ROS2/celluleflexible/ros_ws/install/commande_locale/share/commande_locale/msg/MsgPinControl.msg
[5.448s] -- Up-to-date: /home/user/celluleflexible_en_cours_ROS2/celluleflexible/ros_ws/install/commande_locale/share/commande_locale/msg/MsgErreur.msg
[5.448s] -- Up-to-date: /home/user/celluleflexible_en_cours_ROS2/celluleflexible/ros_ws/install/commande_locale/share/commande_locale/msg/RobotJoints.msg
[5.448s] -- Up-to-date: /home/user/celluleflexible_en_cours_ROS2/celluleflexible/ros_ws/install/commande_locale/share/commande_locale/msg/TacheFinieMsg.msg
[5.448s] -- Up-to-date: /home/user/celluleflexible_en_cours_ROS2/celluleflexible/ros_ws/install/commande_locale/share/commande_locale/msg/DeplacerPieceMsg.msg
[5.448s] -- Up-to-date: /home/user/celluleflexible_en_cours_ROS2/celluleflexible/ros_ws/install/commande_locale/share/commande_locale/msg/Actionneurs.msg
[5.448s] -- Up-to-date: /home/user/celluleflexible_en_cours_ROS2/celluleflexible/ros_ws/install/commande_locale/share/commande_locale/msg/Capteurs.msg
[5.448s] -- Up-to-date: /home/user/celluleflexible_en_cours_ROS2/celluleflexible/ros_ws/install/commande_locale/share/commande_locale/msg/MsgChoixMode.msg
[5.448s] -- Installing: /home/user/celluleflexible_en_cours_ROS2/celluleflexible/ros_ws/install/commande_locale/lib/commande_locale/simulation
[5.462s] -- Set non-toolchain portion of runtime path of "/home/user/celluleflexible_en_cours_ROS2/celluleflexible/ros_ws/install/commande_locale/lib/commande_locale/simulation" to ""
[5.462s] -- Installing: /home/user/celluleflexible_en_cours_ROS2/celluleflexible/ros_ws/install/commande_locale/lib/commande_locale/display_node
[5.471s] -- Set non-toolchain portion of runtime path of "/home/user/celluleflexible_en_cours_ROS2/celluleflexible/ros_ws/install/commande_locale/lib/commande_locale/display_node" to ""
[5.471s] -- Installing: /home/user/celluleflexible_en_cours_ROS2/celluleflexible/ros_ws/install/commande_locale/lib/commande_locale/log_manager
[5.471s] -- Set non-toolchain portion of runtime path of "/home/user/celluleflexible_en_cours_ROS2/celluleflexible/ros_ws/install/commande_locale/lib/commande_locale/log_manager" to ""
[5.471s] -- Installing: /home/user/celluleflexible_en_cours_ROS2/celluleflexible/ros_ws/install/commande_locale/share/ament_index/resource_index/package_run_dependencies/commande_locale
[5.471s] -- Installing: /home/user/celluleflexible_en_cours_ROS2/celluleflexible/ros_ws/install/commande_locale/share/ament_index/resource_index/parent_prefix_path/commande_locale
[5.472s] -- Up-to-date: /home/user/celluleflexible_en_cours_ROS2/celluleflexible/ros_ws/install/commande_locale/share/commande_locale/environment/ament_prefix_path.sh
[5.472s] -- Up-to-date: /home/user/celluleflexible_en_cours_ROS2/celluleflexible/ros_ws/install/commande_locale/share/commande_locale/environment/ament_prefix_path.dsv
[5.472s] -- Up-to-date: /home/user/celluleflexible_en_cours_ROS2/celluleflexible/ros_ws/install/commande_locale/share/commande_locale/environment/path.sh
[5.472s] -- Up-to-date: /home/user/celluleflexible_en_cours_ROS2/celluleflexible/ros_ws/install/commande_locale/share/commande_locale/environment/path.dsv
[5.472s] -- Up-to-date: /home/user/celluleflexible_en_cours_ROS2/celluleflexible/ros_ws/install/commande_locale/share/commande_locale/local_setup.bash
[5.472s] -- Up-to-date: /home/user/celluleflexible_en_cours_ROS2/celluleflexible/ros_ws/install/commande_locale/share/commande_locale/local_setup.sh
[5.472s] -- Up-to-date: /home/user/celluleflexible_en_cours_ROS2/celluleflexible/ros_ws/install/commande_locale/share/commande_locale/local_setup.zsh
[5.472s] -- Up-to-date: /home/user/celluleflexible_en_cours_ROS2/celluleflexible/ros_ws/install/commande_locale/share/commande_locale/local_setup.dsv
[5.472s] -- Installing: /home/user/celluleflexible_en_cours_ROS2/celluleflexible/ros_ws/install/commande_locale/share/commande_locale/package.dsv
[5.472s] -- Up-to-date: /home/user/celluleflexible_en_cours_ROS2/celluleflexible/ros_ws/install/commande_locale/share/ament_index/resource_index/packages/commande_locale
[5.472s] -- Up-to-date: /home/user/celluleflexible_en_cours_ROS2/celluleflexible/ros_ws/install/commande_locale/share/commande_locale/cmake/export_commande_locale__rosidl_generator_cExport.cmake
[5.472s] -- Up-to-date: /home/user/celluleflexible_en_cours_ROS2/celluleflexible/ros_ws/install/commande_locale/share/commande_locale/cmake/export_commande_locale__rosidl_generator_cExport-noconfig.cmake
[5.472s] -- Up-to-date: /home/user/celluleflexible_en_cours_ROS2/celluleflexible/ros_ws/install/commande_locale/share/commande_locale/cmake/export_commande_locale__rosidl_typesupport_fastrtps_cExport.cmake
[5.472s] -- Up-to-date: /home/user/celluleflexible_en_cours_ROS2/celluleflexible/ros_ws/install/commande_locale/share/commande_locale/cmake/export_commande_locale__rosidl_typesupport_fastrtps_cExport-noconfig.cmake
[5.472s] -- Up-to-date: /home/user/celluleflexible_en_cours_ROS2/celluleflexible/ros_ws/install/commande_locale/share/commande_locale/cmake/export_commande_locale__rosidl_generator_cppExport.cmake
[5.472s] -- Up-to-date: /home/user/celluleflexible_en_cours_ROS2/celluleflexible/ros_ws/install/commande_locale/share/commande_locale/cmake/export_commande_locale__rosidl_typesupport_fastrtps_cppExport.cmake
[5.472s] -- Up-to-date: /home/user/celluleflexible_en_cours_ROS2/celluleflexible/ros_ws/install/commande_locale/share/commande_locale/cmake/export_commande_locale__rosidl_typesupport_fastrtps_cppExport-noconfig.cmake
[5.472s] -- Up-to-date: /home/user/celluleflexible_en_cours_ROS2/celluleflexible/ros_ws/install/commande_locale/share/commande_locale/cmake/commande_locale__rosidl_typesupport_introspection_cExport.cmake
[5.472s] -- Up-to-date: /home/user/celluleflexible_en_cours_ROS2/celluleflexible/ros_ws/install/commande_locale/share/commande_locale/cmake/commande_locale__rosidl_typesupport_introspection_cExport-noconfig.cmake
[5.472s] -- Up-to-date: /home/user/celluleflexible_en_cours_ROS2/celluleflexible/ros_ws/install/commande_locale/share/commande_locale/cmake/commande_locale__rosidl_typesupport_cExport.cmake
[5.472s] -- Up-to-date: /home/user/celluleflexible_en_cours_ROS2/celluleflexible/ros_ws/install/commande_locale/share/commande_locale/cmake/commande_locale__rosidl_typesupport_cExport-noconfig.cmake
[5.472s] -- Up-to-date: /home/user/celluleflexible_en_cours_ROS2/celluleflexible/ros_ws/install/commande_locale/share/commande_locale/cmake/commande_locale__rosidl_typesupport_introspection_cppExport.cmake
[5.472s] -- Up-to-date: /home/user/celluleflexible_en_cours_ROS2/celluleflexible/ros_ws/install/commande_locale/share/commande_locale/cmake/commande_locale__rosidl_typesupport_introspection_cppExport-noconfig.cmake
[5.472s] -- Up-to-date: /home/user/celluleflexible_en_cours_ROS2/celluleflexible/ros_ws/install/commande_locale/share/commande_locale/cmake/commande_locale__rosidl_typesupport_cppExport.cmake
[5.472s] -- Up-to-date: /home/user/celluleflexible_en_cours_ROS2/celluleflexible/ros_ws/install/commande_locale/share/commande_locale/cmake/commande_locale__rosidl_typesupport_cppExport-noconfig.cmake
[5.472s] -- Up-to-date: /home/user/celluleflexible_en_cours_ROS2/celluleflexible/ros_ws/install/commande_locale/share/commande_locale/cmake/export_commande_locale__rosidl_generator_pyExport.cmake
[5.472s] -- Up-to-date: /home/user/celluleflexible_en_cours_ROS2/celluleflexible/ros_ws/install/commande_locale/share/commande_locale/cmake/export_commande_locale__rosidl_generator_pyExport-noconfig.cmake
[5.473s] -- Up-to-date: /home/user/celluleflexible_en_cours_ROS2/celluleflexible/ros_ws/install/commande_locale/share/commande_locale/cmake/rosidl_cmake-extras.cmake
[5.473s] -- Up-to-date: /home/user/celluleflexible_en_cours_ROS2/celluleflexible/ros_ws/install/commande_locale/share/commande_locale/cmake/ament_cmake_export_dependencies-extras.cmake
[5.473s] -- Up-to-date: /home/user/celluleflexible_en_cours_ROS2/celluleflexible/ros_ws/install/commande_locale/share/commande_locale/cmake/ament_cmake_export_include_directories-extras.cmake
[5.473s] -- Up-to-date: /home/user/celluleflexible_en_cours_ROS2/celluleflexible/ros_ws/install/commande_locale/share/commande_locale/cmake/ament_cmake_export_libraries-extras.cmake
[5.473s] -- Up-to-date: /home/user/celluleflexible_en_cours_ROS2/celluleflexible/ros_ws/install/commande_locale/share/commande_locale/cmake/ament_cmake_export_targets-extras.cmake
[5.473s] -- Up-to-date: /home/user/celluleflexible_en_cours_ROS2/celluleflexible/ros_ws/install/commande_locale/share/commande_locale/cmake/rosidl_cmake_export_typesupport_targets-extras.cmake
[5.473s] -- Up-to-date: /home/user/celluleflexible_en_cours_ROS2/celluleflexible/ros_ws/install/commande_locale/share/commande_locale/cmake/rosidl_cmake_export_typesupport_libraries-extras.cmake
[5.473s] -- Up-to-date: /home/user/celluleflexible_en_cours_ROS2/celluleflexible/ros_ws/install/commande_locale/share/commande_locale/cmake/commande_localeConfig.cmake
[5.473s] -- Up-to-date: /home/user/celluleflexible_en_cours_ROS2/celluleflexible/ros_ws/install/commande_locale/share/commande_locale/cmake/commande_localeConfig-version.cmake
[5.473s] -- Installing: /home/user/celluleflexible_en_cours_ROS2/celluleflexible/ros_ws/install/commande_locale/share/commande_locale/package.xml
[5.475s] Invoked command in '/home/user/celluleflexible_en_cours_ROS2/celluleflexible/ros_ws/build/commande_locale' returned '0': CMAKE_PREFIX_PATH=/home/user/celluleflexible_en_cours_ROS2/celluleflexible/ros_ws/install/shuttles:/home/user/celluleflexible_en_cours_ROS2/celluleflexible/ros_ws/install/aiguillages:/home/user/celluleflexible_en_cours_ROS2/celluleflexible/ros_ws/install/commande:/home/user/celluleflexible_en_cours_ROS2/celluleflexible/ros_ws/install/robots:/home/user/celluleflexible_en_cours_ROS2/celluleflexible/ros_ws/install/launcher:/home/user/celluleflexible_en_cours_ROS2/celluleflexible/ros_ws/install/commande_locale:/opt/ros/jazzy/opt/gz_math_vendor:/opt/ros/jazzy/opt/gz_utils_vendor:/opt/ros/jazzy/opt/gz_cmake_vendor:/opt/ros/jazzy DEBUGINFOD_URLS=https://debuginfod.ubuntu.com LD_LIBRARY_PATH=/home/user/celluleflexible_en_cours_ROS2/celluleflexible/ros_ws/install/shuttles/lib:/home/user/celluleflexible_en_cours_ROS2/celluleflexible/ros_ws/install/aiguillages/lib:/home/user/celluleflexible_en_cours_ROS2/celluleflexible/ros_ws/install/robots/lib:/home/user/celluleflexible_en_cours_ROS2/celluleflexible/ros_ws/install/commande_locale/lib:/opt/ros/jazzy/opt/rviz_ogre_vendor/lib:/opt/ros/jazzy/lib/x86_64-linux-gnu:/opt/ros/jazzy/opt/gz_math_vendor/lib:/opt/ros/jazzy/opt/gz_utils_vendor/lib:/opt/ros/jazzy/opt/gz_cmake_vendor/lib:/opt/ros/jazzy/lib PYTHONPATH=/home/user/celluleflexible_en_cours_ROS2/celluleflexible/ros_ws/install/shuttles/lib/python3.12/site-packages:/home/user/celluleflexible_en_cours_ROS2/celluleflexible/ros_ws/install/aiguillages/lib/python3.12/site-packages:/home/user/celluleflexible_en_cours_ROS2/celluleflexible/ros_ws/install/robots/lib/python3.12/site-packages:/home/user/celluleflexible_en_cours_ROS2/celluleflexible/ros_ws/install/commande_locale/lib/python3.12/site-packages:/opt/ros/jazzy/lib/python3.12/site-packages /usr/bin/cmake --install /home/user/celluleflexible_en_cours_ROS2/celluleflexible/ros_ws/build/commande_locale
