[0.024s] Invoking command in '/home/user/celluleflexible_en_cours_ROS2/ros_ws/build/robots': CMAKE_PREFIX_PATH=/home/user/celluleflexible_en_cours_ROS2/ros_ws/install/shuttles:/home/user/celluleflexible_en_cours_ROS2/ros_ws/install/commande_locale:/home/user/celluleflexible_en_cours_ROS2/ros_ws/install/aiguillages:/home/user/celluleflexible_en_cours_ROS2/ros_ws/install/robots:/opt/ros/jazzy/opt/gz_math_vendor:/opt/ros/jazzy/opt/gz_utils_vendor:/opt/ros/jazzy/opt/gz_cmake_vendor:/opt/ros/jazzy DEBUGINFOD_URLS=https://debuginfod.ubuntu.com LD_LIBRARY_PATH=/home/user/celluleflexible_en_cours_ROS2/ros_ws/install/shuttles/lib:/home/user/celluleflexible_en_cours_ROS2/ros_ws/install/commande_locale/lib:/home/user/celluleflexible_en_cours_ROS2/ros_ws/install/aiguillages/lib:/home/user/celluleflexible_en_cours_ROS2/ros_ws/install/robots/lib:/opt/ros/jazzy/opt/rviz_ogre_vendor/lib:/opt/ros/jazzy/lib/x86_64-linux-gnu:/opt/ros/jazzy/opt/gz_math_vendor/lib:/opt/ros/jazzy/opt/gz_utils_vendor/lib:/opt/ros/jazzy/opt/gz_cmake_vendor/lib:/opt/ros/jazzy/lib PYTHONPATH=/home/user/celluleflexible_en_cours_ROS2/ros_ws/install/shuttles/lib/python3.12/site-packages:/home/user/celluleflexible_en_cours_ROS2/ros_ws/install/commande_locale/lib/python3.12/site-packages:/home/user/celluleflexible_en_cours_ROS2/ros_ws/install/aiguillages/lib/python3.12/site-packages:/home/user/celluleflexible_en_cours_ROS2/ros_ws/install/robots/lib/python3.12/site-packages:/opt/ros/jazzy/lib/python3.12/site-packages /usr/bin/cmake --build /home/user/celluleflexible_en_cours_ROS2/ros_ws/build/robots -- -j8 -l8
[0.075s] [  1%] Built target robots__rosidl_generator_type_description
[0.084s] [  1%] Built target ament_cmake_python_copy_robots
[0.104s] [  3%] Built target robots__cpp
[0.105s] [ 22%] Built target robots__rosidl_generator_c
[0.131s] [ 48%] Built target robots__rosidl_typesupport_introspection_cpp
[0.131s] [ 48%] Built target robots__rosidl_typesupport_c
[0.131s] [ 48%] Built target robots__rosidl_typesupport_fastrtps_c
[0.132s] [ 56%] Built target robots__rosidl_typesupport_fastrtps_cpp
[0.132s] [ 65%] Built target robots__rosidl_typesupport_cpp
[0.132s] [ 74%] Built target robots__rosidl_typesupport_introspection_c
[0.153s] [ 74%] Built target robots
[0.176s] [ 75%] Built target robots__py
[0.187s] [ 77%] [32mBuilding CXX object CMakeFiles/robot.dir/src/Robot.cpp.o[0m
[0.200s] [ 84%] Built target robots__rosidl_generator_py
[0.227s] [ 87%] Built target robots_s__rosidl_typesupport_c
[0.227s] [ 91%] Built target robots_s__rosidl_typesupport_introspection_c
[0.227s] [ 94%] Built target robots_s__rosidl_typesupport_fastrtps_c
[0.243s] running egg_info
[0.253s] writing robots.egg-info/PKG-INFO
[0.253s] writing dependency_links to robots.egg-info/dependency_links.txt
[0.254s] writing top-level names to robots.egg-info/top_level.txt
[0.280s] reading manifest file 'robots.egg-info/SOURCES.txt'
[0.281s] writing manifest file 'robots.egg-info/SOURCES.txt'
[0.303s] [ 94%] Built target ament_cmake_python_build_robots_egg
[1.589s] [01m[K/home/user/celluleflexible_en_cours_ROS2/ros_ws/src/robots/src/Robot.cpp:[m[K In member function ‘[01m[Kvoid Robot::[01;32m[Kinit[m[K(rclcpp::Node::SharedPtr)[m[K’:
[1.591s] [01m[K/home/user/celluleflexible_en_cours_ROS2/ros_ws/src/robots/src/Robot.cpp:1278:259:[m[K [01;31m[Kerror: [m[Kno match for ‘[01m[Koperator=[m[K’ (operand types are ‘[01m[Krclcpp::Subscription<std::shared_ptr<sensor_msgs::msg::JointState_<std::allocator<void> > > >::SharedPtr[m[K’ {aka ‘[01m[Kstd::shared_ptr<rclcpp::Subscription<std::shared_ptr<sensor_msgs::msg::JointState_<std::allocator<void> > > > >[m[K’} and ‘[01m[Kstd::shared_ptr<rclcpp::Subscription<sensor_msgs::msg::JointState_<std::allocator<void> >, std::allocator<void>, sensor_msgs::msg::JointState_<std::allocator<void> >, sensor_msgs::msg::JointState_<std::allocator<void> >, rclcpp::message_memory_strategy::MessageMemoryStrategy<sensor_msgs::msg::JointState_<std::allocator<void> >, std::allocator<void> > > >[m[K’)
[1.591s]  1278 |         subSim_getJointState = node_->create_subscription<sensor_msgs::msg::JointState>("/sim_ros_interface/services/response/robot" + std::to_string(num_robot) + "/GetJointState", 100, std::bind(&Robot::simGetJointStateCallback, this, std::placeholders::_1)[01;31m[K)[m[K;
[1.591s]       |                                                                                                                                                                                                                                                                   [01;31m[K^[m[K
[1.591s] In file included from [01m[K/usr/include/c++/13/memory:80[m[K,
[1.591s]                  from [01m[K/opt/ros/jazzy/include/rclcpp/rclcpp/rclcpp.hpp:169[m[K,
[1.591s]                  from [01m[K/home/user/celluleflexible_en_cours_ROS2/ros_ws/src/robots/src/Robot.h:4[m[K,
[1.591s]                  from [01m[K/home/user/celluleflexible_en_cours_ROS2/ros_ws/src/robots/src/Robot.cpp:2[m[K:
[1.591s] [01m[K/usr/include/c++/13/bits/shared_ptr.h:418:9:[m[K [01;36m[Knote: [m[Kcandidate: ‘[01m[Ktemplate<class _Yp> std::shared_ptr<_Tp>::_Assignable<const std::shared_ptr<_Yp>&> std::shared_ptr<_Tp>::[01;32m[Koperator=[m[K(const std::shared_ptr<_Yp>&) [35m[K[with _Tp = rclcpp::Subscription<std::shared_ptr<sensor_msgs::msg::JointState_<std::allocator<void> > > >][m[K[m[K’
[1.591s]   418 |         [01;36m[Koperator[m[K=(const shared_ptr<_Yp>& __r) noexcept
[1.591s]       |         [01;36m[K^~~~~~~~[m[K
[1.591s] [01m[K/usr/include/c++/13/bits/shared_ptr.h:418:9:[m[K [01;36m[Knote: [m[K  template argument deduction/substitution failed:
[1.591s] /usr/include/c++/13/bits/shared_ptr.h: In substitution of ‘[01m[Ktemplate<class _Tp> template<class _Arg> using std::shared_ptr<_Tp>::_Assignable = typename std::enable_if<std::is_assignable<std::__shared_ptr<_Tp>&, _Arg>::value, std::shared_ptr<_Tp>&>::type [35m[K[with _Arg = const std::shared_ptr<rclcpp::Subscription<sensor_msgs::msg::JointState_<std::allocator<void> >, std::allocator<void>, sensor_msgs::msg::JointState_<std::allocator<void> >, sensor_msgs::msg::JointState_<std::allocator<void> >, rclcpp::message_memory_strategy::MessageMemoryStrategy<sensor_msgs::msg::JointState_<std::allocator<void> >, std::allocator<void> > > >&; _Tp = rclcpp::Subscription<std::shared_ptr<sensor_msgs::msg::JointState_<std::allocator<void> > > >][m[K[m[K’:
[1.591s] [01m[K/usr/include/c++/13/bits/shared_ptr.h:418:2:[m[K   required by substitution of ‘[01m[Ktemplate<class _Yp> std::shared_ptr<rclcpp::Subscription<std::shared_ptr<sensor_msgs::msg::JointState_<std::allocator<void> > > > >::_Assignable<const std::shared_ptr<_Tp>&> std::shared_ptr<rclcpp::Subscription<std::shared_ptr<sensor_msgs::msg::JointState_<std::allocator<void> > > > >::[01;32m[Koperator=[m[K(const std::shared_ptr<_Tp>&) [35m[K[with _Yp = rclcpp::Subscription<sensor_msgs::msg::JointState_<std::allocator<void> >, std::allocator<void>, sensor_msgs::msg::JointState_<std::allocator<void> >, sensor_msgs::msg::JointState_<std::allocator<void> >, rclcpp::message_memory_strategy::MessageMemoryStrategy<sensor_msgs::msg::JointState_<std::allocator<void> >, std::allocator<void> > >][m[K[m[K’
[1.591s] [01m[K/home/user/celluleflexible_en_cours_ROS2/ros_ws/src/robots/src/Robot.cpp:1278:252:[m[K   required from here
[1.591s] [01m[K/usr/include/c++/13/bits/shared_ptr.h:183:15:[m[K [01;31m[Kerror: [m[Kno type named ‘[01m[Ktype[m[K’ in ‘[01m[Kstruct std::enable_if<false, std::shared_ptr<rclcpp::Subscription<std::shared_ptr<sensor_msgs::msg::JointState_<std::allocator<void> > > > >&>[m[K’
[1.591s]   183 |         using [01;31m[K_Assignable[m[K = typename enable_if<
[1.591s]       |               [01;31m[K^~~~~~~~~~~[m[K
[1.591s] [01m[K/usr/include/c++/13/bits/shared_ptr.h:429:9:[m[K [01;36m[Knote: [m[Kcandidate: ‘[01m[Ktemplate<class _Yp> std::shared_ptr<_Tp>::_Assignable<std::auto_ptr<_Up> > std::shared_ptr<_Tp>::[01;32m[Koperator=[m[K(std::auto_ptr<_Up>&&) [35m[K[with _Tp = rclcpp::Subscription<std::shared_ptr<sensor_msgs::msg::JointState_<std::allocator<void> > > >][m[K[m[K’
[1.591s]   429 |         [01;36m[Koperator[m[K=(auto_ptr<_Yp>&& __r)
[1.592s]       |         [01;36m[K^~~~~~~~[m[K
[1.592s] [01m[K/usr/include/c++/13/bits/shared_ptr.h:429:9:[m[K [01;36m[Knote: [m[K  template argument deduction/substitution failed:
[1.592s] [01m[K/home/user/celluleflexible_en_cours_ROS2/ros_ws/src/robots/src/Robot.cpp:1278:259:[m[K [01;36m[Knote: [m[K  ‘[01m[Kstd::shared_ptr<rclcpp::Subscription<sensor_msgs::msg::JointState_<std::allocator<void> >, std::allocator<void>, sensor_msgs::msg::JointState_<std::allocator<void> >, sensor_msgs::msg::JointState_<std::allocator<void> >, rclcpp::message_memory_strategy::MessageMemoryStrategy<sensor_msgs::msg::JointState_<std::allocator<void> >, std::allocator<void> > > >[m[K’ is not derived from ‘[01m[Kstd::auto_ptr<_Up>[m[K’
[1.592s]  1278 |         subSim_getJointState = node_->create_subscription<sensor_msgs::msg::JointState>("/sim_ros_interface/services/response/robot" + std::to_string(num_robot) + "/GetJointState", 100, std::bind(&Robot::simGetJointStateCallback, this, std::placeholders::_1)[01;36m[K)[m[K;
[1.592s]       |                                                                                                                                                                                                                                                                   [01;36m[K^[m[K
[1.592s] [01m[K/usr/include/c++/13/bits/shared_ptr.h:446:9:[m[K [01;36m[Knote: [m[Kcandidate: ‘[01m[Ktemplate<class _Yp> std::shared_ptr<_Tp>::_Assignable<std::shared_ptr<_Yp> > std::shared_ptr<_Tp>::[01;32m[Koperator=[m[K(std::shared_ptr<_Yp>&&) [35m[K[with _Tp = rclcpp::Subscription<std::shared_ptr<sensor_msgs::msg::JointState_<std::allocator<void> > > >][m[K[m[K’
[1.592s]   446 |         [01;36m[Koperator[m[K=(shared_ptr<_Yp>&& __r) noexcept
[1.592s]       |         [01;36m[K^~~~~~~~[m[K
[1.592s] [01m[K/usr/include/c++/13/bits/shared_ptr.h:446:9:[m[K [01;36m[Knote: [m[K  template argument deduction/substitution failed:
[1.592s] /usr/include/c++/13/bits/shared_ptr.h: In substitution of ‘[01m[Ktemplate<class _Tp> template<class _Arg> using std::shared_ptr<_Tp>::_Assignable = typename std::enable_if<std::is_assignable<std::__shared_ptr<_Tp>&, _Arg>::value, std::shared_ptr<_Tp>&>::type [35m[K[with _Arg = std::shared_ptr<rclcpp::Subscription<sensor_msgs::msg::JointState_<std::allocator<void> >, std::allocator<void>, sensor_msgs::msg::JointState_<std::allocator<void> >, sensor_msgs::msg::JointState_<std::allocator<void> >, rclcpp::message_memory_strategy::MessageMemoryStrategy<sensor_msgs::msg::JointState_<std::allocator<void> >, std::allocator<void> > > >; _Tp = rclcpp::Subscription<std::shared_ptr<sensor_msgs::msg::JointState_<std::allocator<void> > > >][m[K[m[K’:
[1.592s] [01m[K/usr/include/c++/13/bits/shared_ptr.h:446:2:[m[K   required by substitution of ‘[01m[Ktemplate<class _Yp> std::shared_ptr<rclcpp::Subscription<std::shared_ptr<sensor_msgs::msg::JointState_<std::allocator<void> > > > >::_Assignable<std::shared_ptr<_Tp> > std::shared_ptr<rclcpp::Subscription<std::shared_ptr<sensor_msgs::msg::JointState_<std::allocator<void> > > > >::[01;32m[Koperator=[m[K(std::shared_ptr<_Tp>&&) [35m[K[with _Yp = rclcpp::Subscription<sensor_msgs::msg::JointState_<std::allocator<void> >, std::allocator<void>, sensor_msgs::msg::JointState_<std::allocator<void> >, sensor_msgs::msg::JointState_<std::allocator<void> >, rclcpp::message_memory_strategy::MessageMemoryStrategy<sensor_msgs::msg::JointState_<std::allocator<void> >, std::allocator<void> > >][m[K[m[K’
[1.592s] [01m[K/home/user/celluleflexible_en_cours_ROS2/ros_ws/src/robots/src/Robot.cpp:1278:252:[m[K   required from here
[1.592s] [01m[K/usr/include/c++/13/bits/shared_ptr.h:183:15:[m[K [01;31m[Kerror: [m[Kno type named ‘[01m[Ktype[m[K’ in ‘[01m[Kstruct std::enable_if<false, std::shared_ptr<rclcpp::Subscription<std::shared_ptr<sensor_msgs::msg::JointState_<std::allocator<void> > > > >&>[m[K’
[1.592s]   183 |         using [01;31m[K_Assignable[m[K = typename enable_if<
[1.592s]       |               [01;31m[K^~~~~~~~~~~[m[K
[1.592s] [01m[K/usr/include/c++/13/bits/shared_ptr.h:454:9:[m[K [01;36m[Knote: [m[Kcandidate: ‘[01m[Ktemplate<class _Yp, class _Del> std::shared_ptr<_Tp>::_Assignable<std::unique_ptr<_Up, _Ep> > std::shared_ptr<_Tp>::[01;32m[Koperator=[m[K(std::unique_ptr<_Up, _Ep>&&) [35m[K[with _Del = _Yp; _Tp = rclcpp::Subscription<std::shared_ptr<sensor_msgs::msg::JointState_<std::allocator<void> > > >][m[K[m[K’
[1.592s]   454 |         [01;36m[Koperator[m[K=(unique_ptr<_Yp, _Del>&& __r)
[1.592s]       |         [01;36m[K^~~~~~~~[m[K
[1.592s] [01m[K/usr/include/c++/13/bits/shared_ptr.h:454:9:[m[K [01;36m[Knote: [m[K  template argument deduction/substitution failed:
[1.592s] [01m[K/home/user/celluleflexible_en_cours_ROS2/ros_ws/src/robots/src/Robot.cpp:1278:259:[m[K [01;36m[Knote: [m[K  ‘[01m[Kstd::shared_ptr<rclcpp::Subscription<sensor_msgs::msg::JointState_<std::allocator<void> >, std::allocator<void>, sensor_msgs::msg::JointState_<std::allocator<void> >, sensor_msgs::msg::JointState_<std::allocator<void> >, rclcpp::message_memory_strategy::MessageMemoryStrategy<sensor_msgs::msg::JointState_<std::allocator<void> >, std::allocator<void> > > >[m[K’ is not derived from ‘[01m[Kstd::unique_ptr<_Tp, _Dp>[m[K’
[1.592s]  1278 |         subSim_getJointState = node_->create_subscription<sensor_msgs::msg::JointState>("/sim_ros_interface/services/response/robot" + std::to_string(num_robot) + "/GetJointState", 100, std::bind(&Robot::simGetJointStateCallback, this, std::placeholders::_1)[01;36m[K)[m[K;
[1.592s]       |                                                                                                                                                                                                                                                                   [01;36m[K^[m[K
[1.592s] [01m[K/usr/include/c++/13/bits/shared_ptr.h:414:19:[m[K [01;36m[Knote: [m[Kcandidate: ‘[01m[Kstd::shared_ptr<_Tp>& std::shared_ptr<_Tp>::[01;32m[Koperator=[m[K(const std::shared_ptr<_Tp>&) [35m[K[with _Tp = rclcpp::Subscription<std::shared_ptr<sensor_msgs::msg::JointState_<std::allocator<void> > > >][m[K[m[K’
[1.592s]   414 |       shared_ptr& [01;36m[Koperator[m[K=(const shared_ptr&) noexcept = default;
[1.593s]       |                   [01;36m[K^~~~~~~~[m[K
[1.593s] [01m[K/usr/include/c++/13/bits/shared_ptr.h:414:29:[m[K [01;36m[Knote: [m[K  no known conversion for argument 1 from ‘[01m[Kstd::shared_ptr<rclcpp::Subscription<sensor_msgs::msg::JointState_<std::allocator<void> >, std::allocator<void>, sensor_msgs::msg::JointState_<std::allocator<void> >, sensor_msgs::msg::JointState_<std::allocator<void> >, rclcpp::message_memory_strategy::MessageMemoryStrategy<sensor_msgs::msg::JointState_<std::allocator<void> >, std::allocator<void> > > >[m[K’ to ‘[01m[Kconst std::shared_ptr<rclcpp::Subscription<std::shared_ptr<sensor_msgs::msg::JointState_<std::allocator<void> > > > >&[m[K’
[1.593s]   414 |       shared_ptr& operator=([01;36m[Kconst shared_ptr&[m[K) noexcept = default;
[1.593s]       |                             [01;36m[K^~~~~~~~~~~~~~~~~[m[K
[1.593s] [01m[K/usr/include/c++/13/bits/shared_ptr.h:438:7:[m[K [01;36m[Knote: [m[Kcandidate: ‘[01m[Kstd::shared_ptr<_Tp>& std::shared_ptr<_Tp>::[01;32m[Koperator=[m[K(std::shared_ptr<_Tp>&&) [35m[K[with _Tp = rclcpp::Subscription<std::shared_ptr<sensor_msgs::msg::JointState_<std::allocator<void> > > >][m[K[m[K’
[1.593s]   438 |       [01;36m[Koperator[m[K=(shared_ptr&& __r) noexcept
[1.593s]       |       [01;36m[K^~~~~~~~[m[K
[1.593s] [01m[K/usr/include/c++/13/bits/shared_ptr.h:438:30:[m[K [01;36m[Knote: [m[K  no known conversion for argument 1 from ‘[01m[Kstd::shared_ptr<rclcpp::Subscription<sensor_msgs::msg::JointState_<std::allocator<void> >, std::allocator<void>, sensor_msgs::msg::JointState_<std::allocator<void> >, sensor_msgs::msg::JointState_<std::allocator<void> >, rclcpp::message_memory_strategy::MessageMemoryStrategy<sensor_msgs::msg::JointState_<std::allocator<void> >, std::allocator<void> > > >[m[K’ to ‘[01m[Kstd::shared_ptr<rclcpp::Subscription<std::shared_ptr<sensor_msgs::msg::JointState_<std::allocator<void> > > > >&&[m[K’
[1.593s]   438 |       operator=([01;36m[Kshared_ptr&& __r[m[K) noexcept
[1.593s]       |                 [01;36m[K~~~~~~~~~~~~~^~~[m[K
[7.197s] gmake[2]: *** [CMakeFiles/robot.dir/build.make:90: CMakeFiles/robot.dir/src/Robot.cpp.o] Error 1
[7.198s] gmake[1]: *** [CMakeFiles/Makefile2:626: CMakeFiles/robot.dir/all] Error 2
[7.199s] gmake: *** [Makefile:146: all] Error 2
[7.209s] Invoked command in '/home/user/celluleflexible_en_cours_ROS2/ros_ws/build/robots' returned '2': CMAKE_PREFIX_PATH=/home/user/celluleflexible_en_cours_ROS2/ros_ws/install/shuttles:/home/user/celluleflexible_en_cours_ROS2/ros_ws/install/commande_locale:/home/user/celluleflexible_en_cours_ROS2/ros_ws/install/aiguillages:/home/user/celluleflexible_en_cours_ROS2/ros_ws/install/robots:/opt/ros/jazzy/opt/gz_math_vendor:/opt/ros/jazzy/opt/gz_utils_vendor:/opt/ros/jazzy/opt/gz_cmake_vendor:/opt/ros/jazzy DEBUGINFOD_URLS=https://debuginfod.ubuntu.com LD_LIBRARY_PATH=/home/user/celluleflexible_en_cours_ROS2/ros_ws/install/shuttles/lib:/home/user/celluleflexible_en_cours_ROS2/ros_ws/install/commande_locale/lib:/home/user/celluleflexible_en_cours_ROS2/ros_ws/install/aiguillages/lib:/home/user/celluleflexible_en_cours_ROS2/ros_ws/install/robots/lib:/opt/ros/jazzy/opt/rviz_ogre_vendor/lib:/opt/ros/jazzy/lib/x86_64-linux-gnu:/opt/ros/jazzy/opt/gz_math_vendor/lib:/opt/ros/jazzy/opt/gz_utils_vendor/lib:/opt/ros/jazzy/opt/gz_cmake_vendor/lib:/opt/ros/jazzy/lib PYTHONPATH=/home/user/celluleflexible_en_cours_ROS2/ros_ws/install/shuttles/lib/python3.12/site-packages:/home/user/celluleflexible_en_cours_ROS2/ros_ws/install/commande_locale/lib/python3.12/site-packages:/home/user/celluleflexible_en_cours_ROS2/ros_ws/install/aiguillages/lib/python3.12/site-packages:/home/user/celluleflexible_en_cours_ROS2/ros_ws/install/robots/lib/python3.12/site-packages:/opt/ros/jazzy/lib/python3.12/site-packages /usr/bin/cmake --build /home/user/celluleflexible_en_cours_ROS2/ros_ws/build/robots -- -j8 -l8
