[0.123s] Invoking command in '/home/user/Desktop/New_2/CoppeliaSim/build/sim_ros2_interface': CMAKE_PREFIX_PATH=${CMAKE_PREFIX_PATH}:/opt/ros/jazzy DEBUGINFOD_URLS=https://debuginfod.ubuntu.com /usr/bin/cmake /home/user/Desktop/New_2/CoppeliaSim/programming/ros2_packages/sim_ros2_interface -DCMAKE_INSTALL_PREFIX=/home/user/Desktop/New_2/CoppeliaSim/install/sim_ros2_interface
[0.368s] -- The C compiler identification is GNU 13.3.0
[0.507s] -- The CXX compiler identification is GNU 13.3.0
[0.568s] -- Detecting C compiler ABI info
[0.944s] -- Detecting C compiler ABI info - done
[0.944s] -- Check for working C compiler: /usr/bin/cc - skipped
[0.944s] -- Detecting C compile features
[0.946s] -- Detecting C compile features - done
[0.999s] -- Detecting CXX compiler ABI info
[1.302s] -- Detecting CXX compiler ABI info - done
[1.314s] -- Check for working CXX compiler: /usr/bin/c++ - skipped
[1.337s] -- Detecting CXX compile features
[1.339s] -- Detecting CXX compile features - done
[1.359s] -- Found ament_cmake: 2.5.5 (/opt/ros/jazzy/share/ament_cmake/cmake)
[1.615s] -- Found Python3: /usr/bin/python3 (found version "3.12.3") found components: Interpreter 
[1.789s] -- Found ament_cmake_ros: 0.12.0 (/opt/ros/jazzy/share/ament_cmake_ros/cmake)
[1.826s] -- Found diagnostic_msgs: 5.3.6 (/opt/ros/jazzy/share/diagnostic_msgs/cmake)
[1.876s] -- Found rosidl_generator_c: 4.6.7 (/opt/ros/jazzy/share/rosidl_generator_c/cmake)
[1.910s] -- Found rosidl_generator_cpp: 4.6.7 (/opt/ros/jazzy/share/rosidl_generator_cpp/cmake)
[1.937s] -- Using all available rosidl_typesupport_c: rosidl_typesupport_fastrtps_c;rosidl_typesupport_introspection_c
[1.960s] -- Using all available rosidl_typesupport_cpp: rosidl_typesupport_fastrtps_cpp;rosidl_typesupport_introspection_cpp
[2.119s] -- Found geometry_msgs: 5.3.6 (/opt/ros/jazzy/share/geometry_msgs/cmake)
[2.188s] -- Found lifecycle_msgs: 2.0.3 (/opt/ros/jazzy/share/lifecycle_msgs/cmake)
[2.272s] -- Found map_msgs: 2.4.1 (/opt/ros/jazzy/share/map_msgs/cmake)
[2.588s] -- Found pendulum_msgs: 0.33.9 (/opt/ros/jazzy/share/pendulum_msgs/cmake)
[2.654s] -- Found rosgraph_msgs: 2.0.3 (/opt/ros/jazzy/share/rosgraph_msgs/cmake)
[2.681s] -- Found shape_msgs: 5.3.6 (/opt/ros/jazzy/share/shape_msgs/cmake)
[2.758s] -- Found stereo_msgs: 5.3.6 (/opt/ros/jazzy/share/stereo_msgs/cmake)
[2.864s] -- Found tf2_geometry_msgs: 0.36.19 (/opt/ros/jazzy/share/tf2_geometry_msgs/cmake)
[2.923s] -- Found eigen3_cmake_module: 0.3.0 (/opt/ros/jazzy/share/eigen3_cmake_module/cmake)
[2.932s] -- Found Eigen3: TRUE (found version "3.4.0") 
[2.932s] -- Ensuring Eigen3 include directory is part of orocos-kdl CMake target
[3.206s] -- Found rmw_implementation_cmake: 7.3.3 (/opt/ros/jazzy/share/rmw_implementation_cmake/cmake)
[3.211s] -- Found rmw_fastrtps_cpp: 8.4.3 (/opt/ros/jazzy/share/rmw_fastrtps_cpp/cmake)
[3.380s] -- Found OpenSSL: /usr/lib/x86_64-linux-gnu/libcrypto.so (found version "3.0.13")  
[3.404s] -- Found FastRTPS: /opt/ros/jazzy/include (Required is at least version "2.13") 
[3.440s] -- Using RMW implementation 'rmw_fastrtps_cpp' as default
[3.790s] -- Found trajectory_msgs: 5.3.6 (/opt/ros/jazzy/share/trajectory_msgs/cmake)
[3.864s] -- Found visualization_msgs: 5.3.6 (/opt/ros/jazzy/share/visualization_msgs/cmake)
[3.942s] -- Found std_srvs: 5.3.6 (/opt/ros/jazzy/share/std_srvs/cmake)
[4.018s] -- Found example_interfaces: 0.12.0 (/opt/ros/jazzy/share/example_interfaces/cmake)
[4.074s] -- Found image_transport: 5.1.7 (/opt/ros/jazzy/share/image_transport/cmake)
[4.099s] [31mCMake Error at CMakeLists.txt:56 (message):
[4.100s]   Environment variable COPPELIASIM_ROOT_DIR is not set
[4.100s] 
[4.100s] [0m
[4.102s] -- Configuring incomplete, errors occurred!
