[0.033s] Invoking command in '/home/user/Desktop/New_ter/CoppeliaSim/build/sim_ros2_interface': CMAKE_PREFIX_PATH=${CMAKE_PREFIX_PATH}:/opt/ros/jazzy DEBUGINFOD_URLS=https://debuginfod.ubuntu.com /usr/bin/cmake /home/user/Desktop/New_ter/CoppeliaSim/programming/ros2_packages/sim_ros2_interface -DAMENT_CMAKE_SYMLINK_INSTALL=1 -DCMAKE_INSTALL_PREFIX=/home/user/Desktop/New_ter/CoppeliaSim/install/sim_ros2_interface
[0.060s] -- Found ament_cmake: 2.5.5 (/opt/ros/jazzy/share/ament_cmake/cmake)
[0.362s] -- Override CMake install command with custom implementation using symlinks instead of copying resources
[0.378s] -- Found ament_cmake_ros: 0.12.0 (/opt/ros/jazzy/share/ament_cmake_ros/cmake)
[0.382s] -- Found diagnostic_msgs: 5.3.6 (/opt/ros/jazzy/share/diagnostic_msgs/cmake)
[0.415s] -- Found rosidl_generator_c: 4.6.7 (/opt/ros/jazzy/share/rosidl_generator_c/cmake)
[0.437s] -- Found rosidl_generator_cpp: 4.6.7 (/opt/ros/jazzy/share/rosidl_generator_cpp/cmake)
[0.450s] -- Using all available rosidl_typesupport_c: rosidl_typesupport_fastrtps_c;rosidl_typesupport_introspection_c
[0.475s] -- Using all available rosidl_typesupport_cpp: rosidl_typesupport_fastrtps_cpp;rosidl_typesupport_introspection_cpp
[0.551s] -- Found geometry_msgs: 5.3.6 (/opt/ros/jazzy/share/geometry_msgs/cmake)
[0.576s] -- Found lifecycle_msgs: 2.0.3 (/opt/ros/jazzy/share/lifecycle_msgs/cmake)
[0.594s] -- Found map_msgs: 2.4.1 (/opt/ros/jazzy/share/map_msgs/cmake)
[0.705s] -- Found pendulum_msgs: 0.33.9 (/opt/ros/jazzy/share/pendulum_msgs/cmake)
[0.723s] -- Found rosgraph_msgs: 2.0.3 (/opt/ros/jazzy/share/rosgraph_msgs/cmake)
[0.738s] -- Found shape_msgs: 5.3.6 (/opt/ros/jazzy/share/shape_msgs/cmake)
[0.758s] -- Found stereo_msgs: 5.3.6 (/opt/ros/jazzy/share/stereo_msgs/cmake)
[0.782s] -- Found tf2_geometry_msgs: 0.36.19 (/opt/ros/jazzy/share/tf2_geometry_msgs/cmake)
[0.786s] -- Found eigen3_cmake_module: 0.3.0 (/opt/ros/jazzy/share/eigen3_cmake_module/cmake)
[0.788s] -- Ensuring Eigen3 include directory is part of orocos-kdl CMake target
[0.879s] -- Found rmw_implementation_cmake: 7.3.3 (/opt/ros/jazzy/share/rmw_implementation_cmake/cmake)
[0.882s] -- Found rmw_fastrtps_cpp: 8.4.3 (/opt/ros/jazzy/share/rmw_fastrtps_cpp/cmake)
[0.970s] -- Using RMW implementation 'rmw_fastrtps_cpp' as default
[1.139s] -- Found trajectory_msgs: 5.3.6 (/opt/ros/jazzy/share/trajectory_msgs/cmake)
[1.163s] -- Found visualization_msgs: 5.3.6 (/opt/ros/jazzy/share/visualization_msgs/cmake)
[1.195s] -- Found std_srvs: 5.3.6 (/opt/ros/jazzy/share/std_srvs/cmake)
[1.215s] -- Found example_interfaces: 0.12.0 (/opt/ros/jazzy/share/example_interfaces/cmake)
[1.248s] -- Found image_transport: 5.1.7 (/opt/ros/jazzy/share/image_transport/cmake)
[1.254s] -- Found aiguillages: 3.1.2 (/home/user/Desktop/New_ter/ros2_ws/install/aiguillages/share/aiguillages/cmake)
[1.273s] -- CoppeliaSim: LIBPLUGIN_DIR: /home/user/Desktop/New_ter/CoppeliaSim/programming/libPlugin.
[1.273s] -- CoppeliaSim: COPPELIASIM_ROOT_DIR: /home/user/Desktop/New_ter/CoppeliaSim.
[1.274s] -- Found CoppeliaSim installation at /home/user/Desktop/New_ter/CoppeliaSim.
[1.274s] -- Checking CoppeliaSim header version...
[1.823s] -- CoppeliaSim headers version 4.3.0 rev3
[1.883s] -- Found Boost: /usr/lib/x86_64-linux-gnu/cmake/Boost-1.83.0/BoostConfig.cmake (found version "1.83.0") found components: regex 
[1.913s] -- Found Git: /usr/bin/git (found version "2.43.0") 
[2.166s] -- Found Boost: /usr/lib/x86_64-linux-gnu/cmake/Boost-1.83.0/BoostConfig.cmake (found version "1.83.0")  
[2.168s] -- Adding simStubsGen command...
[2.401s] -- Reading plugin metadata...
[2.475s] warning: missing python package "xmlschema"; input file callbacks.xml will not be validated.
[2.523s] warning: missing python package "xmlschema"; input file callbacks.xml will not be validated.
[2.551s] -- Plugin: ROS2
[2.720s] -- Configuring done (2.7s)
[2.775s] -- Generating done (0.0s)
[2.789s] -- Build files have been written to: /home/user/Desktop/New_ter/CoppeliaSim/build/sim_ros2_interface
[2.818s] Invoked command in '/home/user/Desktop/New_ter/CoppeliaSim/build/sim_ros2_interface' returned '0': CMAKE_PREFIX_PATH=${CMAKE_PREFIX_PATH}:/opt/ros/jazzy DEBUGINFOD_URLS=https://debuginfod.ubuntu.com /usr/bin/cmake /home/user/Desktop/New_ter/CoppeliaSim/programming/ros2_packages/sim_ros2_interface -DAMENT_CMAKE_SYMLINK_INSTALL=1 -DCMAKE_INSTALL_PREFIX=/home/user/Desktop/New_ter/CoppeliaSim/install/sim_ros2_interface
[2.822s] Invoking command in '/home/user/Desktop/New_ter/CoppeliaSim/build/sim_ros2_interface': CMAKE_PREFIX_PATH=${CMAKE_PREFIX_PATH}:/opt/ros/jazzy DEBUGINFOD_URLS=https://debuginfod.ubuntu.com /usr/bin/cmake --build /home/user/Desktop/New_ter/CoppeliaSim/build/sim_ros2_interface -- -j4 -l4
[2.931s] [  2%] [34m[1mGenerating generated/actcli_cancelLastGoal.cpp[0m
[2.931s] [  4%] [34m[1mGenerating generated/actcli_new.cpp[0m
[2.931s] [  7%] [34m[1mGenerating generated/actcli_del.cpp[0m
[2.943s] [  9%] [34m[1mGenerating generated/actcli_sendGoal.cpp[0m
[3.290s] [ 12%] [34m[1mGenerating generated/actsrv_action_abort.cpp[0m
[3.301s] [ 14%] [34m[1mGenerating generated/actsrv_action_execute.cpp[0m
[3.315s] [ 17%] [34m[1mGenerating generated/actsrv_action_canceled.cpp[0m
[3.318s] [ 19%] [34m[1mGenerating generated/actsrv_action_is_active.cpp[0m
[3.611s] [ 21%] [34m[1mGenerating generated/actsrv_action_is_canceling.cpp[0m
[3.645s] [ 24%] [34m[1mGenerating generated/actsrv_action_is_executing.cpp[0m
[3.678s] [ 26%] [34m[1mGenerating generated/actsrv_action_succeed.cpp[0m
[3.701s] [ 29%] [34m[1mGenerating generated/actsrv_action_publish_feedback.cpp[0m
[3.934s] [ 31%] [34m[1mGenerating generated/actsrv_del.cpp[0m
[3.956s] [ 34%] [34m[1mGenerating generated/actsrv_new.cpp[0m
[4.041s] [ 36%] [34m[1mGenerating generated/callbacks.cpp[0m
[4.066s] [ 39%] [34m[1mGenerating generated/callbacks.h[0m
[4.179s] [ 41%] [34m[1mGenerating generated/cli_call.cpp[0m
[4.332s] [ 43%] [34m[1mGenerating generated/cli_del.cpp[0m
[4.339s] [ 46%] [34m[1mGenerating generated/cli_new.cpp[0m
[4.442s] [ 48%] [34m[1mGenerating generated/cli_wait.cpp[0m
[4.467s] [ 51%] [34m[1mGenerating generated/if_const.cpp[0m
[4.576s] [ 53%] [34m[1mGenerating generated/if_list.cpp[0m
[4.685s] [ 56%] [34m[1mGenerating generated/if_new.cpp[0m
[4.780s] [ 58%] [34m[1mGenerating generated/pub_new.cpp[0m
[4.803s] [ 60%] [34m[1mGenerating generated/pub_del.cpp[0m
[4.851s] [ 63%] [34m[1mGenerating generated/pub_publish.cpp[0m
[4.967s] [ 65%] [34m[1mGenerating generated/srv_del.cpp[0m
[5.112s] [ 68%] [34m[1mGenerating generated/srv_new.cpp[0m
[5.174s] [ 70%] [34m[1mGenerating generated/sub_del.cpp[0m
[5.184s] [ 73%] [34m[1mGenerating generated/sub_new.cpp[0m
[5.568s] [ 73%] Built target generate_ros_code
[5.600s] [ 75%] [34m[1mGenerating generated/stubs.cpp, generated/stubs.h, generated/plugin.h, generated/stubsPlusPlus.cpp, generated/index.json, generated/reference.html, generated/lua_calltips.cpp, generated/simROS2-typecheck.lua[0m
[5.673s] /home/user/Desktop/New_ter/CoppeliaSim/programming/libPlugin/simStubsGen/generate.py --verbose --xml-file /home/user/Desktop/New_ter/CoppeliaSim/programming/ros2_packages/sim_ros2_interface/meta/callbacks.xml --gen-all /home/user/Desktop/New_ter/CoppeliaSim/build/sim_ros2_interface/generated --lua-file /home/user/Desktop/New_ter/CoppeliaSim/programming/ros2_packages/sim_ros2_interface/simROS2.lua
[5.676s] warning: missing python package "xmlschema"; input file callbacks.xml will not be validated.
[5.677s] /usr/bin/python3 /home/user/Desktop/New_ter/CoppeliaSim/programming/libPlugin/simStubsGen/generate_lua_xml.py /home/user/Desktop/New_ter/CoppeliaSim/programming/ros2_packages/sim_ros2_interface/meta/callbacks.xml /home/user/Desktop/New_ter/CoppeliaSim/programming/ros2_packages/sim_ros2_interface/simROS2.lua /home/user/Desktop/New_ter/CoppeliaSim/build/sim_ros2_interface/generated/lua.xml
[5.752s] warning: missing python package "xmlschema"; input file callbacks.xml will not be validated.
[5.773s] /usr/bin/python3 /home/user/Desktop/New_ter/CoppeliaSim/programming/libPlugin/simStubsGen/merge_xml.py /home/user/Desktop/New_ter/CoppeliaSim/programming/ros2_packages/sim_ros2_interface/meta/callbacks.xml /home/user/Desktop/New_ter/CoppeliaSim/build/sim_ros2_interface/generated/lua.xml /home/user/Desktop/New_ter/CoppeliaSim/build/sim_ros2_interface/generated/reference.xml
[5.830s] xsltproc -o /home/user/Desktop/New_ter/CoppeliaSim/build/sim_ros2_interface/generated/reference.html /home/user/Desktop/New_ter/CoppeliaSim/programming/libPlugin/simStubsGen/xsl/reference.xsl /home/user/Desktop/New_ter/CoppeliaSim/build/sim_ros2_interface/generated/reference.xml
[5.874s] /usr/bin/python3 /home/user/Desktop/New_ter/CoppeliaSim/programming/libPlugin/simStubsGen/generate_lua_calltips.py /home/user/Desktop/New_ter/CoppeliaSim/build/sim_ros2_interface/generated/lua.xml /home/user/Desktop/New_ter/CoppeliaSim/build/sim_ros2_interface/generated/lua_calltips.cpp
[5.920s] warning: missing python package "xmlschema"; input file lua.xml will not be validated.
[5.932s] /usr/bin/python3 /home/user/Desktop/New_ter/CoppeliaSim/programming/libPlugin/simStubsGen/generate_lua_typechecker.py /home/user/Desktop/New_ter/CoppeliaSim/programming/ros2_packages/sim_ros2_interface/simROS2.lua /home/user/Desktop/New_ter/CoppeliaSim/build/sim_ros2_interface/generated/lua.xml /home/user/Desktop/New_ter/CoppeliaSim/build/sim_ros2_interface/generated/simROS2-typecheck.lua
[5.983s] warning: missing python package "xmlschema"; input file lua.xml will not be validated.
[6.000s] /usr/bin/python3 /home/user/Desktop/New_ter/CoppeliaSim/programming/libPlugin/simStubsGen/generate_api_index.py /home/user/Desktop/New_ter/CoppeliaSim/build/sim_ros2_interface/generated/reference.xml /home/user/Desktop/New_ter/CoppeliaSim/build/sim_ros2_interface/generated/index.json
[6.048s] warning: missing python package "xmlschema"; input file reference.xml will not be validated.
[6.061s] /usr/bin/python3 /home/user/Desktop/New_ter/CoppeliaSim/programming/libPlugin/simStubsGen/external/pycpp/pycpp.py -p xml_file=/home/user/Desktop/New_ter/CoppeliaSim/programming/ros2_packages/sim_ros2_interface/meta/callbacks.xml -p have_lua_calltips=True -P /home/user/Desktop/New_ter/CoppeliaSim/programming/libPlugin/simStubsGen -p lua_require=simROS2-typecheck -i /home/user/Desktop/New_ter/CoppeliaSim/programming/libPlugin/simStubsGen/cpp/stubs.cpp -o /home/user/Desktop/New_ter/CoppeliaSim/build/sim_ros2_interface/generated/stubs.cpp
[6.135s] warning: missing python package "xmlschema"; input file callbacks.xml will not be validated.
[6.165s] /usr/bin/python3 /home/user/Desktop/New_ter/CoppeliaSim/programming/libPlugin/simStubsGen/external/pycpp/pycpp.py -p xml_file=/home/user/Desktop/New_ter/CoppeliaSim/programming/ros2_packages/sim_ros2_interface/meta/callbacks.xml -p have_lua_calltips=True -P /home/user/Desktop/New_ter/CoppeliaSim/programming/libPlugin/simStubsGen -p lua_require=simROS2-typecheck -i /home/user/Desktop/New_ter/CoppeliaSim/programming/libPlugin/simStubsGen/cpp/stubs.h -o /home/user/Desktop/New_ter/CoppeliaSim/build/sim_ros2_interface/generated/stubs.h
[6.220s] warning: missing python package "xmlschema"; input file callbacks.xml will not be validated.
[6.234s] /usr/bin/python3 /home/user/Desktop/New_ter/CoppeliaSim/programming/libPlugin/simStubsGen/external/pycpp/pycpp.py -p xml_file=/home/user/Desktop/New_ter/CoppeliaSim/programming/ros2_packages/sim_ros2_interface/meta/callbacks.xml -p have_lua_calltips=True -P /home/user/Desktop/New_ter/CoppeliaSim/programming/libPlugin/simStubsGen -p lua_require=simROS2-typecheck -i /home/user/Desktop/New_ter/CoppeliaSim/programming/libPlugin/simStubsGen/cpp/plugin.h -o /home/user/Desktop/New_ter/CoppeliaSim/build/sim_ros2_interface/generated/plugin.h
[6.277s] warning: missing python package "xmlschema"; input file callbacks.xml will not be validated.
[6.297s] /usr/bin/python3 /home/user/Desktop/New_ter/CoppeliaSim/programming/libPlugin/simStubsGen/external/pycpp/pycpp.py -p xml_file=/home/user/Desktop/New_ter/CoppeliaSim/programming/ros2_packages/sim_ros2_interface/meta/callbacks.xml -p have_lua_calltips=True -P /home/user/Desktop/New_ter/CoppeliaSim/programming/libPlugin/simStubsGen -p lua_require=simROS2-typecheck -i /home/user/Desktop/New_ter/CoppeliaSim/programming/libPlugin/simStubsGen/cpp/stubsPlusPlus.cpp -o /home/user/Desktop/New_ter/CoppeliaSim/build/sim_ros2_interface/generated/stubsPlusPlus.cpp
[6.345s] warning: missing python package "xmlschema"; input file callbacks.xml will not be validated.
[6.474s] [ 80%] [32mBuilding CXX object CMakeFiles/simExtROS2.dir/home/user/Desktop/New_ter/CoppeliaSim/programming/libPlugin/simPlusPlus/Plugin.cpp.o[0m
[6.475s] [ 80%] [32mBuilding CXX object CMakeFiles/simExtROS2.dir/home/user/Desktop/New_ter/CoppeliaSim/programming/libPlugin/simPlusPlus/Lib.cpp.o[0m
[6.477s] [ 82%] [32mBuilding CXX object CMakeFiles/simExtROS2.dir/generated/stubs.cpp.o[0m
[6.482s] [ 85%] [32mBuilding CXX object CMakeFiles/simExtROS2.dir/home/user/Desktop/New_ter/CoppeliaSim/programming/common/simLib.cpp.o[0m
[7.026s] [ 87%] [32mBuilding CXX object CMakeFiles/simExtROS2.dir/home/user/Desktop/New_ter/CoppeliaSim/programming/libPlugin/simPlusPlus/Handle.cpp.o[0m
[7.396s] [ 90%] [32mBuilding CXX object CMakeFiles/simExtROS2.dir/src/sim_ros2_interface.cpp.o[0m
[8.185s] [ 92%] [32mBuilding CXX object CMakeFiles/simExtROS2.dir/src/ros_msg_builtin_io.cpp.o[0m
[8.787s] [ 95%] [32mBuilding CXX object CMakeFiles/simExtROS2.dir/generated/callbacks.cpp.o[0m
[139.189s] [ 97%] [32m[1mLinking CXX shared library libsimExtROS2.so[0m
[152.516s] [100%] Built target simExtROS2
[152.544s] Invoked command in '/home/user/Desktop/New_ter/CoppeliaSim/build/sim_ros2_interface' returned '0': CMAKE_PREFIX_PATH=${CMAKE_PREFIX_PATH}:/opt/ros/jazzy DEBUGINFOD_URLS=https://debuginfod.ubuntu.com /usr/bin/cmake --build /home/user/Desktop/New_ter/CoppeliaSim/build/sim_ros2_interface -- -j4 -l4
[152.563s] Invoking command in '/home/user/Desktop/New_ter/CoppeliaSim/build/sim_ros2_interface': CMAKE_PREFIX_PATH=${CMAKE_PREFIX_PATH}:/opt/ros/jazzy DEBUGINFOD_URLS=https://debuginfod.ubuntu.com /usr/bin/cmake --install /home/user/Desktop/New_ter/CoppeliaSim/build/sim_ros2_interface
[152.584s] -- Install configuration: ""
[152.587s] -- Execute custom install script
[152.595s] -- Up-to-date symlink: /home/user/Desktop/New_ter/CoppeliaSim/lua/simROS2-typecheck.lua
[152.595s] -- Up-to-date symlink: /home/user/Desktop/New_ter/CoppeliaSim/lua/simROS2.lua
[152.595s] -- Up-to-date symlink: /home/user/Desktop/New_ter/CoppeliaSim/helpFiles/en/simROS2.htm
[152.595s] -- Up-to-date symlink: /home/user/Desktop/New_ter/CoppeliaSim/helpFiles/index/simROS2.json
[152.595s] -- Up-to-date symlink: /home/user/Desktop/New_ter/CoppeliaSim/libsimExtROS2.so
[152.595s] -- Up-to-date symlink: /home/user/Desktop/New_ter/CoppeliaSim/install/sim_ros2_interface/share/ament_index/resource_index/package_run_dependencies/sim_ros2_interface
[152.596s] -- Up-to-date symlink: /home/user/Desktop/New_ter/CoppeliaSim/install/sim_ros2_interface/share/ament_index/resource_index/parent_prefix_path/sim_ros2_interface
[152.599s] -- Up-to-date symlink: /home/user/Desktop/New_ter/CoppeliaSim/install/sim_ros2_interface/share/sim_ros2_interface/environment/ament_prefix_path.sh
[152.600s] -- Up-to-date symlink: /home/user/Desktop/New_ter/CoppeliaSim/install/sim_ros2_interface/share/sim_ros2_interface/environment/ament_prefix_path.dsv
[152.601s] -- Up-to-date symlink: /home/user/Desktop/New_ter/CoppeliaSim/install/sim_ros2_interface/share/sim_ros2_interface/environment/path.sh
[152.602s] -- Up-to-date symlink: /home/user/Desktop/New_ter/CoppeliaSim/install/sim_ros2_interface/share/sim_ros2_interface/environment/path.dsv
[152.602s] -- Up-to-date symlink: /home/user/Desktop/New_ter/CoppeliaSim/install/sim_ros2_interface/share/sim_ros2_interface/local_setup.bash
[152.603s] -- Up-to-date symlink: /home/user/Desktop/New_ter/CoppeliaSim/install/sim_ros2_interface/share/sim_ros2_interface/local_setup.sh
[152.604s] -- Up-to-date symlink: /home/user/Desktop/New_ter/CoppeliaSim/install/sim_ros2_interface/share/sim_ros2_interface/local_setup.zsh
[152.605s] -- Up-to-date symlink: /home/user/Desktop/New_ter/CoppeliaSim/install/sim_ros2_interface/share/sim_ros2_interface/local_setup.dsv
[152.606s] -- Symlinking: /home/user/Desktop/New_ter/CoppeliaSim/install/sim_ros2_interface/share/sim_ros2_interface/package.dsv
[152.627s] -- Up-to-date symlink: /home/user/Desktop/New_ter/CoppeliaSim/install/sim_ros2_interface/share/ament_index/resource_index/packages/sim_ros2_interface
[152.628s] -- Up-to-date symlink: /home/user/Desktop/New_ter/CoppeliaSim/install/sim_ros2_interface/share/sim_ros2_interface/cmake/sim_ros2_interfaceConfig.cmake
[152.628s] -- Up-to-date symlink: /home/user/Desktop/New_ter/CoppeliaSim/install/sim_ros2_interface/share/sim_ros2_interface/cmake/sim_ros2_interfaceConfig-version.cmake
[152.628s] -- Up-to-date symlink: /home/user/Desktop/New_ter/CoppeliaSim/install/sim_ros2_interface/share/sim_ros2_interface/package.xml
[152.633s] Invoked command in '/home/user/Desktop/New_ter/CoppeliaSim/build/sim_ros2_interface' returned '0': CMAKE_PREFIX_PATH=${CMAKE_PREFIX_PATH}:/opt/ros/jazzy DEBUGINFOD_URLS=https://debuginfod.ubuntu.com /usr/bin/cmake --install /home/user/Desktop/New_ter/CoppeliaSim/build/sim_ros2_interface
