[0.010s] Invoking command in '/home/user/celluleflexible_en_cours_ROS2/CoppeliaSim/build/sim_ros2_interface': CMAKE_PREFIX_PATH=${CMAKE_PREFIX_PATH}:/opt/ros/jazzy DEBUGINFOD_URLS=https://debuginfod.ubuntu.com /usr/bin/cmake /home/user/celluleflexible_en_cours_ROS2/CoppeliaSim/programming/ros2_packages/sim_ros2_interface -DAMENT_CMAKE_SYMLINK_INSTALL=1 -DCMAKE_INSTALL_PREFIX=/home/user/celluleflexible_en_cours_ROS2/CoppeliaSim/install/sim_ros2_interface
[0.063s] -- The C compiler identification is GNU 13.3.0
[0.102s] -- The CXX compiler identification is GNU 13.3.0
[0.122s] -- Detecting C compiler ABI info
[0.200s] -- Detecting C compiler ABI info - done
[0.200s] -- Check for working C compiler: /usr/bin/cc - skipped
[0.200s] -- Detecting C compile features
[0.200s] -- Detecting C compile features - done
[0.213s] -- Detecting CXX compiler ABI info
[0.296s] -- Detecting CXX compiler ABI info - done
[0.301s] -- Check for working CXX compiler: /usr/bin/c++ - skipped
[0.301s] -- Detecting CXX compile features
[0.301s] -- Detecting CXX compile features - done
[0.304s] -- Found ament_cmake: 2.5.5 (/opt/ros/jazzy/share/ament_cmake/cmake)
[0.403s] -- Found Python3: /usr/bin/python3 (found version "3.12.3") found components: Interpreter 
[0.447s] -- Override CMake install command with custom implementation using symlinks instead of copying resources
[0.472s] -- Found ament_cmake_ros: 0.12.0 (/opt/ros/jazzy/share/ament_cmake_ros/cmake)
[0.476s] -- Found diagnostic_msgs: 5.3.6 (/opt/ros/jazzy/share/diagnostic_msgs/cmake)
[0.496s] -- Found rosidl_generator_c: 4.6.7 (/opt/ros/jazzy/share/rosidl_generator_c/cmake)
[0.503s] -- Found rosidl_generator_cpp: 4.6.7 (/opt/ros/jazzy/share/rosidl_generator_cpp/cmake)
[0.512s] -- Using all available rosidl_typesupport_c: rosidl_typesupport_fastrtps_c;rosidl_typesupport_introspection_c
[0.522s] -- Using all available rosidl_typesupport_cpp: rosidl_typesupport_fastrtps_cpp;rosidl_typesupport_introspection_cpp
[0.564s] -- Found geometry_msgs: 5.3.6 (/opt/ros/jazzy/share/geometry_msgs/cmake)
[0.575s] -- Found lifecycle_msgs: 2.0.3 (/opt/ros/jazzy/share/lifecycle_msgs/cmake)
[0.595s] -- Found map_msgs: 2.4.1 (/opt/ros/jazzy/share/map_msgs/cmake)
[0.672s] -- Found pendulum_msgs: 0.33.9 (/opt/ros/jazzy/share/pendulum_msgs/cmake)
[0.687s] -- Found rosgraph_msgs: 2.0.3 (/opt/ros/jazzy/share/rosgraph_msgs/cmake)
[0.696s] -- Found shape_msgs: 5.3.6 (/opt/ros/jazzy/share/shape_msgs/cmake)
[0.716s] -- Found stereo_msgs: 5.3.6 (/opt/ros/jazzy/share/stereo_msgs/cmake)
[0.740s] -- Found tf2_geometry_msgs: 0.36.19 (/opt/ros/jazzy/share/tf2_geometry_msgs/cmake)
[0.756s] -- Found eigen3_cmake_module: 0.3.0 (/opt/ros/jazzy/share/eigen3_cmake_module/cmake)
[0.757s] -- Found Eigen3: TRUE (found version "3.4.0") 
[0.758s] -- Ensuring Eigen3 include directory is part of orocos-kdl CMake target
[0.836s] -- Found rmw_implementation_cmake: 7.3.3 (/opt/ros/jazzy/share/rmw_implementation_cmake/cmake)
[0.838s] -- Found rmw_fastrtps_cpp: 8.4.3 (/opt/ros/jazzy/share/rmw_fastrtps_cpp/cmake)
[0.902s] -- Found OpenSSL: /usr/lib/x86_64-linux-gnu/libcrypto.so (found version "3.0.13")  
[0.914s] -- Found FastRTPS: /opt/ros/jazzy/include (Required is at least version "2.13") 
[0.931s] -- Using RMW implementation 'rmw_fastrtps_cpp' as default
[1.048s] -- Found trajectory_msgs: 5.3.6 (/opt/ros/jazzy/share/trajectory_msgs/cmake)
[1.077s] -- Found visualization_msgs: 5.3.6 (/opt/ros/jazzy/share/visualization_msgs/cmake)
[1.107s] -- Found std_srvs: 5.3.6 (/opt/ros/jazzy/share/std_srvs/cmake)
[1.127s] -- Found example_interfaces: 0.12.0 (/opt/ros/jazzy/share/example_interfaces/cmake)
[1.149s] -- Found image_transport: 5.1.7 (/opt/ros/jazzy/share/image_transport/cmake)
[1.156s] -- CoppeliaSim: LIBPLUGIN_DIR: /home/user/celluleflexible_en_cours_ROS2/CoppeliaSim/programming/libPlugin.
[1.156s] -- CoppeliaSim: COPPELIASIM_ROOT_DIR: /home/user/celluleflexible_en_cours_ROS2/CoppeliaSim.
[1.156s] -- Found CoppeliaSim installation at /home/user/celluleflexible_en_cours_ROS2/CoppeliaSim.
[1.156s] -- Checking CoppeliaSim header version...
[1.353s] -- CoppeliaSim headers version 4.3.0 rev3
[1.634s] -- Found Boost: /usr/lib/x86_64-linux-gnu/cmake/Boost-1.83.0/BoostConfig.cmake (found version "1.83.0") found components: regex 
[1.641s] -- Found Git: /usr/bin/git (found version "2.43.0") 
[1.735s] -- Found Boost: /usr/lib/x86_64-linux-gnu/cmake/Boost-1.83.0/BoostConfig.cmake (found version "1.83.0")  
[1.736s] -- Adding simStubsGen command...
[1.825s] -- Reading plugin metadata...
[1.853s] warning: missing python package "xmlschema"; input file callbacks.xml will not be validated.
[1.872s] warning: missing python package "xmlschema"; input file callbacks.xml will not be validated.
[1.879s] -- Plugin: ROS2
[1.940s] -- Configuring done (1.9s)
[1.957s] -- Generating done (0.0s)
[1.960s] -- Build files have been written to: /home/user/celluleflexible_en_cours_ROS2/CoppeliaSim/build/sim_ros2_interface
[1.969s] Invoked command in '/home/user/celluleflexible_en_cours_ROS2/CoppeliaSim/build/sim_ros2_interface' returned '0': CMAKE_PREFIX_PATH=${CMAKE_PREFIX_PATH}:/opt/ros/jazzy DEBUGINFOD_URLS=https://debuginfod.ubuntu.com /usr/bin/cmake /home/user/celluleflexible_en_cours_ROS2/CoppeliaSim/programming/ros2_packages/sim_ros2_interface -DAMENT_CMAKE_SYMLINK_INSTALL=1 -DCMAKE_INSTALL_PREFIX=/home/user/celluleflexible_en_cours_ROS2/CoppeliaSim/install/sim_ros2_interface
[1.971s] Invoking command in '/home/user/celluleflexible_en_cours_ROS2/CoppeliaSim/build/sim_ros2_interface': CMAKE_PREFIX_PATH=${CMAKE_PREFIX_PATH}:/opt/ros/jazzy DEBUGINFOD_URLS=https://debuginfod.ubuntu.com /usr/bin/cmake --build /home/user/celluleflexible_en_cours_ROS2/CoppeliaSim/build/sim_ros2_interface -- -j8 -l8
[2.037s] [  4%] [34m[1mGenerating generated/actcli_sendGoal.cpp[0m
[2.037s] [  4%] [34m[1mGenerating generated/actsrv_action_abort.cpp[0m
[2.037s] [  7%] [34m[1mGenerating generated/actcli_new.cpp[0m
[2.039s] [  9%] [34m[1mGenerating generated/actcli_cancelLastGoal.cpp[0m
[2.041s] [ 12%] [34m[1mGenerating generated/actcli_del.cpp[0m
[2.043s] [ 14%] [34m[1mGenerating generated/actsrv_action_canceled.cpp[0m
[2.049s] [ 17%] [34m[1mGenerating generated/actsrv_action_execute.cpp[0m
[2.052s] [ 19%] [34m[1mGenerating generated/actsrv_action_is_active.cpp[0m
[2.232s] [ 26%] [34m[1mGenerating generated/actsrv_action_is_canceling.cpp[0m
[2.232s] [ 26%] [34m[1mGenerating generated/actsrv_action_publish_feedback.cpp[0m
[2.233s] [ 29%] [34m[1mGenerating generated/actsrv_action_succeed.cpp[0m
[2.233s] [ 26%] [34m[1mGenerating generated/actsrv_action_is_executing.cpp[0m
[2.233s] [ 34%] [34m[1mGenerating generated/actsrv_del.cpp[0m
[2.234s] [ 31%] [34m[1mGenerating generated/actsrv_new.cpp[0m
[2.235s] [ 39%] [34m[1mGenerating generated/callbacks.cpp[0m
[2.235s] [ 39%] [34m[1mGenerating generated/callbacks.h[0m
[2.336s] [ 41%] [34m[1mGenerating generated/cli_del.cpp[0m
[2.337s] [ 43%] [34m[1mGenerating generated/cli_call.cpp[0m
[2.338s] [ 46%] [34m[1mGenerating generated/cli_new.cpp[0m
[2.338s] [ 48%] [34m[1mGenerating generated/if_const.cpp[0m
[2.340s] [ 51%] [34m[1mGenerating generated/if_list.cpp[0m
[2.341s] [ 53%] [34m[1mGenerating generated/cli_wait.cpp[0m
[2.341s] [ 56%] [34m[1mGenerating generated/if_new.cpp[0m
[2.343s] [ 58%] [34m[1mGenerating generated/pub_del.cpp[0m
[2.440s] [ 60%] [34m[1mGenerating generated/pub_new.cpp[0m
[2.440s] [ 63%] [34m[1mGenerating generated/pub_publish.cpp[0m
[2.440s] [ 65%] [34m[1mGenerating generated/srv_del.cpp[0m
[2.441s] [ 68%] [34m[1mGenerating generated/srv_new.cpp[0m
[2.442s] [ 70%] [34m[1mGenerating generated/sub_del.cpp[0m
[2.445s] [ 73%] [34m[1mGenerating generated/sub_new.cpp[0m
[2.550s] [ 73%] Built target generate_ros_code
[2.560s] [ 75%] [34m[1mGenerating generated/stubs.cpp, generated/stubs.h, generated/plugin.h, generated/stubsPlusPlus.cpp, generated/index.json, generated/reference.html, generated/lua_calltips.cpp, generated/simROS2-typecheck.lua[0m
[2.580s] /home/user/celluleflexible_en_cours_ROS2/CoppeliaSim/programming/libPlugin/simStubsGen/generate.py --verbose --xml-file /home/user/celluleflexible_en_cours_ROS2/CoppeliaSim/programming/ros2_packages/sim_ros2_interface/meta/callbacks.xml --gen-all /home/user/celluleflexible_en_cours_ROS2/CoppeliaSim/build/sim_ros2_interface/generated --lua-file /home/user/celluleflexible_en_cours_ROS2/CoppeliaSim/programming/ros2_packages/sim_ros2_interface/simROS2.lua
[2.580s] warning: missing python package "xmlschema"; input file callbacks.xml will not be validated.
[2.581s] /usr/bin/python3 /home/user/celluleflexible_en_cours_ROS2/CoppeliaSim/programming/libPlugin/simStubsGen/generate_lua_xml.py /home/user/celluleflexible_en_cours_ROS2/CoppeliaSim/programming/ros2_packages/sim_ros2_interface/meta/callbacks.xml /home/user/celluleflexible_en_cours_ROS2/CoppeliaSim/programming/ros2_packages/sim_ros2_interface/simROS2.lua /home/user/celluleflexible_en_cours_ROS2/CoppeliaSim/build/sim_ros2_interface/generated/lua.xml
[2.600s] warning: missing python package "xmlschema"; input file callbacks.xml will not be validated.
[2.604s] /usr/bin/python3 /home/user/celluleflexible_en_cours_ROS2/CoppeliaSim/programming/libPlugin/simStubsGen/merge_xml.py /home/user/celluleflexible_en_cours_ROS2/CoppeliaSim/programming/ros2_packages/sim_ros2_interface/meta/callbacks.xml /home/user/celluleflexible_en_cours_ROS2/CoppeliaSim/build/sim_ros2_interface/generated/lua.xml /home/user/celluleflexible_en_cours_ROS2/CoppeliaSim/build/sim_ros2_interface/generated/reference.xml
[2.623s] xsltproc -o /home/user/celluleflexible_en_cours_ROS2/CoppeliaSim/build/sim_ros2_interface/generated/reference.html /home/user/celluleflexible_en_cours_ROS2/CoppeliaSim/programming/libPlugin/simStubsGen/xsl/reference.xsl /home/user/celluleflexible_en_cours_ROS2/CoppeliaSim/build/sim_ros2_interface/generated/reference.xml
[2.642s] /usr/bin/python3 /home/user/celluleflexible_en_cours_ROS2/CoppeliaSim/programming/libPlugin/simStubsGen/generate_lua_calltips.py /home/user/celluleflexible_en_cours_ROS2/CoppeliaSim/build/sim_ros2_interface/generated/lua.xml /home/user/celluleflexible_en_cours_ROS2/CoppeliaSim/build/sim_ros2_interface/generated/lua_calltips.cpp
[2.667s] warning: missing python package "xmlschema"; input file lua.xml will not be validated.
[2.669s] /usr/bin/python3 /home/user/celluleflexible_en_cours_ROS2/CoppeliaSim/programming/libPlugin/simStubsGen/generate_lua_typechecker.py /home/user/celluleflexible_en_cours_ROS2/CoppeliaSim/programming/ros2_packages/sim_ros2_interface/simROS2.lua /home/user/celluleflexible_en_cours_ROS2/CoppeliaSim/build/sim_ros2_interface/generated/lua.xml /home/user/celluleflexible_en_cours_ROS2/CoppeliaSim/build/sim_ros2_interface/generated/simROS2-typecheck.lua
[2.686s] warning: missing python package "xmlschema"; input file lua.xml will not be validated.
[2.689s] /usr/bin/python3 /home/user/celluleflexible_en_cours_ROS2/CoppeliaSim/programming/libPlugin/simStubsGen/generate_api_index.py /home/user/celluleflexible_en_cours_ROS2/CoppeliaSim/build/sim_ros2_interface/generated/reference.xml /home/user/celluleflexible_en_cours_ROS2/CoppeliaSim/build/sim_ros2_interface/generated/index.json
[2.708s] warning: missing python package "xmlschema"; input file reference.xml will not be validated.
[2.711s] /usr/bin/python3 /home/user/celluleflexible_en_cours_ROS2/CoppeliaSim/programming/libPlugin/simStubsGen/external/pycpp/pycpp.py -p xml_file=/home/user/celluleflexible_en_cours_ROS2/CoppeliaSim/programming/ros2_packages/sim_ros2_interface/meta/callbacks.xml -p have_lua_calltips=True -P /home/user/celluleflexible_en_cours_ROS2/CoppeliaSim/programming/libPlugin/simStubsGen -p lua_require=simROS2-typecheck -i /home/user/celluleflexible_en_cours_ROS2/CoppeliaSim/programming/libPlugin/simStubsGen/cpp/stubs.cpp -o /home/user/celluleflexible_en_cours_ROS2/CoppeliaSim/build/sim_ros2_interface/generated/stubs.cpp
[2.736s] warning: missing python package "xmlschema"; input file callbacks.xml will not be validated.
[2.742s] /usr/bin/python3 /home/user/celluleflexible_en_cours_ROS2/CoppeliaSim/programming/libPlugin/simStubsGen/external/pycpp/pycpp.py -p xml_file=/home/user/celluleflexible_en_cours_ROS2/CoppeliaSim/programming/ros2_packages/sim_ros2_interface/meta/callbacks.xml -p have_lua_calltips=True -P /home/user/celluleflexible_en_cours_ROS2/CoppeliaSim/programming/libPlugin/simStubsGen -p lua_require=simROS2-typecheck -i /home/user/celluleflexible_en_cours_ROS2/CoppeliaSim/programming/libPlugin/simStubsGen/cpp/stubs.h -o /home/user/celluleflexible_en_cours_ROS2/CoppeliaSim/build/sim_ros2_interface/generated/stubs.h
[2.764s] warning: missing python package "xmlschema"; input file callbacks.xml will not be validated.
[2.773s] /usr/bin/python3 /home/user/celluleflexible_en_cours_ROS2/CoppeliaSim/programming/libPlugin/simStubsGen/external/pycpp/pycpp.py -p xml_file=/home/user/celluleflexible_en_cours_ROS2/CoppeliaSim/programming/ros2_packages/sim_ros2_interface/meta/callbacks.xml -p have_lua_calltips=True -P /home/user/celluleflexible_en_cours_ROS2/CoppeliaSim/programming/libPlugin/simStubsGen -p lua_require=simROS2-typecheck -i /home/user/celluleflexible_en_cours_ROS2/CoppeliaSim/programming/libPlugin/simStubsGen/cpp/plugin.h -o /home/user/celluleflexible_en_cours_ROS2/CoppeliaSim/build/sim_ros2_interface/generated/plugin.h
[2.793s] warning: missing python package "xmlschema"; input file callbacks.xml will not be validated.
[2.797s] /usr/bin/python3 /home/user/celluleflexible_en_cours_ROS2/CoppeliaSim/programming/libPlugin/simStubsGen/external/pycpp/pycpp.py -p xml_file=/home/user/celluleflexible_en_cours_ROS2/CoppeliaSim/programming/ros2_packages/sim_ros2_interface/meta/callbacks.xml -p have_lua_calltips=True -P /home/user/celluleflexible_en_cours_ROS2/CoppeliaSim/programming/libPlugin/simStubsGen -p lua_require=simROS2-typecheck -i /home/user/celluleflexible_en_cours_ROS2/CoppeliaSim/programming/libPlugin/simStubsGen/cpp/stubsPlusPlus.cpp -o /home/user/celluleflexible_en_cours_ROS2/CoppeliaSim/build/sim_ros2_interface/generated/stubsPlusPlus.cpp
[2.816s] warning: missing python package "xmlschema"; input file callbacks.xml will not be validated.
[2.858s] [ 78%] [32mBuilding CXX object CMakeFiles/simExtROS2.dir/generated/stubs.cpp.o[0m
[2.859s] [ 80%] [32mBuilding CXX object CMakeFiles/simExtROS2.dir/home/user/celluleflexible_en_cours_ROS2/CoppeliaSim/programming/common/simLib.cpp.o[0m
[2.859s] [ 82%] [32mBuilding CXX object CMakeFiles/simExtROS2.dir/home/user/celluleflexible_en_cours_ROS2/CoppeliaSim/programming/libPlugin/simPlusPlus/Lib.cpp.o[0m
[2.862s] [ 85%] [32mBuilding CXX object CMakeFiles/simExtROS2.dir/src/sim_ros2_interface.cpp.o[0m
[2.862s] [ 87%] [32mBuilding CXX object CMakeFiles/simExtROS2.dir/home/user/celluleflexible_en_cours_ROS2/CoppeliaSim/programming/libPlugin/simPlusPlus/Handle.cpp.o[0m
[2.862s] [ 90%] [32mBuilding CXX object CMakeFiles/simExtROS2.dir/src/ros_msg_builtin_io.cpp.o[0m
[2.866s] [ 92%] [32mBuilding CXX object CMakeFiles/simExtROS2.dir/generated/callbacks.cpp.o[0m
[2.871s] [ 95%] [32mBuilding CXX object CMakeFiles/simExtROS2.dir/home/user/celluleflexible_en_cours_ROS2/CoppeliaSim/programming/libPlugin/simPlusPlus/Plugin.cpp.o[0m
[62.785s] [ 97%] [32m[1mLinking CXX shared library libsimExtROS2.so[0m
[66.399s] [100%] Built target simExtROS2
[66.412s] Invoked command in '/home/user/celluleflexible_en_cours_ROS2/CoppeliaSim/build/sim_ros2_interface' returned '0': CMAKE_PREFIX_PATH=${CMAKE_PREFIX_PATH}:/opt/ros/jazzy DEBUGINFOD_URLS=https://debuginfod.ubuntu.com /usr/bin/cmake --build /home/user/celluleflexible_en_cours_ROS2/CoppeliaSim/build/sim_ros2_interface -- -j8 -l8
[66.420s] Invoking command in '/home/user/celluleflexible_en_cours_ROS2/CoppeliaSim/build/sim_ros2_interface': CMAKE_PREFIX_PATH=${CMAKE_PREFIX_PATH}:/opt/ros/jazzy DEBUGINFOD_URLS=https://debuginfod.ubuntu.com /usr/bin/cmake --install /home/user/celluleflexible_en_cours_ROS2/CoppeliaSim/build/sim_ros2_interface
[66.427s] -- Install configuration: ""
[66.427s] -- Execute custom install script
[66.427s] -- Symlinking: /home/user/celluleflexible_en_cours_ROS2/CoppeliaSim/lua/simROS2-typecheck.lua
[66.433s] -- Symlinking: /home/user/celluleflexible_en_cours_ROS2/CoppeliaSim/lua/simROS2.lua
[66.439s] -- Symlinking: /home/user/celluleflexible_en_cours_ROS2/CoppeliaSim/helpFiles/en/simROS2.htm
[66.445s] -- Symlinking: /home/user/celluleflexible_en_cours_ROS2/CoppeliaSim/helpFiles/index/simROS2.json
[66.451s] -- Symlinking: /home/user/celluleflexible_en_cours_ROS2/CoppeliaSim/libsimExtROS2.so
[66.457s] -- Symlinking: /home/user/celluleflexible_en_cours_ROS2/CoppeliaSim/install/sim_ros2_interface/share/ament_index/resource_index/package_run_dependencies/sim_ros2_interface
[66.462s] -- Symlinking: /home/user/celluleflexible_en_cours_ROS2/CoppeliaSim/install/sim_ros2_interface/share/ament_index/resource_index/parent_prefix_path/sim_ros2_interface
[66.469s] -- Up-to-date symlink: /home/user/celluleflexible_en_cours_ROS2/CoppeliaSim/install/sim_ros2_interface/share/sim_ros2_interface/environment/ament_prefix_path.sh
[66.469s] -- Symlinking: /home/user/celluleflexible_en_cours_ROS2/CoppeliaSim/install/sim_ros2_interface/share/sim_ros2_interface/environment/ament_prefix_path.dsv
[66.475s] -- Up-to-date symlink: /home/user/celluleflexible_en_cours_ROS2/CoppeliaSim/install/sim_ros2_interface/share/sim_ros2_interface/environment/path.sh
[66.475s] -- Symlinking: /home/user/celluleflexible_en_cours_ROS2/CoppeliaSim/install/sim_ros2_interface/share/sim_ros2_interface/environment/path.dsv
[66.480s] -- Symlinking: /home/user/celluleflexible_en_cours_ROS2/CoppeliaSim/install/sim_ros2_interface/share/sim_ros2_interface/local_setup.bash
[66.486s] -- Symlinking: /home/user/celluleflexible_en_cours_ROS2/CoppeliaSim/install/sim_ros2_interface/share/sim_ros2_interface/local_setup.sh
[66.492s] -- Symlinking: /home/user/celluleflexible_en_cours_ROS2/CoppeliaSim/install/sim_ros2_interface/share/sim_ros2_interface/local_setup.zsh
[66.497s] -- Symlinking: /home/user/celluleflexible_en_cours_ROS2/CoppeliaSim/install/sim_ros2_interface/share/sim_ros2_interface/local_setup.dsv
[66.509s] -- Symlinking: /home/user/celluleflexible_en_cours_ROS2/CoppeliaSim/install/sim_ros2_interface/share/sim_ros2_interface/package.dsv
[66.515s] -- Symlinking: /home/user/celluleflexible_en_cours_ROS2/CoppeliaSim/install/sim_ros2_interface/share/ament_index/resource_index/packages/sim_ros2_interface
[66.521s] -- Symlinking: /home/user/celluleflexible_en_cours_ROS2/CoppeliaSim/install/sim_ros2_interface/share/sim_ros2_interface/cmake/sim_ros2_interfaceConfig.cmake
[66.530s] -- Symlinking: /home/user/celluleflexible_en_cours_ROS2/CoppeliaSim/install/sim_ros2_interface/share/sim_ros2_interface/cmake/sim_ros2_interfaceConfig-version.cmake
[66.535s] -- Symlinking: /home/user/celluleflexible_en_cours_ROS2/CoppeliaSim/install/sim_ros2_interface/share/sim_ros2_interface/package.xml
[66.543s] Invoked command in '/home/user/celluleflexible_en_cours_ROS2/CoppeliaSim/build/sim_ros2_interface' returned '0': CMAKE_PREFIX_PATH=${CMAKE_PREFIX_PATH}:/opt/ros/jazzy DEBUGINFOD_URLS=https://debuginfod.ubuntu.com /usr/bin/cmake --install /home/user/celluleflexible_en_cours_ROS2/CoppeliaSim/build/sim_ros2_interface
