[0.058s] DEBUG:colcon:Command line arguments: ['/usr/bin/colcon', 'build']
[0.059s] DEBUG:colcon:Parsed command line arguments: Namespace(log_base=None, log_level=None, verb_name='build', build_base='build', install_base='install', merge_install=False, symlink_install=False, test_result_base=None, continue_on_error=False, executor='parallel', parallel_workers=8, event_handlers=None, ignore_user_meta=False, metas=['./colcon.meta'], base_paths=['.'], packages_ignore=None, packages_ignore_regex=None, paths=None, packages_up_to=None, packages_up_to_regex=None, packages_above=None, packages_above_and_dependencies=None, packages_above_depth=None, packages_select_by_dep=None, packages_skip_by_dep=None, packages_skip_up_to=None, packages_select_build_failed=False, packages_skip_build_finished=False, packages_select_test_failures=False, packages_skip_test_passed=False, packages_select=None, packages_skip=None, packages_select_regex=None, packages_skip_regex=None, packages_start=None, packages_end=None, allow_overriding=[], cmake_args=None, cmake_target=None, cmake_target_skip_unavailable=False, cmake_clean_cache=False, cmake_clean_first=False, cmake_force_configure=False, ament_cmake_args=None, catkin_cmake_args=None, catkin_skip_building_tests=False, mixin_files=None, mixin=None, verb_parser=<colcon_mixin.mixin.mixin_argument.MixinArgumentDecorator object at 0x7a604b4a0470>, verb_extension=<colcon_core.verb.build.BuildVerb object at 0x7a604b5c8200>, main=<bound method BuildVerb.main of <colcon_core.verb.build.BuildVerb object at 0x7a604b5c8200>>, mixin_verb=('build',))
[0.081s] Level 1:colcon.colcon_core.package_discovery:discover_packages(colcon_meta) check parameters
[0.081s] Level 1:colcon.colcon_core.package_discovery:discover_packages(recursive) check parameters
[0.081s] Level 1:colcon.colcon_core.package_discovery:discover_packages(ignore) check parameters
[0.081s] Level 1:colcon.colcon_core.package_discovery:discover_packages(path) check parameters
[0.081s] Level 1:colcon.colcon_core.package_discovery:discover_packages(colcon_meta) discover
[0.081s] Level 1:colcon.colcon_core.package_discovery:discover_packages(recursive) discover
[0.081s] INFO:colcon.colcon_core.package_discovery:Crawling recursively for packages in '/home/user/celluleflexible/ros_ws'
[0.081s] Level 1:colcon.colcon_core.package_identification:_identify(.) by extensions ['ignore', 'ignore_ament_install']
[0.081s] Level 1:colcon.colcon_core.package_identification:_identify(.) by extension 'ignore'
[0.081s] Level 1:colcon.colcon_core.package_identification:_identify(.) by extension 'ignore_ament_install'
[0.081s] Level 1:colcon.colcon_core.package_identification:_identify(.) by extensions ['colcon_pkg']
[0.081s] Level 1:colcon.colcon_core.package_identification:_identify(.) by extension 'colcon_pkg'
[0.081s] Level 1:colcon.colcon_core.package_identification:_identify(.) by extensions ['colcon_meta']
[0.081s] Level 1:colcon.colcon_core.package_identification:_identify(.) by extension 'colcon_meta'
[0.081s] Level 1:colcon.colcon_core.package_identification:_identify(.) by extensions ['ros']
[0.081s] Level 1:colcon.colcon_core.package_identification:_identify(.) by extension 'ros'
[0.096s] Level 1:colcon.colcon_core.package_identification:_identify(.) by extensions ['cmake', 'python']
[0.096s] Level 1:colcon.colcon_core.package_identification:_identify(.) by extension 'cmake'
[0.096s] Level 1:colcon.colcon_core.package_identification:_identify(.) by extension 'python'
[0.096s] Level 1:colcon.colcon_core.package_identification:_identify(.) by extensions ['python_setup_py']
[0.096s] Level 1:colcon.colcon_core.package_identification:_identify(.) by extension 'python_setup_py'
[0.096s] Level 1:colcon.colcon_core.package_identification:_identify(build) by extensions ['ignore', 'ignore_ament_install']
[0.096s] Level 1:colcon.colcon_core.package_identification:_identify(build) by extension 'ignore'
[0.096s] Level 1:colcon.colcon_core.package_identification:_identify(build) ignored
[0.096s] Level 1:colcon.colcon_core.package_identification:_identify(install) by extensions ['ignore', 'ignore_ament_install']
[0.096s] Level 1:colcon.colcon_core.package_identification:_identify(install) by extension 'ignore'
[0.096s] Level 1:colcon.colcon_core.package_identification:_identify(install) ignored
[0.096s] Level 1:colcon.colcon_core.package_identification:_identify(log) by extensions ['ignore', 'ignore_ament_install']
[0.096s] Level 1:colcon.colcon_core.package_identification:_identify(log) by extension 'ignore'
[0.096s] Level 1:colcon.colcon_core.package_identification:_identify(log) ignored
[0.096s] Level 1:colcon.colcon_core.package_identification:_identify(src) by extensions ['ignore', 'ignore_ament_install']
[0.096s] Level 1:colcon.colcon_core.package_identification:_identify(src) by extension 'ignore'
[0.096s] Level 1:colcon.colcon_core.package_identification:_identify(src) by extension 'ignore_ament_install'
[0.096s] Level 1:colcon.colcon_core.package_identification:_identify(src) by extensions ['colcon_pkg']
[0.096s] Level 1:colcon.colcon_core.package_identification:_identify(src) by extension 'colcon_pkg'
[0.096s] Level 1:colcon.colcon_core.package_identification:_identify(src) by extensions ['colcon_meta']
[0.096s] Level 1:colcon.colcon_core.package_identification:_identify(src) by extension 'colcon_meta'
[0.096s] Level 1:colcon.colcon_core.package_identification:_identify(src) by extensions ['ros']
[0.096s] Level 1:colcon.colcon_core.package_identification:_identify(src) by extension 'ros'
[0.096s] Level 1:colcon.colcon_core.package_identification:_identify(src) by extensions ['cmake', 'python']
[0.096s] Level 1:colcon.colcon_core.package_identification:_identify(src) by extension 'cmake'
[0.097s] Level 1:colcon.colcon_core.package_identification:_identify(src) by extension 'python'
[0.097s] Level 1:colcon.colcon_core.package_identification:_identify(src) by extensions ['python_setup_py']
[0.097s] Level 1:colcon.colcon_core.package_identification:_identify(src) by extension 'python_setup_py'
[0.097s] Level 1:colcon.colcon_core.package_identification:_identify(src/aiguillages) by extensions ['ignore', 'ignore_ament_install']
[0.097s] Level 1:colcon.colcon_core.package_identification:_identify(src/aiguillages) by extension 'ignore'
[0.097s] Level 1:colcon.colcon_core.package_identification:_identify(src/aiguillages) by extension 'ignore_ament_install'
[0.097s] Level 1:colcon.colcon_core.package_identification:_identify(src/aiguillages) by extensions ['colcon_pkg']
[0.097s] Level 1:colcon.colcon_core.package_identification:_identify(src/aiguillages) by extension 'colcon_pkg'
[0.097s] Level 1:colcon.colcon_core.package_identification:_identify(src/aiguillages) by extensions ['colcon_meta']
[0.097s] Level 1:colcon.colcon_core.package_identification:_identify(src/aiguillages) by extension 'colcon_meta'
[0.097s] Level 1:colcon.colcon_core.package_identification:_identify(src/aiguillages) by extensions ['ros']
[0.097s] Level 1:colcon.colcon_core.package_identification:_identify(src/aiguillages) by extension 'ros'
[0.098s] DEBUG:colcon.colcon_core.package_identification:Package 'src/aiguillages' with type 'ros.ament_cmake' and name 'aiguillages'
[0.098s] Level 1:colcon.colcon_core.package_identification:_identify(src/commande_locale) by extensions ['ignore', 'ignore_ament_install']
[0.098s] Level 1:colcon.colcon_core.package_identification:_identify(src/commande_locale) by extension 'ignore'
[0.098s] Level 1:colcon.colcon_core.package_identification:_identify(src/commande_locale) by extension 'ignore_ament_install'
[0.098s] Level 1:colcon.colcon_core.package_identification:_identify(src/commande_locale) by extensions ['colcon_pkg']
[0.098s] Level 1:colcon.colcon_core.package_identification:_identify(src/commande_locale) by extension 'colcon_pkg'
[0.098s] Level 1:colcon.colcon_core.package_identification:_identify(src/commande_locale) by extensions ['colcon_meta']
[0.098s] Level 1:colcon.colcon_core.package_identification:_identify(src/commande_locale) by extension 'colcon_meta'
[0.099s] Level 1:colcon.colcon_core.package_identification:_identify(src/commande_locale) by extensions ['ros']
[0.099s] Level 1:colcon.colcon_core.package_identification:_identify(src/commande_locale) by extension 'ros'
[0.099s] DEBUG:colcon.colcon_core.package_identification:Package 'src/commande_locale' with type 'ros.ament_cmake' and name 'commande_locale'
[0.099s] Level 1:colcon.colcon_core.package_discovery:discover_packages(recursive) using defaults
[0.099s] Level 1:colcon.colcon_core.package_discovery:discover_packages(ignore) discover
[0.099s] Level 1:colcon.colcon_core.package_discovery:discover_packages(ignore) using defaults
[0.099s] Level 1:colcon.colcon_core.package_discovery:discover_packages(path) discover
[0.099s] Level 1:colcon.colcon_core.package_discovery:discover_packages(path) using defaults
[0.110s] Level 1:colcon.colcon_core.package_discovery:discover_packages(prefix_path) check parameters
[0.110s] Level 1:colcon.colcon_core.package_discovery:discover_packages(prefix_path) discover
[0.111s] DEBUG:colcon.colcon_installed_package_information.package_discovery:Found 286 installed packages in /opt/ros/jazzy
[0.111s] Level 1:colcon.colcon_core.package_discovery:discover_packages(prefix_path) using defaults
[0.130s] Level 5:colcon.colcon_core.verb:set package 'aiguillages' build argument 'cmake_args' from command line to 'None'
[0.130s] Level 5:colcon.colcon_core.verb:set package 'aiguillages' build argument 'cmake_target' from command line to 'None'
[0.130s] Level 5:colcon.colcon_core.verb:set package 'aiguillages' build argument 'cmake_target_skip_unavailable' from command line to 'False'
[0.130s] Level 5:colcon.colcon_core.verb:set package 'aiguillages' build argument 'cmake_clean_cache' from command line to 'False'
[0.130s] Level 5:colcon.colcon_core.verb:set package 'aiguillages' build argument 'cmake_clean_first' from command line to 'False'
[0.130s] Level 5:colcon.colcon_core.verb:set package 'aiguillages' build argument 'cmake_force_configure' from command line to 'False'
[0.130s] Level 5:colcon.colcon_core.verb:set package 'aiguillages' build argument 'ament_cmake_args' from command line to 'None'
[0.130s] Level 5:colcon.colcon_core.verb:set package 'aiguillages' build argument 'catkin_cmake_args' from command line to 'None'
[0.130s] Level 5:colcon.colcon_core.verb:set package 'aiguillages' build argument 'catkin_skip_building_tests' from command line to 'False'
[0.130s] DEBUG:colcon.colcon_core.verb:Building package 'aiguillages' with the following arguments: {'ament_cmake_args': None, 'build_base': '/home/user/celluleflexible/ros_ws/build/aiguillages', 'catkin_cmake_args': None, 'catkin_skip_building_tests': False, 'cmake_args': None, 'cmake_clean_cache': False, 'cmake_clean_first': False, 'cmake_force_configure': False, 'cmake_target': None, 'cmake_target_skip_unavailable': False, 'install_base': '/home/user/celluleflexible/ros_ws/install/aiguillages', 'merge_install': False, 'path': '/home/user/celluleflexible/ros_ws/src/aiguillages', 'symlink_install': False, 'test_result_base': None}
[0.131s] Level 5:colcon.colcon_core.verb:set package 'commande_locale' build argument 'cmake_args' from command line to 'None'
[0.131s] Level 5:colcon.colcon_core.verb:set package 'commande_locale' build argument 'cmake_target' from command line to 'None'
[0.131s] Level 5:colcon.colcon_core.verb:set package 'commande_locale' build argument 'cmake_target_skip_unavailable' from command line to 'False'
[0.131s] Level 5:colcon.colcon_core.verb:set package 'commande_locale' build argument 'cmake_clean_cache' from command line to 'False'
[0.131s] Level 5:colcon.colcon_core.verb:set package 'commande_locale' build argument 'cmake_clean_first' from command line to 'False'
[0.131s] Level 5:colcon.colcon_core.verb:set package 'commande_locale' build argument 'cmake_force_configure' from command line to 'False'
[0.131s] Level 5:colcon.colcon_core.verb:set package 'commande_locale' build argument 'ament_cmake_args' from command line to 'None'
[0.131s] Level 5:colcon.colcon_core.verb:set package 'commande_locale' build argument 'catkin_cmake_args' from command line to 'None'
[0.131s] Level 5:colcon.colcon_core.verb:set package 'commande_locale' build argument 'catkin_skip_building_tests' from command line to 'False'
[0.131s] DEBUG:colcon.colcon_core.verb:Building package 'commande_locale' with the following arguments: {'ament_cmake_args': None, 'build_base': '/home/user/celluleflexible/ros_ws/build/commande_locale', 'catkin_cmake_args': None, 'catkin_skip_building_tests': False, 'cmake_args': None, 'cmake_clean_cache': False, 'cmake_clean_first': False, 'cmake_force_configure': False, 'cmake_target': None, 'cmake_target_skip_unavailable': False, 'install_base': '/home/user/celluleflexible/ros_ws/install/commande_locale', 'merge_install': False, 'path': '/home/user/celluleflexible/ros_ws/src/commande_locale', 'symlink_install': False, 'test_result_base': None}
[0.131s] INFO:colcon.colcon_core.executor:Executing jobs using 'parallel' executor
[0.132s] DEBUG:colcon.colcon_parallel_executor.executor.parallel:run_until_complete
[0.133s] INFO:colcon.colcon_ros.task.ament_cmake.build:Building ROS package in '/home/user/celluleflexible/ros_ws/src/aiguillages' with build type 'ament_cmake'
[0.133s] INFO:colcon.colcon_cmake.task.cmake.build:Building CMake package in '/home/user/celluleflexible/ros_ws/src/aiguillages'
[0.135s] INFO:colcon.colcon_core.plugin_system:Skipping extension 'colcon_core.shell.bat': Not used on non-Windows systems
[0.135s] INFO:colcon.colcon_core.shell:Skip shell extension 'powershell' for command environment: Not usable outside of PowerShell
[0.135s] DEBUG:colcon.colcon_core.shell:Skip shell extension 'dsv' for command environment
[0.148s] DEBUG:colcon.colcon_core.event_handler.log_command:Invoking command in '/home/user/celluleflexible/ros_ws/build/aiguillages': CMAKE_PREFIX_PATH=${CMAKE_PREFIX_PATH}:/opt/ros/jazzy DEBUGINFOD_URLS=https://debuginfod.ubuntu.com /usr/bin/cmake --build /home/user/celluleflexible/ros_ws/build/aiguillages -- -j8 -l8
[0.466s] DEBUG:colcon.colcon_core.event_handler.log_command:Invoked command in '/home/user/celluleflexible/ros_ws/build/aiguillages' returned '0': CMAKE_PREFIX_PATH=${CMAKE_PREFIX_PATH}:/opt/ros/jazzy DEBUGINFOD_URLS=https://debuginfod.ubuntu.com /usr/bin/cmake --build /home/user/celluleflexible/ros_ws/build/aiguillages -- -j8 -l8
[0.473s] DEBUG:colcon.colcon_core.event_handler.log_command:Invoking command in '/home/user/celluleflexible/ros_ws/build/aiguillages': CMAKE_PREFIX_PATH=${CMAKE_PREFIX_PATH}:/opt/ros/jazzy DEBUGINFOD_URLS=https://debuginfod.ubuntu.com /usr/bin/cmake --install /home/user/celluleflexible/ros_ws/build/aiguillages
[0.513s] Level 1:colcon.colcon_core.environment:create_environment_scripts_only(aiguillages)
[0.514s] DEBUG:colcon.colcon_core.event_handler.log_command:Invoked command in '/home/user/celluleflexible/ros_ws/build/aiguillages' returned '0': CMAKE_PREFIX_PATH=${CMAKE_PREFIX_PATH}:/opt/ros/jazzy DEBUGINFOD_URLS=https://debuginfod.ubuntu.com /usr/bin/cmake --install /home/user/celluleflexible/ros_ws/build/aiguillages
[0.515s] Level 1:colcon.colcon_core.environment:checking '/home/user/celluleflexible/ros_ws/install/aiguillages' for CMake module files
[0.515s] Level 1:colcon.colcon_core.environment:checking '/home/user/celluleflexible/ros_ws/install/aiguillages' for CMake config files
[0.515s] Level 1:colcon.colcon_core.shell:create_environment_hook('aiguillages', 'cmake_prefix_path')
[0.515s] INFO:colcon.colcon_core.shell:Creating environment hook '/home/user/celluleflexible/ros_ws/install/aiguillages/share/aiguillages/hook/cmake_prefix_path.ps1'
[0.516s] INFO:colcon.colcon_core.shell:Creating environment descriptor '/home/user/celluleflexible/ros_ws/install/aiguillages/share/aiguillages/hook/cmake_prefix_path.dsv'
[0.516s] INFO:colcon.colcon_core.shell:Creating environment hook '/home/user/celluleflexible/ros_ws/install/aiguillages/share/aiguillages/hook/cmake_prefix_path.sh'
[0.517s] Level 1:colcon.colcon_core.environment:checking '/home/user/celluleflexible/ros_ws/install/aiguillages/lib'
[0.517s] Level 1:colcon.colcon_core.shell:create_environment_hook('aiguillages', 'ld_library_path_lib')
[0.517s] INFO:colcon.colcon_core.shell:Creating environment hook '/home/user/celluleflexible/ros_ws/install/aiguillages/share/aiguillages/hook/ld_library_path_lib.ps1'
[0.517s] INFO:colcon.colcon_core.shell:Creating environment descriptor '/home/user/celluleflexible/ros_ws/install/aiguillages/share/aiguillages/hook/ld_library_path_lib.dsv'
[0.517s] INFO:colcon.colcon_core.shell:Creating environment hook '/home/user/celluleflexible/ros_ws/install/aiguillages/share/aiguillages/hook/ld_library_path_lib.sh'
[0.518s] Level 1:colcon.colcon_core.environment:checking '/home/user/celluleflexible/ros_ws/install/aiguillages/bin'
[0.518s] Level 1:colcon.colcon_core.environment:checking '/home/user/celluleflexible/ros_ws/install/aiguillages/lib/pkgconfig/aiguillages.pc'
[0.518s] Level 1:colcon.colcon_core.environment:checking '/home/user/celluleflexible/ros_ws/install/aiguillages/lib/python3.12/site-packages'
[0.518s] Level 1:colcon.colcon_core.shell:create_environment_hook('aiguillages', 'pythonpath')
[0.518s] INFO:colcon.colcon_core.shell:Creating environment hook '/home/user/celluleflexible/ros_ws/install/aiguillages/share/aiguillages/hook/pythonpath.ps1'
[0.518s] INFO:colcon.colcon_core.shell:Creating environment descriptor '/home/user/celluleflexible/ros_ws/install/aiguillages/share/aiguillages/hook/pythonpath.dsv'
[0.519s] INFO:colcon.colcon_core.shell:Creating environment hook '/home/user/celluleflexible/ros_ws/install/aiguillages/share/aiguillages/hook/pythonpath.sh'
[0.519s] Level 1:colcon.colcon_core.environment:checking '/home/user/celluleflexible/ros_ws/install/aiguillages/bin'
[0.519s] INFO:colcon.colcon_core.shell:Creating package script '/home/user/celluleflexible/ros_ws/install/aiguillages/share/aiguillages/package.ps1'
[0.520s] INFO:colcon.colcon_core.shell:Creating package descriptor '/home/user/celluleflexible/ros_ws/install/aiguillages/share/aiguillages/package.dsv'
[0.520s] INFO:colcon.colcon_core.shell:Creating package script '/home/user/celluleflexible/ros_ws/install/aiguillages/share/aiguillages/package.sh'
[0.520s] INFO:colcon.colcon_core.shell:Creating package script '/home/user/celluleflexible/ros_ws/install/aiguillages/share/aiguillages/package.bash'
[0.521s] INFO:colcon.colcon_core.shell:Creating package script '/home/user/celluleflexible/ros_ws/install/aiguillages/share/aiguillages/package.zsh'
[0.521s] Level 1:colcon.colcon_core.environment:create_file_with_runtime_dependencies(/home/user/celluleflexible/ros_ws/install/aiguillages/share/colcon-core/packages/aiguillages)
[0.522s] Level 1:colcon.colcon_core.environment:create_environment_scripts_only(aiguillages)
[0.522s] Level 1:colcon.colcon_core.environment:checking '/home/user/celluleflexible/ros_ws/install/aiguillages' for CMake module files
[0.522s] Level 1:colcon.colcon_core.environment:checking '/home/user/celluleflexible/ros_ws/install/aiguillages' for CMake config files
[0.522s] Level 1:colcon.colcon_core.shell:create_environment_hook('aiguillages', 'cmake_prefix_path')
[0.522s] INFO:colcon.colcon_core.shell:Creating environment hook '/home/user/celluleflexible/ros_ws/install/aiguillages/share/aiguillages/hook/cmake_prefix_path.ps1'
[0.522s] INFO:colcon.colcon_core.shell:Creating environment descriptor '/home/user/celluleflexible/ros_ws/install/aiguillages/share/aiguillages/hook/cmake_prefix_path.dsv'
[0.523s] INFO:colcon.colcon_core.shell:Creating environment hook '/home/user/celluleflexible/ros_ws/install/aiguillages/share/aiguillages/hook/cmake_prefix_path.sh'
[0.523s] Level 1:colcon.colcon_core.environment:checking '/home/user/celluleflexible/ros_ws/install/aiguillages/lib'
[0.523s] Level 1:colcon.colcon_core.shell:create_environment_hook('aiguillages', 'ld_library_path_lib')
[0.523s] INFO:colcon.colcon_core.shell:Creating environment hook '/home/user/celluleflexible/ros_ws/install/aiguillages/share/aiguillages/hook/ld_library_path_lib.ps1'
[0.524s] INFO:colcon.colcon_core.shell:Creating environment descriptor '/home/user/celluleflexible/ros_ws/install/aiguillages/share/aiguillages/hook/ld_library_path_lib.dsv'
[0.524s] INFO:colcon.colcon_core.shell:Creating environment hook '/home/user/celluleflexible/ros_ws/install/aiguillages/share/aiguillages/hook/ld_library_path_lib.sh'
[0.524s] Level 1:colcon.colcon_core.environment:checking '/home/user/celluleflexible/ros_ws/install/aiguillages/bin'
[0.524s] Level 1:colcon.colcon_core.environment:checking '/home/user/celluleflexible/ros_ws/install/aiguillages/lib/pkgconfig/aiguillages.pc'
[0.524s] Level 1:colcon.colcon_core.environment:checking '/home/user/celluleflexible/ros_ws/install/aiguillages/lib/python3.12/site-packages'
[0.525s] Level 1:colcon.colcon_core.shell:create_environment_hook('aiguillages', 'pythonpath')
[0.525s] INFO:colcon.colcon_core.shell:Creating environment hook '/home/user/celluleflexible/ros_ws/install/aiguillages/share/aiguillages/hook/pythonpath.ps1'
[0.525s] INFO:colcon.colcon_core.shell:Creating environment descriptor '/home/user/celluleflexible/ros_ws/install/aiguillages/share/aiguillages/hook/pythonpath.dsv'
[0.525s] INFO:colcon.colcon_core.shell:Creating environment hook '/home/user/celluleflexible/ros_ws/install/aiguillages/share/aiguillages/hook/pythonpath.sh'
[0.526s] Level 1:colcon.colcon_core.environment:checking '/home/user/celluleflexible/ros_ws/install/aiguillages/bin'
[0.526s] INFO:colcon.colcon_core.shell:Creating package script '/home/user/celluleflexible/ros_ws/install/aiguillages/share/aiguillages/package.ps1'
[0.526s] INFO:colcon.colcon_core.shell:Creating package descriptor '/home/user/celluleflexible/ros_ws/install/aiguillages/share/aiguillages/package.dsv'
[0.527s] INFO:colcon.colcon_core.shell:Creating package script '/home/user/celluleflexible/ros_ws/install/aiguillages/share/aiguillages/package.sh'
[0.527s] INFO:colcon.colcon_core.shell:Creating package script '/home/user/celluleflexible/ros_ws/install/aiguillages/share/aiguillages/package.bash'
[0.527s] INFO:colcon.colcon_core.shell:Creating package script '/home/user/celluleflexible/ros_ws/install/aiguillages/share/aiguillages/package.zsh'
[0.527s] Level 1:colcon.colcon_core.environment:create_file_with_runtime_dependencies(/home/user/celluleflexible/ros_ws/install/aiguillages/share/colcon-core/packages/aiguillages)
[0.528s] INFO:colcon.colcon_ros.task.ament_cmake.build:Building ROS package in '/home/user/celluleflexible/ros_ws/src/commande_locale' with build type 'ament_cmake'
[0.528s] INFO:colcon.colcon_cmake.task.cmake.build:Building CMake package in '/home/user/celluleflexible/ros_ws/src/commande_locale'
[0.528s] INFO:colcon.colcon_core.shell:Skip shell extension 'powershell' for command environment: Not usable outside of PowerShell
[0.528s] DEBUG:colcon.colcon_core.shell:Skip shell extension 'dsv' for command environment
[0.553s] DEBUG:colcon.colcon_core.event_handler.log_command:Invoking command in '/home/user/celluleflexible/ros_ws/build/commande_locale': AMENT_PREFIX_PATH=/home/user/celluleflexible/ros_ws/install/aiguillages:${AMENT_PREFIX_PATH} CMAKE_PREFIX_PATH=/home/user/celluleflexible/ros_ws/install/aiguillages:/opt/ros/jazzy/opt/gz_math_vendor:/opt/ros/jazzy/opt/gz_utils_vendor:/opt/ros/jazzy/opt/gz_cmake_vendor:/opt/ros/jazzy DEBUGINFOD_URLS=https://debuginfod.ubuntu.com LD_LIBRARY_PATH=/home/user/celluleflexible/ros_ws/install/aiguillages/lib:${LD_LIBRARY_PATH} PYTHONPATH=/home/user/celluleflexible/ros_ws/install/aiguillages/lib/python3.12/site-packages:${PYTHONPATH} /usr/bin/cmake --build /home/user/celluleflexible/ros_ws/build/commande_locale -- -j8 -l8
[11.231s] DEBUG:colcon.colcon_core.event_handler.log_command:Invoked command in '/home/user/celluleflexible/ros_ws/build/commande_locale' returned '0': AMENT_PREFIX_PATH=/home/user/celluleflexible/ros_ws/install/aiguillages:${AMENT_PREFIX_PATH} CMAKE_PREFIX_PATH=/home/user/celluleflexible/ros_ws/install/aiguillages:/opt/ros/jazzy/opt/gz_math_vendor:/opt/ros/jazzy/opt/gz_utils_vendor:/opt/ros/jazzy/opt/gz_cmake_vendor:/opt/ros/jazzy DEBUGINFOD_URLS=https://debuginfod.ubuntu.com LD_LIBRARY_PATH=/home/user/celluleflexible/ros_ws/install/aiguillages/lib:${LD_LIBRARY_PATH} PYTHONPATH=/home/user/celluleflexible/ros_ws/install/aiguillages/lib/python3.12/site-packages:${PYTHONPATH} /usr/bin/cmake --build /home/user/celluleflexible/ros_ws/build/commande_locale -- -j8 -l8
[11.232s] DEBUG:colcon.colcon_core.event_handler.log_command:Invoking command in '/home/user/celluleflexible/ros_ws/build/commande_locale': AMENT_PREFIX_PATH=/home/user/celluleflexible/ros_ws/install/aiguillages:${AMENT_PREFIX_PATH} CMAKE_PREFIX_PATH=/home/user/celluleflexible/ros_ws/install/aiguillages:/opt/ros/jazzy/opt/gz_math_vendor:/opt/ros/jazzy/opt/gz_utils_vendor:/opt/ros/jazzy/opt/gz_cmake_vendor:/opt/ros/jazzy DEBUGINFOD_URLS=https://debuginfod.ubuntu.com LD_LIBRARY_PATH=/home/user/celluleflexible/ros_ws/install/aiguillages/lib:${LD_LIBRARY_PATH} PYTHONPATH=/home/user/celluleflexible/ros_ws/install/aiguillages/lib/python3.12/site-packages:${PYTHONPATH} /usr/bin/cmake --install /home/user/celluleflexible/ros_ws/build/commande_locale
[11.335s] Level 1:colcon.colcon_core.environment:create_environment_scripts_only(commande_locale)
[11.335s] Level 1:colcon.colcon_core.environment:checking '/home/user/celluleflexible/ros_ws/install/commande_locale' for CMake module files
[11.337s] DEBUG:colcon.colcon_core.event_handler.log_command:Invoked command in '/home/user/celluleflexible/ros_ws/build/commande_locale' returned '0': AMENT_PREFIX_PATH=/home/user/celluleflexible/ros_ws/install/aiguillages:${AMENT_PREFIX_PATH} CMAKE_PREFIX_PATH=/home/user/celluleflexible/ros_ws/install/aiguillages:/opt/ros/jazzy/opt/gz_math_vendor:/opt/ros/jazzy/opt/gz_utils_vendor:/opt/ros/jazzy/opt/gz_cmake_vendor:/opt/ros/jazzy DEBUGINFOD_URLS=https://debuginfod.ubuntu.com LD_LIBRARY_PATH=/home/user/celluleflexible/ros_ws/install/aiguillages/lib:${LD_LIBRARY_PATH} PYTHONPATH=/home/user/celluleflexible/ros_ws/install/aiguillages/lib/python3.12/site-packages:${PYTHONPATH} /usr/bin/cmake --install /home/user/celluleflexible/ros_ws/build/commande_locale
[11.337s] Level 1:colcon.colcon_core.environment:checking '/home/user/celluleflexible/ros_ws/install/commande_locale' for CMake config files
[11.337s] Level 1:colcon.colcon_core.shell:create_environment_hook('commande_locale', 'cmake_prefix_path')
[11.337s] INFO:colcon.colcon_core.shell:Creating environment hook '/home/user/celluleflexible/ros_ws/install/commande_locale/share/commande_locale/hook/cmake_prefix_path.ps1'
[11.338s] INFO:colcon.colcon_core.shell:Creating environment descriptor '/home/user/celluleflexible/ros_ws/install/commande_locale/share/commande_locale/hook/cmake_prefix_path.dsv'
[11.338s] INFO:colcon.colcon_core.shell:Creating environment hook '/home/user/celluleflexible/ros_ws/install/commande_locale/share/commande_locale/hook/cmake_prefix_path.sh'
[11.338s] Level 1:colcon.colcon_core.environment:checking '/home/user/celluleflexible/ros_ws/install/commande_locale/lib'
[11.339s] Level 1:colcon.colcon_core.shell:create_environment_hook('commande_locale', 'ld_library_path_lib')
[11.339s] INFO:colcon.colcon_core.shell:Creating environment hook '/home/user/celluleflexible/ros_ws/install/commande_locale/share/commande_locale/hook/ld_library_path_lib.ps1'
[11.339s] INFO:colcon.colcon_core.shell:Creating environment descriptor '/home/user/celluleflexible/ros_ws/install/commande_locale/share/commande_locale/hook/ld_library_path_lib.dsv'
[11.339s] INFO:colcon.colcon_core.shell:Creating environment hook '/home/user/celluleflexible/ros_ws/install/commande_locale/share/commande_locale/hook/ld_library_path_lib.sh'
[11.340s] Level 1:colcon.colcon_core.environment:checking '/home/user/celluleflexible/ros_ws/install/commande_locale/bin'
[11.340s] Level 1:colcon.colcon_core.environment:checking '/home/user/celluleflexible/ros_ws/install/commande_locale/lib/pkgconfig/commande_locale.pc'
[11.340s] Level 1:colcon.colcon_core.environment:checking '/home/user/celluleflexible/ros_ws/install/commande_locale/lib/python3.12/site-packages'
[11.340s] Level 1:colcon.colcon_core.shell:create_environment_hook('commande_locale', 'pythonpath')
[11.340s] INFO:colcon.colcon_core.shell:Creating environment hook '/home/user/celluleflexible/ros_ws/install/commande_locale/share/commande_locale/hook/pythonpath.ps1'
[11.340s] INFO:colcon.colcon_core.shell:Creating environment descriptor '/home/user/celluleflexible/ros_ws/install/commande_locale/share/commande_locale/hook/pythonpath.dsv'
[11.340s] INFO:colcon.colcon_core.shell:Creating environment hook '/home/user/celluleflexible/ros_ws/install/commande_locale/share/commande_locale/hook/pythonpath.sh'
[11.341s] Level 1:colcon.colcon_core.environment:checking '/home/user/celluleflexible/ros_ws/install/commande_locale/bin'
[11.341s] INFO:colcon.colcon_core.shell:Creating package script '/home/user/celluleflexible/ros_ws/install/commande_locale/share/commande_locale/package.ps1'
[11.341s] INFO:colcon.colcon_core.shell:Creating package descriptor '/home/user/celluleflexible/ros_ws/install/commande_locale/share/commande_locale/package.dsv'
[11.342s] INFO:colcon.colcon_core.shell:Creating package script '/home/user/celluleflexible/ros_ws/install/commande_locale/share/commande_locale/package.sh'
[11.342s] INFO:colcon.colcon_core.shell:Creating package script '/home/user/celluleflexible/ros_ws/install/commande_locale/share/commande_locale/package.bash'
[11.342s] INFO:colcon.colcon_core.shell:Creating package script '/home/user/celluleflexible/ros_ws/install/commande_locale/share/commande_locale/package.zsh'
[11.343s] Level 1:colcon.colcon_core.environment:create_file_with_runtime_dependencies(/home/user/celluleflexible/ros_ws/install/commande_locale/share/colcon-core/packages/commande_locale)
[11.343s] Level 1:colcon.colcon_core.environment:create_environment_scripts_only(commande_locale)
[11.343s] Level 1:colcon.colcon_core.environment:checking '/home/user/celluleflexible/ros_ws/install/commande_locale' for CMake module files
[11.344s] Level 1:colcon.colcon_core.environment:checking '/home/user/celluleflexible/ros_ws/install/commande_locale' for CMake config files
[11.344s] Level 1:colcon.colcon_core.shell:create_environment_hook('commande_locale', 'cmake_prefix_path')
[11.344s] INFO:colcon.colcon_core.shell:Creating environment hook '/home/user/celluleflexible/ros_ws/install/commande_locale/share/commande_locale/hook/cmake_prefix_path.ps1'
[11.344s] INFO:colcon.colcon_core.shell:Creating environment descriptor '/home/user/celluleflexible/ros_ws/install/commande_locale/share/commande_locale/hook/cmake_prefix_path.dsv'
[11.344s] INFO:colcon.colcon_core.shell:Creating environment hook '/home/user/celluleflexible/ros_ws/install/commande_locale/share/commande_locale/hook/cmake_prefix_path.sh'
[11.345s] Level 1:colcon.colcon_core.environment:checking '/home/user/celluleflexible/ros_ws/install/commande_locale/lib'
[11.346s] Level 1:colcon.colcon_core.shell:create_environment_hook('commande_locale', 'ld_library_path_lib')
[11.346s] INFO:colcon.colcon_core.shell:Creating environment hook '/home/user/celluleflexible/ros_ws/install/commande_locale/share/commande_locale/hook/ld_library_path_lib.ps1'
[11.346s] INFO:colcon.colcon_core.shell:Creating environment descriptor '/home/user/celluleflexible/ros_ws/install/commande_locale/share/commande_locale/hook/ld_library_path_lib.dsv'
[11.346s] INFO:colcon.colcon_core.shell:Creating environment hook '/home/user/celluleflexible/ros_ws/install/commande_locale/share/commande_locale/hook/ld_library_path_lib.sh'
[11.346s] Level 1:colcon.colcon_core.environment:checking '/home/user/celluleflexible/ros_ws/install/commande_locale/bin'
[11.347s] Level 1:colcon.colcon_core.environment:checking '/home/user/celluleflexible/ros_ws/install/commande_locale/lib/pkgconfig/commande_locale.pc'
[11.347s] Level 1:colcon.colcon_core.environment:checking '/home/user/celluleflexible/ros_ws/install/commande_locale/lib/python3.12/site-packages'
[11.347s] Level 1:colcon.colcon_core.shell:create_environment_hook('commande_locale', 'pythonpath')
[11.347s] INFO:colcon.colcon_core.shell:Creating environment hook '/home/user/celluleflexible/ros_ws/install/commande_locale/share/commande_locale/hook/pythonpath.ps1'
[11.347s] INFO:colcon.colcon_core.shell:Creating environment descriptor '/home/user/celluleflexible/ros_ws/install/commande_locale/share/commande_locale/hook/pythonpath.dsv'
[11.347s] INFO:colcon.colcon_core.shell:Creating environment hook '/home/user/celluleflexible/ros_ws/install/commande_locale/share/commande_locale/hook/pythonpath.sh'
[11.348s] Level 1:colcon.colcon_core.environment:checking '/home/user/celluleflexible/ros_ws/install/commande_locale/bin'
[11.348s] INFO:colcon.colcon_core.shell:Creating package script '/home/user/celluleflexible/ros_ws/install/commande_locale/share/commande_locale/package.ps1'
[11.349s] INFO:colcon.colcon_core.shell:Creating package descriptor '/home/user/celluleflexible/ros_ws/install/commande_locale/share/commande_locale/package.dsv'
[11.349s] INFO:colcon.colcon_core.shell:Creating package script '/home/user/celluleflexible/ros_ws/install/commande_locale/share/commande_locale/package.sh'
[11.349s] INFO:colcon.colcon_core.shell:Creating package script '/home/user/celluleflexible/ros_ws/install/commande_locale/share/commande_locale/package.bash'
[11.350s] INFO:colcon.colcon_core.shell:Creating package script '/home/user/celluleflexible/ros_ws/install/commande_locale/share/commande_locale/package.zsh'
[11.350s] Level 1:colcon.colcon_core.environment:create_file_with_runtime_dependencies(/home/user/celluleflexible/ros_ws/install/commande_locale/share/colcon-core/packages/commande_locale)
[11.350s] DEBUG:colcon.colcon_parallel_executor.executor.parallel:closing loop
[11.351s] DEBUG:colcon.colcon_parallel_executor.executor.parallel:loop closed
[11.351s] DEBUG:colcon.colcon_parallel_executor.executor.parallel:run_until_complete finished with '0'
[11.351s] DEBUG:colcon.colcon_core.event_reactor:joining thread
[11.355s] INFO:colcon.colcon_core.plugin_system:Skipping extension 'colcon_notification.desktop_notification.terminal_notifier': Not used on non-Darwin systems
[11.355s] INFO:colcon.colcon_core.plugin_system:Skipping extension 'colcon_notification.desktop_notification.win32': Not used on non-Windows systems
[11.355s] INFO:colcon.colcon_notification.desktop_notification:Sending desktop notification using 'notify2'
[11.370s] DEBUG:colcon.colcon_core.event_reactor:joined thread
[11.371s] INFO:colcon.colcon_core.shell:Creating prefix script '/home/user/celluleflexible/ros_ws/install/local_setup.ps1'
[11.372s] INFO:colcon.colcon_core.shell:Creating prefix util module '/home/user/celluleflexible/ros_ws/install/_local_setup_util_ps1.py'
[11.374s] INFO:colcon.colcon_core.shell:Creating prefix chain script '/home/user/celluleflexible/ros_ws/install/setup.ps1'
[11.375s] INFO:colcon.colcon_core.shell:Creating prefix script '/home/user/celluleflexible/ros_ws/install/local_setup.sh'
[11.376s] INFO:colcon.colcon_core.shell:Creating prefix util module '/home/user/celluleflexible/ros_ws/install/_local_setup_util_sh.py'
[11.376s] INFO:colcon.colcon_core.shell:Creating prefix chain script '/home/user/celluleflexible/ros_ws/install/setup.sh'
[11.378s] INFO:colcon.colcon_core.shell:Creating prefix script '/home/user/celluleflexible/ros_ws/install/local_setup.bash'
[11.378s] INFO:colcon.colcon_core.shell:Creating prefix chain script '/home/user/celluleflexible/ros_ws/install/setup.bash'
[11.379s] INFO:colcon.colcon_core.shell:Creating prefix script '/home/user/celluleflexible/ros_ws/install/local_setup.zsh'
[11.380s] INFO:colcon.colcon_core.shell:Creating prefix chain script '/home/user/celluleflexible/ros_ws/install/setup.zsh'
