[0.015s] Invoking command in '/home/user/celluleflexible_en_cours_ROS2/celluleflexible/ros_ws/build/shuttles': AMENT_PREFIX_PATH=/home/user/celluleflexible_en_cours_ROS2/celluleflexible/ros_ws/install/aiguillages:${AMENT_PREFIX_PATH} CMAKE_PREFIX_PATH=/home/user/celluleflexible_en_cours_ROS2/celluleflexible/ros_ws/install/aiguillages:/opt/ros/jazzy/opt/gz_math_vendor:/opt/ros/jazzy/opt/gz_utils_vendor:/opt/ros/jazzy/opt/gz_cmake_vendor:/opt/ros/jazzy DEBUGINFOD_URLS=https://debuginfod.ubuntu.com LD_LIBRARY_PATH=/home/user/celluleflexible_en_cours_ROS2/celluleflexible/ros_ws/install/aiguillages/lib:${LD_LIBRARY_PATH} PYTHONPATH=/home/user/celluleflexible_en_cours_ROS2/celluleflexible/ros_ws/install/aiguillages/lib/python3.12/site-packages:${PYTHONPATH} /usr/bin/cmake --build /home/user/celluleflexible_en_cours_ROS2/celluleflexible/ros_ws/build/shuttles -- -j8 -l8
[0.068s] [  1%] Built target shuttles__rosidl_generator_type_description
[0.075s] [  1%] Built target ament_cmake_python_copy_shuttles
[0.093s] [  2%] Built target shuttles__cpp
[0.093s] [ 23%] Built target shuttles__rosidl_generator_c
[0.136s] [ 32%] Built target shuttles__rosidl_typesupport_cpp
[0.136s] [ 41%] Built target shuttles__rosidl_typesupport_fastrtps_c
[0.136s] [ 76%] Built target shuttles__rosidl_typesupport_introspection_c
[0.136s] [ 50%] Built target shuttles__rosidl_typesupport_fastrtps_cpp
[0.137s] [ 58%] Built target shuttles__rosidl_typesupport_c
[0.140s] [ 67%] Built target shuttles__rosidl_typesupport_introspection_cpp
[0.158s] [ 76%] Built target shuttles
[0.160s] [ 82%] Built target shuttle_manager
[0.177s] [ 83%] Built target shuttles__py
[0.196s] [ 91%] Built target shuttles__rosidl_generator_py
[0.217s] running egg_info
[0.217s] [ 94%] Built target shuttles_s__rosidl_typesupport_introspection_c
[0.217s] [ 97%] Built target shuttles_s__rosidl_typesupport_c
[0.218s] [100%] Built target shuttles_s__rosidl_typesupport_fastrtps_c
[0.226s] writing shuttles.egg-info/PKG-INFO
[0.229s] writing dependency_links to shuttles.egg-info/dependency_links.txt
[0.229s] writing top-level names to shuttles.egg-info/top_level.txt
[0.255s] reading manifest file 'shuttles.egg-info/SOURCES.txt'
[0.256s] writing manifest file 'shuttles.egg-info/SOURCES.txt'
[0.281s] [100%] Built target ament_cmake_python_build_shuttles_egg
[0.318s] Invoked command in '/home/user/celluleflexible_en_cours_ROS2/celluleflexible/ros_ws/build/shuttles' returned '0': AMENT_PREFIX_PATH=/home/user/celluleflexible_en_cours_ROS2/celluleflexible/ros_ws/install/aiguillages:${AMENT_PREFIX_PATH} CMAKE_PREFIX_PATH=/home/user/celluleflexible_en_cours_ROS2/celluleflexible/ros_ws/install/aiguillages:/opt/ros/jazzy/opt/gz_math_vendor:/opt/ros/jazzy/opt/gz_utils_vendor:/opt/ros/jazzy/opt/gz_cmake_vendor:/opt/ros/jazzy DEBUGINFOD_URLS=https://debuginfod.ubuntu.com LD_LIBRARY_PATH=/home/user/celluleflexible_en_cours_ROS2/celluleflexible/ros_ws/install/aiguillages/lib:${LD_LIBRARY_PATH} PYTHONPATH=/home/user/celluleflexible_en_cours_ROS2/celluleflexible/ros_ws/install/aiguillages/lib/python3.12/site-packages:${PYTHONPATH} /usr/bin/cmake --build /home/user/celluleflexible_en_cours_ROS2/celluleflexible/ros_ws/build/shuttles -- -j8 -l8
[0.318s] Invoking command in '/home/user/celluleflexible_en_cours_ROS2/celluleflexible/ros_ws/build/shuttles': AMENT_PREFIX_PATH=/home/user/celluleflexible_en_cours_ROS2/celluleflexible/ros_ws/install/aiguillages:${AMENT_PREFIX_PATH} CMAKE_PREFIX_PATH=/home/user/celluleflexible_en_cours_ROS2/celluleflexible/ros_ws/install/aiguillages:/opt/ros/jazzy/opt/gz_math_vendor:/opt/ros/jazzy/opt/gz_utils_vendor:/opt/ros/jazzy/opt/gz_cmake_vendor:/opt/ros/jazzy DEBUGINFOD_URLS=https://debuginfod.ubuntu.com LD_LIBRARY_PATH=/home/user/celluleflexible_en_cours_ROS2/celluleflexible/ros_ws/install/aiguillages/lib:${LD_LIBRARY_PATH} PYTHONPATH=/home/user/celluleflexible_en_cours_ROS2/celluleflexible/ros_ws/install/aiguillages/lib/python3.12/site-packages:${PYTHONPATH} /usr/bin/cmake --install /home/user/celluleflexible_en_cours_ROS2/celluleflexible/ros_ws/build/shuttles
[0.318s] -- Install configuration: ""
[0.318s] -- Up-to-date: /home/user/celluleflexible_en_cours_ROS2/celluleflexible/ros_ws/install/shuttles/share/ament_index/resource_index/rosidl_interfaces/shuttles
[0.318s] -- Up-to-date: /home/user/celluleflexible_en_cours_ROS2/celluleflexible/ros_ws/install/shuttles/share/shuttles/msg/MsgShuttleChange.json
[0.318s] -- Up-to-date: /home/user/celluleflexible_en_cours_ROS2/celluleflexible/ros_ws/install/shuttles/share/shuttles/msg/MsgShuttleCreate.json
[0.318s] -- Up-to-date: /home/user/celluleflexible_en_cours_ROS2/celluleflexible/ros_ws/install/shuttles/share/shuttles/msg/MsgErreur.json
[0.318s] -- Up-to-date: /home/user/celluleflexible_en_cours_ROS2/celluleflexible/ros_ws/install/shuttles/share/shuttles/srv/ShuttleId.json
[0.318s] -- Up-to-date: /home/user/celluleflexible_en_cours_ROS2/celluleflexible/ros_ws/install/shuttles/include/shuttles/shuttles
[0.318s] -- Up-to-date: /home/user/celluleflexible_en_cours_ROS2/celluleflexible/ros_ws/install/shuttles/include/shuttles/shuttles/msg
[0.318s] -- Up-to-date: /home/user/celluleflexible_en_cours_ROS2/celluleflexible/ros_ws/install/shuttles/include/shuttles/shuttles/msg/msg_shuttle_create.h
[0.318s] -- Up-to-date: /home/user/celluleflexible_en_cours_ROS2/celluleflexible/ros_ws/install/shuttles/include/shuttles/shuttles/msg/msg_shuttle_change.h
[0.318s] -- Up-to-date: /home/user/celluleflexible_en_cours_ROS2/celluleflexible/ros_ws/install/shuttles/include/shuttles/shuttles/msg/rosidl_generator_c__visibility_control.h
[0.318s] -- Up-to-date: /home/user/celluleflexible_en_cours_ROS2/celluleflexible/ros_ws/install/shuttles/include/shuttles/shuttles/msg/msg_erreur.h
[0.318s] -- Up-to-date: /home/user/celluleflexible_en_cours_ROS2/celluleflexible/ros_ws/install/shuttles/include/shuttles/shuttles/msg/detail
[0.318s] -- Up-to-date: /home/user/celluleflexible_en_cours_ROS2/celluleflexible/ros_ws/install/shuttles/include/shuttles/shuttles/msg/detail/msg_shuttle_change__functions.h
[0.319s] -- Up-to-date: /home/user/celluleflexible_en_cours_ROS2/celluleflexible/ros_ws/install/shuttles/include/shuttles/shuttles/msg/detail/msg_erreur__functions.h
[0.320s] -- Up-to-date: /home/user/celluleflexible_en_cours_ROS2/celluleflexible/ros_ws/install/shuttles/include/shuttles/shuttles/msg/detail/msg_shuttle_create__functions.c
[0.320s] -- Up-to-date: /home/user/celluleflexible_en_cours_ROS2/celluleflexible/ros_ws/install/shuttles/include/shuttles/shuttles/msg/detail/msg_shuttle_create__type_support.c
[0.320s] -- Up-to-date: /home/user/celluleflexible_en_cours_ROS2/celluleflexible/ros_ws/install/shuttles/include/shuttles/shuttles/msg/detail/msg_shuttle_create__struct.h
[0.320s] -- Up-to-date: /home/user/celluleflexible_en_cours_ROS2/celluleflexible/ros_ws/install/shuttles/include/shuttles/shuttles/msg/detail/msg_erreur__type_support.h
[0.320s] -- Up-to-date: /home/user/celluleflexible_en_cours_ROS2/celluleflexible/ros_ws/install/shuttles/include/shuttles/shuttles/msg/detail/msg_shuttle_change__struct.h
[0.320s] -- Up-to-date: /home/user/celluleflexible_en_cours_ROS2/celluleflexible/ros_ws/install/shuttles/include/shuttles/shuttles/msg/detail/msg_erreur__struct.h
[0.320s] -- Up-to-date: /home/user/celluleflexible_en_cours_ROS2/celluleflexible/ros_ws/install/shuttles/include/shuttles/shuttles/msg/detail/msg_shuttle_change__description.c
[0.320s] -- Up-to-date: /home/user/celluleflexible_en_cours_ROS2/celluleflexible/ros_ws/install/shuttles/include/shuttles/shuttles/msg/detail/msg_erreur__functions.c
[0.320s] -- Up-to-date: /home/user/celluleflexible_en_cours_ROS2/celluleflexible/ros_ws/install/shuttles/include/shuttles/shuttles/msg/detail/msg_shuttle_create__description.c
[0.320s] -- Up-to-date: /home/user/celluleflexible_en_cours_ROS2/celluleflexible/ros_ws/install/shuttles/include/shuttles/shuttles/msg/detail/msg_shuttle_change__type_support.c
[0.320s] -- Up-to-date: /home/user/celluleflexible_en_cours_ROS2/celluleflexible/ros_ws/install/shuttles/include/shuttles/shuttles/msg/detail/msg_erreur__description.c
[0.321s] -- Up-to-date: /home/user/celluleflexible_en_cours_ROS2/celluleflexible/ros_ws/install/shuttles/include/shuttles/shuttles/msg/detail/msg_erreur__type_support.c
[0.321s] -- Up-to-date: /home/user/celluleflexible_en_cours_ROS2/celluleflexible/ros_ws/install/shuttles/include/shuttles/shuttles/msg/detail/msg_shuttle_change__type_support.h
[0.321s] -- Up-to-date: /home/user/celluleflexible_en_cours_ROS2/celluleflexible/ros_ws/install/shuttles/include/shuttles/shuttles/msg/detail/msg_shuttle_create__functions.h
[0.321s] -- Up-to-date: /home/user/celluleflexible_en_cours_ROS2/celluleflexible/ros_ws/install/shuttles/include/shuttles/shuttles/msg/detail/msg_shuttle_create__type_support.h
[0.321s] -- Up-to-date: /home/user/celluleflexible_en_cours_ROS2/celluleflexible/ros_ws/install/shuttles/include/shuttles/shuttles/msg/detail/msg_shuttle_change__functions.c
[0.321s] -- Up-to-date: /home/user/celluleflexible_en_cours_ROS2/celluleflexible/ros_ws/install/shuttles/include/shuttles/shuttles/srv
[0.321s] -- Up-to-date: /home/user/celluleflexible_en_cours_ROS2/celluleflexible/ros_ws/install/shuttles/include/shuttles/shuttles/srv/shuttle_id.h
[0.321s] -- Up-to-date: /home/user/celluleflexible_en_cours_ROS2/celluleflexible/ros_ws/install/shuttles/include/shuttles/shuttles/srv/detail
[0.321s] -- Up-to-date: /home/user/celluleflexible_en_cours_ROS2/celluleflexible/ros_ws/install/shuttles/include/shuttles/shuttles/srv/detail/shuttle_id__type_support.c
[0.321s] -- Up-to-date: /home/user/celluleflexible_en_cours_ROS2/celluleflexible/ros_ws/install/shuttles/include/shuttles/shuttles/srv/detail/shuttle_id__struct.h
[0.321s] -- Up-to-date: /home/user/celluleflexible_en_cours_ROS2/celluleflexible/ros_ws/install/shuttles/include/shuttles/shuttles/srv/detail/shuttle_id__functions.c
[0.321s] -- Up-to-date: /home/user/celluleflexible_en_cours_ROS2/celluleflexible/ros_ws/install/shuttles/include/shuttles/shuttles/srv/detail/shuttle_id__functions.h
[0.321s] -- Up-to-date: /home/user/celluleflexible_en_cours_ROS2/celluleflexible/ros_ws/install/shuttles/include/shuttles/shuttles/srv/detail/shuttle_id__type_support.h
[0.321s] -- Up-to-date: /home/user/celluleflexible_en_cours_ROS2/celluleflexible/ros_ws/install/shuttles/include/shuttles/shuttles/srv/detail/shuttle_id__description.c
[0.321s] -- Up-to-date: /home/user/celluleflexible_en_cours_ROS2/celluleflexible/ros_ws/install/shuttles/share/shuttles/environment/library_path.sh
[0.321s] -- Up-to-date: /home/user/celluleflexible_en_cours_ROS2/celluleflexible/ros_ws/install/shuttles/share/shuttles/environment/library_path.dsv
[0.321s] -- Up-to-date: /home/user/celluleflexible_en_cours_ROS2/celluleflexible/ros_ws/install/shuttles/lib/libshuttles__rosidl_generator_c.so
[0.321s] -- Up-to-date: /home/user/celluleflexible_en_cours_ROS2/celluleflexible/ros_ws/install/shuttles/include/shuttles/shuttles
[0.321s] -- Up-to-date: /home/user/celluleflexible_en_cours_ROS2/celluleflexible/ros_ws/install/shuttles/include/shuttles/shuttles/msg
[0.321s] -- Up-to-date: /home/user/celluleflexible_en_cours_ROS2/celluleflexible/ros_ws/install/shuttles/include/shuttles/shuttles/msg/rosidl_typesupport_fastrtps_c__visibility_control.h
[0.321s] -- Up-to-date: /home/user/celluleflexible_en_cours_ROS2/celluleflexible/ros_ws/install/shuttles/include/shuttles/shuttles/msg/detail
[0.321s] -- Up-to-date: /home/user/celluleflexible_en_cours_ROS2/celluleflexible/ros_ws/install/shuttles/include/shuttles/shuttles/msg/detail/msg_erreur__rosidl_typesupport_fastrtps_c.h
[0.321s] -- Up-to-date: /home/user/celluleflexible_en_cours_ROS2/celluleflexible/ros_ws/install/shuttles/include/shuttles/shuttles/msg/detail/msg_shuttle_change__rosidl_typesupport_fastrtps_c.h
[0.321s] -- Up-to-date: /home/user/celluleflexible_en_cours_ROS2/celluleflexible/ros_ws/install/shuttles/include/shuttles/shuttles/msg/detail/msg_shuttle_create__rosidl_typesupport_fastrtps_c.h
[0.321s] -- Up-to-date: /home/user/celluleflexible_en_cours_ROS2/celluleflexible/ros_ws/install/shuttles/include/shuttles/shuttles/srv
[0.321s] -- Up-to-date: /home/user/celluleflexible_en_cours_ROS2/celluleflexible/ros_ws/install/shuttles/include/shuttles/shuttles/srv/detail
[0.321s] -- Up-to-date: /home/user/celluleflexible_en_cours_ROS2/celluleflexible/ros_ws/install/shuttles/include/shuttles/shuttles/srv/detail/shuttle_id__rosidl_typesupport_fastrtps_c.h
[0.321s] -- Up-to-date: /home/user/celluleflexible_en_cours_ROS2/celluleflexible/ros_ws/install/shuttles/lib/libshuttles__rosidl_typesupport_fastrtps_c.so
[0.321s] -- Up-to-date: /home/user/celluleflexible_en_cours_ROS2/celluleflexible/ros_ws/install/shuttles/include/shuttles/shuttles
[0.321s] -- Up-to-date: /home/user/celluleflexible_en_cours_ROS2/celluleflexible/ros_ws/install/shuttles/include/shuttles/shuttles/msg
[0.321s] -- Up-to-date: /home/user/celluleflexible_en_cours_ROS2/celluleflexible/ros_ws/install/shuttles/include/shuttles/shuttles/msg/rosidl_generator_cpp__visibility_control.hpp
[0.321s] -- Up-to-date: /home/user/celluleflexible_en_cours_ROS2/celluleflexible/ros_ws/install/shuttles/include/shuttles/shuttles/msg/msg_shuttle_change.hpp
[0.321s] -- Up-to-date: /home/user/celluleflexible_en_cours_ROS2/celluleflexible/ros_ws/install/shuttles/include/shuttles/shuttles/msg/msg_shuttle_create.hpp
[0.321s] -- Up-to-date: /home/user/celluleflexible_en_cours_ROS2/celluleflexible/ros_ws/install/shuttles/include/shuttles/shuttles/msg/detail
[0.321s] -- Up-to-date: /home/user/celluleflexible_en_cours_ROS2/celluleflexible/ros_ws/install/shuttles/include/shuttles/shuttles/msg/detail/msg_shuttle_change__type_support.hpp
[0.321s] -- Up-to-date: /home/user/celluleflexible_en_cours_ROS2/celluleflexible/ros_ws/install/shuttles/include/shuttles/shuttles/msg/detail/msg_shuttle_change__traits.hpp
[0.321s] -- Up-to-date: /home/user/celluleflexible_en_cours_ROS2/celluleflexible/ros_ws/install/shuttles/include/shuttles/shuttles/msg/detail/msg_shuttle_create__traits.hpp
[0.321s] -- Up-to-date: /home/user/celluleflexible_en_cours_ROS2/celluleflexible/ros_ws/install/shuttles/include/shuttles/shuttles/msg/detail/msg_erreur__traits.hpp
[0.321s] -- Up-to-date: /home/user/celluleflexible_en_cours_ROS2/celluleflexible/ros_ws/install/shuttles/include/shuttles/shuttles/msg/detail/msg_erreur__struct.hpp
[0.321s] -- Up-to-date: /home/user/celluleflexible_en_cours_ROS2/celluleflexible/ros_ws/install/shuttles/include/shuttles/shuttles/msg/detail/msg_erreur__type_support.hpp
[0.321s] -- Up-to-date: /home/user/celluleflexible_en_cours_ROS2/celluleflexible/ros_ws/install/shuttles/include/shuttles/shuttles/msg/detail/msg_shuttle_create__builder.hpp
[0.321s] -- Up-to-date: /home/user/celluleflexible_en_cours_ROS2/celluleflexible/ros_ws/install/shuttles/include/shuttles/shuttles/msg/detail/msg_shuttle_create__type_support.hpp
[0.321s] -- Up-to-date: /home/user/celluleflexible_en_cours_ROS2/celluleflexible/ros_ws/install/shuttles/include/shuttles/shuttles/msg/detail/msg_erreur__builder.hpp
[0.322s] -- Up-to-date: /home/user/celluleflexible_en_cours_ROS2/celluleflexible/ros_ws/install/shuttles/include/shuttles/shuttles/msg/detail/msg_shuttle_change__builder.hpp
[0.322s] -- Up-to-date: /home/user/celluleflexible_en_cours_ROS2/celluleflexible/ros_ws/install/shuttles/include/shuttles/shuttles/msg/detail/msg_shuttle_create__struct.hpp
[0.322s] -- Up-to-date: /home/user/celluleflexible_en_cours_ROS2/celluleflexible/ros_ws/install/shuttles/include/shuttles/shuttles/msg/detail/msg_shuttle_change__struct.hpp
[0.322s] -- Up-to-date: /home/user/celluleflexible_en_cours_ROS2/celluleflexible/ros_ws/install/shuttles/include/shuttles/shuttles/msg/msg_erreur.hpp
[0.322s] -- Up-to-date: /home/user/celluleflexible_en_cours_ROS2/celluleflexible/ros_ws/install/shuttles/include/shuttles/shuttles/srv
[0.322s] -- Up-to-date: /home/user/celluleflexible_en_cours_ROS2/celluleflexible/ros_ws/install/shuttles/include/shuttles/shuttles/srv/shuttle_id.hpp
[0.322s] -- Up-to-date: /home/user/celluleflexible_en_cours_ROS2/celluleflexible/ros_ws/install/shuttles/include/shuttles/shuttles/srv/detail
[0.322s] -- Up-to-date: /home/user/celluleflexible_en_cours_ROS2/celluleflexible/ros_ws/install/shuttles/include/shuttles/shuttles/srv/detail/shuttle_id__type_support.hpp
[0.322s] -- Up-to-date: /home/user/celluleflexible_en_cours_ROS2/celluleflexible/ros_ws/install/shuttles/include/shuttles/shuttles/srv/detail/shuttle_id__struct.hpp
[0.322s] -- Up-to-date: /home/user/celluleflexible_en_cours_ROS2/celluleflexible/ros_ws/install/shuttles/include/shuttles/shuttles/srv/detail/shuttle_id__builder.hpp
[0.322s] -- Up-to-date: /home/user/celluleflexible_en_cours_ROS2/celluleflexible/ros_ws/install/shuttles/include/shuttles/shuttles/srv/detail/shuttle_id__traits.hpp
[0.322s] -- Up-to-date: /home/user/celluleflexible_en_cours_ROS2/celluleflexible/ros_ws/install/shuttles/include/shuttles/shuttles
[0.322s] -- Up-to-date: /home/user/celluleflexible_en_cours_ROS2/celluleflexible/ros_ws/install/shuttles/include/shuttles/shuttles/msg
[0.322s] -- Up-to-date: /home/user/celluleflexible_en_cours_ROS2/celluleflexible/ros_ws/install/shuttles/include/shuttles/shuttles/msg/detail
[0.322s] -- Up-to-date: /home/user/celluleflexible_en_cours_ROS2/celluleflexible/ros_ws/install/shuttles/include/shuttles/shuttles/msg/detail/dds_fastrtps
[0.322s] -- Up-to-date: /home/user/celluleflexible_en_cours_ROS2/celluleflexible/ros_ws/install/shuttles/include/shuttles/shuttles/msg/detail/msg_shuttle_create__rosidl_typesupport_fastrtps_cpp.hpp
[0.322s] -- Up-to-date: /home/user/celluleflexible_en_cours_ROS2/celluleflexible/ros_ws/install/shuttles/include/shuttles/shuttles/msg/detail/msg_shuttle_change__rosidl_typesupport_fastrtps_cpp.hpp
[0.322s] -- Up-to-date: /home/user/celluleflexible_en_cours_ROS2/celluleflexible/ros_ws/install/shuttles/include/shuttles/shuttles/msg/detail/msg_erreur__rosidl_typesupport_fastrtps_cpp.hpp
[0.322s] -- Up-to-date: /home/user/celluleflexible_en_cours_ROS2/celluleflexible/ros_ws/install/shuttles/include/shuttles/shuttles/msg/rosidl_typesupport_fastrtps_cpp__visibility_control.h
[0.322s] -- Up-to-date: /home/user/celluleflexible_en_cours_ROS2/celluleflexible/ros_ws/install/shuttles/include/shuttles/shuttles/srv
[0.322s] -- Up-to-date: /home/user/celluleflexible_en_cours_ROS2/celluleflexible/ros_ws/install/shuttles/include/shuttles/shuttles/srv/detail
[0.322s] -- Up-to-date: /home/user/celluleflexible_en_cours_ROS2/celluleflexible/ros_ws/install/shuttles/include/shuttles/shuttles/srv/detail/shuttle_id__rosidl_typesupport_fastrtps_cpp.hpp
[0.322s] -- Up-to-date: /home/user/celluleflexible_en_cours_ROS2/celluleflexible/ros_ws/install/shuttles/include/shuttles/shuttles/srv/detail/dds_fastrtps
[0.322s] -- Up-to-date: /home/user/celluleflexible_en_cours_ROS2/celluleflexible/ros_ws/install/shuttles/lib/libshuttles__rosidl_typesupport_fastrtps_cpp.so
[0.322s] -- Up-to-date: /home/user/celluleflexible_en_cours_ROS2/celluleflexible/ros_ws/install/shuttles/include/shuttles/shuttles
[0.322s] -- Up-to-date: /home/user/celluleflexible_en_cours_ROS2/celluleflexible/ros_ws/install/shuttles/include/shuttles/shuttles/msg
[0.322s] -- Up-to-date: /home/user/celluleflexible_en_cours_ROS2/celluleflexible/ros_ws/install/shuttles/include/shuttles/shuttles/msg/rosidl_typesupport_introspection_c__visibility_control.h
[0.322s] -- Up-to-date: /home/user/celluleflexible_en_cours_ROS2/celluleflexible/ros_ws/install/shuttles/include/shuttles/shuttles/msg/detail
[0.322s] -- Up-to-date: /home/user/celluleflexible_en_cours_ROS2/celluleflexible/ros_ws/install/shuttles/include/shuttles/shuttles/msg/detail/msg_shuttle_create__type_support.c
[0.322s] -- Up-to-date: /home/user/celluleflexible_en_cours_ROS2/celluleflexible/ros_ws/install/shuttles/include/shuttles/shuttles/msg/detail/msg_shuttle_change__rosidl_typesupport_introspection_c.h
[0.322s] -- Up-to-date: /home/user/celluleflexible_en_cours_ROS2/celluleflexible/ros_ws/install/shuttles/include/shuttles/shuttles/msg/detail/msg_shuttle_change__type_support.c
[0.322s] -- Up-to-date: /home/user/celluleflexible_en_cours_ROS2/celluleflexible/ros_ws/install/shuttles/include/shuttles/shuttles/msg/detail/msg_erreur__type_support.c
[0.322s] -- Up-to-date: /home/user/celluleflexible_en_cours_ROS2/celluleflexible/ros_ws/install/shuttles/include/shuttles/shuttles/msg/detail/msg_shuttle_create__rosidl_typesupport_introspection_c.h
[0.323s] -- Up-to-date: /home/user/celluleflexible_en_cours_ROS2/celluleflexible/ros_ws/install/shuttles/include/shuttles/shuttles/msg/detail/msg_erreur__rosidl_typesupport_introspection_c.h
[0.323s] -- Up-to-date: /home/user/celluleflexible_en_cours_ROS2/celluleflexible/ros_ws/install/shuttles/include/shuttles/shuttles/srv
[0.323s] -- Up-to-date: /home/user/celluleflexible_en_cours_ROS2/celluleflexible/ros_ws/install/shuttles/include/shuttles/shuttles/srv/detail
[0.323s] -- Up-to-date: /home/user/celluleflexible_en_cours_ROS2/celluleflexible/ros_ws/install/shuttles/include/shuttles/shuttles/srv/detail/shuttle_id__type_support.c
[0.323s] -- Up-to-date: /home/user/celluleflexible_en_cours_ROS2/celluleflexible/ros_ws/install/shuttles/include/shuttles/shuttles/srv/detail/shuttle_id__rosidl_typesupport_introspection_c.h
[0.323s] -- Up-to-date: /home/user/celluleflexible_en_cours_ROS2/celluleflexible/ros_ws/install/shuttles/lib/libshuttles__rosidl_typesupport_introspection_c.so
[0.323s] -- Up-to-date: /home/user/celluleflexible_en_cours_ROS2/celluleflexible/ros_ws/install/shuttles/lib/libshuttles__rosidl_typesupport_c.so
[0.323s] -- Up-to-date: /home/user/celluleflexible_en_cours_ROS2/celluleflexible/ros_ws/install/shuttles/include/shuttles/shuttles
[0.323s] -- Up-to-date: /home/user/celluleflexible_en_cours_ROS2/celluleflexible/ros_ws/install/shuttles/include/shuttles/shuttles/msg
[0.323s] -- Up-to-date: /home/user/celluleflexible_en_cours_ROS2/celluleflexible/ros_ws/install/shuttles/include/shuttles/shuttles/msg/detail
[0.323s] -- Up-to-date: /home/user/celluleflexible_en_cours_ROS2/celluleflexible/ros_ws/install/shuttles/include/shuttles/shuttles/msg/detail/msg_shuttle_create__type_support.cpp
[0.323s] -- Up-to-date: /home/user/celluleflexible_en_cours_ROS2/celluleflexible/ros_ws/install/shuttles/include/shuttles/shuttles/msg/detail/msg_erreur__type_support.cpp
[0.323s] -- Up-to-date: /home/user/celluleflexible_en_cours_ROS2/celluleflexible/ros_ws/install/shuttles/include/shuttles/shuttles/msg/detail/msg_erreur__rosidl_typesupport_introspection_cpp.hpp
[0.323s] -- Up-to-date: /home/user/celluleflexible_en_cours_ROS2/celluleflexible/ros_ws/install/shuttles/include/shuttles/shuttles/msg/detail/msg_shuttle_change__rosidl_typesupport_introspection_cpp.hpp
[0.323s] -- Up-to-date: /home/user/celluleflexible_en_cours_ROS2/celluleflexible/ros_ws/install/shuttles/include/shuttles/shuttles/msg/detail/msg_shuttle_create__rosidl_typesupport_introspection_cpp.hpp
[0.323s] -- Up-to-date: /home/user/celluleflexible_en_cours_ROS2/celluleflexible/ros_ws/install/shuttles/include/shuttles/shuttles/msg/detail/msg_shuttle_change__type_support.cpp
[0.323s] -- Up-to-date: /home/user/celluleflexible_en_cours_ROS2/celluleflexible/ros_ws/install/shuttles/include/shuttles/shuttles/srv
[0.323s] -- Up-to-date: /home/user/celluleflexible_en_cours_ROS2/celluleflexible/ros_ws/install/shuttles/include/shuttles/shuttles/srv/detail
[0.323s] -- Up-to-date: /home/user/celluleflexible_en_cours_ROS2/celluleflexible/ros_ws/install/shuttles/include/shuttles/shuttles/srv/detail/shuttle_id__type_support.cpp
[0.323s] -- Up-to-date: /home/user/celluleflexible_en_cours_ROS2/celluleflexible/ros_ws/install/shuttles/include/shuttles/shuttles/srv/detail/shuttle_id__rosidl_typesupport_introspection_cpp.hpp
[0.323s] -- Up-to-date: /home/user/celluleflexible_en_cours_ROS2/celluleflexible/ros_ws/install/shuttles/lib/libshuttles__rosidl_typesupport_introspection_cpp.so
[0.323s] -- Up-to-date: /home/user/celluleflexible_en_cours_ROS2/celluleflexible/ros_ws/install/shuttles/lib/libshuttles__rosidl_typesupport_cpp.so
[0.323s] -- Up-to-date: /home/user/celluleflexible_en_cours_ROS2/celluleflexible/ros_ws/install/shuttles/share/shuttles/environment/pythonpath.sh
[0.323s] -- Up-to-date: /home/user/celluleflexible_en_cours_ROS2/celluleflexible/ros_ws/install/shuttles/share/shuttles/environment/pythonpath.dsv
[0.323s] -- Up-to-date: /home/user/celluleflexible_en_cours_ROS2/celluleflexible/ros_ws/install/shuttles/lib/python3.12/site-packages/shuttles-0.0.0-py3.12.egg-info
[0.323s] -- Installing: /home/user/celluleflexible_en_cours_ROS2/celluleflexible/ros_ws/install/shuttles/lib/python3.12/site-packages/shuttles-0.0.0-py3.12.egg-info/SOURCES.txt
[0.323s] -- Installing: /home/user/celluleflexible_en_cours_ROS2/celluleflexible/ros_ws/install/shuttles/lib/python3.12/site-packages/shuttles-0.0.0-py3.12.egg-info/top_level.txt
[0.323s] -- Installing: /home/user/celluleflexible_en_cours_ROS2/celluleflexible/ros_ws/install/shuttles/lib/python3.12/site-packages/shuttles-0.0.0-py3.12.egg-info/PKG-INFO
[0.323s] -- Installing: /home/user/celluleflexible_en_cours_ROS2/celluleflexible/ros_ws/install/shuttles/lib/python3.12/site-packages/shuttles-0.0.0-py3.12.egg-info/dependency_links.txt
[0.323s] -- Up-to-date: /home/user/celluleflexible_en_cours_ROS2/celluleflexible/ros_ws/install/shuttles/lib/python3.12/site-packages/shuttles
[0.323s] -- Up-to-date: /home/user/celluleflexible_en_cours_ROS2/celluleflexible/ros_ws/install/shuttles/lib/python3.12/site-packages/shuttles/shuttles_s__rosidl_typesupport_introspection_c.so
[0.324s] -- Up-to-date: /home/user/celluleflexible_en_cours_ROS2/celluleflexible/ros_ws/install/shuttles/lib/python3.12/site-packages/shuttles/_shuttles_s.ep.rosidl_typesupport_c.c
[0.324s] -- Up-to-date: /home/user/celluleflexible_en_cours_ROS2/celluleflexible/ros_ws/install/shuttles/lib/python3.12/site-packages/shuttles/msg
[0.324s] -- Up-to-date: /home/user/celluleflexible_en_cours_ROS2/celluleflexible/ros_ws/install/shuttles/lib/python3.12/site-packages/shuttles/msg/_msg_shuttle_change.py
[0.324s] -- Up-to-date: /home/user/celluleflexible_en_cours_ROS2/celluleflexible/ros_ws/install/shuttles/lib/python3.12/site-packages/shuttles/msg/_msg_erreur.py
[0.324s] -- Up-to-date: /home/user/celluleflexible_en_cours_ROS2/celluleflexible/ros_ws/install/shuttles/lib/python3.12/site-packages/shuttles/msg/__init__.py
[0.324s] -- Up-to-date: /home/user/celluleflexible_en_cours_ROS2/celluleflexible/ros_ws/install/shuttles/lib/python3.12/site-packages/shuttles/msg/_msg_shuttle_create_s.c
[0.324s] -- Up-to-date: /home/user/celluleflexible_en_cours_ROS2/celluleflexible/ros_ws/install/shuttles/lib/python3.12/site-packages/shuttles/msg/_msg_erreur_s.c
[0.324s] -- Up-to-date: /home/user/celluleflexible_en_cours_ROS2/celluleflexible/ros_ws/install/shuttles/lib/python3.12/site-packages/shuttles/msg/_msg_shuttle_create.py
[0.324s] -- Up-to-date: /home/user/celluleflexible_en_cours_ROS2/celluleflexible/ros_ws/install/shuttles/lib/python3.12/site-packages/shuttles/msg/_msg_shuttle_change_s.c
[0.324s] -- Up-to-date: /home/user/celluleflexible_en_cours_ROS2/celluleflexible/ros_ws/install/shuttles/lib/python3.12/site-packages/shuttles/shuttles_s__rosidl_typesupport_c.so
[0.324s] -- Up-to-date: /home/user/celluleflexible_en_cours_ROS2/celluleflexible/ros_ws/install/shuttles/lib/python3.12/site-packages/shuttles/__init__.py
[0.324s] -- Up-to-date: /home/user/celluleflexible_en_cours_ROS2/celluleflexible/ros_ws/install/shuttles/lib/python3.12/site-packages/shuttles/_shuttles_s.ep.rosidl_typesupport_fastrtps_c.c
[0.324s] -- Up-to-date: /home/user/celluleflexible_en_cours_ROS2/celluleflexible/ros_ws/install/shuttles/lib/python3.12/site-packages/shuttles/srv
[0.324s] -- Up-to-date: /home/user/celluleflexible_en_cours_ROS2/celluleflexible/ros_ws/install/shuttles/lib/python3.12/site-packages/shuttles/srv/__init__.py
[0.324s] -- Up-to-date: /home/user/celluleflexible_en_cours_ROS2/celluleflexible/ros_ws/install/shuttles/lib/python3.12/site-packages/shuttles/srv/_shuttle_id.py
[0.324s] -- Up-to-date: /home/user/celluleflexible_en_cours_ROS2/celluleflexible/ros_ws/install/shuttles/lib/python3.12/site-packages/shuttles/srv/_shuttle_id_s.c
[0.324s] -- Up-to-date: /home/user/celluleflexible_en_cours_ROS2/celluleflexible/ros_ws/install/shuttles/lib/python3.12/site-packages/shuttles/_shuttles_s.ep.rosidl_typesupport_introspection_c.c
[0.324s] -- Up-to-date: /home/user/celluleflexible_en_cours_ROS2/celluleflexible/ros_ws/install/shuttles/lib/python3.12/site-packages/shuttles/shuttles_s__rosidl_typesupport_fastrtps_c.so
[0.343s] Listing '/home/user/celluleflexible_en_cours_ROS2/celluleflexible/ros_ws/install/shuttles/lib/python3.12/site-packages/shuttles'...
[0.343s] Listing '/home/user/celluleflexible_en_cours_ROS2/celluleflexible/ros_ws/install/shuttles/lib/python3.12/site-packages/shuttles/msg'...
[0.343s] Listing '/home/user/celluleflexible_en_cours_ROS2/celluleflexible/ros_ws/install/shuttles/lib/python3.12/site-packages/shuttles/srv'...
[0.349s] -- Up-to-date: /home/user/celluleflexible_en_cours_ROS2/celluleflexible/ros_ws/install/shuttles/lib/python3.12/site-packages/shuttles/shuttles_s__rosidl_typesupport_fastrtps_c.so
[0.349s] -- Up-to-date: /home/user/celluleflexible_en_cours_ROS2/celluleflexible/ros_ws/install/shuttles/lib/python3.12/site-packages/shuttles/shuttles_s__rosidl_typesupport_introspection_c.so
[0.351s] -- Up-to-date: /home/user/celluleflexible_en_cours_ROS2/celluleflexible/ros_ws/install/shuttles/lib/python3.12/site-packages/shuttles/shuttles_s__rosidl_typesupport_c.so
[0.351s] -- Up-to-date: /home/user/celluleflexible_en_cours_ROS2/celluleflexible/ros_ws/install/shuttles/lib/libshuttles__rosidl_generator_py.so
[0.351s] -- Up-to-date: /home/user/celluleflexible_en_cours_ROS2/celluleflexible/ros_ws/install/shuttles/share/shuttles/msg/MsgShuttleChange.idl
[0.351s] -- Up-to-date: /home/user/celluleflexible_en_cours_ROS2/celluleflexible/ros_ws/install/shuttles/share/shuttles/msg/MsgShuttleCreate.idl
[0.351s] -- Up-to-date: /home/user/celluleflexible_en_cours_ROS2/celluleflexible/ros_ws/install/shuttles/share/shuttles/msg/MsgErreur.idl
[0.351s] -- Up-to-date: /home/user/celluleflexible_en_cours_ROS2/celluleflexible/ros_ws/install/shuttles/share/shuttles/srv/ShuttleId.idl
[0.351s] -- Up-to-date: /home/user/celluleflexible_en_cours_ROS2/celluleflexible/ros_ws/install/shuttles/share/shuttles/msg/MsgShuttleChange.msg
[0.351s] -- Up-to-date: /home/user/celluleflexible_en_cours_ROS2/celluleflexible/ros_ws/install/shuttles/share/shuttles/msg/MsgShuttleCreate.msg
[0.351s] -- Up-to-date: /home/user/celluleflexible_en_cours_ROS2/celluleflexible/ros_ws/install/shuttles/share/shuttles/msg/MsgErreur.msg
[0.352s] -- Up-to-date: /home/user/celluleflexible_en_cours_ROS2/celluleflexible/ros_ws/install/shuttles/share/shuttles/srv/ShuttleId.srv
[0.352s] -- Up-to-date: /home/user/celluleflexible_en_cours_ROS2/celluleflexible/ros_ws/install/shuttles/lib/shuttles/shuttle_manager
[0.352s] -- Up-to-date: /home/user/celluleflexible_en_cours_ROS2/celluleflexible/ros_ws/install/shuttles/share/ament_index/resource_index/package_run_dependencies/shuttles
[0.352s] -- Up-to-date: /home/user/celluleflexible_en_cours_ROS2/celluleflexible/ros_ws/install/shuttles/share/ament_index/resource_index/parent_prefix_path/shuttles
[0.352s] -- Up-to-date: /home/user/celluleflexible_en_cours_ROS2/celluleflexible/ros_ws/install/shuttles/share/shuttles/environment/ament_prefix_path.sh
[0.353s] -- Up-to-date: /home/user/celluleflexible_en_cours_ROS2/celluleflexible/ros_ws/install/shuttles/share/shuttles/environment/ament_prefix_path.dsv
[0.353s] -- Up-to-date: /home/user/celluleflexible_en_cours_ROS2/celluleflexible/ros_ws/install/shuttles/share/shuttles/environment/path.sh
[0.353s] -- Up-to-date: /home/user/celluleflexible_en_cours_ROS2/celluleflexible/ros_ws/install/shuttles/share/shuttles/environment/path.dsv
[0.353s] -- Up-to-date: /home/user/celluleflexible_en_cours_ROS2/celluleflexible/ros_ws/install/shuttles/share/shuttles/local_setup.bash
[0.353s] -- Up-to-date: /home/user/celluleflexible_en_cours_ROS2/celluleflexible/ros_ws/install/shuttles/share/shuttles/local_setup.sh
[0.355s] -- Up-to-date: /home/user/celluleflexible_en_cours_ROS2/celluleflexible/ros_ws/install/shuttles/share/shuttles/local_setup.zsh
[0.355s] -- Up-to-date: /home/user/celluleflexible_en_cours_ROS2/celluleflexible/ros_ws/install/shuttles/share/shuttles/local_setup.dsv
[0.355s] -- Installing: /home/user/celluleflexible_en_cours_ROS2/celluleflexible/ros_ws/install/shuttles/share/shuttles/package.dsv
[0.355s] -- Up-to-date: /home/user/celluleflexible_en_cours_ROS2/celluleflexible/ros_ws/install/shuttles/share/ament_index/resource_index/packages/shuttles
[0.355s] -- Up-to-date: /home/user/celluleflexible_en_cours_ROS2/celluleflexible/ros_ws/install/shuttles/share/shuttles/cmake/export_shuttles__rosidl_generator_cExport.cmake
[0.355s] -- Up-to-date: /home/user/celluleflexible_en_cours_ROS2/celluleflexible/ros_ws/install/shuttles/share/shuttles/cmake/export_shuttles__rosidl_generator_cExport-noconfig.cmake
[0.355s] -- Up-to-date: /home/user/celluleflexible_en_cours_ROS2/celluleflexible/ros_ws/install/shuttles/share/shuttles/cmake/export_shuttles__rosidl_typesupport_fastrtps_cExport.cmake
[0.355s] -- Up-to-date: /home/user/celluleflexible_en_cours_ROS2/celluleflexible/ros_ws/install/shuttles/share/shuttles/cmake/export_shuttles__rosidl_typesupport_fastrtps_cExport-noconfig.cmake
[0.355s] -- Up-to-date: /home/user/celluleflexible_en_cours_ROS2/celluleflexible/ros_ws/install/shuttles/share/shuttles/cmake/export_shuttles__rosidl_generator_cppExport.cmake
[0.356s] -- Up-to-date: /home/user/celluleflexible_en_cours_ROS2/celluleflexible/ros_ws/install/shuttles/share/shuttles/cmake/export_shuttles__rosidl_typesupport_fastrtps_cppExport.cmake
[0.356s] -- Up-to-date: /home/user/celluleflexible_en_cours_ROS2/celluleflexible/ros_ws/install/shuttles/share/shuttles/cmake/export_shuttles__rosidl_typesupport_fastrtps_cppExport-noconfig.cmake
[0.356s] -- Up-to-date: /home/user/celluleflexible_en_cours_ROS2/celluleflexible/ros_ws/install/shuttles/share/shuttles/cmake/shuttles__rosidl_typesupport_introspection_cExport.cmake
[0.356s] -- Up-to-date: /home/user/celluleflexible_en_cours_ROS2/celluleflexible/ros_ws/install/shuttles/share/shuttles/cmake/shuttles__rosidl_typesupport_introspection_cExport-noconfig.cmake
[0.356s] -- Up-to-date: /home/user/celluleflexible_en_cours_ROS2/celluleflexible/ros_ws/install/shuttles/share/shuttles/cmake/shuttles__rosidl_typesupport_cExport.cmake
[0.356s] -- Up-to-date: /home/user/celluleflexible_en_cours_ROS2/celluleflexible/ros_ws/install/shuttles/share/shuttles/cmake/shuttles__rosidl_typesupport_cExport-noconfig.cmake
[0.356s] -- Up-to-date: /home/user/celluleflexible_en_cours_ROS2/celluleflexible/ros_ws/install/shuttles/share/shuttles/cmake/shuttles__rosidl_typesupport_introspection_cppExport.cmake
[0.356s] -- Up-to-date: /home/user/celluleflexible_en_cours_ROS2/celluleflexible/ros_ws/install/shuttles/share/shuttles/cmake/shuttles__rosidl_typesupport_introspection_cppExport-noconfig.cmake
[0.357s] -- Up-to-date: /home/user/celluleflexible_en_cours_ROS2/celluleflexible/ros_ws/install/shuttles/share/shuttles/cmake/shuttles__rosidl_typesupport_cppExport.cmake
[0.357s] -- Up-to-date: /home/user/celluleflexible_en_cours_ROS2/celluleflexible/ros_ws/install/shuttles/share/shuttles/cmake/shuttles__rosidl_typesupport_cppExport-noconfig.cmake
[0.357s] -- Up-to-date: /home/user/celluleflexible_en_cours_ROS2/celluleflexible/ros_ws/install/shuttles/share/shuttles/cmake/export_shuttles__rosidl_generator_pyExport.cmake
[0.357s] -- Up-to-date: /home/user/celluleflexible_en_cours_ROS2/celluleflexible/ros_ws/install/shuttles/share/shuttles/cmake/export_shuttles__rosidl_generator_pyExport-noconfig.cmake
[0.357s] -- Up-to-date: /home/user/celluleflexible_en_cours_ROS2/celluleflexible/ros_ws/install/shuttles/share/shuttles/cmake/rosidl_cmake-extras.cmake
[0.357s] -- Up-to-date: /home/user/celluleflexible_en_cours_ROS2/celluleflexible/ros_ws/install/shuttles/share/shuttles/cmake/ament_cmake_export_dependencies-extras.cmake
[0.357s] -- Up-to-date: /home/user/celluleflexible_en_cours_ROS2/celluleflexible/ros_ws/install/shuttles/share/shuttles/cmake/ament_cmake_export_include_directories-extras.cmake
[0.357s] -- Up-to-date: /home/user/celluleflexible_en_cours_ROS2/celluleflexible/ros_ws/install/shuttles/share/shuttles/cmake/ament_cmake_export_libraries-extras.cmake
[0.358s] -- Up-to-date: /home/user/celluleflexible_en_cours_ROS2/celluleflexible/ros_ws/install/shuttles/share/shuttles/cmake/ament_cmake_export_targets-extras.cmake
[0.358s] -- Up-to-date: /home/user/celluleflexible_en_cours_ROS2/celluleflexible/ros_ws/install/shuttles/share/shuttles/cmake/rosidl_cmake_export_typesupport_targets-extras.cmake
[0.358s] -- Up-to-date: /home/user/celluleflexible_en_cours_ROS2/celluleflexible/ros_ws/install/shuttles/share/shuttles/cmake/rosidl_cmake_export_typesupport_libraries-extras.cmake
[0.358s] -- Up-to-date: /home/user/celluleflexible_en_cours_ROS2/celluleflexible/ros_ws/install/shuttles/share/shuttles/cmake/shuttlesConfig.cmake
[0.358s] -- Up-to-date: /home/user/celluleflexible_en_cours_ROS2/celluleflexible/ros_ws/install/shuttles/share/shuttles/cmake/shuttlesConfig-version.cmake
[0.358s] -- Up-to-date: /home/user/celluleflexible_en_cours_ROS2/celluleflexible/ros_ws/install/shuttles/share/shuttles/package.xml
[0.365s] Invoked command in '/home/user/celluleflexible_en_cours_ROS2/celluleflexible/ros_ws/build/shuttles' returned '0': AMENT_PREFIX_PATH=/home/user/celluleflexible_en_cours_ROS2/celluleflexible/ros_ws/install/aiguillages:${AMENT_PREFIX_PATH} CMAKE_PREFIX_PATH=/home/user/celluleflexible_en_cours_ROS2/celluleflexible/ros_ws/install/aiguillages:/opt/ros/jazzy/opt/gz_math_vendor:/opt/ros/jazzy/opt/gz_utils_vendor:/opt/ros/jazzy/opt/gz_cmake_vendor:/opt/ros/jazzy DEBUGINFOD_URLS=https://debuginfod.ubuntu.com LD_LIBRARY_PATH=/home/user/celluleflexible_en_cours_ROS2/celluleflexible/ros_ws/install/aiguillages/lib:${LD_LIBRARY_PATH} PYTHONPATH=/home/user/celluleflexible_en_cours_ROS2/celluleflexible/ros_ws/install/aiguillages/lib/python3.12/site-packages:${PYTHONPATH} /usr/bin/cmake --install /home/user/celluleflexible_en_cours_ROS2/celluleflexible/ros_ws/build/shuttles
