-- Found ament_cmake: 2.5.5 (/opt/ros/jazzy/share/ament_cmake/cmake)
-- Override CMake install command with custom implementation using symlinks instead of copying resources
-- Found ament_cmake_ros: 0.12.0 (/opt/ros/jazzy/share/ament_cmake_ros/cmake)
-- Found diagnostic_msgs: 5.3.6 (/opt/ros/jazzy/share/diagnostic_msgs/cmake)
-- Found rosidl_generator_c: 4.6.7 (/opt/ros/jazzy/share/rosidl_generator_c/cmake)
-- Found rosidl_generator_cpp: 4.6.7 (/opt/ros/jazzy/share/rosidl_generator_cpp/cmake)
-- Using all available rosidl_typesupport_c: rosidl_typesupport_fastrtps_c;rosidl_typesupport_introspection_c
-- Using all available rosidl_typesupport_cpp: rosidl_typesupport_fastrtps_cpp;rosidl_typesupport_introspection_cpp
-- Found geometry_msgs: 5.3.6 (/opt/ros/jazzy/share/geometry_msgs/cmake)
-- Found lifecycle_msgs: 2.0.3 (/opt/ros/jazzy/share/lifecycle_msgs/cmake)
-- Found map_msgs: 2.4.1 (/opt/ros/jazzy/share/map_msgs/cmake)
-- Found pendulum_msgs: 0.33.9 (/opt/ros/jazzy/share/pendulum_msgs/cmake)
-- Found rosgraph_msgs: 2.0.3 (/opt/ros/jazzy/share/rosgraph_msgs/cmake)
-- Found shape_msgs: 5.3.6 (/opt/ros/jazzy/share/shape_msgs/cmake)
-- Found stereo_msgs: 5.3.6 (/opt/ros/jazzy/share/stereo_msgs/cmake)
-- Found tf2_geometry_msgs: 0.36.19 (/opt/ros/jazzy/share/tf2_geometry_msgs/cmake)
-- Found eigen3_cmake_module: 0.3.0 (/opt/ros/jazzy/share/eigen3_cmake_module/cmake)
-- Ensuring Eigen3 include directory is part of orocos-kdl CMake target
-- Found rmw_implementation_cmake: 7.3.3 (/opt/ros/jazzy/share/rmw_implementation_cmake/cmake)
-- Found rmw_fastrtps_cpp: 8.4.3 (/opt/ros/jazzy/share/rmw_fastrtps_cpp/cmake)
-- Using RMW implementation 'rmw_fastrtps_cpp' as default
-- Found trajectory_msgs: 5.3.6 (/opt/ros/jazzy/share/trajectory_msgs/cmake)
-- Found visualization_msgs: 5.3.6 (/opt/ros/jazzy/share/visualization_msgs/cmake)
-- Found std_srvs: 5.3.6 (/opt/ros/jazzy/share/std_srvs/cmake)
-- Found example_interfaces: 0.12.0 (/opt/ros/jazzy/share/example_interfaces/cmake)
-- Found image_transport: 5.1.7 (/opt/ros/jazzy/share/image_transport/cmake)
-- CoppeliaSim: LIBPLUGIN_DIR: /home/user/Desktop/New_ter/CoppeliaSim/programming/libPlugin.
-- CoppeliaSim: COPPELIASIM_ROOT_DIR: /home/user/Desktop/New_ter/CoppeliaSim.
-- Found CoppeliaSim installation at /home/user/Desktop/New_ter/CoppeliaSim.
-- Checking CoppeliaSim header version...
-- CoppeliaSim headers version 4.3.0 rev3
-- Found Boost: /usr/lib/x86_64-linux-gnu/cmake/Boost-1.83.0/BoostConfig.cmake (found version "1.83.0") found components: regex 
-- Found Boost: /usr/lib/x86_64-linux-gnu/cmake/Boost-1.83.0/BoostConfig.cmake (found version "1.83.0")  
-- Adding simStubsGen command...
-- Reading plugin metadata...
warning: missing python package "xmlschema"; input file callbacks.xml will not be validated.
warning: missing python package "xmlschema"; input file callbacks.xml will not be validated.
-- Plugin: ROS2
-- Configuring done (2.7s)
-- Generating done (0.0s)
-- Build files have been written to: /home/user/Desktop/New_ter/CoppeliaSim/build/sim_ros2_interface
[  2%] [34m[1mGenerating generated/actcli_del.cpp[0m
[  4%] [34m[1mGenerating generated/actcli_cancelLastGoal.cpp[0m
[  7%] [34m[1mGenerating generated/actcli_new.cpp[0m
[  9%] [34m[1mGenerating generated/actcli_sendGoal.cpp[0m
Traceback (most recent call last):
  File "/home/user/Desktop/New_ter/CoppeliaSim/programming/libPlugin/simStubsGen/external/pycpp/pycpp.py", line 212, in <module>
    f.write(pycpp.get_output())
            ^^^^^^^^^^^^^^^^^^
  File "/home/user/Desktop/New_ter/CoppeliaSim/programming/libPlugin/simStubsGen/external/pycpp/pycpp.py", line 136, in get_output
    exec(self.get_python_code(b, spool_fn='pycpp.output'), locals())
  File "<string>", line 3, in <module>
  File "/home/user/Desktop/New_ter/CoppeliaSim/programming/ros2_packages/sim_ros2_interface/tools/parse_interfaces.py", line 82, in parse_interfaces
    interfaces[interface_name] = parse_interface(interface_name)
                                 ^^^^^^^^^^^^^^^^^^^^^^^^^^^^^^^
  File "/home/user/Desktop/New_ter/CoppeliaSim/programming/ros2_packages/sim_ros2_interface/tools/parse_interfaces.py", line 47, in parse_interface
    path = get_interface_path(m)
           ^^^^^^^^^^^^^^^^^^^^^
  File "/opt/ros/jazzy/lib/python3.12/site-packages/rosidl_runtime_py/get_interfaces.py", line 179, in get_interface_path
    raise LookupError(f"Unknown package '{parts[0]}'")
LookupError: Unknown package 'aiguillages'
Traceback (most recent call last):
  File "/home/user/Desktop/New_ter/CoppeliaSim/programming/libPlugin/simStubsGen/external/pycpp/pycpp.py", line 212, in <module>
Traceback (most recent call last):
  File "/home/user/Desktop/New_ter/CoppeliaSim/programming/libPlugin/simStubsGen/external/pycpp/pycpp.py", line 212, in <module>
    f.write(pycpp.get_output())
            ^^^^^^^^^^^^^^^^^^
  File "/home/user/Desktop/New_ter/CoppeliaSim/programming/libPlugin/simStubsGen/external/pycpp/pycpp.py", line 136, in get_output
    exec(self.get_python_code(b, spool_fn='pycpp.output'), locals())
  File "<string>", line 3, in <module>
  File "/home/user/Desktop/New_ter/CoppeliaSim/programming/ros2_packages/sim_ros2_interface/tools/parse_interfaces.py", line 82, in parse_interfaces
    interfaces[interface_name] = parse_interface(interface_name)
                                 ^^^^^^^^^^^^^^^^^^^^^^^^^^^^^^^
  File "/home/user/Desktop/New_ter/CoppeliaSim/programming/ros2_packages/sim_ros2_interface/tools/parse_interfaces.py", line 47, in parse_interface
    path = get_interface_path(m)
           ^^^^^^^^^^^^^^^^^^^^^
  File "/opt/ros/jazzy/lib/python3.12/site-packages/rosidl_runtime_py/get_interfaces.py", line 179, in get_interface_path
    raise LookupError(f"Unknown package '{parts[0]}'")
LookupError: Unknown package 'aiguillages'
    f.write(pycpp.get_output())
            ^^^^^^^^^^^^^^^^^^
  File "/home/user/Desktop/New_ter/CoppeliaSim/programming/libPlugin/simStubsGen/external/pycpp/pycpp.py", line 136, in get_output
    exec(self.get_python_code(b, spool_fn='pycpp.output'), locals())
  File "<string>", line 3, in <module>
  File "/home/user/Desktop/New_ter/CoppeliaSim/programming/ros2_packages/sim_ros2_interface/tools/parse_interfaces.py", line 82, in parse_interfaces
    interfaces[interface_name] = parse_interface(interface_name)
                                 ^^^^^^^^^^^^^^^^^^^^^^^^^^^^^^^
  File "/home/user/Desktop/New_ter/CoppeliaSim/programming/ros2_packages/sim_ros2_interface/tools/parse_interfaces.py", line 47, in parse_interface
    path = get_interface_path(m)
           ^^^^^^^^^^^^^^^^^^^^^
  File "/opt/ros/jazzy/lib/python3.12/site-packages/rosidl_runtime_py/get_interfaces.py", line 179, in get_interface_path
    raise LookupError(f"Unknown package '{parts[0]}'")
LookupError: Unknown package 'aiguillages'
Traceback (most recent call last):
  File "/home/user/Desktop/New_ter/CoppeliaSim/programming/libPlugin/simStubsGen/external/pycpp/pycpp.py", line 212, in <module>
    f.write(pycpp.get_output())
            ^^^^^^^^^^^^^^^^^^
  File "/home/user/Desktop/New_ter/CoppeliaSim/programming/libPlugin/simStubsGen/external/pycpp/pycpp.py", line 136, in get_output
    exec(self.get_python_code(b, spool_fn='pycpp.output'), locals())
  File "<string>", line 3, in <module>
  File "/home/user/Desktop/New_ter/CoppeliaSim/programming/ros2_packages/sim_ros2_interface/tools/parse_interfaces.py", line 82, in parse_interfaces
    interfaces[interface_name] = parse_interface(interface_name)
                                 ^^^^^^^^^^^^^^^^^^^^^^^^^^^^^^^
  File "/home/user/Desktop/New_ter/CoppeliaSim/programming/ros2_packages/sim_ros2_interface/tools/parse_interfaces.py", line 47, in parse_interface
    path = get_interface_path(m)
           ^^^^^^^^^^^^^^^^^^^^^
  File "/opt/ros/jazzy/lib/python3.12/site-packages/rosidl_runtime_py/get_interfaces.py", line 179, in get_interface_path
    raise LookupError(f"Unknown package '{parts[0]}'")
LookupError: Unknown package 'aiguillages'
gmake[2]: *** [CMakeFiles/generate_ros_code.dir/build.make:110: generated/actcli_del.cpp] Error 1
gmake[2]: *** Deleting file 'generated/actcli_del.cpp'
gmake[2]: *** Waiting for unfinished jobs....
gmake[2]: *** [CMakeFiles/generate_ros_code.dir/build.make:104: generated/actcli_cancelLastGoal.cpp] Error 1
gmake[2]: *** Deleting file 'generated/actcli_cancelLastGoal.cpp'
gmake[2]: *** [CMakeFiles/generate_ros_code.dir/build.make:116: generated/actcli_new.cpp] Error 1
gmake[2]: *** Deleting file 'generated/actcli_new.cpp'
gmake[2]: *** [CMakeFiles/generate_ros_code.dir/build.make:122: generated/actcli_sendGoal.cpp] Error 1
gmake[2]: *** Deleting file 'generated/actcli_sendGoal.cpp'
gmake[1]: *** [CMakeFiles/Makefile2:138: CMakeFiles/generate_ros_code.dir/all] Error 2
gmake: *** [Makefile:146: all] Error 2
