[0.081s] Invoking command in '/home/user/Desktop/New_ter/CoppeliaSim/build/sim_ros2_interface': CMAKE_PREFIX_PATH=${CMAKE_PREFIX_PATH}:/opt/ros/jazzy DEBUGINFOD_URLS=https://debuginfod.ubuntu.com /usr/bin/cmake /home/user/Desktop/New_ter/CoppeliaSim/programming/ros2_packages/sim_ros2_interface -DAMENT_CMAKE_SYMLINK_INSTALL=1 -DCMAKE_INSTALL_PREFIX=/home/user/Desktop/New_ter/CoppeliaSim/install/sim_ros2_interface
[0.473s] -- The C compiler identification is GNU 13.3.0
[0.624s] -- The CXX compiler identification is GNU 13.3.0
[0.697s] -- Detecting C compiler ABI info
[0.907s] -- Detecting C compiler ABI info - done
[0.920s] -- Check for working C compiler: /usr/bin/cc - skipped
[0.922s] -- Detecting C compile features
[0.925s] -- Detecting C compile features - done
[0.952s] -- Detecting CXX compiler ABI info
[1.365s] -- Detecting CXX compiler ABI info - done
[1.384s] -- Check for working CXX compiler: /usr/bin/c++ - skipped
[1.384s] -- Detecting CXX compile features
[1.384s] -- Detecting CXX compile features - done
[1.530s] -- Found ament_cmake: 2.5.5 (/opt/ros/jazzy/share/ament_cmake/cmake)
[1.868s] -- Found Python3: /usr/bin/python3 (found version "3.12.3") found components: Interpreter 
[2.132s] -- Override CMake install command with custom implementation using symlinks instead of copying resources
[2.314s] -- Found ament_cmake_ros: 0.12.0 (/opt/ros/jazzy/share/ament_cmake_ros/cmake)
[2.408s] -- Found diagnostic_msgs: 5.3.6 (/opt/ros/jazzy/share/diagnostic_msgs/cmake)
[2.685s] -- Found rosidl_generator_c: 4.6.7 (/opt/ros/jazzy/share/rosidl_generator_c/cmake)
[2.745s] -- Found rosidl_generator_cpp: 4.6.7 (/opt/ros/jazzy/share/rosidl_generator_cpp/cmake)
[2.863s] -- Using all available rosidl_typesupport_c: rosidl_typesupport_fastrtps_c;rosidl_typesupport_introspection_c
[2.957s] -- Using all available rosidl_typesupport_cpp: rosidl_typesupport_fastrtps_cpp;rosidl_typesupport_introspection_cpp
[3.429s] -- Found geometry_msgs: 5.3.6 (/opt/ros/jazzy/share/geometry_msgs/cmake)
[3.527s] -- Found lifecycle_msgs: 2.0.3 (/opt/ros/jazzy/share/lifecycle_msgs/cmake)
[3.636s] -- Found map_msgs: 2.4.1 (/opt/ros/jazzy/share/map_msgs/cmake)
[3.940s] -- Found pendulum_msgs: 0.33.9 (/opt/ros/jazzy/share/pendulum_msgs/cmake)
[4.016s] -- Found rosgraph_msgs: 2.0.3 (/opt/ros/jazzy/share/rosgraph_msgs/cmake)
[4.112s] -- Found shape_msgs: 5.3.6 (/opt/ros/jazzy/share/shape_msgs/cmake)
[4.212s] -- Found stereo_msgs: 5.3.6 (/opt/ros/jazzy/share/stereo_msgs/cmake)
[4.297s] -- Found tf2_geometry_msgs: 0.36.19 (/opt/ros/jazzy/share/tf2_geometry_msgs/cmake)
[4.382s] -- Found eigen3_cmake_module: 0.3.0 (/opt/ros/jazzy/share/eigen3_cmake_module/cmake)
[4.390s] -- Found Eigen3: TRUE (found version "3.4.0") 
[4.390s] -- Ensuring Eigen3 include directory is part of orocos-kdl CMake target
[4.921s] -- Found rmw_implementation_cmake: 7.3.3 (/opt/ros/jazzy/share/rmw_implementation_cmake/cmake)
[4.940s] -- Found rmw_fastrtps_cpp: 8.4.3 (/opt/ros/jazzy/share/rmw_fastrtps_cpp/cmake)
[5.291s] -- Found OpenSSL: /usr/lib/x86_64-linux-gnu/libcrypto.so (found version "3.0.13")  
[5.342s] -- Found FastRTPS: /opt/ros/jazzy/include (Required is at least version "2.13") 
[5.384s] -- Using RMW implementation 'rmw_fastrtps_cpp' as default
[5.881s] -- Found trajectory_msgs: 5.3.6 (/opt/ros/jazzy/share/trajectory_msgs/cmake)
[5.960s] -- Found visualization_msgs: 5.3.6 (/opt/ros/jazzy/share/visualization_msgs/cmake)
[6.053s] -- Found std_srvs: 5.3.6 (/opt/ros/jazzy/share/std_srvs/cmake)
[6.116s] -- Found example_interfaces: 0.12.0 (/opt/ros/jazzy/share/example_interfaces/cmake)
[6.196s] -- Found image_transport: 5.1.7 (/opt/ros/jazzy/share/image_transport/cmake)
[6.251s] -- Found aiguillages: 3.1.2 (/home/user/Desktop/New_ter/ros2_ws/install/aiguillages/share/aiguillages/cmake)
[6.325s] -- CoppeliaSim: LIBPLUGIN_DIR: /home/user/Desktop/New_ter/CoppeliaSim/programming/libPlugin.
[6.325s] -- CoppeliaSim: COPPELIASIM_ROOT_DIR: /home/user/Desktop/New_ter/CoppeliaSim.
[6.327s] -- Found CoppeliaSim installation at /home/user/Desktop/New_ter/CoppeliaSim.
[6.327s] -- Checking CoppeliaSim header version...
[7.342s] -- CoppeliaSim headers version 4.3.0 rev3
[7.429s] -- Found Boost: /usr/lib/x86_64-linux-gnu/cmake/Boost-1.83.0/BoostConfig.cmake (found version "1.83.0") found components: regex 
[7.474s] -- Found Git: /usr/bin/git (found version "2.43.0") 
[7.931s] -- Found Boost: /usr/lib/x86_64-linux-gnu/cmake/Boost-1.83.0/BoostConfig.cmake (found version "1.83.0")  
[7.934s] -- Adding simStubsGen command...
[8.334s] -- Reading plugin metadata...
[8.478s] warning: missing python package "xmlschema"; input file callbacks.xml will not be validated.
[8.577s] warning: missing python package "xmlschema"; input file callbacks.xml will not be validated.
[8.641s] -- Plugin: ROS2
[9.036s] -- Configuring done (8.9s)
[9.167s] -- Generating done (0.1s)
[9.188s] -- Build files have been written to: /home/user/Desktop/New_ter/CoppeliaSim/build/sim_ros2_interface
[9.325s] Invoked command in '/home/user/Desktop/New_ter/CoppeliaSim/build/sim_ros2_interface' returned '0': CMAKE_PREFIX_PATH=${CMAKE_PREFIX_PATH}:/opt/ros/jazzy DEBUGINFOD_URLS=https://debuginfod.ubuntu.com /usr/bin/cmake /home/user/Desktop/New_ter/CoppeliaSim/programming/ros2_packages/sim_ros2_interface -DAMENT_CMAKE_SYMLINK_INSTALL=1 -DCMAKE_INSTALL_PREFIX=/home/user/Desktop/New_ter/CoppeliaSim/install/sim_ros2_interface
[9.326s] Invoking command in '/home/user/Desktop/New_ter/CoppeliaSim/build/sim_ros2_interface': CMAKE_PREFIX_PATH=${CMAKE_PREFIX_PATH}:/opt/ros/jazzy DEBUGINFOD_URLS=https://debuginfod.ubuntu.com /usr/bin/cmake --build /home/user/Desktop/New_ter/CoppeliaSim/build/sim_ros2_interface -- -j4 -l4
[9.470s] [  2%] [34m[1mGenerating generated/actcli_cancelLastGoal.cpp[0m
[9.472s] [  4%] [34m[1mGenerating generated/actcli_del.cpp[0m
[9.472s] [  7%] [34m[1mGenerating generated/actcli_new.cpp[0m
[9.502s] [  9%] [34m[1mGenerating generated/actcli_sendGoal.cpp[0m
[10.311s] [ 12%] [34m[1mGenerating generated/actsrv_action_canceled.cpp[0m
[10.317s] [ 14%] [34m[1mGenerating generated/actsrv_action_execute.cpp[0m
[10.327s] [ 17%] [34m[1mGenerating generated/actsrv_action_is_active.cpp[0m
[10.342s] [ 19%] [34m[1mGenerating generated/actsrv_action_abort.cpp[0m
[10.631s] [ 21%] [34m[1mGenerating generated/actsrv_action_is_canceling.cpp[0m
[10.667s] [ 24%] [34m[1mGenerating generated/actsrv_action_is_executing.cpp[0m
[10.673s] [ 26%] [34m[1mGenerating generated/actsrv_action_publish_feedback.cpp[0m
[10.703s] [ 29%] [34m[1mGenerating generated/actsrv_action_succeed.cpp[0m
[10.937s] [ 31%] [34m[1mGenerating generated/actsrv_del.cpp[0m
[10.997s] [ 34%] [34m[1mGenerating generated/actsrv_new.cpp[0m
[11.012s] [ 36%] [34m[1mGenerating generated/callbacks.cpp[0m
[11.092s] [ 39%] [34m[1mGenerating generated/callbacks.h[0m
[11.310s] [ 41%] [34m[1mGenerating generated/cli_call.cpp[0m
[11.330s] [ 43%] [34m[1mGenerating generated/cli_del.cpp[0m
[11.332s] [ 46%] [34m[1mGenerating generated/cli_new.cpp[0m
[11.449s] [ 48%] [34m[1mGenerating generated/cli_wait.cpp[0m
[11.712s] [ 51%] [34m[1mGenerating generated/if_const.cpp[0m
[11.883s] [ 53%] [34m[1mGenerating generated/if_list.cpp[0m
[11.895s] [ 56%] [34m[1mGenerating generated/if_new.cpp[0m
[12.355s] [ 58%] [34m[1mGenerating generated/pub_del.cpp[0m
[12.433s] [ 60%] [34m[1mGenerating generated/pub_new.cpp[0m
[12.534s] [ 63%] [34m[1mGenerating generated/pub_publish.cpp[0m
[12.689s] [ 65%] [34m[1mGenerating generated/srv_del.cpp[0m
[12.860s] [ 68%] [34m[1mGenerating generated/srv_new.cpp[0m
[12.990s] [ 70%] [34m[1mGenerating generated/sub_del.cpp[0m
[13.029s] [ 73%] [34m[1mGenerating generated/sub_new.cpp[0m
[13.406s] [ 73%] Built target generate_ros_code
[13.430s] [ 75%] [34m[1mGenerating generated/stubs.cpp, generated/stubs.h, generated/plugin.h, generated/stubsPlusPlus.cpp, generated/index.json, generated/reference.html, generated/lua_calltips.cpp, generated/simROS2-typecheck.lua[0m
[13.530s] /home/user/Desktop/New_ter/CoppeliaSim/programming/libPlugin/simStubsGen/generate.py --verbose --xml-file /home/user/Desktop/New_ter/CoppeliaSim/programming/ros2_packages/sim_ros2_interface/meta/callbacks.xml --gen-all /home/user/Desktop/New_ter/CoppeliaSim/build/sim_ros2_interface/generated --lua-file /home/user/Desktop/New_ter/CoppeliaSim/programming/ros2_packages/sim_ros2_interface/simROS2.lua
[13.531s] warning: missing python package "xmlschema"; input file callbacks.xml will not be validated.
[13.539s] /usr/bin/python3 /home/user/Desktop/New_ter/CoppeliaSim/programming/libPlugin/simStubsGen/generate_lua_xml.py /home/user/Desktop/New_ter/CoppeliaSim/programming/ros2_packages/sim_ros2_interface/meta/callbacks.xml /home/user/Desktop/New_ter/CoppeliaSim/programming/ros2_packages/sim_ros2_interface/simROS2.lua /home/user/Desktop/New_ter/CoppeliaSim/build/sim_ros2_interface/generated/lua.xml
[13.645s] warning: missing python package "xmlschema"; input file callbacks.xml will not be validated.
[13.675s] /usr/bin/python3 /home/user/Desktop/New_ter/CoppeliaSim/programming/libPlugin/simStubsGen/merge_xml.py /home/user/Desktop/New_ter/CoppeliaSim/programming/ros2_packages/sim_ros2_interface/meta/callbacks.xml /home/user/Desktop/New_ter/CoppeliaSim/build/sim_ros2_interface/generated/lua.xml /home/user/Desktop/New_ter/CoppeliaSim/build/sim_ros2_interface/generated/reference.xml
[13.793s] xsltproc -o /home/user/Desktop/New_ter/CoppeliaSim/build/sim_ros2_interface/generated/reference.html /home/user/Desktop/New_ter/CoppeliaSim/programming/libPlugin/simStubsGen/xsl/reference.xsl /home/user/Desktop/New_ter/CoppeliaSim/build/sim_ros2_interface/generated/reference.xml
[13.876s] /usr/bin/python3 /home/user/Desktop/New_ter/CoppeliaSim/programming/libPlugin/simStubsGen/generate_lua_calltips.py /home/user/Desktop/New_ter/CoppeliaSim/build/sim_ros2_interface/generated/lua.xml /home/user/Desktop/New_ter/CoppeliaSim/build/sim_ros2_interface/generated/lua_calltips.cpp
[13.940s] warning: missing python package "xmlschema"; input file lua.xml will not be validated.
[13.961s] /usr/bin/python3 /home/user/Desktop/New_ter/CoppeliaSim/programming/libPlugin/simStubsGen/generate_lua_typechecker.py /home/user/Desktop/New_ter/CoppeliaSim/programming/ros2_packages/sim_ros2_interface/simROS2.lua /home/user/Desktop/New_ter/CoppeliaSim/build/sim_ros2_interface/generated/lua.xml /home/user/Desktop/New_ter/CoppeliaSim/build/sim_ros2_interface/generated/simROS2-typecheck.lua
[14.069s] warning: missing python package "xmlschema"; input file lua.xml will not be validated.
[14.102s] /usr/bin/python3 /home/user/Desktop/New_ter/CoppeliaSim/programming/libPlugin/simStubsGen/generate_api_index.py /home/user/Desktop/New_ter/CoppeliaSim/build/sim_ros2_interface/generated/reference.xml /home/user/Desktop/New_ter/CoppeliaSim/build/sim_ros2_interface/generated/index.json
[14.201s] warning: missing python package "xmlschema"; input file reference.xml will not be validated.
[14.237s] /usr/bin/python3 /home/user/Desktop/New_ter/CoppeliaSim/programming/libPlugin/simStubsGen/external/pycpp/pycpp.py -p xml_file=/home/user/Desktop/New_ter/CoppeliaSim/programming/ros2_packages/sim_ros2_interface/meta/callbacks.xml -p have_lua_calltips=True -P /home/user/Desktop/New_ter/CoppeliaSim/programming/libPlugin/simStubsGen -p lua_require=simROS2-typecheck -i /home/user/Desktop/New_ter/CoppeliaSim/programming/libPlugin/simStubsGen/cpp/stubs.cpp -o /home/user/Desktop/New_ter/CoppeliaSim/build/sim_ros2_interface/generated/stubs.cpp
[14.292s] warning: missing python package "xmlschema"; input file callbacks.xml will not be validated.
[14.325s] /usr/bin/python3 /home/user/Desktop/New_ter/CoppeliaSim/programming/libPlugin/simStubsGen/external/pycpp/pycpp.py -p xml_file=/home/user/Desktop/New_ter/CoppeliaSim/programming/ros2_packages/sim_ros2_interface/meta/callbacks.xml -p have_lua_calltips=True -P /home/user/Desktop/New_ter/CoppeliaSim/programming/libPlugin/simStubsGen -p lua_require=simROS2-typecheck -i /home/user/Desktop/New_ter/CoppeliaSim/programming/libPlugin/simStubsGen/cpp/stubs.h -o /home/user/Desktop/New_ter/CoppeliaSim/build/sim_ros2_interface/generated/stubs.h
[14.410s] warning: missing python package "xmlschema"; input file callbacks.xml will not be validated.
[14.452s] /usr/bin/python3 /home/user/Desktop/New_ter/CoppeliaSim/programming/libPlugin/simStubsGen/external/pycpp/pycpp.py -p xml_file=/home/user/Desktop/New_ter/CoppeliaSim/programming/ros2_packages/sim_ros2_interface/meta/callbacks.xml -p have_lua_calltips=True -P /home/user/Desktop/New_ter/CoppeliaSim/programming/libPlugin/simStubsGen -p lua_require=simROS2-typecheck -i /home/user/Desktop/New_ter/CoppeliaSim/programming/libPlugin/simStubsGen/cpp/plugin.h -o /home/user/Desktop/New_ter/CoppeliaSim/build/sim_ros2_interface/generated/plugin.h
[14.549s] warning: missing python package "xmlschema"; input file callbacks.xml will not be validated.
[14.574s] /usr/bin/python3 /home/user/Desktop/New_ter/CoppeliaSim/programming/libPlugin/simStubsGen/external/pycpp/pycpp.py -p xml_file=/home/user/Desktop/New_ter/CoppeliaSim/programming/ros2_packages/sim_ros2_interface/meta/callbacks.xml -p have_lua_calltips=True -P /home/user/Desktop/New_ter/CoppeliaSim/programming/libPlugin/simStubsGen -p lua_require=simROS2-typecheck -i /home/user/Desktop/New_ter/CoppeliaSim/programming/libPlugin/simStubsGen/cpp/stubsPlusPlus.cpp -o /home/user/Desktop/New_ter/CoppeliaSim/build/sim_ros2_interface/generated/stubsPlusPlus.cpp
[14.654s] warning: missing python package "xmlschema"; input file callbacks.xml will not be validated.
[14.916s] [ 78%] [32mBuilding CXX object CMakeFiles/simExtROS2.dir/home/user/Desktop/New_ter/CoppeliaSim/programming/libPlugin/simPlusPlus/Plugin.cpp.o[0m
[14.927s] [ 82%] [32mBuilding CXX object CMakeFiles/simExtROS2.dir/home/user/Desktop/New_ter/CoppeliaSim/programming/libPlugin/simPlusPlus/Lib.cpp.o[0m
[14.927s] [ 82%] [32mBuilding CXX object CMakeFiles/simExtROS2.dir/home/user/Desktop/New_ter/CoppeliaSim/programming/common/simLib.cpp.o[0m
[14.948s] [ 85%] [32mBuilding CXX object CMakeFiles/simExtROS2.dir/generated/stubs.cpp.o[0m
[16.102s] [ 87%] [32mBuilding CXX object CMakeFiles/simExtROS2.dir/home/user/Desktop/New_ter/CoppeliaSim/programming/libPlugin/simPlusPlus/Handle.cpp.o[0m
[16.889s] [ 90%] [32mBuilding CXX object CMakeFiles/simExtROS2.dir/src/sim_ros2_interface.cpp.o[0m
[18.112s] [ 92%] [32mBuilding CXX object CMakeFiles/simExtROS2.dir/src/ros_msg_builtin_io.cpp.o[0m
[18.858s] [ 95%] [32mBuilding CXX object CMakeFiles/simExtROS2.dir/generated/callbacks.cpp.o[0m
[164.981s] [ 97%] [32m[1mLinking CXX shared library libsimExtROS2.so[0m
[182.512s] [100%] Built target simExtROS2
[182.544s] Invoked command in '/home/user/Desktop/New_ter/CoppeliaSim/build/sim_ros2_interface' returned '0': CMAKE_PREFIX_PATH=${CMAKE_PREFIX_PATH}:/opt/ros/jazzy DEBUGINFOD_URLS=https://debuginfod.ubuntu.com /usr/bin/cmake --build /home/user/Desktop/New_ter/CoppeliaSim/build/sim_ros2_interface -- -j4 -l4
[182.568s] Invoking command in '/home/user/Desktop/New_ter/CoppeliaSim/build/sim_ros2_interface': CMAKE_PREFIX_PATH=${CMAKE_PREFIX_PATH}:/opt/ros/jazzy DEBUGINFOD_URLS=https://debuginfod.ubuntu.com /usr/bin/cmake --install /home/user/Desktop/New_ter/CoppeliaSim/build/sim_ros2_interface
[182.602s] -- Install configuration: ""
[182.605s] -- Execute custom install script
[182.610s] -- Up-to-date symlink: /home/user/Desktop/New_ter/CoppeliaSim/lua/simROS2-typecheck.lua
[182.612s] -- Up-to-date symlink: /home/user/Desktop/New_ter/CoppeliaSim/lua/simROS2.lua
[182.619s] -- Up-to-date symlink: /home/user/Desktop/New_ter/CoppeliaSim/helpFiles/en/simROS2.htm
[182.623s] -- Up-to-date symlink: /home/user/Desktop/New_ter/CoppeliaSim/helpFiles/index/simROS2.json
[182.628s] -- Up-to-date symlink: /home/user/Desktop/New_ter/CoppeliaSim/libsimExtROS2.so
[182.631s] -- Up-to-date symlink: /home/user/Desktop/New_ter/CoppeliaSim/install/sim_ros2_interface/share/ament_index/resource_index/package_run_dependencies/sim_ros2_interface
[182.636s] -- Up-to-date symlink: /home/user/Desktop/New_ter/CoppeliaSim/install/sim_ros2_interface/share/ament_index/resource_index/parent_prefix_path/sim_ros2_interface
[182.642s] -- Up-to-date symlink: /home/user/Desktop/New_ter/CoppeliaSim/install/sim_ros2_interface/share/sim_ros2_interface/environment/ament_prefix_path.sh
[182.645s] -- Up-to-date symlink: /home/user/Desktop/New_ter/CoppeliaSim/install/sim_ros2_interface/share/sim_ros2_interface/environment/ament_prefix_path.dsv
[182.648s] -- Up-to-date symlink: /home/user/Desktop/New_ter/CoppeliaSim/install/sim_ros2_interface/share/sim_ros2_interface/environment/path.sh
[182.649s] -- Up-to-date symlink: /home/user/Desktop/New_ter/CoppeliaSim/install/sim_ros2_interface/share/sim_ros2_interface/environment/path.dsv
[182.651s] -- Up-to-date symlink: /home/user/Desktop/New_ter/CoppeliaSim/install/sim_ros2_interface/share/sim_ros2_interface/local_setup.bash
[182.653s] -- Up-to-date symlink: /home/user/Desktop/New_ter/CoppeliaSim/install/sim_ros2_interface/share/sim_ros2_interface/local_setup.sh
[182.656s] -- Up-to-date symlink: /home/user/Desktop/New_ter/CoppeliaSim/install/sim_ros2_interface/share/sim_ros2_interface/local_setup.zsh
[182.658s] -- Up-to-date symlink: /home/user/Desktop/New_ter/CoppeliaSim/install/sim_ros2_interface/share/sim_ros2_interface/local_setup.dsv
[182.658s] -- Symlinking: /home/user/Desktop/New_ter/CoppeliaSim/install/sim_ros2_interface/share/sim_ros2_interface/package.dsv
[182.682s] -- Up-to-date symlink: /home/user/Desktop/New_ter/CoppeliaSim/install/sim_ros2_interface/share/ament_index/resource_index/packages/sim_ros2_interface
[182.684s] -- Up-to-date symlink: /home/user/Desktop/New_ter/CoppeliaSim/install/sim_ros2_interface/share/sim_ros2_interface/cmake/sim_ros2_interfaceConfig.cmake
[182.686s] -- Up-to-date symlink: /home/user/Desktop/New_ter/CoppeliaSim/install/sim_ros2_interface/share/sim_ros2_interface/cmake/sim_ros2_interfaceConfig-version.cmake
[182.689s] -- Up-to-date symlink: /home/user/Desktop/New_ter/CoppeliaSim/install/sim_ros2_interface/share/sim_ros2_interface/package.xml
[182.696s] Invoked command in '/home/user/Desktop/New_ter/CoppeliaSim/build/sim_ros2_interface' returned '0': CMAKE_PREFIX_PATH=${CMAKE_PREFIX_PATH}:/opt/ros/jazzy DEBUGINFOD_URLS=https://debuginfod.ubuntu.com /usr/bin/cmake --install /home/user/Desktop/New_ter/CoppeliaSim/build/sim_ros2_interface
