warning: missing python package "xmlschema"; input file callbacks.xml will not be validated.
warning: missing python package "xmlschema"; input file callbacks.xml will not be validated.
warning: missing python package "xmlschema"; input file callbacks.xml will not be validated.
warning: missing python package "xmlschema"; input file callbacks.xml will not be validated.
warning: missing python package "xmlschema"; input file lua.xml will not be validated.
warning: missing python package "xmlschema"; input file lua.xml will not be validated.
warning: missing python package "xmlschema"; input file reference.xml will not be validated.
warning: missing python package "xmlschema"; input file callbacks.xml will not be validated.
warning: missing python package "xmlschema"; input file callbacks.xml will not be validated.
warning: missing python package "xmlschema"; input file callbacks.xml will not be validated.
warning: missing python package "xmlschema"; input file callbacks.xml will not be validated.
[01m[K/home/user/Desktop/New_ter/CoppeliaSim/programming/ros2_packages/sim_ros2_interface/src/ros_msg_builtin_io.cpp:[m[K In function ‘[01m[Kvoid[01;32m[K read__duration[m[K(int, rclcpp::Duration*, const ROS2ReadOptions*)[m[K’:
[01m[K/home/user/Desktop/New_ter/CoppeliaSim/programming/ros2_packages/sim_ros2_interface/src/ros_msg_builtin_io.cpp:249:36:[m[K [01;31m[Kerror: [m[Kno matching function for call to ‘[01m[Krclcpp::Duration::Duration(simDouble&)[m[K’
  249 |         *value = rclcpp::Duration(v[01;31m[K)[m[K;
      |                                    [01;31m[K^[m[K
In file included from [01m[K/opt/ros/jazzy/include/rclcpp/rclcpp/time.hpp:24[m[K,
                 from [01m[K/opt/ros/jazzy/include/rclcpp/rclcpp/clock.hpp:24[m[K,
                 from [01m[K/opt/ros/jazzy/include/rclcpp/rclcpp/client.hpp:38[m[K,
                 from [01m[K/opt/ros/jazzy/include/rclcpp/rclcpp/callback_group.hpp:24[m[K,
                 from [01m[K/opt/ros/jazzy/include/rclcpp/rclcpp/any_executable.hpp:20[m[K,
                 from [01m[K/opt/ros/jazzy/include/rclcpp/rclcpp/memory_strategy.hpp:25[m[K,
                 from [01m[K/opt/ros/jazzy/include/rclcpp/rclcpp/memory_strategies.hpp:18[m[K,
                 from [01m[K/opt/ros/jazzy/include/rclcpp/rclcpp/executor_options.hpp:22[m[K,
                 from [01m[K/opt/ros/jazzy/include/rclcpp/rclcpp/executor.hpp:38[m[K,
                 from [01m[K/opt/ros/jazzy/include/rclcpp/rclcpp/executors/multi_threaded_executor.hpp:25[m[K,
                 from [01m[K/opt/ros/jazzy/include/rclcpp/rclcpp/executors.hpp:21[m[K,
                 from [01m[K/opt/ros/jazzy/include/rclcpp/rclcpp/rclcpp.hpp:172[m[K,
                 from [01m[K/home/user/Desktop/New_ter/CoppeliaSim/programming/ros2_packages/sim_ros2_interface/include/sim_ros2_interface/ros_msg_builtin_io.h:4[m[K,
                 from [01m[K/home/user/Desktop/New_ter/CoppeliaSim/programming/ros2_packages/sim_ros2_interface/src/ros_msg_builtin_io.cpp:1[m[K:
[01m[K/opt/ros/jazzy/include/rclcpp/rclcpp/duration.hpp:49:3:[m[K [01;36m[Knote: [m[Kcandidate: ‘[01m[Ktemplate<class Rep, class Period> rclcpp::Duration::[01;32m[KDuration[m[K(const std::chrono::duration<_Rep1, _Period1>&)[m[K’
   49 |   [01;36m[KDuration[m[K(const std::chrono::duration<Rep, Period> & duration)  // NOLINT(runtime/explicit)
      |   [01;36m[K^~~~~~~~[m[K
[01m[K/opt/ros/jazzy/include/rclcpp/rclcpp/duration.hpp:49:3:[m[K [01;36m[Knote: [m[K  template argument deduction/substitution failed:
[01m[K/home/user/Desktop/New_ter/CoppeliaSim/programming/ros2_packages/sim_ros2_interface/src/ros_msg_builtin_io.cpp:249:36:[m[K [01;36m[Knote: [m[K  mismatched types ‘[01m[Kconst std::chrono::duration<_Rep1, _Period1>[m[K’ and ‘[01m[KsimDouble[m[K’ {aka ‘[01m[Kdouble[m[K’}
  249 |         *value = rclcpp::Duration(v[01;36m[K)[m[K;
      |                                    [01;36m[K^[m[K
[01m[K/opt/ros/jazzy/include/rclcpp/rclcpp/duration.hpp:159:3:[m[K [01;36m[Knote: [m[Kcandidate: ‘[01m[Krclcpp::Duration::[01;32m[KDuration[m[K()[m[K’
  159 |   [01;36m[KDuration[m[K() = default;
      |   [01;36m[K^~~~~~~~[m[K
[01m[K/opt/ros/jazzy/include/rclcpp/rclcpp/duration.hpp:159:3:[m[K [01;36m[Knote: [m[K  candidate expects 0 arguments, 1 provided
[01m[K/opt/ros/jazzy/include/rclcpp/rclcpp/duration.hpp:62:3:[m[K [01;36m[Knote: [m[Kcandidate: ‘[01m[Krclcpp::Duration::[01;32m[KDuration[m[K(const rclcpp::Duration&)[m[K’
   62 |   [01;36m[KDuration[m[K(const Duration & rhs);
      |   [01;36m[K^~~~~~~~[m[K
[01m[K/opt/ros/jazzy/include/rclcpp/rclcpp/duration.hpp:62:29:[m[K [01;36m[Knote: [m[K  no known conversion for argument 1 from ‘[01m[KsimDouble[m[K’ {aka ‘[01m[Kdouble[m[K’} to ‘[01m[Kconst rclcpp::Duration&[m[K’
   62 |   Duration([01;36m[Kconst Duration & rhs[m[K);
      |            [01;36m[K~~~~~~~~~~~~~~~~~^~~[m[K
[01m[K/opt/ros/jazzy/include/rclcpp/rclcpp/duration.hpp:60:12:[m[K [01;36m[Knote: [m[Kcandidate: ‘[01m[Krclcpp::Duration::[01;32m[KDuration[m[K(const rcl_duration_t&)[m[K’
   60 |   explicit [01;36m[KDuration[m[K(const rcl_duration_t & duration);
      |            [01;36m[K^~~~~~~~[m[K
[01m[K/opt/ros/jazzy/include/rclcpp/rclcpp/duration.hpp:60:44:[m[K [01;36m[Knote: [m[K  no known conversion for argument 1 from ‘[01m[KsimDouble[m[K’ {aka ‘[01m[Kdouble[m[K’} to ‘[01m[Kconst rcl_duration_t&[m[K’ {aka ‘[01m[Kconst rcl_duration_s&[m[K’}
   60 |   explicit Duration([01;36m[Kconst rcl_duration_t & duration[m[K);
      |                     [01;36m[K~~~~~~~~~~~~~~~~~~~~~~~^~~~~~~~[m[K
[01m[K/opt/ros/jazzy/include/rclcpp/rclcpp/duration.hpp:54:3:[m[K [01;36m[Knote: [m[Kcandidate: ‘[01m[Krclcpp::Duration::[01;32m[KDuration[m[K(const builtin_interfaces::msg::Duration&)[m[K’
   54 |   [01;36m[KDuration[m[K(const builtin_interfaces::msg::Duration & duration_msg);  // NOLINT(runtime/explicit)
      |   [01;36m[K^~~~~~~~[m[K
[01m[K/opt/ros/jazzy/include/rclcpp/rclcpp/duration.hpp:54:54:[m[K [01;36m[Knote: [m[K  no known conversion for argument 1 from ‘[01m[KsimDouble[m[K’ {aka ‘[01m[Kdouble[m[K’} to ‘[01m[Kconst builtin_interfaces::msg::Duration&[m[K’ {aka ‘[01m[Kconst builtin_interfaces::msg::Duration_<std::allocator<void> >&[m[K’}
   54 |   Duration([01;36m[Kconst builtin_interfaces::msg::Duration & duration_msg[m[K);  // NOLINT(runtime/explicit)
      |            [01;36m[K~~~~~~~~~~~~~~~~~~~~~~~~~~~~~~~~~~~~~~~~~~^~~~~~~~~~~~[m[K
[01m[K/opt/ros/jazzy/include/rclcpp/rclcpp/duration.hpp:43:12:[m[K [01;36m[Knote: [m[Kcandidate: ‘[01m[Krclcpp::Duration::[01;32m[KDuration[m[K(std::chrono::nanoseconds)[m[K’
   43 |   explicit [01;36m[KDuration[m[K(std::chrono::nanoseconds nanoseconds);
      |            [01;36m[K^~~~~~~~[m[K
[01m[K/opt/ros/jazzy/include/rclcpp/rclcpp/duration.hpp:43:46:[m[K [01;36m[Knote: [m[K  no known conversion for argument 1 from ‘[01m[KsimDouble[m[K’ {aka ‘[01m[Kdouble[m[K’} to ‘[01m[Kstd::chrono::nanoseconds[m[K’ {aka ‘[01m[Kstd::chrono::duration<long int, std::ratio<1, 1000000000> >[m[K’}
   43 |   explicit Duration([01;36m[Kstd::chrono::nanoseconds nanoseconds[m[K);
      |                     [01;36m[K~~~~~~~~~~~~~~~~~~~~~~~~~^~~~~~~~~~~[m[K
[01m[K/opt/ros/jazzy/include/rclcpp/rclcpp/duration.hpp:40:3:[m[K [01;36m[Knote: [m[Kcandidate: ‘[01m[Krclcpp::Duration::[01;32m[KDuration[m[K(int32_t, uint32_t)[m[K’
   40 |   [01;36m[KDuration[m[K(int32_t seconds, uint32_t nanoseconds);
      |   [01;36m[K^~~~~~~~[m[K
[01m[K/opt/ros/jazzy/include/rclcpp/rclcpp/duration.hpp:40:3:[m[K [01;36m[Knote: [m[K  candidate expects 2 arguments, 1 provided
gmake[2]: *** [CMakeFiles/simExtROS2.dir/build.make:213: CMakeFiles/simExtROS2.dir/src/ros_msg_builtin_io.cpp.o] Error 1
gmake[2]: *** Waiting for unfinished jobs....
In file included from [01m[K/home/user/Desktop/New_ter/CoppeliaSim/programming/ros2_packages/sim_ros2_interface/src/sim_ros2_interface.cpp:350[m[K:
[01m[K/home/user/Desktop/New_ter/CoppeliaSim/build/sim_ros2_interface/generated/cli_call.cpp:[m[K In member function ‘[01m[Kvoid Plugin::[01;32m[Kcall[m[K(call_in*, call_out*)[m[K’:
[01m[K/home/user/Desktop/New_ter/CoppeliaSim/build/sim_ros2_interface/generated/cli_call.cpp:8:25:[m[K [01;31m[Kerror: [m[K‘[01m[Krclcpp::executor[m[K’ has not been declared
    8 |                 rclcpp::[01;31m[Kexecutor[m[K::FutureReturnCode::SUCCESS)
      |                         [01;31m[K^~~~~~~~[m[K
[01m[K/home/user/Desktop/New_ter/CoppeliaSim/build/sim_ros2_interface/generated/cli_call.cpp:25:25:[m[K [01;31m[Kerror: [m[K‘[01m[Krclcpp::executor[m[K’ has not been declared
   25 |                 rclcpp::[01;31m[Kexecutor[m[K::FutureReturnCode::SUCCESS)
      |                         [01;31m[K^~~~~~~~[m[K
[01m[K/home/user/Desktop/New_ter/CoppeliaSim/build/sim_ros2_interface/generated/cli_call.cpp:42:25:[m[K [01;31m[Kerror: [m[K‘[01m[Krclcpp::executor[m[K’ has not been declared
   42 |                 rclcpp::[01;31m[Kexecutor[m[K::FutureReturnCode::SUCCESS)
      |                         [01;31m[K^~~~~~~~[m[K
[01m[K/home/user/Desktop/New_ter/CoppeliaSim/build/sim_ros2_interface/generated/cli_call.cpp:59:25:[m[K [01;31m[Kerror: [m[K‘[01m[Krclcpp::executor[m[K’ has not been declared
   59 |                 rclcpp::[01;31m[Kexecutor[m[K::FutureReturnCode::SUCCESS)
      |                         [01;31m[K^~~~~~~~[m[K
In file included from [01m[K/home/user/Desktop/New_ter/CoppeliaSim/programming/ros2_packages/sim_ros2_interface/src/sim_ros2_interface.cpp:446[m[K:
[01m[K/home/user/Desktop/New_ter/CoppeliaSim/build/sim_ros2_interface/generated/actcli_sendGoal.cpp:[m[K In member function ‘[01m[Kvoid Plugin::[01;32m[KsendGoal[m[K(sendGoal_in*, sendGoal_out*)[m[K’:
[01m[K/home/user/Desktop/New_ter/CoppeliaSim/build/sim_ros2_interface/generated/actcli_sendGoal.cpp:17:9:[m[K [01;31m[Kerror: [m[Kno match for ‘[01m[Koperator=[m[K’ (operand types are ‘[01m[Krclcpp_action::Client<example_interfaces::action::Fibonacci>::GoalResponseCallback[m[K’ {aka ‘[01m[Kstd::function<void(std::shared_ptr<rclcpp_action::ClientGoalHandle<example_interfaces::action::Fibonacci> >)>[m[K’} and ‘[01m[KPlugin::sendGoal(sendGoal_in*, sendGoal_out*)::<lambda(std::shared_future<std::shared_ptr<rclcpp_action::ClientGoalHandle<example_interfaces::action::Fibonacci> > >)>[m[K’)
   17 |         [01;31m[K}[m[K;
      |         [01;31m[K^[m[K
In file included from [01m[K/usr/include/c++/13/functional:59[m[K,
                 from [01m[K/usr/include/boost/numeric/conversion/converter_policies.hpp:13[m[K,
                 from [01m[K/usr/include/boost/numeric/conversion/converter.hpp:14[m[K,
                 from [01m[K/usr/include/boost/numeric/conversion/cast.hpp:33[m[K,
                 from [01m[K/usr/include/boost/lexical_cast/detail/converter_numeric.hpp:37[m[K,
                 from [01m[K/usr/include/boost/lexical_cast/try_lexical_convert.hpp:43[m[K,
                 from [01m[K/usr/include/boost/lexical_cast.hpp:50[m[K,
                 from [01m[K/home/user/Desktop/New_ter/CoppeliaSim/programming/ros2_packages/sim_ros2_interface/include/sim_ros2_interface/sim_ros2_interface.h:10[m[K,
                 from [01m[K/home/user/Desktop/New_ter/CoppeliaSim/programming/ros2_packages/sim_ros2_interface/src/sim_ros2_interface.cpp:1[m[K:
[01m[K/usr/include/c++/13/bits/std_function.h:531:9:[m[K [01;36m[Knote: [m[Kcandidate: ‘[01m[Ktemplate<class _Functor> std::function<_Res(_ArgTypes ...)>::_Requires<std::function<_Res(_ArgTypes ...)>::_Callable<_Functor>, std::function<_Res(_ArgTypes ...)>&> std::function<_Res(_ArgTypes ...)>::[01;32m[Koperator=[m[K(_Functor&&) [35m[K[with _Res = void; _ArgTypes = {std::shared_ptr<rclcpp_action::ClientGoalHandle<example_interfaces::action::Fibonacci> >}][m[K[m[K’
  531 |         [01;36m[Koperator[m[K=(_Functor&& __f)
      |         [01;36m[K^~~~~~~~[m[K
[01m[K/usr/include/c++/13/bits/std_function.h:531:9:[m[K [01;36m[Knote: [m[K  template argument deduction/substitution failed:
In file included from [01m[K/usr/include/c++/13/bits/move.h:37[m[K,
                 from [01m[K/usr/include/c++/13/bits/exception_ptr.h:41[m[K,
                 from [01m[K/usr/include/c++/13/exception:164[m[K,
                 from [01m[K/usr/include/c++/13/ios:41[m[K,
                 from [01m[K/usr/include/c++/13/ostream:40[m[K,
                 from [01m[K/usr/include/c++/13/iostream:41[m[K,
                 from [01m[K/home/user/Desktop/New_ter/CoppeliaSim/programming/ros2_packages/sim_ros2_interface/include/sim_ros2_interface/sim_ros2_interface.h:4[m[K:
/usr/include/c++/13/type_traits: In substitution of ‘[01m[Ktemplate<bool _Cond, class _Tp> using std::__enable_if_t = typename std::enable_if::type [35m[K[with bool _Cond = false; _Tp = std::function<void(std::shared_ptr<rclcpp_action::ClientGoalHandle<example_interfaces::action::Fibonacci> >)>&][m[K[m[K’:
[01m[K/usr/include/c++/13/bits/std_function.h:353:8:[m[K   required by substitution of ‘[01m[Ktemplate<class _Res, class ... _ArgTypes> template<class _Cond, class _Tp> using std::function<_Res(_ArgTypes ...)>::_Requires = std::__enable_if_t<_Cond::value, _Tp> [35m[K[with _Cond = std::function<void(std::shared_ptr<rclcpp_action::ClientGoalHandle<example_interfaces::action::Fibonacci> >)>::_Callable<Plugin::sendGoal(sendGoal_in*, sendGoal_out*)::<lambda(std::shared_future<std::shared_ptr<rclcpp_action::ClientGoalHandle<example_interfaces::action::Fibonacci> > >)>, Plugin::sendGoal(sendGoal_in*, sendGoal_out*)::<lambda(std::shared_future<std::shared_ptr<rclcpp_action::ClientGoalHandle<example_interfaces::action::Fibonacci> > >)>, std::__invoke_result<Plugin::sendGoal(sendGoal_in*, sendGoal_out*)::<lambda(std::shared_future<std::shared_ptr<rclcpp_action::ClientGoalHandle<example_interfaces::action::Fibonacci> > >)>&, std::shared_ptr<rclcpp_action::ClientGoalHandle<example_interfaces::action::Fibonacci> > > >; _Tp = std::function<void(std::shared_ptr<rclcpp_action::ClientGoalHandle<example_interfaces::action::Fibonacci> >)>&; _Res = void; _ArgTypes = {std::shared_ptr<rclcpp_action::ClientGoalHandle<example_interfaces::action::Fibonacci> >}][m[K[m[K’
[01m[K/usr/include/c++/13/bits/std_function.h:531:2:[m[K   required by substitution of ‘[01m[Ktemplate<class _Functor> std::function<void(std::shared_ptr<rclcpp_action::ClientGoalHandle<example_interfaces::action::Fibonacci> >)>::_Requires<std::function<void(std::shared_ptr<rclcpp_action::ClientGoalHandle<example_interfaces::action::Fibonacci> >)>::_Callable<_Functor, typename std::enable_if<(! std::is_same<typename std::remove_cv<typename std::remove_reference<_Tp>::type>::type, std::function<void(std::shared_ptr<rclcpp_action::ClientGoalHandle<example_interfaces::action::Fibonacci> >)> >::value), std::decay<_Ex> >::type::type, std::__invoke_result<typename std::enable_if<(! std::is_same<typename std::remove_cv<typename std::remove_reference<_Tp>::type>::type, std::function<void(std::shared_ptr<rclcpp_action::ClientGoalHandle<example_interfaces::action::Fibonacci> >)> >::value), std::decay<_Ex> >::type::type&, std::shared_ptr<rclcpp_action::ClientGoalHandle<example_interfaces::action::Fibonacci> > > >, std::function<void(std::shared_ptr<rclcpp_action::ClientGoalHandle<example_interfaces::action::Fibonacci> >)>&> std::function<void(std::shared_ptr<rclcpp_action::ClientGoalHandle<example_interfaces::action::Fibonacci> >)>::[01;32m[Koperator=[m[K(_Functor&&) [35m[K[with _Functor = Plugin::sendGoal(sendGoal_in*, sendGoal_out*)::<lambda(std::shared_future<std::shared_ptr<rclcpp_action::ClientGoalHandle<example_interfaces::action::Fibonacci> > >)>][m[K[m[K’
[01m[K/home/user/Desktop/New_ter/CoppeliaSim/build/sim_ros2_interface/generated/actcli_sendGoal.cpp:17:9:[m[K   required from here
[01m[K/usr/include/c++/13/type_traits:116:11:[m[K [01;31m[Kerror: [m[Kno type named ‘[01m[Ktype[m[K’ in ‘[01m[Kstruct std::enable_if<false, std::function<void(std::shared_ptr<rclcpp_action::ClientGoalHandle<example_interfaces::action::Fibonacci> >)>&>[m[K’
  116 |     using [01;31m[K__enable_if_t[m[K = typename enable_if<_Cond, _Tp>::type;
      |           [01;31m[K^~~~~~~~~~~~~[m[K
[01m[K/usr/include/c++/13/bits/std_function.h:541:9:[m[K [01;36m[Knote: [m[Kcandidate: ‘[01m[Ktemplate<class _Functor> std::function<_Res(_ArgTypes ...)>& std::function<_Res(_ArgTypes ...)>::[01;32m[Koperator=[m[K(std::reference_wrapper<_Functor>) [35m[K[with _Res = void; _ArgTypes = {std::shared_ptr<rclcpp_action::ClientGoalHandle<example_interfaces::action::Fibonacci> >}][m[K[m[K’
  541 |         [01;36m[Koperator[m[K=(reference_wrapper<_Functor> __f) noexcept
      |         [01;36m[K^~~~~~~~[m[K
[01m[K/usr/include/c++/13/bits/std_function.h:541:9:[m[K [01;36m[Knote: [m[K  template argument deduction/substitution failed:
[01m[K/home/user/Desktop/New_ter/CoppeliaSim/build/sim_ros2_interface/generated/actcli_sendGoal.cpp:17:9:[m[K [01;36m[Knote: [m[K  ‘[01m[KPlugin::sendGoal(sendGoal_in*, sendGoal_out*)::<lambda(std::shared_future<std::shared_ptr<rclcpp_action::ClientGoalHandle<example_interfaces::action::Fibonacci> > >)>[m[K’ is not derived from ‘[01m[Kstd::reference_wrapper<_Tp>[m[K’
   17 |         [01;36m[K}[m[K;
      |         [01;36m[K^[m[K
[01m[K/usr/include/c++/13/bits/std_function.h:469:7:[m[K [01;36m[Knote: [m[Kcandidate: ‘[01m[Kstd::function<_Res(_ArgTypes ...)>& std::function<_Res(_ArgTypes ...)>::[01;32m[Koperator=[m[K(const std::function<_Res(_ArgTypes ...)>&) [35m[K[with _Res = void; _ArgTypes = {std::shared_ptr<rclcpp_action::ClientGoalHandle<example_interfaces::action::Fibonacci> >}][m[K[m[K’
  469 |       [01;36m[Koperator[m[K=(const function& __x)
      |       [01;36m[K^~~~~~~~[m[K
[01m[K/usr/include/c++/13/bits/std_function.h:469:33:[m[K [01;36m[Knote: [m[K  no known conversion for argument 1 from ‘[01m[KPlugin::sendGoal(sendGoal_in*, sendGoal_out*)::<lambda(std::shared_future<std::shared_ptr<rclcpp_action::ClientGoalHandle<example_interfaces::action::Fibonacci> > >)>[m[K’ to ‘[01m[Kconst std::function<void(std::shared_ptr<rclcpp_action::ClientGoalHandle<example_interfaces::action::Fibonacci> >)>&[m[K’
  469 |       operator=([01;36m[Kconst function& __x[m[K)
      |                 [01;36m[K~~~~~~~~~~~~~~~~^~~[m[K
[01m[K/usr/include/c++/13/bits/std_function.h:487:7:[m[K [01;36m[Knote: [m[Kcandidate: ‘[01m[Kstd::function<_Res(_ArgTypes ...)>& std::function<_Res(_ArgTypes ...)>::[01;32m[Koperator=[m[K(std::function<_Res(_ArgTypes ...)>&&) [35m[K[with _Res = void; _ArgTypes = {std::shared_ptr<rclcpp_action::ClientGoalHandle<example_interfaces::action::Fibonacci> >}][m[K[m[K’
  487 |       [01;36m[Koperator[m[K=(function&& __x) noexcept
      |       [01;36m[K^~~~~~~~[m[K
[01m[K/usr/include/c++/13/bits/std_function.h:487:28:[m[K [01;36m[Knote: [m[K  no known conversion for argument 1 from ‘[01m[KPlugin::sendGoal(sendGoal_in*, sendGoal_out*)::<lambda(std::shared_future<std::shared_ptr<rclcpp_action::ClientGoalHandle<example_interfaces::action::Fibonacci> > >)>[m[K’ to ‘[01m[Kstd::function<void(std::shared_ptr<rclcpp_action::ClientGoalHandle<example_interfaces::action::Fibonacci> >)>&&[m[K’
  487 |       operator=([01;36m[Kfunction&& __x[m[K) noexcept
      |                 [01;36m[K~~~~~~~~~~~^~~[m[K
[01m[K/usr/include/c++/13/bits/std_function.h:501:7:[m[K [01;36m[Knote: [m[Kcandidate: ‘[01m[Kstd::function<_Res(_ArgTypes ...)>& std::function<_Res(_ArgTypes ...)>::[01;32m[Koperator=[m[K(std::nullptr_t) [35m[K[with _Res = void; _ArgTypes = {std::shared_ptr<rclcpp_action::ClientGoalHandle<example_interfaces::action::Fibonacci> >}; std::nullptr_t = std::nullptr_t][m[K[m[K’
  501 |       [01;36m[Koperator[m[K=(nullptr_t) noexcept
      |       [01;36m[K^~~~~~~~[m[K
[01m[K/usr/include/c++/13/bits/std_function.h:501:17:[m[K [01;36m[Knote: [m[K  no known conversion for argument 1 from ‘[01m[KPlugin::sendGoal(sendGoal_in*, sendGoal_out*)::<lambda(std::shared_future<std::shared_ptr<rclcpp_action::ClientGoalHandle<example_interfaces::action::Fibonacci> > >)>[m[K’ to ‘[01m[Kstd::nullptr_t[m[K’
  501 |       operator=([01;36m[Knullptr_t[m[K) noexcept
      |                 [01;36m[K^~~~~~~~~[m[K
[01m[K/home/user/Desktop/New_ter/CoppeliaSim/build/sim_ros2_interface/generated/actcli_sendGoal.cpp:43:96:[m[K [01;31m[Kerror: [m[K‘[01m[Krclcpp::executor[m[K’ has not been declared
   43 |         out->success = rclcpp::spin_until_future_complete(node, goal_handle_future) == rclcpp::[01;31m[Kexecutor[m[K::FutureReturnCode::SUCCESS;
      |                                                                                                [01;31m[K^~~~~~~~[m[K
gmake[2]: *** [CMakeFiles/simExtROS2.dir/build.make:199: CMakeFiles/simExtROS2.dir/src/sim_ros2_interface.cpp.o] Error 1
gmake[1]: *** [CMakeFiles/Makefile2:164: CMakeFiles/simExtROS2.dir/all] Error 2
gmake: *** [Makefile:146: all] Error 2
