[0.045s] Invoking command in '/home/user/Desktop/New_ter/CoppeliaSim/build/sim_ros2_interface': CMAKE_PREFIX_PATH=${CMAKE_PREFIX_PATH}:/opt/ros/jazzy DEBUGINFOD_URLS=https://debuginfod.ubuntu.com /usr/bin/cmake /home/user/Desktop/New_ter/CoppeliaSim/programming/ros2_packages/sim_ros2_interface -DAMENT_CMAKE_SYMLINK_INSTALL=1 -DCMAKE_INSTALL_PREFIX=/home/user/Desktop/New_ter/CoppeliaSim/install/sim_ros2_interface
[0.073s] -- Found ament_cmake: 2.5.5 (/opt/ros/jazzy/share/ament_cmake/cmake)
[0.417s] -- Override CMake install command with custom implementation using symlinks instead of copying resources
[0.428s] -- Found ament_cmake_ros: 0.12.0 (/opt/ros/jazzy/share/ament_cmake_ros/cmake)
[0.436s] -- Found diagnostic_msgs: 5.3.6 (/opt/ros/jazzy/share/diagnostic_msgs/cmake)
[0.473s] -- Found rosidl_generator_c: 4.6.7 (/opt/ros/jazzy/share/rosidl_generator_c/cmake)
[0.487s] -- Found rosidl_generator_cpp: 4.6.7 (/opt/ros/jazzy/share/rosidl_generator_cpp/cmake)
[0.501s] -- Using all available rosidl_typesupport_c: rosidl_typesupport_fastrtps_c;rosidl_typesupport_introspection_c
[0.524s] -- Using all available rosidl_typesupport_cpp: rosidl_typesupport_fastrtps_cpp;rosidl_typesupport_introspection_cpp
[0.592s] -- Found geometry_msgs: 5.3.6 (/opt/ros/jazzy/share/geometry_msgs/cmake)
[0.614s] -- Found lifecycle_msgs: 2.0.3 (/opt/ros/jazzy/share/lifecycle_msgs/cmake)
[0.638s] -- Found map_msgs: 2.4.1 (/opt/ros/jazzy/share/map_msgs/cmake)
[0.754s] -- Found pendulum_msgs: 0.33.9 (/opt/ros/jazzy/share/pendulum_msgs/cmake)
[0.769s] -- Found rosgraph_msgs: 2.0.3 (/opt/ros/jazzy/share/rosgraph_msgs/cmake)
[0.787s] -- Found shape_msgs: 5.3.6 (/opt/ros/jazzy/share/shape_msgs/cmake)
[0.805s] -- Found stereo_msgs: 5.3.6 (/opt/ros/jazzy/share/stereo_msgs/cmake)
[0.834s] -- Found tf2_geometry_msgs: 0.36.19 (/opt/ros/jazzy/share/tf2_geometry_msgs/cmake)
[0.839s] -- Found eigen3_cmake_module: 0.3.0 (/opt/ros/jazzy/share/eigen3_cmake_module/cmake)
[0.841s] -- Ensuring Eigen3 include directory is part of orocos-kdl CMake target
[0.975s] -- Found rmw_implementation_cmake: 7.3.3 (/opt/ros/jazzy/share/rmw_implementation_cmake/cmake)
[0.981s] -- Found rmw_fastrtps_cpp: 8.4.3 (/opt/ros/jazzy/share/rmw_fastrtps_cpp/cmake)
[1.130s] -- Using RMW implementation 'rmw_fastrtps_cpp' as default
[1.393s] -- Found trajectory_msgs: 5.3.6 (/opt/ros/jazzy/share/trajectory_msgs/cmake)
[1.422s] -- Found visualization_msgs: 5.3.6 (/opt/ros/jazzy/share/visualization_msgs/cmake)
[1.487s] -- Found std_srvs: 5.3.6 (/opt/ros/jazzy/share/std_srvs/cmake)
[1.525s] -- Found example_interfaces: 0.12.0 (/opt/ros/jazzy/share/example_interfaces/cmake)
[1.586s] -- Found image_transport: 5.1.7 (/opt/ros/jazzy/share/image_transport/cmake)
[1.601s] -- CoppeliaSim: LIBPLUGIN_DIR: /home/user/Desktop/New_ter/CoppeliaSim/programming/libPlugin.
[1.601s] -- CoppeliaSim: COPPELIASIM_ROOT_DIR: /home/user/Desktop/New_ter/CoppeliaSim.
[1.601s] -- Found CoppeliaSim installation at /home/user/Desktop/New_ter/CoppeliaSim.
[1.601s] -- Checking CoppeliaSim header version...
[2.212s] -- CoppeliaSim headers version 4.3.0 rev3
[2.256s] -- Found Boost: /usr/lib/x86_64-linux-gnu/cmake/Boost-1.83.0/BoostConfig.cmake (found version "1.83.0") found components: regex 
[2.289s] -- Found Git: /usr/bin/git (found version "2.43.0") 
[2.516s] -- Found Boost: /usr/lib/x86_64-linux-gnu/cmake/Boost-1.83.0/BoostConfig.cmake (found version "1.83.0")  
[2.518s] -- Adding simStubsGen command...
[2.701s] -- Reading plugin metadata...
[2.793s] warning: missing python package "xmlschema"; input file callbacks.xml will not be validated.
[2.865s] warning: missing python package "xmlschema"; input file callbacks.xml will not be validated.
[2.953s] -- Plugin: ROS2
[3.194s] -- Configuring done (3.1s)
[3.268s] -- Generating done (0.0s)
[3.277s] -- Build files have been written to: /home/user/Desktop/New_ter/CoppeliaSim/build/sim_ros2_interface
[3.301s] Invoked command in '/home/user/Desktop/New_ter/CoppeliaSim/build/sim_ros2_interface' returned '0': CMAKE_PREFIX_PATH=${CMAKE_PREFIX_PATH}:/opt/ros/jazzy DEBUGINFOD_URLS=https://debuginfod.ubuntu.com /usr/bin/cmake /home/user/Desktop/New_ter/CoppeliaSim/programming/ros2_packages/sim_ros2_interface -DAMENT_CMAKE_SYMLINK_INSTALL=1 -DCMAKE_INSTALL_PREFIX=/home/user/Desktop/New_ter/CoppeliaSim/install/sim_ros2_interface
[3.301s] Invoking command in '/home/user/Desktop/New_ter/CoppeliaSim/build/sim_ros2_interface': CMAKE_PREFIX_PATH=${CMAKE_PREFIX_PATH}:/opt/ros/jazzy DEBUGINFOD_URLS=https://debuginfod.ubuntu.com /usr/bin/cmake --build /home/user/Desktop/New_ter/CoppeliaSim/build/sim_ros2_interface -- -j4 -l4
[3.427s] [  2%] [34m[1mGenerating generated/actcli_del.cpp[0m
[3.428s] [  4%] [34m[1mGenerating generated/actcli_new.cpp[0m
[3.429s] [  7%] [34m[1mGenerating generated/actcli_cancelLastGoal.cpp[0m
[3.444s] [  9%] [34m[1mGenerating generated/actcli_sendGoal.cpp[0m
[3.810s] [ 12%] [34m[1mGenerating generated/actsrv_action_abort.cpp[0m
[3.819s] [ 14%] [34m[1mGenerating generated/actsrv_action_canceled.cpp[0m
[3.828s] [ 17%] [34m[1mGenerating generated/actsrv_action_execute.cpp[0m
[3.832s] [ 19%] [34m[1mGenerating generated/actsrv_action_is_active.cpp[0m
[4.093s] [ 21%] [34m[1mGenerating generated/actsrv_action_is_canceling.cpp[0m
[4.124s] [ 24%] [34m[1mGenerating generated/actsrv_action_is_executing.cpp[0m
[4.158s] [ 26%] [34m[1mGenerating generated/actsrv_action_publish_feedback.cpp[0m
[4.189s] [ 29%] [34m[1mGenerating generated/actsrv_action_succeed.cpp[0m
[4.447s] [ 31%] [34m[1mGenerating generated/actsrv_del.cpp[0m
[4.471s] [ 34%] [34m[1mGenerating generated/actsrv_new.cpp[0m
[4.479s] [ 36%] [34m[1mGenerating generated/callbacks.cpp[0m
[4.529s] [ 39%] [34m[1mGenerating generated/callbacks.h[0m
[4.733s] [ 41%] [34m[1mGenerating generated/cli_call.cpp[0m
[4.764s] [ 43%] [34m[1mGenerating generated/cli_del.cpp[0m
[4.820s] [ 46%] [34m[1mGenerating generated/cli_new.cpp[0m
[4.837s] [ 48%] [34m[1mGenerating generated/cli_wait.cpp[0m
[5.061s] [ 51%] [34m[1mGenerating generated/if_const.cpp[0m
[5.085s] [ 53%] [34m[1mGenerating generated/if_list.cpp[0m
[5.141s] [ 56%] [34m[1mGenerating generated/if_new.cpp[0m
[5.185s] [ 58%] [34m[1mGenerating generated/pub_del.cpp[0m
[5.374s] [ 60%] [34m[1mGenerating generated/pub_new.cpp[0m
[5.381s] [ 63%] [34m[1mGenerating generated/pub_publish.cpp[0m
[5.512s] [ 65%] [34m[1mGenerating generated/srv_del.cpp[0m
[5.512s] [ 68%] [34m[1mGenerating generated/srv_new.cpp[0m
[5.664s] [ 70%] [34m[1mGenerating generated/sub_del.cpp[0m
[5.698s] [ 73%] [34m[1mGenerating generated/sub_new.cpp[0m
[6.081s] [ 73%] Built target generate_ros_code
[6.106s] [ 75%] [34m[1mGenerating generated/stubs.cpp, generated/stubs.h, generated/plugin.h, generated/stubsPlusPlus.cpp, generated/index.json, generated/reference.html, generated/lua_calltips.cpp, generated/simROS2-typecheck.lua[0m
[6.160s] /home/user/Desktop/New_ter/CoppeliaSim/programming/libPlugin/simStubsGen/generate.py --verbose --xml-file /home/user/Desktop/New_ter/CoppeliaSim/programming/ros2_packages/sim_ros2_interface/meta/callbacks.xml --gen-all /home/user/Desktop/New_ter/CoppeliaSim/build/sim_ros2_interface/generated --lua-file /home/user/Desktop/New_ter/CoppeliaSim/programming/ros2_packages/sim_ros2_interface/simROS2.lua
[6.160s] warning: missing python package "xmlschema"; input file callbacks.xml will not be validated.
[6.165s] /usr/bin/python3 /home/user/Desktop/New_ter/CoppeliaSim/programming/libPlugin/simStubsGen/generate_lua_xml.py /home/user/Desktop/New_ter/CoppeliaSim/programming/ros2_packages/sim_ros2_interface/meta/callbacks.xml /home/user/Desktop/New_ter/CoppeliaSim/programming/ros2_packages/sim_ros2_interface/simROS2.lua /home/user/Desktop/New_ter/CoppeliaSim/build/sim_ros2_interface/generated/lua.xml
[6.218s] warning: missing python package "xmlschema"; input file callbacks.xml will not be validated.
[6.239s] /usr/bin/python3 /home/user/Desktop/New_ter/CoppeliaSim/programming/libPlugin/simStubsGen/merge_xml.py /home/user/Desktop/New_ter/CoppeliaSim/programming/ros2_packages/sim_ros2_interface/meta/callbacks.xml /home/user/Desktop/New_ter/CoppeliaSim/build/sim_ros2_interface/generated/lua.xml /home/user/Desktop/New_ter/CoppeliaSim/build/sim_ros2_interface/generated/reference.xml
[6.287s] xsltproc -o /home/user/Desktop/New_ter/CoppeliaSim/build/sim_ros2_interface/generated/reference.html /home/user/Desktop/New_ter/CoppeliaSim/programming/libPlugin/simStubsGen/xsl/reference.xsl /home/user/Desktop/New_ter/CoppeliaSim/build/sim_ros2_interface/generated/reference.xml
[6.329s] /usr/bin/python3 /home/user/Desktop/New_ter/CoppeliaSim/programming/libPlugin/simStubsGen/generate_lua_calltips.py /home/user/Desktop/New_ter/CoppeliaSim/build/sim_ros2_interface/generated/lua.xml /home/user/Desktop/New_ter/CoppeliaSim/build/sim_ros2_interface/generated/lua_calltips.cpp
[6.385s] warning: missing python package "xmlschema"; input file lua.xml will not be validated.
[6.396s] /usr/bin/python3 /home/user/Desktop/New_ter/CoppeliaSim/programming/libPlugin/simStubsGen/generate_lua_typechecker.py /home/user/Desktop/New_ter/CoppeliaSim/programming/ros2_packages/sim_ros2_interface/simROS2.lua /home/user/Desktop/New_ter/CoppeliaSim/build/sim_ros2_interface/generated/lua.xml /home/user/Desktop/New_ter/CoppeliaSim/build/sim_ros2_interface/generated/simROS2-typecheck.lua
[6.450s] warning: missing python package "xmlschema"; input file lua.xml will not be validated.
[6.466s] /usr/bin/python3 /home/user/Desktop/New_ter/CoppeliaSim/programming/libPlugin/simStubsGen/generate_api_index.py /home/user/Desktop/New_ter/CoppeliaSim/build/sim_ros2_interface/generated/reference.xml /home/user/Desktop/New_ter/CoppeliaSim/build/sim_ros2_interface/generated/index.json
[6.511s] warning: missing python package "xmlschema"; input file reference.xml will not be validated.
[6.525s] /usr/bin/python3 /home/user/Desktop/New_ter/CoppeliaSim/programming/libPlugin/simStubsGen/external/pycpp/pycpp.py -p xml_file=/home/user/Desktop/New_ter/CoppeliaSim/programming/ros2_packages/sim_ros2_interface/meta/callbacks.xml -p have_lua_calltips=True -P /home/user/Desktop/New_ter/CoppeliaSim/programming/libPlugin/simStubsGen -p lua_require=simROS2-typecheck -i /home/user/Desktop/New_ter/CoppeliaSim/programming/libPlugin/simStubsGen/cpp/stubs.cpp -o /home/user/Desktop/New_ter/CoppeliaSim/build/sim_ros2_interface/generated/stubs.cpp
[6.593s] warning: missing python package "xmlschema"; input file callbacks.xml will not be validated.
[6.617s] /usr/bin/python3 /home/user/Desktop/New_ter/CoppeliaSim/programming/libPlugin/simStubsGen/external/pycpp/pycpp.py -p xml_file=/home/user/Desktop/New_ter/CoppeliaSim/programming/ros2_packages/sim_ros2_interface/meta/callbacks.xml -p have_lua_calltips=True -P /home/user/Desktop/New_ter/CoppeliaSim/programming/libPlugin/simStubsGen -p lua_require=simROS2-typecheck -i /home/user/Desktop/New_ter/CoppeliaSim/programming/libPlugin/simStubsGen/cpp/stubs.h -o /home/user/Desktop/New_ter/CoppeliaSim/build/sim_ros2_interface/generated/stubs.h
[6.679s] warning: missing python package "xmlschema"; input file callbacks.xml will not be validated.
[6.694s] /usr/bin/python3 /home/user/Desktop/New_ter/CoppeliaSim/programming/libPlugin/simStubsGen/external/pycpp/pycpp.py -p xml_file=/home/user/Desktop/New_ter/CoppeliaSim/programming/ros2_packages/sim_ros2_interface/meta/callbacks.xml -p have_lua_calltips=True -P /home/user/Desktop/New_ter/CoppeliaSim/programming/libPlugin/simStubsGen -p lua_require=simROS2-typecheck -i /home/user/Desktop/New_ter/CoppeliaSim/programming/libPlugin/simStubsGen/cpp/plugin.h -o /home/user/Desktop/New_ter/CoppeliaSim/build/sim_ros2_interface/generated/plugin.h
[6.744s] warning: missing python package "xmlschema"; input file callbacks.xml will not be validated.
[6.763s] /usr/bin/python3 /home/user/Desktop/New_ter/CoppeliaSim/programming/libPlugin/simStubsGen/external/pycpp/pycpp.py -p xml_file=/home/user/Desktop/New_ter/CoppeliaSim/programming/ros2_packages/sim_ros2_interface/meta/callbacks.xml -p have_lua_calltips=True -P /home/user/Desktop/New_ter/CoppeliaSim/programming/libPlugin/simStubsGen -p lua_require=simROS2-typecheck -i /home/user/Desktop/New_ter/CoppeliaSim/programming/libPlugin/simStubsGen/cpp/stubsPlusPlus.cpp -o /home/user/Desktop/New_ter/CoppeliaSim/build/sim_ros2_interface/generated/stubsPlusPlus.cpp
[6.812s] warning: missing python package "xmlschema"; input file callbacks.xml will not be validated.
[6.925s] [ 78%] [32mBuilding CXX object CMakeFiles/simExtROS2.dir/home/user/Desktop/New_ter/CoppeliaSim/programming/libPlugin/simPlusPlus/Plugin.cpp.o[0m
[6.925s] [ 80%] [32mBuilding CXX object CMakeFiles/simExtROS2.dir/generated/stubs.cpp.o[0m
[6.928s] [ 82%] [32mBuilding CXX object CMakeFiles/simExtROS2.dir/home/user/Desktop/New_ter/CoppeliaSim/programming/libPlugin/simPlusPlus/Lib.cpp.o[0m
[6.933s] [ 85%] [32mBuilding CXX object CMakeFiles/simExtROS2.dir/home/user/Desktop/New_ter/CoppeliaSim/programming/common/simLib.cpp.o[0m
[7.542s] [ 87%] [32mBuilding CXX object CMakeFiles/simExtROS2.dir/home/user/Desktop/New_ter/CoppeliaSim/programming/libPlugin/simPlusPlus/Handle.cpp.o[0m
[8.352s] [ 90%] [32mBuilding CXX object CMakeFiles/simExtROS2.dir/src/sim_ros2_interface.cpp.o[0m
[9.575s] [ 92%] [32mBuilding CXX object CMakeFiles/simExtROS2.dir/src/ros_msg_builtin_io.cpp.o[0m
[10.540s] [ 95%] [32mBuilding CXX object CMakeFiles/simExtROS2.dir/generated/callbacks.cpp.o[0m
[16.557s] [01m[K/home/user/Desktop/New_ter/CoppeliaSim/programming/ros2_packages/sim_ros2_interface/src/ros_msg_builtin_io.cpp:[m[K In function ‘[01m[Kvoid[01;32m[K read__duration[m[K(int, rclcpp::Duration*, const ROS2ReadOptions*)[m[K’:
[16.571s] [01m[K/home/user/Desktop/New_ter/CoppeliaSim/programming/ros2_packages/sim_ros2_interface/src/ros_msg_builtin_io.cpp:249:36:[m[K [01;31m[Kerror: [m[Kno matching function for call to ‘[01m[Krclcpp::Duration::Duration(simDouble&)[m[K’
[16.572s]   249 |         *value = rclcpp::Duration(v[01;31m[K)[m[K;
[16.584s]       |                                    [01;31m[K^[m[K
[16.584s] In file included from [01m[K/opt/ros/jazzy/include/rclcpp/rclcpp/time.hpp:24[m[K,
[16.584s]                  from [01m[K/opt/ros/jazzy/include/rclcpp/rclcpp/clock.hpp:24[m[K,
[16.584s]                  from [01m[K/opt/ros/jazzy/include/rclcpp/rclcpp/client.hpp:38[m[K,
[16.584s]                  from [01m[K/opt/ros/jazzy/include/rclcpp/rclcpp/callback_group.hpp:24[m[K,
[16.584s]                  from [01m[K/opt/ros/jazzy/include/rclcpp/rclcpp/any_executable.hpp:20[m[K,
[16.584s]                  from [01m[K/opt/ros/jazzy/include/rclcpp/rclcpp/memory_strategy.hpp:25[m[K,
[16.584s]                  from [01m[K/opt/ros/jazzy/include/rclcpp/rclcpp/memory_strategies.hpp:18[m[K,
[16.584s]                  from [01m[K/opt/ros/jazzy/include/rclcpp/rclcpp/executor_options.hpp:22[m[K,
[16.584s]                  from [01m[K/opt/ros/jazzy/include/rclcpp/rclcpp/executor.hpp:38[m[K,
[16.584s]                  from [01m[K/opt/ros/jazzy/include/rclcpp/rclcpp/executors/multi_threaded_executor.hpp:25[m[K,
[16.584s]                  from [01m[K/opt/ros/jazzy/include/rclcpp/rclcpp/executors.hpp:21[m[K,
[16.584s]                  from [01m[K/opt/ros/jazzy/include/rclcpp/rclcpp/rclcpp.hpp:172[m[K,
[16.585s]                  from [01m[K/home/user/Desktop/New_ter/CoppeliaSim/programming/ros2_packages/sim_ros2_interface/include/sim_ros2_interface/ros_msg_builtin_io.h:4[m[K,
[16.585s]                  from [01m[K/home/user/Desktop/New_ter/CoppeliaSim/programming/ros2_packages/sim_ros2_interface/src/ros_msg_builtin_io.cpp:1[m[K:
[16.585s] [01m[K/opt/ros/jazzy/include/rclcpp/rclcpp/duration.hpp:49:3:[m[K [01;36m[Knote: [m[Kcandidate: ‘[01m[Ktemplate<class Rep, class Period> rclcpp::Duration::[01;32m[KDuration[m[K(const std::chrono::duration<_Rep1, _Period1>&)[m[K’
[16.585s]    49 |   [01;36m[KDuration[m[K(const std::chrono::duration<Rep, Period> & duration)  // NOLINT(runtime/explicit)
[16.585s]       |   [01;36m[K^~~~~~~~[m[K
[16.585s] [01m[K/opt/ros/jazzy/include/rclcpp/rclcpp/duration.hpp:49:3:[m[K [01;36m[Knote: [m[K  template argument deduction/substitution failed:
[16.585s] [01m[K/home/user/Desktop/New_ter/CoppeliaSim/programming/ros2_packages/sim_ros2_interface/src/ros_msg_builtin_io.cpp:249:36:[m[K [01;36m[Knote: [m[K  mismatched types ‘[01m[Kconst std::chrono::duration<_Rep1, _Period1>[m[K’ and ‘[01m[KsimDouble[m[K’ {aka ‘[01m[Kdouble[m[K’}
[16.585s]   249 |         *value = rclcpp::Duration(v[01;36m[K)[m[K;
[16.585s]       |                                    [01;36m[K^[m[K
[16.585s] [01m[K/opt/ros/jazzy/include/rclcpp/rclcpp/duration.hpp:159:3:[m[K [01;36m[Knote: [m[Kcandidate: ‘[01m[Krclcpp::Duration::[01;32m[KDuration[m[K()[m[K’
[16.585s]   159 |   [01;36m[KDuration[m[K() = default;
[16.585s]       |   [01;36m[K^~~~~~~~[m[K
[16.585s] [01m[K/opt/ros/jazzy/include/rclcpp/rclcpp/duration.hpp:159:3:[m[K [01;36m[Knote: [m[K  candidate expects 0 arguments, 1 provided
[16.586s] [01m[K/opt/ros/jazzy/include/rclcpp/rclcpp/duration.hpp:62:3:[m[K [01;36m[Knote: [m[Kcandidate: ‘[01m[Krclcpp::Duration::[01;32m[KDuration[m[K(const rclcpp::Duration&)[m[K’
[16.586s]    62 |   [01;36m[KDuration[m[K(const Duration & rhs);
[16.586s]       |   [01;36m[K^~~~~~~~[m[K
[16.586s] [01m[K/opt/ros/jazzy/include/rclcpp/rclcpp/duration.hpp:62:29:[m[K [01;36m[Knote: [m[K  no known conversion for argument 1 from ‘[01m[KsimDouble[m[K’ {aka ‘[01m[Kdouble[m[K’} to ‘[01m[Kconst rclcpp::Duration&[m[K’
[16.586s]    62 |   Duration([01;36m[Kconst Duration & rhs[m[K);
[16.586s]       |            [01;36m[K~~~~~~~~~~~~~~~~~^~~[m[K
[16.586s] [01m[K/opt/ros/jazzy/include/rclcpp/rclcpp/duration.hpp:60:12:[m[K [01;36m[Knote: [m[Kcandidate: ‘[01m[Krclcpp::Duration::[01;32m[KDuration[m[K(const rcl_duration_t&)[m[K’
[16.586s]    60 |   explicit [01;36m[KDuration[m[K(const rcl_duration_t & duration);
[16.586s]       |            [01;36m[K^~~~~~~~[m[K
[16.586s] [01m[K/opt/ros/jazzy/include/rclcpp/rclcpp/duration.hpp:60:44:[m[K [01;36m[Knote: [m[K  no known conversion for argument 1 from ‘[01m[KsimDouble[m[K’ {aka ‘[01m[Kdouble[m[K’} to ‘[01m[Kconst rcl_duration_t&[m[K’ {aka ‘[01m[Kconst rcl_duration_s&[m[K’}
[16.586s]    60 |   explicit Duration([01;36m[Kconst rcl_duration_t & duration[m[K);
[16.586s]       |                     [01;36m[K~~~~~~~~~~~~~~~~~~~~~~~^~~~~~~~[m[K
[16.586s] [01m[K/opt/ros/jazzy/include/rclcpp/rclcpp/duration.hpp:54:3:[m[K [01;36m[Knote: [m[Kcandidate: ‘[01m[Krclcpp::Duration::[01;32m[KDuration[m[K(const builtin_interfaces::msg::Duration&)[m[K’
[16.587s]    54 |   [01;36m[KDuration[m[K(const builtin_interfaces::msg::Duration & duration_msg);  // NOLINT(runtime/explicit)
[16.587s]       |   [01;36m[K^~~~~~~~[m[K
[16.587s] [01m[K/opt/ros/jazzy/include/rclcpp/rclcpp/duration.hpp:54:54:[m[K [01;36m[Knote: [m[K  no known conversion for argument 1 from ‘[01m[KsimDouble[m[K’ {aka ‘[01m[Kdouble[m[K’} to ‘[01m[Kconst builtin_interfaces::msg::Duration&[m[K’ {aka ‘[01m[Kconst builtin_interfaces::msg::Duration_<std::allocator<void> >&[m[K’}
[16.587s]    54 |   Duration([01;36m[Kconst builtin_interfaces::msg::Duration & duration_msg[m[K);  // NOLINT(runtime/explicit)
[16.587s]       |            [01;36m[K~~~~~~~~~~~~~~~~~~~~~~~~~~~~~~~~~~~~~~~~~~^~~~~~~~~~~~[m[K
[16.587s] [01m[K/opt/ros/jazzy/include/rclcpp/rclcpp/duration.hpp:43:12:[m[K [01;36m[Knote: [m[Kcandidate: ‘[01m[Krclcpp::Duration::[01;32m[KDuration[m[K(std::chrono::nanoseconds)[m[K’
[16.587s]    43 |   explicit [01;36m[KDuration[m[K(std::chrono::nanoseconds nanoseconds);
[16.587s]       |            [01;36m[K^~~~~~~~[m[K
[16.587s] [01m[K/opt/ros/jazzy/include/rclcpp/rclcpp/duration.hpp:43:46:[m[K [01;36m[Knote: [m[K  no known conversion for argument 1 from ‘[01m[KsimDouble[m[K’ {aka ‘[01m[Kdouble[m[K’} to ‘[01m[Kstd::chrono::nanoseconds[m[K’ {aka ‘[01m[Kstd::chrono::duration<long int, std::ratio<1, 1000000000> >[m[K’}
[16.587s]    43 |   explicit Duration([01;36m[Kstd::chrono::nanoseconds nanoseconds[m[K);
[16.587s]       |                     [01;36m[K~~~~~~~~~~~~~~~~~~~~~~~~~^~~~~~~~~~~[m[K
[16.587s] [01m[K/opt/ros/jazzy/include/rclcpp/rclcpp/duration.hpp:40:3:[m[K [01;36m[Knote: [m[Kcandidate: ‘[01m[Krclcpp::Duration::[01;32m[KDuration[m[K(int32_t, uint32_t)[m[K’
[16.587s]    40 |   [01;36m[KDuration[m[K(int32_t seconds, uint32_t nanoseconds);
[16.587s]       |   [01;36m[K^~~~~~~~[m[K
[16.587s] [01m[K/opt/ros/jazzy/include/rclcpp/rclcpp/duration.hpp:40:3:[m[K [01;36m[Knote: [m[K  candidate expects 2 arguments, 1 provided
[18.826s] gmake[2]: *** [CMakeFiles/simExtROS2.dir/build.make:213: CMakeFiles/simExtROS2.dir/src/ros_msg_builtin_io.cpp.o] Error 1
[18.831s] gmake[2]: *** Waiting for unfinished jobs....
[21.056s] In file included from [01m[K/home/user/Desktop/New_ter/CoppeliaSim/programming/ros2_packages/sim_ros2_interface/src/sim_ros2_interface.cpp:350[m[K:
[21.057s] [01m[K/home/user/Desktop/New_ter/CoppeliaSim/build/sim_ros2_interface/generated/cli_call.cpp:[m[K In member function ‘[01m[Kvoid Plugin::[01;32m[Kcall[m[K(call_in*, call_out*)[m[K’:
[21.057s] [01m[K/home/user/Desktop/New_ter/CoppeliaSim/build/sim_ros2_interface/generated/cli_call.cpp:8:25:[m[K [01;31m[Kerror: [m[K‘[01m[Krclcpp::executor[m[K’ has not been declared
[21.057s]     8 |                 rclcpp::[01;31m[Kexecutor[m[K::FutureReturnCode::SUCCESS)
[21.065s]       |                         [01;31m[K^~~~~~~~[m[K
[21.079s] [01m[K/home/user/Desktop/New_ter/CoppeliaSim/build/sim_ros2_interface/generated/cli_call.cpp:25:25:[m[K [01;31m[Kerror: [m[K‘[01m[Krclcpp::executor[m[K’ has not been declared
[21.079s]    25 |                 rclcpp::[01;31m[Kexecutor[m[K::FutureReturnCode::SUCCESS)
[21.079s]       |                         [01;31m[K^~~~~~~~[m[K
[21.091s] [01m[K/home/user/Desktop/New_ter/CoppeliaSim/build/sim_ros2_interface/generated/cli_call.cpp:42:25:[m[K [01;31m[Kerror: [m[K‘[01m[Krclcpp::executor[m[K’ has not been declared
[21.091s]    42 |                 rclcpp::[01;31m[Kexecutor[m[K::FutureReturnCode::SUCCESS)
[21.091s]       |                         [01;31m[K^~~~~~~~[m[K
[21.102s] [01m[K/home/user/Desktop/New_ter/CoppeliaSim/build/sim_ros2_interface/generated/cli_call.cpp:59:25:[m[K [01;31m[Kerror: [m[K‘[01m[Krclcpp::executor[m[K’ has not been declared
[21.102s]    59 |                 rclcpp::[01;31m[Kexecutor[m[K::FutureReturnCode::SUCCESS)
[21.102s]       |                         [01;31m[K^~~~~~~~[m[K
[21.211s] In file included from [01m[K/home/user/Desktop/New_ter/CoppeliaSim/programming/ros2_packages/sim_ros2_interface/src/sim_ros2_interface.cpp:446[m[K:
[21.211s] [01m[K/home/user/Desktop/New_ter/CoppeliaSim/build/sim_ros2_interface/generated/actcli_sendGoal.cpp:[m[K In member function ‘[01m[Kvoid Plugin::[01;32m[KsendGoal[m[K(sendGoal_in*, sendGoal_out*)[m[K’:
[21.212s] [01m[K/home/user/Desktop/New_ter/CoppeliaSim/build/sim_ros2_interface/generated/actcli_sendGoal.cpp:17:9:[m[K [01;31m[Kerror: [m[Kno match for ‘[01m[Koperator=[m[K’ (operand types are ‘[01m[Krclcpp_action::Client<example_interfaces::action::Fibonacci>::GoalResponseCallback[m[K’ {aka ‘[01m[Kstd::function<void(std::shared_ptr<rclcpp_action::ClientGoalHandle<example_interfaces::action::Fibonacci> >)>[m[K’} and ‘[01m[KPlugin::sendGoal(sendGoal_in*, sendGoal_out*)::<lambda(std::shared_future<std::shared_ptr<rclcpp_action::ClientGoalHandle<example_interfaces::action::Fibonacci> > >)>[m[K’)
[21.212s]    17 |         [01;31m[K}[m[K;
[21.212s]       |         [01;31m[K^[m[K
[21.212s] In file included from [01m[K/usr/include/c++/13/functional:59[m[K,
[21.213s]                  from [01m[K/usr/include/boost/numeric/conversion/converter_policies.hpp:13[m[K,
[21.213s]                  from [01m[K/usr/include/boost/numeric/conversion/converter.hpp:14[m[K,
[21.213s]                  from [01m[K/usr/include/boost/numeric/conversion/cast.hpp:33[m[K,
[21.213s]                  from [01m[K/usr/include/boost/lexical_cast/detail/converter_numeric.hpp:37[m[K,
[21.214s]                  from [01m[K/usr/include/boost/lexical_cast/try_lexical_convert.hpp:43[m[K,
[21.214s]                  from [01m[K/usr/include/boost/lexical_cast.hpp:50[m[K,
[21.214s]                  from [01m[K/home/user/Desktop/New_ter/CoppeliaSim/programming/ros2_packages/sim_ros2_interface/include/sim_ros2_interface/sim_ros2_interface.h:10[m[K,
[21.214s]                  from [01m[K/home/user/Desktop/New_ter/CoppeliaSim/programming/ros2_packages/sim_ros2_interface/src/sim_ros2_interface.cpp:1[m[K:
[21.214s] [01m[K/usr/include/c++/13/bits/std_function.h:531:9:[m[K [01;36m[Knote: [m[Kcandidate: ‘[01m[Ktemplate<class _Functor> std::function<_Res(_ArgTypes ...)>::_Requires<std::function<_Res(_ArgTypes ...)>::_Callable<_Functor>, std::function<_Res(_ArgTypes ...)>&> std::function<_Res(_ArgTypes ...)>::[01;32m[Koperator=[m[K(_Functor&&) [35m[K[with _Res = void; _ArgTypes = {std::shared_ptr<rclcpp_action::ClientGoalHandle<example_interfaces::action::Fibonacci> >}][m[K[m[K’
[21.214s]   531 |         [01;36m[Koperator[m[K=(_Functor&& __f)
[21.214s]       |         [01;36m[K^~~~~~~~[m[K
[21.214s] [01m[K/usr/include/c++/13/bits/std_function.h:531:9:[m[K [01;36m[Knote: [m[K  template argument deduction/substitution failed:
[21.214s] In file included from [01m[K/usr/include/c++/13/bits/move.h:37[m[K,
[21.215s]                  from [01m[K/usr/include/c++/13/bits/exception_ptr.h:41[m[K,
[21.215s]                  from [01m[K/usr/include/c++/13/exception:164[m[K,
[21.215s]                  from [01m[K/usr/include/c++/13/ios:41[m[K,
[21.215s]                  from [01m[K/usr/include/c++/13/ostream:40[m[K,
[21.215s]                  from [01m[K/usr/include/c++/13/iostream:41[m[K,
[21.215s]                  from [01m[K/home/user/Desktop/New_ter/CoppeliaSim/programming/ros2_packages/sim_ros2_interface/include/sim_ros2_interface/sim_ros2_interface.h:4[m[K:
[21.215s] /usr/include/c++/13/type_traits: In substitution of ‘[01m[Ktemplate<bool _Cond, class _Tp> using std::__enable_if_t = typename std::enable_if::type [35m[K[with bool _Cond = false; _Tp = std::function<void(std::shared_ptr<rclcpp_action::ClientGoalHandle<example_interfaces::action::Fibonacci> >)>&][m[K[m[K’:
[21.215s] [01m[K/usr/include/c++/13/bits/std_function.h:353:8:[m[K   required by substitution of ‘[01m[Ktemplate<class _Res, class ... _ArgTypes> template<class _Cond, class _Tp> using std::function<_Res(_ArgTypes ...)>::_Requires = std::__enable_if_t<_Cond::value, _Tp> [35m[K[with _Cond = std::function<void(std::shared_ptr<rclcpp_action::ClientGoalHandle<example_interfaces::action::Fibonacci> >)>::_Callable<Plugin::sendGoal(sendGoal_in*, sendGoal_out*)::<lambda(std::shared_future<std::shared_ptr<rclcpp_action::ClientGoalHandle<example_interfaces::action::Fibonacci> > >)>, Plugin::sendGoal(sendGoal_in*, sendGoal_out*)::<lambda(std::shared_future<std::shared_ptr<rclcpp_action::ClientGoalHandle<example_interfaces::action::Fibonacci> > >)>, std::__invoke_result<Plugin::sendGoal(sendGoal_in*, sendGoal_out*)::<lambda(std::shared_future<std::shared_ptr<rclcpp_action::ClientGoalHandle<example_interfaces::action::Fibonacci> > >)>&, std::shared_ptr<rclcpp_action::ClientGoalHandle<example_interfaces::action::Fibonacci> > > >; _Tp = std::function<void(std::shared_ptr<rclcpp_action::ClientGoalHandle<example_interfaces::action::Fibonacci> >)>&; _Res = void; _ArgTypes = {std::shared_ptr<rclcpp_action::ClientGoalHandle<example_interfaces::action::Fibonacci> >}][m[K[m[K’
[21.215s] [01m[K/usr/include/c++/13/bits/std_function.h:531:2:[m[K   required by substitution of ‘[01m[Ktemplate<class _Functor> std::function<void(std::shared_ptr<rclcpp_action::ClientGoalHandle<example_interfaces::action::Fibonacci> >)>::_Requires<std::function<void(std::shared_ptr<rclcpp_action::ClientGoalHandle<example_interfaces::action::Fibonacci> >)>::_Callable<_Functor, typename std::enable_if<(! std::is_same<typename std::remove_cv<typename std::remove_reference<_Tp>::type>::type, std::function<void(std::shared_ptr<rclcpp_action::ClientGoalHandle<example_interfaces::action::Fibonacci> >)> >::value), std::decay<_Ex> >::type::type, std::__invoke_result<typename std::enable_if<(! std::is_same<typename std::remove_cv<typename std::remove_reference<_Tp>::type>::type, std::function<void(std::shared_ptr<rclcpp_action::ClientGoalHandle<example_interfaces::action::Fibonacci> >)> >::value), std::decay<_Ex> >::type::type&, std::shared_ptr<rclcpp_action::ClientGoalHandle<example_interfaces::action::Fibonacci> > > >, std::function<void(std::shared_ptr<rclcpp_action::ClientGoalHandle<example_interfaces::action::Fibonacci> >)>&> std::function<void(std::shared_ptr<rclcpp_action::ClientGoalHandle<example_interfaces::action::Fibonacci> >)>::[01;32m[Koperator=[m[K(_Functor&&) [35m[K[with _Functor = Plugin::sendGoal(sendGoal_in*, sendGoal_out*)::<lambda(std::shared_future<std::shared_ptr<rclcpp_action::ClientGoalHandle<example_interfaces::action::Fibonacci> > >)>][m[K[m[K’
[21.216s] [01m[K/home/user/Desktop/New_ter/CoppeliaSim/build/sim_ros2_interface/generated/actcli_sendGoal.cpp:17:9:[m[K   required from here
[21.216s] [01m[K/usr/include/c++/13/type_traits:116:11:[m[K [01;31m[Kerror: [m[Kno type named ‘[01m[Ktype[m[K’ in ‘[01m[Kstruct std::enable_if<false, std::function<void(std::shared_ptr<rclcpp_action::ClientGoalHandle<example_interfaces::action::Fibonacci> >)>&>[m[K’
[21.216s]   116 |     using [01;31m[K__enable_if_t[m[K = typename enable_if<_Cond, _Tp>::type;
[21.216s]       |           [01;31m[K^~~~~~~~~~~~~[m[K
[21.216s] [01m[K/usr/include/c++/13/bits/std_function.h:541:9:[m[K [01;36m[Knote: [m[Kcandidate: ‘[01m[Ktemplate<class _Functor> std::function<_Res(_ArgTypes ...)>& std::function<_Res(_ArgTypes ...)>::[01;32m[Koperator=[m[K(std::reference_wrapper<_Functor>) [35m[K[with _Res = void; _ArgTypes = {std::shared_ptr<rclcpp_action::ClientGoalHandle<example_interfaces::action::Fibonacci> >}][m[K[m[K’
[21.216s]   541 |         [01;36m[Koperator[m[K=(reference_wrapper<_Functor> __f) noexcept
[21.216s]       |         [01;36m[K^~~~~~~~[m[K
[21.216s] [01m[K/usr/include/c++/13/bits/std_function.h:541:9:[m[K [01;36m[Knote: [m[K  template argument deduction/substitution failed:
[21.216s] [01m[K/home/user/Desktop/New_ter/CoppeliaSim/build/sim_ros2_interface/generated/actcli_sendGoal.cpp:17:9:[m[K [01;36m[Knote: [m[K  ‘[01m[KPlugin::sendGoal(sendGoal_in*, sendGoal_out*)::<lambda(std::shared_future<std::shared_ptr<rclcpp_action::ClientGoalHandle<example_interfaces::action::Fibonacci> > >)>[m[K’ is not derived from ‘[01m[Kstd::reference_wrapper<_Tp>[m[K’
[21.216s]    17 |         [01;36m[K}[m[K;
[21.217s]       |         [01;36m[K^[m[K
[21.217s] [01m[K/usr/include/c++/13/bits/std_function.h:469:7:[m[K [01;36m[Knote: [m[Kcandidate: ‘[01m[Kstd::function<_Res(_ArgTypes ...)>& std::function<_Res(_ArgTypes ...)>::[01;32m[Koperator=[m[K(const std::function<_Res(_ArgTypes ...)>&) [35m[K[with _Res = void; _ArgTypes = {std::shared_ptr<rclcpp_action::ClientGoalHandle<example_interfaces::action::Fibonacci> >}][m[K[m[K’
[21.217s]   469 |       [01;36m[Koperator[m[K=(const function& __x)
[21.217s]       |       [01;36m[K^~~~~~~~[m[K
[21.217s] [01m[K/usr/include/c++/13/bits/std_function.h:469:33:[m[K [01;36m[Knote: [m[K  no known conversion for argument 1 from ‘[01m[KPlugin::sendGoal(sendGoal_in*, sendGoal_out*)::<lambda(std::shared_future<std::shared_ptr<rclcpp_action::ClientGoalHandle<example_interfaces::action::Fibonacci> > >)>[m[K’ to ‘[01m[Kconst std::function<void(std::shared_ptr<rclcpp_action::ClientGoalHandle<example_interfaces::action::Fibonacci> >)>&[m[K’
[21.217s]   469 |       operator=([01;36m[Kconst function& __x[m[K)
[21.217s]       |                 [01;36m[K~~~~~~~~~~~~~~~~^~~[m[K
[21.217s] [01m[K/usr/include/c++/13/bits/std_function.h:487:7:[m[K [01;36m[Knote: [m[Kcandidate: ‘[01m[Kstd::function<_Res(_ArgTypes ...)>& std::function<_Res(_ArgTypes ...)>::[01;32m[Koperator=[m[K(std::function<_Res(_ArgTypes ...)>&&) [35m[K[with _Res = void; _ArgTypes = {std::shared_ptr<rclcpp_action::ClientGoalHandle<example_interfaces::action::Fibonacci> >}][m[K[m[K’
[21.217s]   487 |       [01;36m[Koperator[m[K=(function&& __x) noexcept
[21.217s]       |       [01;36m[K^~~~~~~~[m[K
[21.218s] [01m[K/usr/include/c++/13/bits/std_function.h:487:28:[m[K [01;36m[Knote: [m[K  no known conversion for argument 1 from ‘[01m[KPlugin::sendGoal(sendGoal_in*, sendGoal_out*)::<lambda(std::shared_future<std::shared_ptr<rclcpp_action::ClientGoalHandle<example_interfaces::action::Fibonacci> > >)>[m[K’ to ‘[01m[Kstd::function<void(std::shared_ptr<rclcpp_action::ClientGoalHandle<example_interfaces::action::Fibonacci> >)>&&[m[K’
[21.218s]   487 |       operator=([01;36m[Kfunction&& __x[m[K) noexcept
[21.218s]       |                 [01;36m[K~~~~~~~~~~~^~~[m[K
[21.218s] [01m[K/usr/include/c++/13/bits/std_function.h:501:7:[m[K [01;36m[Knote: [m[Kcandidate: ‘[01m[Kstd::function<_Res(_ArgTypes ...)>& std::function<_Res(_ArgTypes ...)>::[01;32m[Koperator=[m[K(std::nullptr_t) [35m[K[with _Res = void; _ArgTypes = {std::shared_ptr<rclcpp_action::ClientGoalHandle<example_interfaces::action::Fibonacci> >}; std::nullptr_t = std::nullptr_t][m[K[m[K’
[21.218s]   501 |       [01;36m[Koperator[m[K=(nullptr_t) noexcept
[21.218s]       |       [01;36m[K^~~~~~~~[m[K
[21.218s] [01m[K/usr/include/c++/13/bits/std_function.h:501:17:[m[K [01;36m[Knote: [m[K  no known conversion for argument 1 from ‘[01m[KPlugin::sendGoal(sendGoal_in*, sendGoal_out*)::<lambda(std::shared_future<std::shared_ptr<rclcpp_action::ClientGoalHandle<example_interfaces::action::Fibonacci> > >)>[m[K’ to ‘[01m[Kstd::nullptr_t[m[K’
[21.219s]   501 |       operator=([01;36m[Knullptr_t[m[K) noexcept
[21.219s]       |                 [01;36m[K^~~~~~~~~[m[K
[21.223s] [01m[K/home/user/Desktop/New_ter/CoppeliaSim/build/sim_ros2_interface/generated/actcli_sendGoal.cpp:43:96:[m[K [01;31m[Kerror: [m[K‘[01m[Krclcpp::executor[m[K’ has not been declared
[21.223s]    43 |         out->success = rclcpp::spin_until_future_complete(node, goal_handle_future) == rclcpp::[01;31m[Kexecutor[m[K::FutureReturnCode::SUCCESS;
[21.223s]       |                                                                                                [01;31m[K^~~~~~~~[m[K
[67.694s] gmake[2]: *** [CMakeFiles/simExtROS2.dir/build.make:199: CMakeFiles/simExtROS2.dir/src/sim_ros2_interface.cpp.o] Error 1
[67.694s] gmake[1]: *** [CMakeFiles/Makefile2:164: CMakeFiles/simExtROS2.dir/all] Error 2
[67.695s] gmake: *** [Makefile:146: all] Error 2
[67.702s] Invoked command in '/home/user/Desktop/New_ter/CoppeliaSim/build/sim_ros2_interface' returned '2': CMAKE_PREFIX_PATH=${CMAKE_PREFIX_PATH}:/opt/ros/jazzy DEBUGINFOD_URLS=https://debuginfod.ubuntu.com /usr/bin/cmake --build /home/user/Desktop/New_ter/CoppeliaSim/build/sim_ros2_interface -- -j4 -l4
