[0.017s] Invoking command in '/home/user/celluleflexible/ros_ws/build/commande_locale': CMAKE_PREFIX_PATH=/home/user/celluleflexible/ros_ws/install/aiguillages:/home/user/celluleflexible/ros_ws/install/commande_locale:/opt/ros/jazzy/opt/gz_math_vendor:/opt/ros/jazzy/opt/gz_utils_vendor:/opt/ros/jazzy/opt/gz_cmake_vendor:/opt/ros/jazzy DEBUGINFOD_URLS=https://debuginfod.ubuntu.com LD_LIBRARY_PATH=/home/user/celluleflexible/ros_ws/install/aiguillages/lib:/home/user/celluleflexible/ros_ws/install/commande_locale/lib:/opt/ros/jazzy/opt/rviz_ogre_vendor/lib:/opt/ros/jazzy/lib/x86_64-linux-gnu:/opt/ros/jazzy/opt/gz_math_vendor/lib:/opt/ros/jazzy/opt/gz_utils_vendor/lib:/opt/ros/jazzy/opt/gz_cmake_vendor/lib:/opt/ros/jazzy/lib PYTHONPATH=/home/user/celluleflexible/ros_ws/install/aiguillages/lib/python3.12/site-packages:/home/user/celluleflexible/ros_ws/install/commande_locale/lib/python3.12/site-packages:/opt/ros/jazzy/lib/python3.12/site-packages /usr/bin/cmake --build /home/user/celluleflexible/ros_ws/build/commande_locale -- -j8 -l8
[0.065s] [  0%] Built target commande_locale__rosidl_generator_type_description
[0.076s] [  0%] Built target ament_cmake_python_copy_commande_locale
[0.091s] [  0%] Built target commande_locale__cpp
[0.099s] [ 25%] Built target commande_locale__rosidl_generator_c
[0.126s] [ 34%] Built target commande_locale__rosidl_typesupport_cpp
[0.128s] [ 46%] Built target commande_locale__rosidl_typesupport_c
[0.128s] [ 65%] Built target commande_locale__rosidl_typesupport_fastrtps_c
[0.128s] [ 66%] Built target commande_locale__rosidl_typesupport_fastrtps_cpp
[0.129s] [ 72%] Built target commande_locale__rosidl_typesupport_introspection_c
[0.130s] [ 82%] Built target commande_locale__rosidl_typesupport_introspection_cpp
[0.155s] [ 82%] Built target commande_locale
[0.161s] [ 83%] [32mBuilding CXX object CMakeFiles/simulation.dir/src/commande_locale.cpp.o[0m
[0.180s] [ 84%] Built target commande_locale__py
[0.208s] [ 93%] Built target commande_locale__rosidl_generator_py
[0.230s] running egg_info
[0.234s] [ 94%] Built target commande_locale_s__rosidl_typesupport_introspection_c
[0.234s] [ 96%] Built target commande_locale_s__rosidl_typesupport_fastrtps_c
[0.235s] [ 97%] Built target commande_locale_s__rosidl_typesupport_c
[0.241s] writing commande_locale.egg-info/PKG-INFO
[0.242s] writing dependency_links to commande_locale.egg-info/dependency_links.txt
[0.242s] writing top-level names to commande_locale.egg-info/top_level.txt
[0.276s] reading manifest file 'commande_locale.egg-info/SOURCES.txt'
[0.277s] writing manifest file 'commande_locale.egg-info/SOURCES.txt'
[0.300s] [ 97%] Built target ament_cmake_python_build_commande_locale_egg
[6.633s] [ 98%] [32m[1mLinking CXX executable simulation[0m
[7.319s] [100%] Built target simulation
[7.329s] Invoked command in '/home/user/celluleflexible/ros_ws/build/commande_locale' returned '0': CMAKE_PREFIX_PATH=/home/user/celluleflexible/ros_ws/install/aiguillages:/home/user/celluleflexible/ros_ws/install/commande_locale:/opt/ros/jazzy/opt/gz_math_vendor:/opt/ros/jazzy/opt/gz_utils_vendor:/opt/ros/jazzy/opt/gz_cmake_vendor:/opt/ros/jazzy DEBUGINFOD_URLS=https://debuginfod.ubuntu.com LD_LIBRARY_PATH=/home/user/celluleflexible/ros_ws/install/aiguillages/lib:/home/user/celluleflexible/ros_ws/install/commande_locale/lib:/opt/ros/jazzy/opt/rviz_ogre_vendor/lib:/opt/ros/jazzy/lib/x86_64-linux-gnu:/opt/ros/jazzy/opt/gz_math_vendor/lib:/opt/ros/jazzy/opt/gz_utils_vendor/lib:/opt/ros/jazzy/opt/gz_cmake_vendor/lib:/opt/ros/jazzy/lib PYTHONPATH=/home/user/celluleflexible/ros_ws/install/aiguillages/lib/python3.12/site-packages:/home/user/celluleflexible/ros_ws/install/commande_locale/lib/python3.12/site-packages:/opt/ros/jazzy/lib/python3.12/site-packages /usr/bin/cmake --build /home/user/celluleflexible/ros_ws/build/commande_locale -- -j8 -l8
[7.329s] Invoking command in '/home/user/celluleflexible/ros_ws/build/commande_locale': CMAKE_PREFIX_PATH=/home/user/celluleflexible/ros_ws/install/aiguillages:/home/user/celluleflexible/ros_ws/install/commande_locale:/opt/ros/jazzy/opt/gz_math_vendor:/opt/ros/jazzy/opt/gz_utils_vendor:/opt/ros/jazzy/opt/gz_cmake_vendor:/opt/ros/jazzy DEBUGINFOD_URLS=https://debuginfod.ubuntu.com LD_LIBRARY_PATH=/home/user/celluleflexible/ros_ws/install/aiguillages/lib:/home/user/celluleflexible/ros_ws/install/commande_locale/lib:/opt/ros/jazzy/opt/rviz_ogre_vendor/lib:/opt/ros/jazzy/lib/x86_64-linux-gnu:/opt/ros/jazzy/opt/gz_math_vendor/lib:/opt/ros/jazzy/opt/gz_utils_vendor/lib:/opt/ros/jazzy/opt/gz_cmake_vendor/lib:/opt/ros/jazzy/lib PYTHONPATH=/home/user/celluleflexible/ros_ws/install/aiguillages/lib/python3.12/site-packages:/home/user/celluleflexible/ros_ws/install/commande_locale/lib/python3.12/site-packages:/opt/ros/jazzy/lib/python3.12/site-packages /usr/bin/cmake --install /home/user/celluleflexible/ros_ws/build/commande_locale
[7.336s] -- Install configuration: ""
[7.336s] -- Up-to-date: /home/user/celluleflexible/ros_ws/install/commande_locale/share/ament_index/resource_index/rosidl_interfaces/commande_locale
[7.336s] -- Up-to-date: /home/user/celluleflexible/ros_ws/install/commande_locale/share/commande_locale/srv/SrvAddProduct.json
[7.336s] -- Up-to-date: /home/user/celluleflexible/ros_ws/install/commande_locale/share/commande_locale/srv/SrvFinInit.json
[7.336s] -- Up-to-date: /home/user/celluleflexible/ros_ws/install/commande_locale/share/commande_locale/srv/SrvAddProductPushBack.json
[7.336s] -- Up-to-date: /home/user/celluleflexible/ros_ws/install/commande_locale/share/commande_locale/msg/MsgAddProduct.json
[7.337s] -- Up-to-date: /home/user/celluleflexible/ros_ws/install/commande_locale/share/commande_locale/msg/MsgStopControl.json
[7.337s] -- Up-to-date: /home/user/celluleflexible/ros_ws/install/commande_locale/share/commande_locale/msg/MsgColor.json
[7.337s] -- Up-to-date: /home/user/celluleflexible/ros_ws/install/commande_locale/share/commande_locale/msg/MsgSwitchControl.json
[7.337s] -- Up-to-date: /home/user/celluleflexible/ros_ws/install/commande_locale/share/commande_locale/msg/MsgPinControl.json
[7.337s] -- Up-to-date: /home/user/celluleflexible/ros_ws/install/commande_locale/share/commande_locale/msg/MsgErreur.json
[7.337s] -- Up-to-date: /home/user/celluleflexible/ros_ws/install/commande_locale/share/commande_locale/msg/MsgChoixMode.json
[7.337s] -- Up-to-date: /home/user/celluleflexible/ros_ws/install/commande_locale/include/commande_locale/commande_locale
[7.337s] -- Up-to-date: /home/user/celluleflexible/ros_ws/install/commande_locale/include/commande_locale/commande_locale/msg
[7.337s] -- Up-to-date: /home/user/celluleflexible/ros_ws/install/commande_locale/include/commande_locale/commande_locale/msg/msg_choix_mode.h
[7.337s] -- Up-to-date: /home/user/celluleflexible/ros_ws/install/commande_locale/include/commande_locale/commande_locale/msg/msg_stop_control.h
[7.338s] -- Up-to-date: /home/user/celluleflexible/ros_ws/install/commande_locale/include/commande_locale/commande_locale/msg/rosidl_generator_c__visibility_control.h
[7.338s] -- Up-to-date: /home/user/celluleflexible/ros_ws/install/commande_locale/include/commande_locale/commande_locale/msg/msg_add_product.h
[7.338s] -- Up-to-date: /home/user/celluleflexible/ros_ws/install/commande_locale/include/commande_locale/commande_locale/msg/msg_erreur.h
[7.338s] -- Up-to-date: /home/user/celluleflexible/ros_ws/install/commande_locale/include/commande_locale/commande_locale/msg/msg_pin_control.h
[7.338s] -- Up-to-date: /home/user/celluleflexible/ros_ws/install/commande_locale/include/commande_locale/commande_locale/msg/msg_switch_control.h
[7.338s] -- Up-to-date: /home/user/celluleflexible/ros_ws/install/commande_locale/include/commande_locale/commande_locale/msg/detail
[7.338s] -- Up-to-date: /home/user/celluleflexible/ros_ws/install/commande_locale/include/commande_locale/commande_locale/msg/detail/msg_pin_control__functions.h
[7.338s] -- Up-to-date: /home/user/celluleflexible/ros_ws/install/commande_locale/include/commande_locale/commande_locale/msg/detail/msg_choix_mode__functions.h
[7.338s] -- Up-to-date: /home/user/celluleflexible/ros_ws/install/commande_locale/include/commande_locale/commande_locale/msg/detail/msg_color__type_support.h
[7.338s] -- Up-to-date: /home/user/celluleflexible/ros_ws/install/commande_locale/include/commande_locale/commande_locale/msg/detail/msg_color__description.c
[7.338s] -- Up-to-date: /home/user/celluleflexible/ros_ws/install/commande_locale/include/commande_locale/commande_locale/msg/detail/msg_pin_control__functions.c
[7.338s] -- Up-to-date: /home/user/celluleflexible/ros_ws/install/commande_locale/include/commande_locale/commande_locale/msg/detail/msg_erreur__functions.h
[7.338s] -- Up-to-date: /home/user/celluleflexible/ros_ws/install/commande_locale/include/commande_locale/commande_locale/msg/detail/msg_stop_control__description.c
[7.339s] -- Up-to-date: /home/user/celluleflexible/ros_ws/install/commande_locale/include/commande_locale/commande_locale/msg/detail/msg_switch_control__type_support.c
[7.339s] -- Up-to-date: /home/user/celluleflexible/ros_ws/install/commande_locale/include/commande_locale/commande_locale/msg/detail/msg_switch_control__functions.h
[7.339s] -- Up-to-date: /home/user/celluleflexible/ros_ws/install/commande_locale/include/commande_locale/commande_locale/msg/detail/msg_stop_control__type_support.c
[7.339s] -- Up-to-date: /home/user/celluleflexible/ros_ws/install/commande_locale/include/commande_locale/commande_locale/msg/detail/msg_erreur__type_support.h
[7.339s] -- Up-to-date: /home/user/celluleflexible/ros_ws/install/commande_locale/include/commande_locale/commande_locale/msg/detail/msg_choix_mode__description.c
[7.339s] -- Up-to-date: /home/user/celluleflexible/ros_ws/install/commande_locale/include/commande_locale/commande_locale/msg/detail/msg_color__struct.h
[7.339s] -- Up-to-date: /home/user/celluleflexible/ros_ws/install/commande_locale/include/commande_locale/commande_locale/msg/detail/msg_erreur__struct.h
[7.340s] -- Up-to-date: /home/user/celluleflexible/ros_ws/install/commande_locale/include/commande_locale/commande_locale/msg/detail/msg_add_product__description.c
[7.340s] -- Up-to-date: /home/user/celluleflexible/ros_ws/install/commande_locale/include/commande_locale/commande_locale/msg/detail/msg_switch_control__description.c
[7.340s] -- Up-to-date: /home/user/celluleflexible/ros_ws/install/commande_locale/include/commande_locale/commande_locale/msg/detail/msg_stop_control__type_support.h
[7.340s] -- Up-to-date: /home/user/celluleflexible/ros_ws/install/commande_locale/include/commande_locale/commande_locale/msg/detail/msg_switch_control__functions.c
[7.340s] -- Up-to-date: /home/user/celluleflexible/ros_ws/install/commande_locale/include/commande_locale/commande_locale/msg/detail/msg_erreur__functions.c
[7.340s] -- Up-to-date: /home/user/celluleflexible/ros_ws/install/commande_locale/include/commande_locale/commande_locale/msg/detail/msg_choix_mode__type_support.h
[7.340s] -- Up-to-date: /home/user/celluleflexible/ros_ws/install/commande_locale/include/commande_locale/commande_locale/msg/detail/msg_add_product__functions.c
[7.340s] -- Up-to-date: /home/user/celluleflexible/ros_ws/install/commande_locale/include/commande_locale/commande_locale/msg/detail/msg_choix_mode__functions.c
[7.340s] -- Up-to-date: /home/user/celluleflexible/ros_ws/install/commande_locale/include/commande_locale/commande_locale/msg/detail/msg_stop_control__functions.h
[7.340s] -- Up-to-date: /home/user/celluleflexible/ros_ws/install/commande_locale/include/commande_locale/commande_locale/msg/detail/msg_color__type_support.c
[7.340s] -- Up-to-date: /home/user/celluleflexible/ros_ws/install/commande_locale/include/commande_locale/commande_locale/msg/detail/msg_add_product__type_support.c
[7.340s] -- Up-to-date: /home/user/celluleflexible/ros_ws/install/commande_locale/include/commande_locale/commande_locale/msg/detail/msg_choix_mode__type_support.c
[7.340s] -- Up-to-date: /home/user/celluleflexible/ros_ws/install/commande_locale/include/commande_locale/commande_locale/msg/detail/msg_pin_control__description.c
[7.341s] -- Up-to-date: /home/user/celluleflexible/ros_ws/install/commande_locale/include/commande_locale/commande_locale/msg/detail/msg_switch_control__struct.h
[7.341s] -- Up-to-date: /home/user/celluleflexible/ros_ws/install/commande_locale/include/commande_locale/commande_locale/msg/detail/msg_erreur__description.c
[7.341s] -- Up-to-date: /home/user/celluleflexible/ros_ws/install/commande_locale/include/commande_locale/commande_locale/msg/detail/msg_add_product__functions.h
[7.341s] -- Up-to-date: /home/user/celluleflexible/ros_ws/install/commande_locale/include/commande_locale/commande_locale/msg/detail/msg_pin_control__type_support.c
[7.341s] -- Up-to-date: /home/user/celluleflexible/ros_ws/install/commande_locale/include/commande_locale/commande_locale/msg/detail/msg_erreur__type_support.c
[7.341s] -- Up-to-date: /home/user/celluleflexible/ros_ws/install/commande_locale/include/commande_locale/commande_locale/msg/detail/msg_add_product__type_support.h
[7.341s] -- Up-to-date: /home/user/celluleflexible/ros_ws/install/commande_locale/include/commande_locale/commande_locale/msg/detail/msg_stop_control__struct.h
[7.341s] -- Up-to-date: /home/user/celluleflexible/ros_ws/install/commande_locale/include/commande_locale/commande_locale/msg/detail/msg_stop_control__functions.c
[7.341s] -- Up-to-date: /home/user/celluleflexible/ros_ws/install/commande_locale/include/commande_locale/commande_locale/msg/detail/msg_switch_control__type_support.h
[7.341s] -- Up-to-date: /home/user/celluleflexible/ros_ws/install/commande_locale/include/commande_locale/commande_locale/msg/detail/msg_pin_control__type_support.h
[7.341s] -- Up-to-date: /home/user/celluleflexible/ros_ws/install/commande_locale/include/commande_locale/commande_locale/msg/detail/msg_add_product__struct.h
[7.341s] -- Up-to-date: /home/user/celluleflexible/ros_ws/install/commande_locale/include/commande_locale/commande_locale/msg/detail/msg_color__functions.h
[7.341s] -- Up-to-date: /home/user/celluleflexible/ros_ws/install/commande_locale/include/commande_locale/commande_locale/msg/detail/msg_choix_mode__struct.h
[7.341s] -- Up-to-date: /home/user/celluleflexible/ros_ws/install/commande_locale/include/commande_locale/commande_locale/msg/detail/msg_pin_control__struct.h
[7.342s] -- Up-to-date: /home/user/celluleflexible/ros_ws/install/commande_locale/include/commande_locale/commande_locale/msg/detail/msg_color__functions.c
[7.342s] -- Up-to-date: /home/user/celluleflexible/ros_ws/install/commande_locale/include/commande_locale/commande_locale/msg/msg_color.h
[7.342s] -- Up-to-date: /home/user/celluleflexible/ros_ws/install/commande_locale/include/commande_locale/commande_locale/srv
[7.342s] -- Up-to-date: /home/user/celluleflexible/ros_ws/install/commande_locale/include/commande_locale/commande_locale/srv/srv_fin_init.h
[7.342s] -- Up-to-date: /home/user/celluleflexible/ros_ws/install/commande_locale/include/commande_locale/commande_locale/srv/srv_add_product_push_back.h
[7.342s] -- Up-to-date: /home/user/celluleflexible/ros_ws/install/commande_locale/include/commande_locale/commande_locale/srv/srv_add_product.h
[7.342s] -- Up-to-date: /home/user/celluleflexible/ros_ws/install/commande_locale/include/commande_locale/commande_locale/srv/detail
[7.342s] -- Up-to-date: /home/user/celluleflexible/ros_ws/install/commande_locale/include/commande_locale/commande_locale/srv/detail/srv_fin_init__type_support.h
[7.342s] -- Up-to-date: /home/user/celluleflexible/ros_ws/install/commande_locale/include/commande_locale/commande_locale/srv/detail/srv_add_product_push_back__type_support.c
[7.342s] -- Up-to-date: /home/user/celluleflexible/ros_ws/install/commande_locale/include/commande_locale/commande_locale/srv/detail/srv_add_product_push_back__description.c
[7.342s] -- Up-to-date: /home/user/celluleflexible/ros_ws/install/commande_locale/include/commande_locale/commande_locale/srv/detail/srv_add_product__struct.h
[7.342s] -- Up-to-date: /home/user/celluleflexible/ros_ws/install/commande_locale/include/commande_locale/commande_locale/srv/detail/srv_fin_init__type_support.c
[7.343s] -- Up-to-date: /home/user/celluleflexible/ros_ws/install/commande_locale/include/commande_locale/commande_locale/srv/detail/srv_add_product__type_support.h
[7.343s] -- Up-to-date: /home/user/celluleflexible/ros_ws/install/commande_locale/include/commande_locale/commande_locale/srv/detail/srv_fin_init__functions.c
[7.343s] -- Up-to-date: /home/user/celluleflexible/ros_ws/install/commande_locale/include/commande_locale/commande_locale/srv/detail/srv_add_product__description.c
[7.343s] -- Up-to-date: /home/user/celluleflexible/ros_ws/install/commande_locale/include/commande_locale/commande_locale/srv/detail/srv_add_product_push_back__functions.h
[7.343s] -- Up-to-date: /home/user/celluleflexible/ros_ws/install/commande_locale/include/commande_locale/commande_locale/srv/detail/srv_add_product__functions.c
[7.343s] -- Up-to-date: /home/user/celluleflexible/ros_ws/install/commande_locale/include/commande_locale/commande_locale/srv/detail/srv_fin_init__functions.h
[7.343s] -- Up-to-date: /home/user/celluleflexible/ros_ws/install/commande_locale/include/commande_locale/commande_locale/srv/detail/srv_add_product__type_support.c
[7.343s] -- Up-to-date: /home/user/celluleflexible/ros_ws/install/commande_locale/include/commande_locale/commande_locale/srv/detail/srv_add_product_push_back__struct.h
[7.343s] -- Up-to-date: /home/user/celluleflexible/ros_ws/install/commande_locale/include/commande_locale/commande_locale/srv/detail/srv_fin_init__description.c
[7.343s] -- Up-to-date: /home/user/celluleflexible/ros_ws/install/commande_locale/include/commande_locale/commande_locale/srv/detail/srv_add_product_push_back__type_support.h
[7.343s] -- Up-to-date: /home/user/celluleflexible/ros_ws/install/commande_locale/include/commande_locale/commande_locale/srv/detail/srv_fin_init__struct.h
[7.343s] -- Up-to-date: /home/user/celluleflexible/ros_ws/install/commande_locale/include/commande_locale/commande_locale/srv/detail/srv_add_product_push_back__functions.c
[7.344s] -- Up-to-date: /home/user/celluleflexible/ros_ws/install/commande_locale/include/commande_locale/commande_locale/srv/detail/srv_add_product__functions.h
[7.344s] -- Up-to-date: /home/user/celluleflexible/ros_ws/install/commande_locale/share/commande_locale/environment/library_path.sh
[7.344s] -- Up-to-date: /home/user/celluleflexible/ros_ws/install/commande_locale/share/commande_locale/environment/library_path.dsv
[7.344s] -- Up-to-date: /home/user/celluleflexible/ros_ws/install/commande_locale/lib/libcommande_locale__rosidl_generator_c.so
[7.344s] -- Up-to-date: /home/user/celluleflexible/ros_ws/install/commande_locale/include/commande_locale/commande_locale
[7.344s] -- Up-to-date: /home/user/celluleflexible/ros_ws/install/commande_locale/include/commande_locale/commande_locale/msg
[7.344s] -- Up-to-date: /home/user/celluleflexible/ros_ws/install/commande_locale/include/commande_locale/commande_locale/msg/rosidl_typesupport_fastrtps_c__visibility_control.h
[7.344s] -- Up-to-date: /home/user/celluleflexible/ros_ws/install/commande_locale/include/commande_locale/commande_locale/msg/detail
[7.344s] -- Up-to-date: /home/user/celluleflexible/ros_ws/install/commande_locale/include/commande_locale/commande_locale/msg/detail/msg_erreur__rosidl_typesupport_fastrtps_c.h
[7.344s] -- Up-to-date: /home/user/celluleflexible/ros_ws/install/commande_locale/include/commande_locale/commande_locale/msg/detail/msg_color__rosidl_typesupport_fastrtps_c.h
[7.344s] -- Up-to-date: /home/user/celluleflexible/ros_ws/install/commande_locale/include/commande_locale/commande_locale/msg/detail/msg_choix_mode__rosidl_typesupport_fastrtps_c.h
[7.344s] -- Up-to-date: /home/user/celluleflexible/ros_ws/install/commande_locale/include/commande_locale/commande_locale/msg/detail/msg_add_product__rosidl_typesupport_fastrtps_c.h
[7.344s] -- Up-to-date: /home/user/celluleflexible/ros_ws/install/commande_locale/include/commande_locale/commande_locale/msg/detail/msg_pin_control__rosidl_typesupport_fastrtps_c.h
[7.344s] -- Up-to-date: /home/user/celluleflexible/ros_ws/install/commande_locale/include/commande_locale/commande_locale/msg/detail/msg_stop_control__rosidl_typesupport_fastrtps_c.h
[7.345s] -- Up-to-date: /home/user/celluleflexible/ros_ws/install/commande_locale/include/commande_locale/commande_locale/msg/detail/msg_switch_control__rosidl_typesupport_fastrtps_c.h
[7.345s] -- Up-to-date: /home/user/celluleflexible/ros_ws/install/commande_locale/include/commande_locale/commande_locale/srv
[7.345s] -- Up-to-date: /home/user/celluleflexible/ros_ws/install/commande_locale/include/commande_locale/commande_locale/srv/detail
[7.345s] -- Up-to-date: /home/user/celluleflexible/ros_ws/install/commande_locale/include/commande_locale/commande_locale/srv/detail/srv_add_product_push_back__rosidl_typesupport_fastrtps_c.h
[7.345s] -- Up-to-date: /home/user/celluleflexible/ros_ws/install/commande_locale/include/commande_locale/commande_locale/srv/detail/srv_add_product__rosidl_typesupport_fastrtps_c.h
[7.345s] -- Up-to-date: /home/user/celluleflexible/ros_ws/install/commande_locale/include/commande_locale/commande_locale/srv/detail/srv_fin_init__rosidl_typesupport_fastrtps_c.h
[7.345s] -- Up-to-date: /home/user/celluleflexible/ros_ws/install/commande_locale/lib/libcommande_locale__rosidl_typesupport_fastrtps_c.so
[7.345s] -- Up-to-date: /home/user/celluleflexible/ros_ws/install/commande_locale/include/commande_locale/commande_locale
[7.345s] -- Up-to-date: /home/user/celluleflexible/ros_ws/install/commande_locale/include/commande_locale/commande_locale/msg
[7.345s] -- Up-to-date: /home/user/celluleflexible/ros_ws/install/commande_locale/include/commande_locale/commande_locale/msg/msg_color.hpp
[7.345s] -- Up-to-date: /home/user/celluleflexible/ros_ws/install/commande_locale/include/commande_locale/commande_locale/msg/msg_pin_control.hpp
[7.345s] -- Up-to-date: /home/user/celluleflexible/ros_ws/install/commande_locale/include/commande_locale/commande_locale/msg/msg_switch_control.hpp
[7.345s] -- Up-to-date: /home/user/celluleflexible/ros_ws/install/commande_locale/include/commande_locale/commande_locale/msg/rosidl_generator_cpp__visibility_control.hpp
[7.346s] -- Up-to-date: /home/user/celluleflexible/ros_ws/install/commande_locale/include/commande_locale/commande_locale/msg/msg_stop_control.hpp
[7.346s] -- Up-to-date: /home/user/celluleflexible/ros_ws/install/commande_locale/include/commande_locale/commande_locale/msg/msg_choix_mode.hpp
[7.346s] -- Up-to-date: /home/user/celluleflexible/ros_ws/install/commande_locale/include/commande_locale/commande_locale/msg/msg_add_product.hpp
[7.346s] -- Up-to-date: /home/user/celluleflexible/ros_ws/install/commande_locale/include/commande_locale/commande_locale/msg/detail
[7.346s] -- Up-to-date: /home/user/celluleflexible/ros_ws/install/commande_locale/include/commande_locale/commande_locale/msg/detail/msg_choix_mode__struct.hpp
[7.346s] -- Up-to-date: /home/user/celluleflexible/ros_ws/install/commande_locale/include/commande_locale/commande_locale/msg/detail/msg_add_product__struct.hpp
[7.346s] -- Up-to-date: /home/user/celluleflexible/ros_ws/install/commande_locale/include/commande_locale/commande_locale/msg/detail/msg_switch_control__struct.hpp
[7.346s] -- Up-to-date: /home/user/celluleflexible/ros_ws/install/commande_locale/include/commande_locale/commande_locale/msg/detail/msg_stop_control__traits.hpp
[7.346s] -- Up-to-date: /home/user/celluleflexible/ros_ws/install/commande_locale/include/commande_locale/commande_locale/msg/detail/msg_color__traits.hpp
[7.346s] -- Up-to-date: /home/user/celluleflexible/ros_ws/install/commande_locale/include/commande_locale/commande_locale/msg/detail/msg_pin_control__builder.hpp
[7.346s] -- Up-to-date: /home/user/celluleflexible/ros_ws/install/commande_locale/include/commande_locale/commande_locale/msg/detail/msg_switch_control__traits.hpp
[7.347s] -- Up-to-date: /home/user/celluleflexible/ros_ws/install/commande_locale/include/commande_locale/commande_locale/msg/detail/msg_erreur__traits.hpp
[7.347s] -- Up-to-date: /home/user/celluleflexible/ros_ws/install/commande_locale/include/commande_locale/commande_locale/msg/detail/msg_add_product__builder.hpp
[7.347s] -- Up-to-date: /home/user/celluleflexible/ros_ws/install/commande_locale/include/commande_locale/commande_locale/msg/detail/msg_stop_control__struct.hpp
[7.347s] -- Up-to-date: /home/user/celluleflexible/ros_ws/install/commande_locale/include/commande_locale/commande_locale/msg/detail/msg_choix_mode__traits.hpp
[7.347s] -- Up-to-date: /home/user/celluleflexible/ros_ws/install/commande_locale/include/commande_locale/commande_locale/msg/detail/msg_choix_mode__builder.hpp
[7.347s] -- Up-to-date: /home/user/celluleflexible/ros_ws/install/commande_locale/include/commande_locale/commande_locale/msg/detail/msg_erreur__struct.hpp
[7.347s] -- Up-to-date: /home/user/celluleflexible/ros_ws/install/commande_locale/include/commande_locale/commande_locale/msg/detail/msg_color__builder.hpp
[7.347s] -- Up-to-date: /home/user/celluleflexible/ros_ws/install/commande_locale/include/commande_locale/commande_locale/msg/detail/msg_erreur__type_support.hpp
[7.347s] -- Up-to-date: /home/user/celluleflexible/ros_ws/install/commande_locale/include/commande_locale/commande_locale/msg/detail/msg_add_product__type_support.hpp
[7.347s] -- Up-to-date: /home/user/celluleflexible/ros_ws/install/commande_locale/include/commande_locale/commande_locale/msg/detail/msg_pin_control__struct.hpp
[7.347s] -- Up-to-date: /home/user/celluleflexible/ros_ws/install/commande_locale/include/commande_locale/commande_locale/msg/detail/msg_erreur__builder.hpp
[7.347s] -- Up-to-date: /home/user/celluleflexible/ros_ws/install/commande_locale/include/commande_locale/commande_locale/msg/detail/msg_switch_control__type_support.hpp
[7.347s] -- Up-to-date: /home/user/celluleflexible/ros_ws/install/commande_locale/include/commande_locale/commande_locale/msg/detail/msg_pin_control__traits.hpp
[7.347s] -- Up-to-date: /home/user/celluleflexible/ros_ws/install/commande_locale/include/commande_locale/commande_locale/msg/detail/msg_add_product__traits.hpp
[7.347s] -- Up-to-date: /home/user/celluleflexible/ros_ws/install/commande_locale/include/commande_locale/commande_locale/msg/detail/msg_choix_mode__type_support.hpp
[7.347s] -- Up-to-date: /home/user/celluleflexible/ros_ws/install/commande_locale/include/commande_locale/commande_locale/msg/detail/msg_stop_control__type_support.hpp
[7.347s] -- Up-to-date: /home/user/celluleflexible/ros_ws/install/commande_locale/include/commande_locale/commande_locale/msg/detail/msg_switch_control__builder.hpp
[7.347s] -- Up-to-date: /home/user/celluleflexible/ros_ws/install/commande_locale/include/commande_locale/commande_locale/msg/detail/msg_stop_control__builder.hpp
[7.347s] -- Up-to-date: /home/user/celluleflexible/ros_ws/install/commande_locale/include/commande_locale/commande_locale/msg/detail/msg_color__type_support.hpp
[7.347s] -- Up-to-date: /home/user/celluleflexible/ros_ws/install/commande_locale/include/commande_locale/commande_locale/msg/detail/msg_pin_control__type_support.hpp
[7.347s] -- Up-to-date: /home/user/celluleflexible/ros_ws/install/commande_locale/include/commande_locale/commande_locale/msg/detail/msg_color__struct.hpp
[7.347s] -- Up-to-date: /home/user/celluleflexible/ros_ws/install/commande_locale/include/commande_locale/commande_locale/msg/msg_erreur.hpp
[7.347s] -- Up-to-date: /home/user/celluleflexible/ros_ws/install/commande_locale/include/commande_locale/commande_locale/srv
[7.347s] -- Up-to-date: /home/user/celluleflexible/ros_ws/install/commande_locale/include/commande_locale/commande_locale/srv/srv_add_product.hpp
[7.347s] -- Up-to-date: /home/user/celluleflexible/ros_ws/install/commande_locale/include/commande_locale/commande_locale/srv/srv_add_product_push_back.hpp
[7.347s] -- Up-to-date: /home/user/celluleflexible/ros_ws/install/commande_locale/include/commande_locale/commande_locale/srv/srv_fin_init.hpp
[7.347s] -- Up-to-date: /home/user/celluleflexible/ros_ws/install/commande_locale/include/commande_locale/commande_locale/srv/detail
[7.347s] -- Up-to-date: /home/user/celluleflexible/ros_ws/install/commande_locale/include/commande_locale/commande_locale/srv/detail/srv_add_product_push_back__builder.hpp
[7.347s] -- Up-to-date: /home/user/celluleflexible/ros_ws/install/commande_locale/include/commande_locale/commande_locale/srv/detail/srv_fin_init__builder.hpp
[7.347s] -- Up-to-date: /home/user/celluleflexible/ros_ws/install/commande_locale/include/commande_locale/commande_locale/srv/detail/srv_add_product__struct.hpp
[7.348s] -- Up-to-date: /home/user/celluleflexible/ros_ws/install/commande_locale/include/commande_locale/commande_locale/srv/detail/srv_fin_init__traits.hpp
[7.348s] -- Up-to-date: /home/user/celluleflexible/ros_ws/install/commande_locale/include/commande_locale/commande_locale/srv/detail/srv_add_product__type_support.hpp
[7.348s] -- Up-to-date: /home/user/celluleflexible/ros_ws/install/commande_locale/include/commande_locale/commande_locale/srv/detail/srv_add_product_push_back__struct.hpp
[7.348s] -- Up-to-date: /home/user/celluleflexible/ros_ws/install/commande_locale/include/commande_locale/commande_locale/srv/detail/srv_add_product_push_back__traits.hpp
[7.348s] -- Up-to-date: /home/user/celluleflexible/ros_ws/install/commande_locale/include/commande_locale/commande_locale/srv/detail/srv_fin_init__type_support.hpp
[7.348s] -- Up-to-date: /home/user/celluleflexible/ros_ws/install/commande_locale/include/commande_locale/commande_locale/srv/detail/srv_add_product__builder.hpp
[7.348s] -- Up-to-date: /home/user/celluleflexible/ros_ws/install/commande_locale/include/commande_locale/commande_locale/srv/detail/srv_fin_init__struct.hpp
[7.348s] -- Up-to-date: /home/user/celluleflexible/ros_ws/install/commande_locale/include/commande_locale/commande_locale/srv/detail/srv_add_product__traits.hpp
[7.348s] -- Up-to-date: /home/user/celluleflexible/ros_ws/install/commande_locale/include/commande_locale/commande_locale/srv/detail/srv_add_product_push_back__type_support.hpp
[7.348s] -- Up-to-date: /home/user/celluleflexible/ros_ws/install/commande_locale/include/commande_locale/commande_locale
[7.348s] -- Up-to-date: /home/user/celluleflexible/ros_ws/install/commande_locale/include/commande_locale/commande_locale/msg
[7.348s] -- Up-to-date: /home/user/celluleflexible/ros_ws/install/commande_locale/include/commande_locale/commande_locale/msg/detail
[7.348s] -- Up-to-date: /home/user/celluleflexible/ros_ws/install/commande_locale/include/commande_locale/commande_locale/msg/detail/msg_pin_control__rosidl_typesupport_fastrtps_cpp.hpp
[7.348s] -- Up-to-date: /home/user/celluleflexible/ros_ws/install/commande_locale/include/commande_locale/commande_locale/msg/detail/msg_switch_control__rosidl_typesupport_fastrtps_cpp.hpp
[7.348s] -- Up-to-date: /home/user/celluleflexible/ros_ws/install/commande_locale/include/commande_locale/commande_locale/msg/detail/dds_fastrtps
[7.348s] -- Up-to-date: /home/user/celluleflexible/ros_ws/install/commande_locale/include/commande_locale/commande_locale/msg/detail/msg_erreur__rosidl_typesupport_fastrtps_cpp.hpp
[7.348s] -- Up-to-date: /home/user/celluleflexible/ros_ws/install/commande_locale/include/commande_locale/commande_locale/msg/detail/msg_add_product__rosidl_typesupport_fastrtps_cpp.hpp
[7.348s] -- Up-to-date: /home/user/celluleflexible/ros_ws/install/commande_locale/include/commande_locale/commande_locale/msg/detail/msg_stop_control__rosidl_typesupport_fastrtps_cpp.hpp
[7.348s] -- Up-to-date: /home/user/celluleflexible/ros_ws/install/commande_locale/include/commande_locale/commande_locale/msg/detail/msg_color__rosidl_typesupport_fastrtps_cpp.hpp
[7.348s] -- Up-to-date: /home/user/celluleflexible/ros_ws/install/commande_locale/include/commande_locale/commande_locale/msg/detail/msg_choix_mode__rosidl_typesupport_fastrtps_cpp.hpp
[7.348s] -- Up-to-date: /home/user/celluleflexible/ros_ws/install/commande_locale/include/commande_locale/commande_locale/msg/rosidl_typesupport_fastrtps_cpp__visibility_control.h
[7.348s] -- Up-to-date: /home/user/celluleflexible/ros_ws/install/commande_locale/include/commande_locale/commande_locale/srv
[7.348s] -- Up-to-date: /home/user/celluleflexible/ros_ws/install/commande_locale/include/commande_locale/commande_locale/srv/detail
[7.348s] -- Up-to-date: /home/user/celluleflexible/ros_ws/install/commande_locale/include/commande_locale/commande_locale/srv/detail/srv_fin_init__rosidl_typesupport_fastrtps_cpp.hpp
[7.348s] -- Up-to-date: /home/user/celluleflexible/ros_ws/install/commande_locale/include/commande_locale/commande_locale/srv/detail/srv_add_product__rosidl_typesupport_fastrtps_cpp.hpp
[7.348s] -- Up-to-date: /home/user/celluleflexible/ros_ws/install/commande_locale/include/commande_locale/commande_locale/srv/detail/srv_add_product_push_back__rosidl_typesupport_fastrtps_cpp.hpp
[7.348s] -- Up-to-date: /home/user/celluleflexible/ros_ws/install/commande_locale/include/commande_locale/commande_locale/srv/detail/dds_fastrtps
[7.348s] -- Up-to-date: /home/user/celluleflexible/ros_ws/install/commande_locale/lib/libcommande_locale__rosidl_typesupport_fastrtps_cpp.so
[7.348s] -- Up-to-date: /home/user/celluleflexible/ros_ws/install/commande_locale/include/commande_locale/commande_locale
[7.348s] -- Up-to-date: /home/user/celluleflexible/ros_ws/install/commande_locale/include/commande_locale/commande_locale/msg
[7.348s] -- Up-to-date: /home/user/celluleflexible/ros_ws/install/commande_locale/include/commande_locale/commande_locale/msg/rosidl_typesupport_introspection_c__visibility_control.h
[7.348s] -- Up-to-date: /home/user/celluleflexible/ros_ws/install/commande_locale/include/commande_locale/commande_locale/msg/detail
[7.348s] -- Up-to-date: /home/user/celluleflexible/ros_ws/install/commande_locale/include/commande_locale/commande_locale/msg/detail/msg_stop_control__rosidl_typesupport_introspection_c.h
[7.348s] -- Up-to-date: /home/user/celluleflexible/ros_ws/install/commande_locale/include/commande_locale/commande_locale/msg/detail/msg_color__rosidl_typesupport_introspection_c.h
[7.348s] -- Up-to-date: /home/user/celluleflexible/ros_ws/install/commande_locale/include/commande_locale/commande_locale/msg/detail/msg_add_product__rosidl_typesupport_introspection_c.h
[7.348s] -- Up-to-date: /home/user/celluleflexible/ros_ws/install/commande_locale/include/commande_locale/commande_locale/msg/detail/msg_switch_control__type_support.c
[7.348s] -- Up-to-date: /home/user/celluleflexible/ros_ws/install/commande_locale/include/commande_locale/commande_locale/msg/detail/msg_stop_control__type_support.c
[7.348s] -- Up-to-date: /home/user/celluleflexible/ros_ws/install/commande_locale/include/commande_locale/commande_locale/msg/detail/msg_pin_control__rosidl_typesupport_introspection_c.h
[7.348s] -- Up-to-date: /home/user/celluleflexible/ros_ws/install/commande_locale/include/commande_locale/commande_locale/msg/detail/msg_switch_control__rosidl_typesupport_introspection_c.h
[7.348s] -- Up-to-date: /home/user/celluleflexible/ros_ws/install/commande_locale/include/commande_locale/commande_locale/msg/detail/msg_color__type_support.c
[7.348s] -- Up-to-date: /home/user/celluleflexible/ros_ws/install/commande_locale/include/commande_locale/commande_locale/msg/detail/msg_add_product__type_support.c
[7.349s] -- Up-to-date: /home/user/celluleflexible/ros_ws/install/commande_locale/include/commande_locale/commande_locale/msg/detail/msg_choix_mode__type_support.c
[7.349s] -- Up-to-date: /home/user/celluleflexible/ros_ws/install/commande_locale/include/commande_locale/commande_locale/msg/detail/msg_choix_mode__rosidl_typesupport_introspection_c.h
[7.349s] -- Up-to-date: /home/user/celluleflexible/ros_ws/install/commande_locale/include/commande_locale/commande_locale/msg/detail/msg_pin_control__type_support.c
[7.349s] -- Up-to-date: /home/user/celluleflexible/ros_ws/install/commande_locale/include/commande_locale/commande_locale/msg/detail/msg_erreur__type_support.c
[7.349s] -- Up-to-date: /home/user/celluleflexible/ros_ws/install/commande_locale/include/commande_locale/commande_locale/msg/detail/msg_erreur__rosidl_typesupport_introspection_c.h
[7.349s] -- Up-to-date: /home/user/celluleflexible/ros_ws/install/commande_locale/include/commande_locale/commande_locale/srv
[7.349s] -- Up-to-date: /home/user/celluleflexible/ros_ws/install/commande_locale/include/commande_locale/commande_locale/srv/detail
[7.349s] -- Up-to-date: /home/user/celluleflexible/ros_ws/install/commande_locale/include/commande_locale/commande_locale/srv/detail/srv_add_product_push_back__type_support.c
[7.349s] -- Up-to-date: /home/user/celluleflexible/ros_ws/install/commande_locale/include/commande_locale/commande_locale/srv/detail/srv_fin_init__type_support.c
[7.349s] -- Up-to-date: /home/user/celluleflexible/ros_ws/install/commande_locale/include/commande_locale/commande_locale/srv/detail/srv_add_product_push_back__rosidl_typesupport_introspection_c.h
[7.349s] -- Up-to-date: /home/user/celluleflexible/ros_ws/install/commande_locale/include/commande_locale/commande_locale/srv/detail/srv_fin_init__rosidl_typesupport_introspection_c.h
[7.349s] -- Up-to-date: /home/user/celluleflexible/ros_ws/install/commande_locale/include/commande_locale/commande_locale/srv/detail/srv_add_product__rosidl_typesupport_introspection_c.h
[7.349s] -- Up-to-date: /home/user/celluleflexible/ros_ws/install/commande_locale/include/commande_locale/commande_locale/srv/detail/srv_add_product__type_support.c
[7.349s] -- Up-to-date: /home/user/celluleflexible/ros_ws/install/commande_locale/lib/libcommande_locale__rosidl_typesupport_introspection_c.so
[7.349s] -- Up-to-date: /home/user/celluleflexible/ros_ws/install/commande_locale/lib/libcommande_locale__rosidl_typesupport_c.so
[7.349s] -- Up-to-date: /home/user/celluleflexible/ros_ws/install/commande_locale/include/commande_locale/commande_locale
[7.349s] -- Up-to-date: /home/user/celluleflexible/ros_ws/install/commande_locale/include/commande_locale/commande_locale/msg
[7.349s] -- Up-to-date: /home/user/celluleflexible/ros_ws/install/commande_locale/include/commande_locale/commande_locale/msg/detail
[7.349s] -- Up-to-date: /home/user/celluleflexible/ros_ws/install/commande_locale/include/commande_locale/commande_locale/msg/detail/msg_add_product__type_support.cpp
[7.349s] -- Up-to-date: /home/user/celluleflexible/ros_ws/install/commande_locale/include/commande_locale/commande_locale/msg/detail/msg_switch_control__rosidl_typesupport_introspection_cpp.hpp
[7.349s] -- Up-to-date: /home/user/celluleflexible/ros_ws/install/commande_locale/include/commande_locale/commande_locale/msg/detail/msg_pin_control__type_support.cpp
[7.349s] -- Up-to-date: /home/user/celluleflexible/ros_ws/install/commande_locale/include/commande_locale/commande_locale/msg/detail/msg_stop_control__rosidl_typesupport_introspection_cpp.hpp
[7.349s] -- Up-to-date: /home/user/celluleflexible/ros_ws/install/commande_locale/include/commande_locale/commande_locale/msg/detail/msg_stop_control__type_support.cpp
[7.349s] -- Up-to-date: /home/user/celluleflexible/ros_ws/install/commande_locale/include/commande_locale/commande_locale/msg/detail/msg_pin_control__rosidl_typesupport_introspection_cpp.hpp
[7.349s] -- Up-to-date: /home/user/celluleflexible/ros_ws/install/commande_locale/include/commande_locale/commande_locale/msg/detail/msg_erreur__type_support.cpp
[7.349s] -- Up-to-date: /home/user/celluleflexible/ros_ws/install/commande_locale/include/commande_locale/commande_locale/msg/detail/msg_erreur__rosidl_typesupport_introspection_cpp.hpp
[7.349s] -- Up-to-date: /home/user/celluleflexible/ros_ws/install/commande_locale/include/commande_locale/commande_locale/msg/detail/msg_choix_mode__type_support.cpp
[7.349s] -- Up-to-date: /home/user/celluleflexible/ros_ws/install/commande_locale/include/commande_locale/commande_locale/msg/detail/msg_color__rosidl_typesupport_introspection_cpp.hpp
[7.349s] -- Up-to-date: /home/user/celluleflexible/ros_ws/install/commande_locale/include/commande_locale/commande_locale/msg/detail/msg_choix_mode__rosidl_typesupport_introspection_cpp.hpp
[7.349s] -- Up-to-date: /home/user/celluleflexible/ros_ws/install/commande_locale/include/commande_locale/commande_locale/msg/detail/msg_switch_control__type_support.cpp
[7.349s] -- Up-to-date: /home/user/celluleflexible/ros_ws/install/commande_locale/include/commande_locale/commande_locale/msg/detail/msg_color__type_support.cpp
[7.349s] -- Up-to-date: /home/user/celluleflexible/ros_ws/install/commande_locale/include/commande_locale/commande_locale/msg/detail/msg_add_product__rosidl_typesupport_introspection_cpp.hpp
[7.349s] -- Up-to-date: /home/user/celluleflexible/ros_ws/install/commande_locale/include/commande_locale/commande_locale/srv
[7.349s] -- Up-to-date: /home/user/celluleflexible/ros_ws/install/commande_locale/include/commande_locale/commande_locale/srv/detail
[7.349s] -- Up-to-date: /home/user/celluleflexible/ros_ws/install/commande_locale/include/commande_locale/commande_locale/srv/detail/srv_add_product_push_back__rosidl_typesupport_introspection_cpp.hpp
[7.349s] -- Up-to-date: /home/user/celluleflexible/ros_ws/install/commande_locale/include/commande_locale/commande_locale/srv/detail/srv_add_product__type_support.cpp
[7.349s] -- Up-to-date: /home/user/celluleflexible/ros_ws/install/commande_locale/include/commande_locale/commande_locale/srv/detail/srv_add_product__rosidl_typesupport_introspection_cpp.hpp
[7.349s] -- Up-to-date: /home/user/celluleflexible/ros_ws/install/commande_locale/include/commande_locale/commande_locale/srv/detail/srv_fin_init__rosidl_typesupport_introspection_cpp.hpp
[7.349s] -- Up-to-date: /home/user/celluleflexible/ros_ws/install/commande_locale/include/commande_locale/commande_locale/srv/detail/srv_add_product_push_back__type_support.cpp
[7.349s] -- Up-to-date: /home/user/celluleflexible/ros_ws/install/commande_locale/include/commande_locale/commande_locale/srv/detail/srv_fin_init__type_support.cpp
[7.349s] -- Up-to-date: /home/user/celluleflexible/ros_ws/install/commande_locale/lib/libcommande_locale__rosidl_typesupport_introspection_cpp.so
[7.349s] -- Up-to-date: /home/user/celluleflexible/ros_ws/install/commande_locale/lib/libcommande_locale__rosidl_typesupport_cpp.so
[7.349s] -- Up-to-date: /home/user/celluleflexible/ros_ws/install/commande_locale/share/commande_locale/environment/pythonpath.sh
[7.349s] -- Up-to-date: /home/user/celluleflexible/ros_ws/install/commande_locale/share/commande_locale/environment/pythonpath.dsv
[7.349s] -- Up-to-date: /home/user/celluleflexible/ros_ws/install/commande_locale/lib/python3.12/site-packages/commande_locale-3.1.2-py3.12.egg-info
[7.349s] -- Installing: /home/user/celluleflexible/ros_ws/install/commande_locale/lib/python3.12/site-packages/commande_locale-3.1.2-py3.12.egg-info/SOURCES.txt
[7.349s] -- Installing: /home/user/celluleflexible/ros_ws/install/commande_locale/lib/python3.12/site-packages/commande_locale-3.1.2-py3.12.egg-info/top_level.txt
[7.349s] -- Installing: /home/user/celluleflexible/ros_ws/install/commande_locale/lib/python3.12/site-packages/commande_locale-3.1.2-py3.12.egg-info/PKG-INFO
[7.349s] -- Installing: /home/user/celluleflexible/ros_ws/install/commande_locale/lib/python3.12/site-packages/commande_locale-3.1.2-py3.12.egg-info/dependency_links.txt
[7.349s] -- Up-to-date: /home/user/celluleflexible/ros_ws/install/commande_locale/lib/python3.12/site-packages/commande_locale
[7.350s] -- Up-to-date: /home/user/celluleflexible/ros_ws/install/commande_locale/lib/python3.12/site-packages/commande_locale/msg
[7.350s] -- Up-to-date: /home/user/celluleflexible/ros_ws/install/commande_locale/lib/python3.12/site-packages/commande_locale/msg/_msg_color_s.c
[7.350s] -- Up-to-date: /home/user/celluleflexible/ros_ws/install/commande_locale/lib/python3.12/site-packages/commande_locale/msg/_msg_color.py
[7.350s] -- Up-to-date: /home/user/celluleflexible/ros_ws/install/commande_locale/lib/python3.12/site-packages/commande_locale/msg/_msg_stop_control.py
[7.350s] -- Up-to-date: /home/user/celluleflexible/ros_ws/install/commande_locale/lib/python3.12/site-packages/commande_locale/msg/_msg_erreur.py
[7.350s] -- Up-to-date: /home/user/celluleflexible/ros_ws/install/commande_locale/lib/python3.12/site-packages/commande_locale/msg/_msg_choix_mode_s.c
[7.350s] -- Up-to-date: /home/user/celluleflexible/ros_ws/install/commande_locale/lib/python3.12/site-packages/commande_locale/msg/__init__.py
[7.350s] -- Up-to-date: /home/user/celluleflexible/ros_ws/install/commande_locale/lib/python3.12/site-packages/commande_locale/msg/_msg_add_product_s.c
[7.350s] -- Up-to-date: /home/user/celluleflexible/ros_ws/install/commande_locale/lib/python3.12/site-packages/commande_locale/msg/_msg_choix_mode.py
[7.350s] -- Up-to-date: /home/user/celluleflexible/ros_ws/install/commande_locale/lib/python3.12/site-packages/commande_locale/msg/_msg_switch_control.py
[7.350s] -- Up-to-date: /home/user/celluleflexible/ros_ws/install/commande_locale/lib/python3.12/site-packages/commande_locale/msg/_msg_stop_control_s.c
[7.350s] -- Up-to-date: /home/user/celluleflexible/ros_ws/install/commande_locale/lib/python3.12/site-packages/commande_locale/msg/_msg_switch_control_s.c
[7.350s] -- Up-to-date: /home/user/celluleflexible/ros_ws/install/commande_locale/lib/python3.12/site-packages/commande_locale/msg/_msg_pin_control_s.c
[7.350s] -- Up-to-date: /home/user/celluleflexible/ros_ws/install/commande_locale/lib/python3.12/site-packages/commande_locale/msg/_msg_erreur_s.c
[7.350s] -- Up-to-date: /home/user/celluleflexible/ros_ws/install/commande_locale/lib/python3.12/site-packages/commande_locale/msg/_msg_pin_control.py
[7.350s] -- Up-to-date: /home/user/celluleflexible/ros_ws/install/commande_locale/lib/python3.12/site-packages/commande_locale/msg/_msg_add_product.py
[7.350s] -- Up-to-date: /home/user/celluleflexible/ros_ws/install/commande_locale/lib/python3.12/site-packages/commande_locale/__init__.py
[7.350s] -- Up-to-date: /home/user/celluleflexible/ros_ws/install/commande_locale/lib/python3.12/site-packages/commande_locale/_commande_locale_s.ep.rosidl_typesupport_c.c
[7.350s] -- Up-to-date: /home/user/celluleflexible/ros_ws/install/commande_locale/lib/python3.12/site-packages/commande_locale/commande_locale_s__rosidl_typesupport_c.so
[7.350s] -- Up-to-date: /home/user/celluleflexible/ros_ws/install/commande_locale/lib/python3.12/site-packages/commande_locale/commande_locale_s__rosidl_typesupport_fastrtps_c.so
[7.350s] -- Up-to-date: /home/user/celluleflexible/ros_ws/install/commande_locale/lib/python3.12/site-packages/commande_locale/srv
[7.350s] -- Up-to-date: /home/user/celluleflexible/ros_ws/install/commande_locale/lib/python3.12/site-packages/commande_locale/srv/_srv_add_product.py
[7.350s] -- Up-to-date: /home/user/celluleflexible/ros_ws/install/commande_locale/lib/python3.12/site-packages/commande_locale/srv/_srv_add_product_push_back.py
[7.350s] -- Up-to-date: /home/user/celluleflexible/ros_ws/install/commande_locale/lib/python3.12/site-packages/commande_locale/srv/__init__.py
[7.350s] -- Up-to-date: /home/user/celluleflexible/ros_ws/install/commande_locale/lib/python3.12/site-packages/commande_locale/srv/_srv_add_product_push_back_s.c
[7.350s] -- Up-to-date: /home/user/celluleflexible/ros_ws/install/commande_locale/lib/python3.12/site-packages/commande_locale/srv/_srv_fin_init.py
[7.350s] -- Up-to-date: /home/user/celluleflexible/ros_ws/install/commande_locale/lib/python3.12/site-packages/commande_locale/srv/_srv_fin_init_s.c
[7.350s] -- Up-to-date: /home/user/celluleflexible/ros_ws/install/commande_locale/lib/python3.12/site-packages/commande_locale/srv/_srv_add_product_s.c
[7.350s] -- Up-to-date: /home/user/celluleflexible/ros_ws/install/commande_locale/lib/python3.12/site-packages/commande_locale/_commande_locale_s.ep.rosidl_typesupport_introspection_c.c
[7.350s] -- Up-to-date: /home/user/celluleflexible/ros_ws/install/commande_locale/lib/python3.12/site-packages/commande_locale/commande_locale_s__rosidl_typesupport_introspection_c.so
[7.350s] -- Up-to-date: /home/user/celluleflexible/ros_ws/install/commande_locale/lib/python3.12/site-packages/commande_locale/_commande_locale_s.ep.rosidl_typesupport_fastrtps_c.c
[7.377s] Listing '/home/user/celluleflexible/ros_ws/install/commande_locale/lib/python3.12/site-packages/commande_locale'...
[7.377s] Listing '/home/user/celluleflexible/ros_ws/install/commande_locale/lib/python3.12/site-packages/commande_locale/msg'...
[7.377s] Listing '/home/user/celluleflexible/ros_ws/install/commande_locale/lib/python3.12/site-packages/commande_locale/srv'...
[7.380s] -- Up-to-date: /home/user/celluleflexible/ros_ws/install/commande_locale/lib/python3.12/site-packages/commande_locale/commande_locale_s__rosidl_typesupport_fastrtps_c.so
[7.380s] -- Up-to-date: /home/user/celluleflexible/ros_ws/install/commande_locale/lib/python3.12/site-packages/commande_locale/commande_locale_s__rosidl_typesupport_introspection_c.so
[7.380s] -- Up-to-date: /home/user/celluleflexible/ros_ws/install/commande_locale/lib/python3.12/site-packages/commande_locale/commande_locale_s__rosidl_typesupport_c.so
[7.380s] -- Up-to-date: /home/user/celluleflexible/ros_ws/install/commande_locale/lib/libcommande_locale__rosidl_generator_py.so
[7.380s] -- Up-to-date: /home/user/celluleflexible/ros_ws/install/commande_locale/share/commande_locale/srv/SrvAddProduct.idl
[7.380s] -- Up-to-date: /home/user/celluleflexible/ros_ws/install/commande_locale/share/commande_locale/srv/SrvFinInit.idl
[7.380s] -- Up-to-date: /home/user/celluleflexible/ros_ws/install/commande_locale/share/commande_locale/srv/SrvAddProductPushBack.idl
[7.380s] -- Up-to-date: /home/user/celluleflexible/ros_ws/install/commande_locale/share/commande_locale/msg/MsgAddProduct.idl
[7.380s] -- Up-to-date: /home/user/celluleflexible/ros_ws/install/commande_locale/share/commande_locale/msg/MsgStopControl.idl
[7.380s] -- Up-to-date: /home/user/celluleflexible/ros_ws/install/commande_locale/share/commande_locale/msg/MsgColor.idl
[7.381s] -- Up-to-date: /home/user/celluleflexible/ros_ws/install/commande_locale/share/commande_locale/msg/MsgSwitchControl.idl
[7.381s] -- Up-to-date: /home/user/celluleflexible/ros_ws/install/commande_locale/share/commande_locale/msg/MsgPinControl.idl
[7.381s] -- Up-to-date: /home/user/celluleflexible/ros_ws/install/commande_locale/share/commande_locale/msg/MsgErreur.idl
[7.381s] -- Up-to-date: /home/user/celluleflexible/ros_ws/install/commande_locale/share/commande_locale/msg/MsgChoixMode.idl
[7.381s] -- Up-to-date: /home/user/celluleflexible/ros_ws/install/commande_locale/share/commande_locale/srv/SrvAddProduct.srv
[7.381s] -- Up-to-date: /home/user/celluleflexible/ros_ws/install/commande_locale/share/commande_locale/srv/SrvFinInit.srv
[7.381s] -- Up-to-date: /home/user/celluleflexible/ros_ws/install/commande_locale/share/commande_locale/srv/SrvAddProductPushBack.srv
[7.381s] -- Up-to-date: /home/user/celluleflexible/ros_ws/install/commande_locale/share/commande_locale/msg/MsgAddProduct.msg
[7.381s] -- Up-to-date: /home/user/celluleflexible/ros_ws/install/commande_locale/share/commande_locale/msg/MsgStopControl.msg
[7.381s] -- Up-to-date: /home/user/celluleflexible/ros_ws/install/commande_locale/share/commande_locale/msg/MsgColor.msg
[7.381s] -- Up-to-date: /home/user/celluleflexible/ros_ws/install/commande_locale/share/commande_locale/msg/MsgSwitchControl.msg
[7.381s] -- Up-to-date: /home/user/celluleflexible/ros_ws/install/commande_locale/share/commande_locale/msg/MsgPinControl.msg
[7.381s] -- Up-to-date: /home/user/celluleflexible/ros_ws/install/commande_locale/share/commande_locale/msg/MsgErreur.msg
[7.381s] -- Up-to-date: /home/user/celluleflexible/ros_ws/install/commande_locale/share/commande_locale/msg/MsgChoixMode.msg
[7.381s] -- Installing: /home/user/celluleflexible/ros_ws/install/commande_locale/lib/commande_locale/simulation
[7.391s] -- Set non-toolchain portion of runtime path of "/home/user/celluleflexible/ros_ws/install/commande_locale/lib/commande_locale/simulation" to ""
[7.391s] -- Up-to-date: /home/user/celluleflexible/ros_ws/install/commande_locale/share/ament_index/resource_index/package_run_dependencies/commande_locale
[7.393s] -- Up-to-date: /home/user/celluleflexible/ros_ws/install/commande_locale/share/ament_index/resource_index/parent_prefix_path/commande_locale
[7.393s] -- Up-to-date: /home/user/celluleflexible/ros_ws/install/commande_locale/share/commande_locale/environment/ament_prefix_path.sh
[7.393s] -- Up-to-date: /home/user/celluleflexible/ros_ws/install/commande_locale/share/commande_locale/environment/ament_prefix_path.dsv
[7.393s] -- Up-to-date: /home/user/celluleflexible/ros_ws/install/commande_locale/share/commande_locale/environment/path.sh
[7.394s] -- Up-to-date: /home/user/celluleflexible/ros_ws/install/commande_locale/share/commande_locale/environment/path.dsv
[7.394s] -- Up-to-date: /home/user/celluleflexible/ros_ws/install/commande_locale/share/commande_locale/local_setup.bash
[7.394s] -- Up-to-date: /home/user/celluleflexible/ros_ws/install/commande_locale/share/commande_locale/local_setup.sh
[7.394s] -- Up-to-date: /home/user/celluleflexible/ros_ws/install/commande_locale/share/commande_locale/local_setup.zsh
[7.394s] -- Up-to-date: /home/user/celluleflexible/ros_ws/install/commande_locale/share/commande_locale/local_setup.dsv
[7.394s] -- Installing: /home/user/celluleflexible/ros_ws/install/commande_locale/share/commande_locale/package.dsv
[7.394s] -- Up-to-date: /home/user/celluleflexible/ros_ws/install/commande_locale/share/ament_index/resource_index/packages/commande_locale
[7.394s] -- Up-to-date: /home/user/celluleflexible/ros_ws/install/commande_locale/share/commande_locale/cmake/export_commande_locale__rosidl_generator_cExport.cmake
[7.394s] -- Up-to-date: /home/user/celluleflexible/ros_ws/install/commande_locale/share/commande_locale/cmake/export_commande_locale__rosidl_generator_cExport-noconfig.cmake
[7.394s] -- Up-to-date: /home/user/celluleflexible/ros_ws/install/commande_locale/share/commande_locale/cmake/export_commande_locale__rosidl_typesupport_fastrtps_cExport.cmake
[7.394s] -- Up-to-date: /home/user/celluleflexible/ros_ws/install/commande_locale/share/commande_locale/cmake/export_commande_locale__rosidl_typesupport_fastrtps_cExport-noconfig.cmake
[7.394s] -- Up-to-date: /home/user/celluleflexible/ros_ws/install/commande_locale/share/commande_locale/cmake/export_commande_locale__rosidl_generator_cppExport.cmake
[7.394s] -- Up-to-date: /home/user/celluleflexible/ros_ws/install/commande_locale/share/commande_locale/cmake/export_commande_locale__rosidl_typesupport_fastrtps_cppExport.cmake
[7.394s] -- Up-to-date: /home/user/celluleflexible/ros_ws/install/commande_locale/share/commande_locale/cmake/export_commande_locale__rosidl_typesupport_fastrtps_cppExport-noconfig.cmake
[7.394s] -- Up-to-date: /home/user/celluleflexible/ros_ws/install/commande_locale/share/commande_locale/cmake/commande_locale__rosidl_typesupport_introspection_cExport.cmake
[7.394s] -- Up-to-date: /home/user/celluleflexible/ros_ws/install/commande_locale/share/commande_locale/cmake/commande_locale__rosidl_typesupport_introspection_cExport-noconfig.cmake
[7.394s] -- Up-to-date: /home/user/celluleflexible/ros_ws/install/commande_locale/share/commande_locale/cmake/commande_locale__rosidl_typesupport_cExport.cmake
[7.394s] -- Up-to-date: /home/user/celluleflexible/ros_ws/install/commande_locale/share/commande_locale/cmake/commande_locale__rosidl_typesupport_cExport-noconfig.cmake
[7.395s] -- Up-to-date: /home/user/celluleflexible/ros_ws/install/commande_locale/share/commande_locale/cmake/commande_locale__rosidl_typesupport_introspection_cppExport.cmake
[7.395s] -- Up-to-date: /home/user/celluleflexible/ros_ws/install/commande_locale/share/commande_locale/cmake/commande_locale__rosidl_typesupport_introspection_cppExport-noconfig.cmake
[7.395s] -- Up-to-date: /home/user/celluleflexible/ros_ws/install/commande_locale/share/commande_locale/cmake/commande_locale__rosidl_typesupport_cppExport.cmake
[7.395s] -- Up-to-date: /home/user/celluleflexible/ros_ws/install/commande_locale/share/commande_locale/cmake/commande_locale__rosidl_typesupport_cppExport-noconfig.cmake
[7.395s] -- Up-to-date: /home/user/celluleflexible/ros_ws/install/commande_locale/share/commande_locale/cmake/export_commande_locale__rosidl_generator_pyExport.cmake
[7.395s] -- Up-to-date: /home/user/celluleflexible/ros_ws/install/commande_locale/share/commande_locale/cmake/export_commande_locale__rosidl_generator_pyExport-noconfig.cmake
[7.395s] -- Up-to-date: /home/user/celluleflexible/ros_ws/install/commande_locale/share/commande_locale/cmake/rosidl_cmake-extras.cmake
[7.395s] -- Up-to-date: /home/user/celluleflexible/ros_ws/install/commande_locale/share/commande_locale/cmake/ament_cmake_export_dependencies-extras.cmake
[7.395s] -- Up-to-date: /home/user/celluleflexible/ros_ws/install/commande_locale/share/commande_locale/cmake/ament_cmake_export_include_directories-extras.cmake
[7.395s] -- Up-to-date: /home/user/celluleflexible/ros_ws/install/commande_locale/share/commande_locale/cmake/ament_cmake_export_libraries-extras.cmake
[7.395s] -- Up-to-date: /home/user/celluleflexible/ros_ws/install/commande_locale/share/commande_locale/cmake/ament_cmake_export_targets-extras.cmake
[7.395s] -- Up-to-date: /home/user/celluleflexible/ros_ws/install/commande_locale/share/commande_locale/cmake/rosidl_cmake_export_typesupport_targets-extras.cmake
[7.395s] -- Up-to-date: /home/user/celluleflexible/ros_ws/install/commande_locale/share/commande_locale/cmake/rosidl_cmake_export_typesupport_libraries-extras.cmake
[7.395s] -- Up-to-date: /home/user/celluleflexible/ros_ws/install/commande_locale/share/commande_locale/cmake/commande_localeConfig.cmake
[7.395s] -- Up-to-date: /home/user/celluleflexible/ros_ws/install/commande_locale/share/commande_locale/cmake/commande_localeConfig-version.cmake
[7.395s] -- Up-to-date: /home/user/celluleflexible/ros_ws/install/commande_locale/share/commande_locale/package.xml
[7.399s] Invoked command in '/home/user/celluleflexible/ros_ws/build/commande_locale' returned '0': CMAKE_PREFIX_PATH=/home/user/celluleflexible/ros_ws/install/aiguillages:/home/user/celluleflexible/ros_ws/install/commande_locale:/opt/ros/jazzy/opt/gz_math_vendor:/opt/ros/jazzy/opt/gz_utils_vendor:/opt/ros/jazzy/opt/gz_cmake_vendor:/opt/ros/jazzy DEBUGINFOD_URLS=https://debuginfod.ubuntu.com LD_LIBRARY_PATH=/home/user/celluleflexible/ros_ws/install/aiguillages/lib:/home/user/celluleflexible/ros_ws/install/commande_locale/lib:/opt/ros/jazzy/opt/rviz_ogre_vendor/lib:/opt/ros/jazzy/lib/x86_64-linux-gnu:/opt/ros/jazzy/opt/gz_math_vendor/lib:/opt/ros/jazzy/opt/gz_utils_vendor/lib:/opt/ros/jazzy/opt/gz_cmake_vendor/lib:/opt/ros/jazzy/lib PYTHONPATH=/home/user/celluleflexible/ros_ws/install/aiguillages/lib/python3.12/site-packages:/home/user/celluleflexible/ros_ws/install/commande_locale/lib/python3.12/site-packages:/opt/ros/jazzy/lib/python3.12/site-packages /usr/bin/cmake --install /home/user/celluleflexible/ros_ws/build/commande_locale
