[0.035s] Invoking command in '/home/user/celluleflexible_en_cours_ROS2/ros_ws/build/robots': AMENT_PREFIX_PATH=/home/user/celluleflexible_en_cours_ROS2/ros_ws/install/shuttles:/home/user/celluleflexible_en_cours_ROS2/ros_ws/install/commande_locale:/home/user/celluleflexible_en_cours_ROS2/ros_ws/install/aiguillages:${AMENT_PREFIX_PATH} CMAKE_PREFIX_PATH=/home/user/celluleflexible_en_cours_ROS2/ros_ws/install/shuttles:/home/user/celluleflexible_en_cours_ROS2/ros_ws/install/commande_locale:/home/user/celluleflexible_en_cours_ROS2/ros_ws/install/aiguillages:/opt/ros/jazzy/opt/gz_math_vendor:/opt/ros/jazzy/opt/gz_utils_vendor:/opt/ros/jazzy/opt/gz_cmake_vendor:/opt/ros/jazzy DEBUGINFOD_URLS=https://debuginfod.ubuntu.com LD_LIBRARY_PATH=/home/user/celluleflexible_en_cours_ROS2/ros_ws/install/shuttles/lib:/home/user/celluleflexible_en_cours_ROS2/ros_ws/install/commande_locale/lib:/home/user/celluleflexible_en_cours_ROS2/ros_ws/install/aiguillages/lib:${LD_LIBRARY_PATH} PYTHONPATH=/home/user/celluleflexible_en_cours_ROS2/ros_ws/install/shuttles/lib/python3.12/site-packages:/home/user/celluleflexible_en_cours_ROS2/ros_ws/install/commande_locale/lib/python3.12/site-packages:/home/user/celluleflexible_en_cours_ROS2/ros_ws/install/aiguillages/lib/python3.12/site-packages:${PYTHONPATH} /usr/bin/cmake /home/user/celluleflexible_en_cours_ROS2/ros_ws/src/robots -DCMAKE_INSTALL_PREFIX=/home/user/celluleflexible_en_cours_ROS2/ros_ws/install/robots
[0.080s] -- The C compiler identification is GNU 13.3.0
[0.118s] -- The CXX compiler identification is GNU 13.3.0
[0.136s] -- Detecting C compiler ABI info
[0.210s] -- Detecting C compiler ABI info - done
[0.215s] -- Check for working C compiler: /usr/bin/cc - skipped
[0.215s] -- Detecting C compile features
[0.215s] -- Detecting C compile features - done
[0.234s] -- Detecting CXX compiler ABI info
[0.322s] -- Detecting CXX compiler ABI info - done
[0.330s] -- Check for working CXX compiler: /usr/bin/c++ - skipped
[0.330s] -- Detecting CXX compile features
[0.331s] -- Detecting CXX compile features - done
[0.332s] -- Found ament_cmake: 2.5.5 (/opt/ros/jazzy/share/ament_cmake/cmake)
[0.429s] -- Found Python3: /usr/bin/python3 (found version "3.12.3") found components: Interpreter 
[0.487s] -- Found rclcpp: 28.1.16 (/opt/ros/jazzy/share/rclcpp/cmake)
[0.505s] -- Found rosidl_generator_c: 4.6.7 (/opt/ros/jazzy/share/rosidl_generator_c/cmake)
[0.512s] -- Found rosidl_generator_cpp: 4.6.7 (/opt/ros/jazzy/share/rosidl_generator_cpp/cmake)
[0.519s] -- Using all available rosidl_typesupport_c: rosidl_typesupport_fastrtps_c;rosidl_typesupport_introspection_c
[0.528s] -- Using all available rosidl_typesupport_cpp: rosidl_typesupport_fastrtps_cpp;rosidl_typesupport_introspection_cpp
[0.584s] -- Found rmw_implementation_cmake: 7.3.3 (/opt/ros/jazzy/share/rmw_implementation_cmake/cmake)
[0.584s] -- Found rmw_fastrtps_cpp: 8.4.3 (/opt/ros/jazzy/share/rmw_fastrtps_cpp/cmake)
[0.645s] -- Found OpenSSL: /usr/lib/x86_64-linux-gnu/libcrypto.so (found version "3.0.13")  
[0.659s] -- Found FastRTPS: /opt/ros/jazzy/include (Required is at least version "2.13") 
[0.674s] -- Using RMW implementation 'rmw_fastrtps_cpp' as default
[0.712s] -- Found std_msgs: 5.3.6 (/opt/ros/jazzy/share/std_msgs/cmake)
[0.720s] -- Found sensor_msgs: 5.3.6 (/opt/ros/jazzy/share/sensor_msgs/cmake)
[0.744s] -- Found commande_locale: 3.1.2 (/home/user/celluleflexible_en_cours_ROS2/ros_ws/install/commande_locale/share/commande_locale/cmake)
[0.755s] -- Found shuttles: 0.0.0 (/home/user/celluleflexible_en_cours_ROS2/ros_ws/install/shuttles/share/shuttles/cmake)
[0.776s] -- Found rosidl_default_generators: 1.6.0 (/opt/ros/jazzy/share/rosidl_default_generators/cmake)
[0.782s] -- Found rosidl_adapter: 4.6.7 (/opt/ros/jazzy/share/rosidl_adapter/cmake)
[1.152s] -- Found ament_cmake_ros: 0.12.0 (/opt/ros/jazzy/share/ament_cmake_ros/cmake)
[1.639s] -- Using all available rosidl_typesupport_c: rosidl_typesupport_fastrtps_c;rosidl_typesupport_introspection_c
[1.848s] -- Using all available rosidl_typesupport_cpp: rosidl_typesupport_fastrtps_cpp;rosidl_typesupport_introspection_cpp
[1.848s] -- Found python_cmake_module: 0.11.1 (/opt/ros/jazzy/share/python_cmake_module/cmake)
[1.938s] -- Found PythonExtra: /usr/bin/python3  
[2.199s] -- Found Python3: /usr/bin/python3 (found version "3.12.3") found components: Interpreter Development NumPy Development.Module Development.Embed 
[2.231s] [0mCMake Deprecation Warning at /opt/ros/jazzy/share/rosidl_cmake/cmake/rosidl_target_interfaces.cmake:32 (message):
[2.231s]   Use rosidl_get_typesupport_target() and target_link_libraries() instead of
[2.231s]   rosidl_target_interfaces().  i.e:
[2.231s] 
[2.231s]     rosidl_get_typesupport_target(cpp_typesupport_target "${PROJECT_NAME}" "rosidl_typesupport_cpp")
[2.231s]     target_link_libraries(${PROJECT_NAME}_node "${cpp_typesupport_target}")
[2.231s] 
[2.231s] Call Stack (most recent call first):
[2.231s]   CMakeLists.txt:38 (rosidl_target_interfaces)
[2.231s] 
[2.231s] [0m
[2.234s] -- Configuring done (2.2s)
[2.259s] -- Generating done (0.0s)
[2.266s] -- Build files have been written to: /home/user/celluleflexible_en_cours_ROS2/ros_ws/build/robots
[2.277s] Invoked command in '/home/user/celluleflexible_en_cours_ROS2/ros_ws/build/robots' returned '0': AMENT_PREFIX_PATH=/home/user/celluleflexible_en_cours_ROS2/ros_ws/install/shuttles:/home/user/celluleflexible_en_cours_ROS2/ros_ws/install/commande_locale:/home/user/celluleflexible_en_cours_ROS2/ros_ws/install/aiguillages:${AMENT_PREFIX_PATH} CMAKE_PREFIX_PATH=/home/user/celluleflexible_en_cours_ROS2/ros_ws/install/shuttles:/home/user/celluleflexible_en_cours_ROS2/ros_ws/install/commande_locale:/home/user/celluleflexible_en_cours_ROS2/ros_ws/install/aiguillages:/opt/ros/jazzy/opt/gz_math_vendor:/opt/ros/jazzy/opt/gz_utils_vendor:/opt/ros/jazzy/opt/gz_cmake_vendor:/opt/ros/jazzy DEBUGINFOD_URLS=https://debuginfod.ubuntu.com LD_LIBRARY_PATH=/home/user/celluleflexible_en_cours_ROS2/ros_ws/install/shuttles/lib:/home/user/celluleflexible_en_cours_ROS2/ros_ws/install/commande_locale/lib:/home/user/celluleflexible_en_cours_ROS2/ros_ws/install/aiguillages/lib:${LD_LIBRARY_PATH} PYTHONPATH=/home/user/celluleflexible_en_cours_ROS2/ros_ws/install/shuttles/lib/python3.12/site-packages:/home/user/celluleflexible_en_cours_ROS2/ros_ws/install/commande_locale/lib/python3.12/site-packages:/home/user/celluleflexible_en_cours_ROS2/ros_ws/install/aiguillages/lib/python3.12/site-packages:${PYTHONPATH} /usr/bin/cmake /home/user/celluleflexible_en_cours_ROS2/ros_ws/src/robots -DCMAKE_INSTALL_PREFIX=/home/user/celluleflexible_en_cours_ROS2/ros_ws/install/robots
[2.277s] Invoking command in '/home/user/celluleflexible_en_cours_ROS2/ros_ws/build/robots': AMENT_PREFIX_PATH=/home/user/celluleflexible_en_cours_ROS2/ros_ws/install/shuttles:/home/user/celluleflexible_en_cours_ROS2/ros_ws/install/commande_locale:/home/user/celluleflexible_en_cours_ROS2/ros_ws/install/aiguillages:${AMENT_PREFIX_PATH} CMAKE_PREFIX_PATH=/home/user/celluleflexible_en_cours_ROS2/ros_ws/install/shuttles:/home/user/celluleflexible_en_cours_ROS2/ros_ws/install/commande_locale:/home/user/celluleflexible_en_cours_ROS2/ros_ws/install/aiguillages:/opt/ros/jazzy/opt/gz_math_vendor:/opt/ros/jazzy/opt/gz_utils_vendor:/opt/ros/jazzy/opt/gz_cmake_vendor:/opt/ros/jazzy DEBUGINFOD_URLS=https://debuginfod.ubuntu.com LD_LIBRARY_PATH=/home/user/celluleflexible_en_cours_ROS2/ros_ws/install/shuttles/lib:/home/user/celluleflexible_en_cours_ROS2/ros_ws/install/commande_locale/lib:/home/user/celluleflexible_en_cours_ROS2/ros_ws/install/aiguillages/lib:${LD_LIBRARY_PATH} PYTHONPATH=/home/user/celluleflexible_en_cours_ROS2/ros_ws/install/shuttles/lib/python3.12/site-packages:/home/user/celluleflexible_en_cours_ROS2/ros_ws/install/commande_locale/lib/python3.12/site-packages:/home/user/celluleflexible_en_cours_ROS2/ros_ws/install/aiguillages/lib/python3.12/site-packages:${PYTHONPATH} /usr/bin/cmake --build /home/user/celluleflexible_en_cours_ROS2/ros_ws/build/robots -- -j8 -l8
[2.379s] [  1%] [34m[1mGenerating type hashes for ROS interfaces[0m
[2.387s] [  1%] Built target ament_cmake_python_copy_robots
[2.503s] [  1%] Built target robots__rosidl_generator_type_description
[2.515s] running egg_info
[2.516s] creating robots.egg-info
[2.517s] [  3%] [34m[1mGenerating C code for ROS interfaces[0m
[2.527s] writing robots.egg-info/PKG-INFO
[2.527s] writing dependency_links to robots.egg-info/dependency_links.txt
[2.528s] writing top-level names to robots.egg-info/top_level.txt
[2.528s] writing manifest file 'robots.egg-info/SOURCES.txt'
[2.528s] [  5%] [34m[1mGenerating C++ code for ROS interfaces[0m
[2.558s] reading manifest file 'robots.egg-info/SOURCES.txt'
[2.558s] writing manifest file 'robots.egg-info/SOURCES.txt'
[2.581s] [  5%] Built target ament_cmake_python_build_robots_egg
[2.706s] [  5%] Built target robots__cpp
[2.737s] [ 10%] [32mBuilding C object CMakeFiles/robots__rosidl_generator_c.dir/rosidl_generator_c/robots/msg/detail/move_robot__description.c.o[0m
[2.737s] [ 10%] [32mBuilding C object CMakeFiles/robots__rosidl_generator_c.dir/rosidl_generator_c/robots/msg/detail/move_robot__type_support.c.o[0m
[2.737s] [ 12%] [32mBuilding C object CMakeFiles/robots__rosidl_generator_c.dir/rosidl_generator_c/robots/msg/detail/faire_tache_msg__description.c.o[0m
[2.738s] [ 10%] [32mBuilding C object CMakeFiles/robots__rosidl_generator_c.dir/rosidl_generator_c/robots/msg/detail/move_robot__functions.c.o[0m
[2.738s] [ 13%] [32mBuilding C object CMakeFiles/robots__rosidl_generator_c.dir/rosidl_generator_c/robots/msg/detail/faire_tache_msg__type_support.c.o[0m
[2.738s] [ 15%] [32mBuilding C object CMakeFiles/robots__rosidl_generator_c.dir/rosidl_generator_c/robots/msg/detail/faire_tache_msg__functions.c.o[0m
[2.739s] [ 17%] [32mBuilding C object CMakeFiles/robots__rosidl_generator_c.dir/rosidl_generator_c/robots/msg/detail/msg_num_robot__functions.c.o[0m
[2.739s] [ 18%] [32mBuilding C object CMakeFiles/robots__rosidl_generator_c.dir/rosidl_generator_c/robots/msg/detail/msg_num_robot__description.c.o[0m
[2.788s] [ 20%] [32mBuilding C object CMakeFiles/robots__rosidl_generator_c.dir/rosidl_generator_c/robots/msg/detail/msg_num_robot__type_support.c.o[0m
[2.831s] [ 22%] [32m[1mLinking C shared library librobots__rosidl_generator_c.so[0m
[2.863s] [ 22%] Built target robots__rosidl_generator_c
[2.874s] [ 24%] [34m[1mGenerating C type support for eProsima Fast-RTPS[0m
[2.874s] [ 25%] [34m[1mGenerating C++ type support for eProsima Fast-RTPS[0m
[2.874s] [ 27%] [34m[1mGenerating C introspection for ROS interfaces[0m
[2.874s] [ 29%] [34m[1mGenerating C type support dispatch for ROS interfaces[0m
[2.875s] [ 31%] [34m[1mGenerating C++ introspection for ROS interfaces[0m
[2.879s] [ 32%] [34m[1mGenerating C++ type support dispatch for ROS interfaces[0m
[3.008s] [ 34%] [32mBuilding CXX object CMakeFiles/robots__rosidl_typesupport_c.dir/rosidl_typesupport_c/robots/msg/move_robot__type_support.cpp.o[0m
[3.010s] [ 36%] [32mBuilding CXX object CMakeFiles/robots__rosidl_typesupport_cpp.dir/rosidl_typesupport_cpp/robots/msg/move_robot__type_support.cpp.o[0m
[3.012s] [ 37%] [32mBuilding CXX object CMakeFiles/robots__rosidl_typesupport_cpp.dir/rosidl_typesupport_cpp/robots/msg/faire_tache_msg__type_support.cpp.o[0m
[3.021s] [ 39%] [32mBuilding CXX object CMakeFiles/robots__rosidl_typesupport_cpp.dir/rosidl_typesupport_cpp/robots/msg/msg_num_robot__type_support.cpp.o[0m
[3.036s] [ 41%] [32mBuilding CXX object CMakeFiles/robots__rosidl_typesupport_introspection_cpp.dir/rosidl_typesupport_introspection_cpp/robots/msg/detail/move_robot__type_support.cpp.o[0m
[3.046s] [ 43%] [32mBuilding CXX object CMakeFiles/robots__rosidl_typesupport_c.dir/rosidl_typesupport_c/robots/msg/faire_tache_msg__type_support.cpp.o[0m
[3.048s] [ 44%] [32mBuilding C object CMakeFiles/robots__rosidl_typesupport_introspection_c.dir/rosidl_typesupport_introspection_c/robots/msg/detail/move_robot__type_support.c.o[0m
[3.069s] [ 46%] [32mBuilding CXX object CMakeFiles/robots__rosidl_typesupport_fastrtps_cpp.dir/rosidl_typesupport_fastrtps_cpp/robots/msg/detail/dds_fastrtps/move_robot__type_support.cpp.o[0m
[3.069s] [ 48%] [32mBuilding CXX object CMakeFiles/robots__rosidl_typesupport_fastrtps_c.dir/rosidl_typesupport_fastrtps_c/robots/msg/detail/move_robot__type_support_c.cpp.o[0m
[3.074s] [ 50%] [32mBuilding C object CMakeFiles/robots__rosidl_typesupport_introspection_c.dir/rosidl_typesupport_introspection_c/robots/msg/detail/faire_tache_msg__type_support.c.o[0m
[3.074s] [ 51%] [32mBuilding CXX object CMakeFiles/robots__rosidl_typesupport_c.dir/rosidl_typesupport_c/robots/msg/msg_num_robot__type_support.cpp.o[0m
[3.106s] [ 53%] [32mBuilding C object CMakeFiles/robots__rosidl_typesupport_introspection_c.dir/rosidl_typesupport_introspection_c/robots/msg/detail/msg_num_robot__type_support.c.o[0m
[3.108s] [ 55%] [32m[1mLinking CXX shared library librobots__rosidl_typesupport_c.so[0m
[3.137s] [ 56%] [32m[1mLinking C shared library librobots__rosidl_typesupport_introspection_c.so[0m
[3.153s] [ 56%] Built target robots__rosidl_typesupport_c
[3.160s] [ 58%] [32mBuilding CXX object CMakeFiles/robots__rosidl_typesupport_fastrtps_c.dir/rosidl_typesupport_fastrtps_c/robots/msg/detail/faire_tache_msg__type_support_c.cpp.o[0m
[3.168s] [ 58%] Built target robots__rosidl_typesupport_introspection_c
[3.177s] [ 60%] [32mBuilding CXX object CMakeFiles/robots__rosidl_typesupport_fastrtps_c.dir/rosidl_typesupport_fastrtps_c/robots/msg/detail/msg_num_robot__type_support_c.cpp.o[0m
[3.201s] [ 62%] [32mBuilding CXX object CMakeFiles/robots__rosidl_typesupport_fastrtps_cpp.dir/rosidl_typesupport_fastrtps_cpp/robots/msg/detail/dds_fastrtps/faire_tache_msg__type_support.cpp.o[0m
[3.212s] [ 63%] [32mBuilding CXX object CMakeFiles/robots__rosidl_typesupport_fastrtps_cpp.dir/rosidl_typesupport_fastrtps_cpp/robots/msg/detail/dds_fastrtps/msg_num_robot__type_support.cpp.o[0m
[3.212s] [ 65%] [32m[1mLinking CXX shared library librobots__rosidl_typesupport_cpp.so[0m
[3.232s] [ 67%] [32mBuilding CXX object CMakeFiles/robots__rosidl_typesupport_introspection_cpp.dir/rosidl_typesupport_introspection_cpp/robots/msg/detail/faire_tache_msg__type_support.cpp.o[0m
[3.251s] [ 67%] Built target robots__rosidl_typesupport_cpp
[3.259s] [ 68%] [32mBuilding CXX object CMakeFiles/robots__rosidl_typesupport_introspection_cpp.dir/rosidl_typesupport_introspection_cpp/robots/msg/detail/msg_num_robot__type_support.cpp.o[0m
[3.407s] [ 70%] [32m[1mLinking CXX shared library librobots__rosidl_typesupport_introspection_cpp.so[0m
[3.428s] [ 72%] [32m[1mLinking CXX shared library librobots__rosidl_typesupport_fastrtps_c.so[0m
[3.463s] [ 72%] Built target robots__rosidl_typesupport_introspection_cpp
[3.519s] [ 74%] [32m[1mLinking CXX shared library librobots__rosidl_typesupport_fastrtps_cpp.so[0m
[3.522s] [ 74%] Built target robots__rosidl_typesupport_fastrtps_c
[3.558s] [ 74%] Built target robots__rosidl_typesupport_fastrtps_cpp
[3.578s] [ 74%] Built target robots
[3.602s] [ 79%] [32mBuilding CXX object CMakeFiles/robot.dir/src/main_robot.cpp.o[0m
[3.602s] [ 79%] [32mBuilding CXX object CMakeFiles/robot.dir/src/Poste.cpp.o[0m
[3.602s] [ 81%] [34m[1mGenerating Python code for ROS interfaces[0m
[3.602s] [ 79%] [32mBuilding CXX object CMakeFiles/robot.dir/src/Robot.cpp.o[0m
[3.804s] [ 81%] Built target robots__py
[3.824s] [ 82%] [32mBuilding C object CMakeFiles/robots__rosidl_generator_py.dir/rosidl_generator_py/robots/msg/_msg_num_robot_s.c.o[0m
[3.824s] [ 84%] [32mBuilding C object CMakeFiles/robots__rosidl_generator_py.dir/rosidl_generator_py/robots/msg/_move_robot_s.c.o[0m
[3.824s] [ 86%] [32mBuilding C object CMakeFiles/robots__rosidl_generator_py.dir/rosidl_generator_py/robots/msg/_faire_tache_msg_s.c.o[0m
[3.898s] [ 87%] [32m[1mLinking C shared library librobots__rosidl_generator_py.so[0m
[3.933s] [ 87%] Built target robots__rosidl_generator_py
[3.952s] [ 93%] [32mBuilding C object CMakeFiles/robots_s__rosidl_typesupport_fastrtps_c.dir/rosidl_generator_py/robots/_robots_s.ep.rosidl_typesupport_fastrtps_c.c.o[0m
[3.952s] [ 93%] [32mBuilding C object CMakeFiles/robots_s__rosidl_typesupport_introspection_c.dir/rosidl_generator_py/robots/_robots_s.ep.rosidl_typesupport_introspection_c.c.o[0m
[3.953s] [ 93%] [32mBuilding C object CMakeFiles/robots_s__rosidl_typesupport_c.dir/rosidl_generator_py/robots/_robots_s.ep.rosidl_typesupport_c.c.o[0m
[4.011s] [ 94%] [32m[1mLinking C shared module rosidl_generator_py/robots/robots_s__rosidl_typesupport_c.so[0m
[4.013s] [ 96%] [32m[1mLinking C shared module rosidl_generator_py/robots/robots_s__rosidl_typesupport_fastrtps_c.so[0m
[4.013s] [ 98%] [32m[1mLinking C shared module rosidl_generator_py/robots/robots_s__rosidl_typesupport_introspection_c.so[0m
[4.040s] [ 98%] Built target robots_s__rosidl_typesupport_c
[4.041s] [ 98%] Built target robots_s__rosidl_typesupport_fastrtps_c
[4.049s] [ 98%] Built target robots_s__rosidl_typesupport_introspection_c
[20.811s] [100%] [32m[1mLinking CXX executable robot[0m
[21.599s] [100%] Built target robot
[21.610s] Invoked command in '/home/user/celluleflexible_en_cours_ROS2/ros_ws/build/robots' returned '0': AMENT_PREFIX_PATH=/home/user/celluleflexible_en_cours_ROS2/ros_ws/install/shuttles:/home/user/celluleflexible_en_cours_ROS2/ros_ws/install/commande_locale:/home/user/celluleflexible_en_cours_ROS2/ros_ws/install/aiguillages:${AMENT_PREFIX_PATH} CMAKE_PREFIX_PATH=/home/user/celluleflexible_en_cours_ROS2/ros_ws/install/shuttles:/home/user/celluleflexible_en_cours_ROS2/ros_ws/install/commande_locale:/home/user/celluleflexible_en_cours_ROS2/ros_ws/install/aiguillages:/opt/ros/jazzy/opt/gz_math_vendor:/opt/ros/jazzy/opt/gz_utils_vendor:/opt/ros/jazzy/opt/gz_cmake_vendor:/opt/ros/jazzy DEBUGINFOD_URLS=https://debuginfod.ubuntu.com LD_LIBRARY_PATH=/home/user/celluleflexible_en_cours_ROS2/ros_ws/install/shuttles/lib:/home/user/celluleflexible_en_cours_ROS2/ros_ws/install/commande_locale/lib:/home/user/celluleflexible_en_cours_ROS2/ros_ws/install/aiguillages/lib:${LD_LIBRARY_PATH} PYTHONPATH=/home/user/celluleflexible_en_cours_ROS2/ros_ws/install/shuttles/lib/python3.12/site-packages:/home/user/celluleflexible_en_cours_ROS2/ros_ws/install/commande_locale/lib/python3.12/site-packages:/home/user/celluleflexible_en_cours_ROS2/ros_ws/install/aiguillages/lib/python3.12/site-packages:${PYTHONPATH} /usr/bin/cmake --build /home/user/celluleflexible_en_cours_ROS2/ros_ws/build/robots -- -j8 -l8
[21.610s] Invoking command in '/home/user/celluleflexible_en_cours_ROS2/ros_ws/build/robots': AMENT_PREFIX_PATH=/home/user/celluleflexible_en_cours_ROS2/ros_ws/install/shuttles:/home/user/celluleflexible_en_cours_ROS2/ros_ws/install/commande_locale:/home/user/celluleflexible_en_cours_ROS2/ros_ws/install/aiguillages:${AMENT_PREFIX_PATH} CMAKE_PREFIX_PATH=/home/user/celluleflexible_en_cours_ROS2/ros_ws/install/shuttles:/home/user/celluleflexible_en_cours_ROS2/ros_ws/install/commande_locale:/home/user/celluleflexible_en_cours_ROS2/ros_ws/install/aiguillages:/opt/ros/jazzy/opt/gz_math_vendor:/opt/ros/jazzy/opt/gz_utils_vendor:/opt/ros/jazzy/opt/gz_cmake_vendor:/opt/ros/jazzy DEBUGINFOD_URLS=https://debuginfod.ubuntu.com LD_LIBRARY_PATH=/home/user/celluleflexible_en_cours_ROS2/ros_ws/install/shuttles/lib:/home/user/celluleflexible_en_cours_ROS2/ros_ws/install/commande_locale/lib:/home/user/celluleflexible_en_cours_ROS2/ros_ws/install/aiguillages/lib:${LD_LIBRARY_PATH} PYTHONPATH=/home/user/celluleflexible_en_cours_ROS2/ros_ws/install/shuttles/lib/python3.12/site-packages:/home/user/celluleflexible_en_cours_ROS2/ros_ws/install/commande_locale/lib/python3.12/site-packages:/home/user/celluleflexible_en_cours_ROS2/ros_ws/install/aiguillages/lib/python3.12/site-packages:${PYTHONPATH} /usr/bin/cmake --install /home/user/celluleflexible_en_cours_ROS2/ros_ws/build/robots
[21.617s] -- Install configuration: ""
[21.617s] -- Installing: /home/user/celluleflexible_en_cours_ROS2/ros_ws/install/robots/share/ament_index/resource_index/rosidl_interfaces/robots
[21.618s] -- Installing: /home/user/celluleflexible_en_cours_ROS2/ros_ws/install/robots/share/robots/msg/MoveRobot.json
[21.618s] -- Installing: /home/user/celluleflexible_en_cours_ROS2/ros_ws/install/robots/share/robots/msg/FaireTacheMsg.json
[21.618s] -- Installing: /home/user/celluleflexible_en_cours_ROS2/ros_ws/install/robots/share/robots/msg/MsgNumRobot.json
[21.618s] -- Installing: /home/user/celluleflexible_en_cours_ROS2/ros_ws/install/robots/include/robots/robots
[21.618s] -- Installing: /home/user/celluleflexible_en_cours_ROS2/ros_ws/install/robots/include/robots/robots/msg
[21.618s] -- Installing: /home/user/celluleflexible_en_cours_ROS2/ros_ws/install/robots/include/robots/robots/msg/move_robot.h
[21.618s] -- Installing: /home/user/celluleflexible_en_cours_ROS2/ros_ws/install/robots/include/robots/robots/msg/rosidl_generator_c__visibility_control.h
[21.618s] -- Installing: /home/user/celluleflexible_en_cours_ROS2/ros_ws/install/robots/include/robots/robots/msg/faire_tache_msg.h
[21.618s] -- Installing: /home/user/celluleflexible_en_cours_ROS2/ros_ws/install/robots/include/robots/robots/msg/msg_num_robot.h
[21.619s] -- Installing: /home/user/celluleflexible_en_cours_ROS2/ros_ws/install/robots/include/robots/robots/msg/detail
[21.619s] -- Installing: /home/user/celluleflexible_en_cours_ROS2/ros_ws/install/robots/include/robots/robots/msg/detail/move_robot__functions.c
[21.619s] -- Installing: /home/user/celluleflexible_en_cours_ROS2/ros_ws/install/robots/include/robots/robots/msg/detail/faire_tache_msg__type_support.h
[21.619s] -- Installing: /home/user/celluleflexible_en_cours_ROS2/ros_ws/install/robots/include/robots/robots/msg/detail/msg_num_robot__description.c
[21.619s] -- Installing: /home/user/celluleflexible_en_cours_ROS2/ros_ws/install/robots/include/robots/robots/msg/detail/move_robot__struct.h
[21.619s] -- Installing: /home/user/celluleflexible_en_cours_ROS2/ros_ws/install/robots/include/robots/robots/msg/detail/faire_tache_msg__functions.c
[21.619s] -- Installing: /home/user/celluleflexible_en_cours_ROS2/ros_ws/install/robots/include/robots/robots/msg/detail/move_robot__type_support.h
[21.619s] -- Installing: /home/user/celluleflexible_en_cours_ROS2/ros_ws/install/robots/include/robots/robots/msg/detail/msg_num_robot__type_support.c
[21.619s] -- Installing: /home/user/celluleflexible_en_cours_ROS2/ros_ws/install/robots/include/robots/robots/msg/detail/faire_tache_msg__description.c
[21.619s] -- Installing: /home/user/celluleflexible_en_cours_ROS2/ros_ws/install/robots/include/robots/robots/msg/detail/faire_tache_msg__struct.h
[21.619s] -- Installing: /home/user/celluleflexible_en_cours_ROS2/ros_ws/install/robots/include/robots/robots/msg/detail/msg_num_robot__functions.h
[21.619s] -- Installing: /home/user/celluleflexible_en_cours_ROS2/ros_ws/install/robots/include/robots/robots/msg/detail/move_robot__type_support.c
[21.620s] -- Installing: /home/user/celluleflexible_en_cours_ROS2/ros_ws/install/robots/include/robots/robots/msg/detail/msg_num_robot__struct.h
[21.620s] -- Installing: /home/user/celluleflexible_en_cours_ROS2/ros_ws/install/robots/include/robots/robots/msg/detail/msg_num_robot__type_support.h
[21.620s] -- Installing: /home/user/celluleflexible_en_cours_ROS2/ros_ws/install/robots/include/robots/robots/msg/detail/faire_tache_msg__type_support.c
[21.620s] -- Installing: /home/user/celluleflexible_en_cours_ROS2/ros_ws/install/robots/include/robots/robots/msg/detail/msg_num_robot__functions.c
[21.620s] -- Installing: /home/user/celluleflexible_en_cours_ROS2/ros_ws/install/robots/include/robots/robots/msg/detail/move_robot__description.c
[21.620s] -- Installing: /home/user/celluleflexible_en_cours_ROS2/ros_ws/install/robots/include/robots/robots/msg/detail/move_robot__functions.h
[21.620s] -- Installing: /home/user/celluleflexible_en_cours_ROS2/ros_ws/install/robots/include/robots/robots/msg/detail/faire_tache_msg__functions.h
[21.620s] -- Installing: /home/user/celluleflexible_en_cours_ROS2/ros_ws/install/robots/share/robots/environment/library_path.sh
[21.620s] -- Installing: /home/user/celluleflexible_en_cours_ROS2/ros_ws/install/robots/share/robots/environment/library_path.dsv
[21.620s] -- Installing: /home/user/celluleflexible_en_cours_ROS2/ros_ws/install/robots/lib/librobots__rosidl_generator_c.so
[21.620s] -- Set non-toolchain portion of runtime path of "/home/user/celluleflexible_en_cours_ROS2/ros_ws/install/robots/lib/librobots__rosidl_generator_c.so" to ""
[21.620s] -- Up-to-date: /home/user/celluleflexible_en_cours_ROS2/ros_ws/install/robots/include/robots/robots
[21.621s] -- Up-to-date: /home/user/celluleflexible_en_cours_ROS2/ros_ws/install/robots/include/robots/robots/msg
[21.621s] -- Installing: /home/user/celluleflexible_en_cours_ROS2/ros_ws/install/robots/include/robots/robots/msg/rosidl_typesupport_fastrtps_c__visibility_control.h
[21.621s] -- Up-to-date: /home/user/celluleflexible_en_cours_ROS2/ros_ws/install/robots/include/robots/robots/msg/detail
[21.621s] -- Installing: /home/user/celluleflexible_en_cours_ROS2/ros_ws/install/robots/include/robots/robots/msg/detail/move_robot__rosidl_typesupport_fastrtps_c.h
[21.621s] -- Installing: /home/user/celluleflexible_en_cours_ROS2/ros_ws/install/robots/include/robots/robots/msg/detail/msg_num_robot__rosidl_typesupport_fastrtps_c.h
[21.621s] -- Installing: /home/user/celluleflexible_en_cours_ROS2/ros_ws/install/robots/include/robots/robots/msg/detail/faire_tache_msg__rosidl_typesupport_fastrtps_c.h
[21.621s] -- Installing: /home/user/celluleflexible_en_cours_ROS2/ros_ws/install/robots/lib/librobots__rosidl_typesupport_fastrtps_c.so
[21.621s] -- Set non-toolchain portion of runtime path of "/home/user/celluleflexible_en_cours_ROS2/ros_ws/install/robots/lib/librobots__rosidl_typesupport_fastrtps_c.so" to ""
[21.621s] -- Up-to-date: /home/user/celluleflexible_en_cours_ROS2/ros_ws/install/robots/include/robots/robots
[21.621s] -- Up-to-date: /home/user/celluleflexible_en_cours_ROS2/ros_ws/install/robots/include/robots/robots/msg
[21.622s] -- Installing: /home/user/celluleflexible_en_cours_ROS2/ros_ws/install/robots/include/robots/robots/msg/faire_tache_msg.hpp
[21.622s] -- Installing: /home/user/celluleflexible_en_cours_ROS2/ros_ws/install/robots/include/robots/robots/msg/rosidl_generator_cpp__visibility_control.hpp
[21.622s] -- Installing: /home/user/celluleflexible_en_cours_ROS2/ros_ws/install/robots/include/robots/robots/msg/move_robot.hpp
[21.622s] -- Installing: /home/user/celluleflexible_en_cours_ROS2/ros_ws/install/robots/include/robots/robots/msg/msg_num_robot.hpp
[21.622s] -- Up-to-date: /home/user/celluleflexible_en_cours_ROS2/ros_ws/install/robots/include/robots/robots/msg/detail
[21.622s] -- Installing: /home/user/celluleflexible_en_cours_ROS2/ros_ws/install/robots/include/robots/robots/msg/detail/msg_num_robot__traits.hpp
[21.622s] -- Installing: /home/user/celluleflexible_en_cours_ROS2/ros_ws/install/robots/include/robots/robots/msg/detail/faire_tache_msg__traits.hpp
[21.622s] -- Installing: /home/user/celluleflexible_en_cours_ROS2/ros_ws/install/robots/include/robots/robots/msg/detail/faire_tache_msg__type_support.hpp
[21.622s] -- Installing: /home/user/celluleflexible_en_cours_ROS2/ros_ws/install/robots/include/robots/robots/msg/detail/move_robot__type_support.hpp
[21.622s] -- Installing: /home/user/celluleflexible_en_cours_ROS2/ros_ws/install/robots/include/robots/robots/msg/detail/faire_tache_msg__builder.hpp
[21.622s] -- Installing: /home/user/celluleflexible_en_cours_ROS2/ros_ws/install/robots/include/robots/robots/msg/detail/move_robot__builder.hpp
[21.622s] -- Installing: /home/user/celluleflexible_en_cours_ROS2/ros_ws/install/robots/include/robots/robots/msg/detail/move_robot__traits.hpp
[21.622s] -- Installing: /home/user/celluleflexible_en_cours_ROS2/ros_ws/install/robots/include/robots/robots/msg/detail/msg_num_robot__struct.hpp
[21.623s] -- Installing: /home/user/celluleflexible_en_cours_ROS2/ros_ws/install/robots/include/robots/robots/msg/detail/faire_tache_msg__struct.hpp
[21.623s] -- Installing: /home/user/celluleflexible_en_cours_ROS2/ros_ws/install/robots/include/robots/robots/msg/detail/msg_num_robot__builder.hpp
[21.623s] -- Installing: /home/user/celluleflexible_en_cours_ROS2/ros_ws/install/robots/include/robots/robots/msg/detail/move_robot__struct.hpp
[21.623s] -- Installing: /home/user/celluleflexible_en_cours_ROS2/ros_ws/install/robots/include/robots/robots/msg/detail/msg_num_robot__type_support.hpp
[21.623s] -- Up-to-date: /home/user/celluleflexible_en_cours_ROS2/ros_ws/install/robots/include/robots/robots
[21.623s] -- Up-to-date: /home/user/celluleflexible_en_cours_ROS2/ros_ws/install/robots/include/robots/robots/msg
[21.624s] -- Up-to-date: /home/user/celluleflexible_en_cours_ROS2/ros_ws/install/robots/include/robots/robots/msg/detail
[21.624s] -- Installing: /home/user/celluleflexible_en_cours_ROS2/ros_ws/install/robots/include/robots/robots/msg/detail/msg_num_robot__rosidl_typesupport_fastrtps_cpp.hpp
[21.624s] -- Installing: /home/user/celluleflexible_en_cours_ROS2/ros_ws/install/robots/include/robots/robots/msg/detail/faire_tache_msg__rosidl_typesupport_fastrtps_cpp.hpp
[21.624s] -- Installing: /home/user/celluleflexible_en_cours_ROS2/ros_ws/install/robots/include/robots/robots/msg/detail/move_robot__rosidl_typesupport_fastrtps_cpp.hpp
[21.624s] -- Installing: /home/user/celluleflexible_en_cours_ROS2/ros_ws/install/robots/include/robots/robots/msg/detail/dds_fastrtps
[21.624s] -- Installing: /home/user/celluleflexible_en_cours_ROS2/ros_ws/install/robots/include/robots/robots/msg/rosidl_typesupport_fastrtps_cpp__visibility_control.h
[21.624s] -- Installing: /home/user/celluleflexible_en_cours_ROS2/ros_ws/install/robots/lib/librobots__rosidl_typesupport_fastrtps_cpp.so
[21.624s] -- Set non-toolchain portion of runtime path of "/home/user/celluleflexible_en_cours_ROS2/ros_ws/install/robots/lib/librobots__rosidl_typesupport_fastrtps_cpp.so" to ""
[21.624s] -- Up-to-date: /home/user/celluleflexible_en_cours_ROS2/ros_ws/install/robots/include/robots/robots
[21.624s] -- Up-to-date: /home/user/celluleflexible_en_cours_ROS2/ros_ws/install/robots/include/robots/robots/msg
[21.624s] -- Installing: /home/user/celluleflexible_en_cours_ROS2/ros_ws/install/robots/include/robots/robots/msg/rosidl_typesupport_introspection_c__visibility_control.h
[21.624s] -- Up-to-date: /home/user/celluleflexible_en_cours_ROS2/ros_ws/install/robots/include/robots/robots/msg/detail
[21.624s] -- Installing: /home/user/celluleflexible_en_cours_ROS2/ros_ws/install/robots/include/robots/robots/msg/detail/faire_tache_msg__rosidl_typesupport_introspection_c.h
[21.624s] -- Installing: /home/user/celluleflexible_en_cours_ROS2/ros_ws/install/robots/include/robots/robots/msg/detail/msg_num_robot__rosidl_typesupport_introspection_c.h
[21.624s] -- Up-to-date: /home/user/celluleflexible_en_cours_ROS2/ros_ws/install/robots/include/robots/robots/msg/detail/msg_num_robot__type_support.c
[21.624s] -- Up-to-date: /home/user/celluleflexible_en_cours_ROS2/ros_ws/install/robots/include/robots/robots/msg/detail/move_robot__type_support.c
[21.624s] -- Installing: /home/user/celluleflexible_en_cours_ROS2/ros_ws/install/robots/include/robots/robots/msg/detail/move_robot__rosidl_typesupport_introspection_c.h
[21.624s] -- Up-to-date: /home/user/celluleflexible_en_cours_ROS2/ros_ws/install/robots/include/robots/robots/msg/detail/faire_tache_msg__type_support.c
[21.624s] -- Installing: /home/user/celluleflexible_en_cours_ROS2/ros_ws/install/robots/lib/librobots__rosidl_typesupport_introspection_c.so
[21.624s] -- Set non-toolchain portion of runtime path of "/home/user/celluleflexible_en_cours_ROS2/ros_ws/install/robots/lib/librobots__rosidl_typesupport_introspection_c.so" to ""
[21.625s] -- Installing: /home/user/celluleflexible_en_cours_ROS2/ros_ws/install/robots/lib/librobots__rosidl_typesupport_c.so
[21.625s] -- Set non-toolchain portion of runtime path of "/home/user/celluleflexible_en_cours_ROS2/ros_ws/install/robots/lib/librobots__rosidl_typesupport_c.so" to ""
[21.625s] -- Up-to-date: /home/user/celluleflexible_en_cours_ROS2/ros_ws/install/robots/include/robots/robots
[21.625s] -- Up-to-date: /home/user/celluleflexible_en_cours_ROS2/ros_ws/install/robots/include/robots/robots/msg
[21.625s] -- Up-to-date: /home/user/celluleflexible_en_cours_ROS2/ros_ws/install/robots/include/robots/robots/msg/detail
[21.625s] -- Installing: /home/user/celluleflexible_en_cours_ROS2/ros_ws/install/robots/include/robots/robots/msg/detail/faire_tache_msg__type_support.cpp
[21.625s] -- Installing: /home/user/celluleflexible_en_cours_ROS2/ros_ws/install/robots/include/robots/robots/msg/detail/msg_num_robot__type_support.cpp
[21.625s] -- Installing: /home/user/celluleflexible_en_cours_ROS2/ros_ws/install/robots/include/robots/robots/msg/detail/move_robot__rosidl_typesupport_introspection_cpp.hpp
[21.625s] -- Installing: /home/user/celluleflexible_en_cours_ROS2/ros_ws/install/robots/include/robots/robots/msg/detail/msg_num_robot__rosidl_typesupport_introspection_cpp.hpp
[21.625s] -- Installing: /home/user/celluleflexible_en_cours_ROS2/ros_ws/install/robots/include/robots/robots/msg/detail/faire_tache_msg__rosidl_typesupport_introspection_cpp.hpp
[21.625s] -- Installing: /home/user/celluleflexible_en_cours_ROS2/ros_ws/install/robots/include/robots/robots/msg/detail/move_robot__type_support.cpp
[21.625s] -- Installing: /home/user/celluleflexible_en_cours_ROS2/ros_ws/install/robots/lib/librobots__rosidl_typesupport_introspection_cpp.so
[21.625s] -- Set non-toolchain portion of runtime path of "/home/user/celluleflexible_en_cours_ROS2/ros_ws/install/robots/lib/librobots__rosidl_typesupport_introspection_cpp.so" to ""
[21.625s] -- Installing: /home/user/celluleflexible_en_cours_ROS2/ros_ws/install/robots/lib/librobots__rosidl_typesupport_cpp.so
[21.625s] -- Set non-toolchain portion of runtime path of "/home/user/celluleflexible_en_cours_ROS2/ros_ws/install/robots/lib/librobots__rosidl_typesupport_cpp.so" to ""
[21.625s] -- Installing: /home/user/celluleflexible_en_cours_ROS2/ros_ws/install/robots/share/robots/environment/pythonpath.sh
[21.625s] -- Installing: /home/user/celluleflexible_en_cours_ROS2/ros_ws/install/robots/share/robots/environment/pythonpath.dsv
[21.625s] -- Installing: /home/user/celluleflexible_en_cours_ROS2/ros_ws/install/robots/lib/python3.12/site-packages/robots-3.1.2-py3.12.egg-info
[21.625s] -- Installing: /home/user/celluleflexible_en_cours_ROS2/ros_ws/install/robots/lib/python3.12/site-packages/robots-3.1.2-py3.12.egg-info/SOURCES.txt
[21.625s] -- Installing: /home/user/celluleflexible_en_cours_ROS2/ros_ws/install/robots/lib/python3.12/site-packages/robots-3.1.2-py3.12.egg-info/top_level.txt
[21.625s] -- Installing: /home/user/celluleflexible_en_cours_ROS2/ros_ws/install/robots/lib/python3.12/site-packages/robots-3.1.2-py3.12.egg-info/PKG-INFO
[21.625s] -- Installing: /home/user/celluleflexible_en_cours_ROS2/ros_ws/install/robots/lib/python3.12/site-packages/robots-3.1.2-py3.12.egg-info/dependency_links.txt
[21.625s] -- Installing: /home/user/celluleflexible_en_cours_ROS2/ros_ws/install/robots/lib/python3.12/site-packages/robots
[21.625s] -- Installing: /home/user/celluleflexible_en_cours_ROS2/ros_ws/install/robots/lib/python3.12/site-packages/robots/robots_s__rosidl_typesupport_c.so
[21.625s] -- Installing: /home/user/celluleflexible_en_cours_ROS2/ros_ws/install/robots/lib/python3.12/site-packages/robots/_robots_s.ep.rosidl_typesupport_c.c
[21.625s] -- Installing: /home/user/celluleflexible_en_cours_ROS2/ros_ws/install/robots/lib/python3.12/site-packages/robots/msg
[21.625s] -- Installing: /home/user/celluleflexible_en_cours_ROS2/ros_ws/install/robots/lib/python3.12/site-packages/robots/msg/_move_robot_s.c
[21.625s] -- Installing: /home/user/celluleflexible_en_cours_ROS2/ros_ws/install/robots/lib/python3.12/site-packages/robots/msg/_move_robot.py
[21.625s] -- Installing: /home/user/celluleflexible_en_cours_ROS2/ros_ws/install/robots/lib/python3.12/site-packages/robots/msg/_msg_num_robot.py
[21.626s] -- Installing: /home/user/celluleflexible_en_cours_ROS2/ros_ws/install/robots/lib/python3.12/site-packages/robots/msg/__init__.py
[21.626s] -- Installing: /home/user/celluleflexible_en_cours_ROS2/ros_ws/install/robots/lib/python3.12/site-packages/robots/msg/_msg_num_robot_s.c
[21.626s] -- Installing: /home/user/celluleflexible_en_cours_ROS2/ros_ws/install/robots/lib/python3.12/site-packages/robots/msg/_faire_tache_msg_s.c
[21.626s] -- Installing: /home/user/celluleflexible_en_cours_ROS2/ros_ws/install/robots/lib/python3.12/site-packages/robots/msg/_faire_tache_msg.py
[21.626s] -- Installing: /home/user/celluleflexible_en_cours_ROS2/ros_ws/install/robots/lib/python3.12/site-packages/robots/__init__.py
[21.626s] -- Installing: /home/user/celluleflexible_en_cours_ROS2/ros_ws/install/robots/lib/python3.12/site-packages/robots/robots_s__rosidl_typesupport_introspection_c.so
[21.626s] -- Installing: /home/user/celluleflexible_en_cours_ROS2/ros_ws/install/robots/lib/python3.12/site-packages/robots/_robots_s.ep.rosidl_typesupport_introspection_c.c
[21.626s] -- Installing: /home/user/celluleflexible_en_cours_ROS2/ros_ws/install/robots/lib/python3.12/site-packages/robots/_robots_s.ep.rosidl_typesupport_fastrtps_c.c
[21.626s] -- Installing: /home/user/celluleflexible_en_cours_ROS2/ros_ws/install/robots/lib/python3.12/site-packages/robots/robots_s__rosidl_typesupport_fastrtps_c.so
[21.650s] Listing '/home/user/celluleflexible_en_cours_ROS2/ros_ws/install/robots/lib/python3.12/site-packages/robots'...
[21.650s] Compiling '/home/user/celluleflexible_en_cours_ROS2/ros_ws/install/robots/lib/python3.12/site-packages/robots/__init__.py'...
[21.650s] Listing '/home/user/celluleflexible_en_cours_ROS2/ros_ws/install/robots/lib/python3.12/site-packages/robots/msg'...
[21.650s] Compiling '/home/user/celluleflexible_en_cours_ROS2/ros_ws/install/robots/lib/python3.12/site-packages/robots/msg/__init__.py'...
[21.650s] Compiling '/home/user/celluleflexible_en_cours_ROS2/ros_ws/install/robots/lib/python3.12/site-packages/robots/msg/_faire_tache_msg.py'...
[21.650s] Compiling '/home/user/celluleflexible_en_cours_ROS2/ros_ws/install/robots/lib/python3.12/site-packages/robots/msg/_move_robot.py'...
[21.650s] Compiling '/home/user/celluleflexible_en_cours_ROS2/ros_ws/install/robots/lib/python3.12/site-packages/robots/msg/_msg_num_robot.py'...
[21.654s] -- Installing: /home/user/celluleflexible_en_cours_ROS2/ros_ws/install/robots/lib/python3.12/site-packages/robots/robots_s__rosidl_typesupport_fastrtps_c.so
[21.654s] -- Set non-toolchain portion of runtime path of "/home/user/celluleflexible_en_cours_ROS2/ros_ws/install/robots/lib/python3.12/site-packages/robots/robots_s__rosidl_typesupport_fastrtps_c.so" to ""
[21.655s] -- Installing: /home/user/celluleflexible_en_cours_ROS2/ros_ws/install/robots/lib/python3.12/site-packages/robots/robots_s__rosidl_typesupport_introspection_c.so
[21.655s] -- Set non-toolchain portion of runtime path of "/home/user/celluleflexible_en_cours_ROS2/ros_ws/install/robots/lib/python3.12/site-packages/robots/robots_s__rosidl_typesupport_introspection_c.so" to ""
[21.655s] -- Installing: /home/user/celluleflexible_en_cours_ROS2/ros_ws/install/robots/lib/python3.12/site-packages/robots/robots_s__rosidl_typesupport_c.so
[21.655s] -- Set non-toolchain portion of runtime path of "/home/user/celluleflexible_en_cours_ROS2/ros_ws/install/robots/lib/python3.12/site-packages/robots/robots_s__rosidl_typesupport_c.so" to ""
[21.655s] -- Installing: /home/user/celluleflexible_en_cours_ROS2/ros_ws/install/robots/lib/librobots__rosidl_generator_py.so
[21.655s] -- Set non-toolchain portion of runtime path of "/home/user/celluleflexible_en_cours_ROS2/ros_ws/install/robots/lib/librobots__rosidl_generator_py.so" to ""
[21.655s] -- Installing: /home/user/celluleflexible_en_cours_ROS2/ros_ws/install/robots/share/robots/msg/MoveRobot.idl
[21.655s] -- Installing: /home/user/celluleflexible_en_cours_ROS2/ros_ws/install/robots/share/robots/msg/FaireTacheMsg.idl
[21.655s] -- Installing: /home/user/celluleflexible_en_cours_ROS2/ros_ws/install/robots/share/robots/msg/MsgNumRobot.idl
[21.655s] -- Installing: /home/user/celluleflexible_en_cours_ROS2/ros_ws/install/robots/share/robots/msg/MoveRobot.msg
[21.655s] -- Installing: /home/user/celluleflexible_en_cours_ROS2/ros_ws/install/robots/share/robots/msg/FaireTacheMsg.msg
[21.655s] -- Installing: /home/user/celluleflexible_en_cours_ROS2/ros_ws/install/robots/share/robots/msg/MsgNumRobot.msg
[21.655s] -- Installing: /home/user/celluleflexible_en_cours_ROS2/ros_ws/install/robots/lib/robots/robot
[21.672s] -- Set non-toolchain portion of runtime path of "/home/user/celluleflexible_en_cours_ROS2/ros_ws/install/robots/lib/robots/robot" to ""
[21.672s] -- Up-to-date: /home/user/celluleflexible_en_cours_ROS2/ros_ws/install/robots/share/robots
[21.672s] -- Installing: /home/user/celluleflexible_en_cours_ROS2/ros_ws/install/robots/share/robots/robotsGauche.launch.py
[21.672s] -- Installing: /home/user/celluleflexible_en_cours_ROS2/ros_ws/install/robots/share/ament_index/resource_index/package_run_dependencies/robots
[21.672s] -- Installing: /home/user/celluleflexible_en_cours_ROS2/ros_ws/install/robots/share/ament_index/resource_index/parent_prefix_path/robots
[21.672s] -- Installing: /home/user/celluleflexible_en_cours_ROS2/ros_ws/install/robots/share/robots/environment/ament_prefix_path.sh
[21.673s] -- Installing: /home/user/celluleflexible_en_cours_ROS2/ros_ws/install/robots/share/robots/environment/ament_prefix_path.dsv
[21.673s] -- Installing: /home/user/celluleflexible_en_cours_ROS2/ros_ws/install/robots/share/robots/environment/path.sh
[21.673s] -- Installing: /home/user/celluleflexible_en_cours_ROS2/ros_ws/install/robots/share/robots/environment/path.dsv
[21.674s] -- Installing: /home/user/celluleflexible_en_cours_ROS2/ros_ws/install/robots/share/robots/local_setup.bash
[21.674s] -- Installing: /home/user/celluleflexible_en_cours_ROS2/ros_ws/install/robots/share/robots/local_setup.sh
[21.674s] -- Installing: /home/user/celluleflexible_en_cours_ROS2/ros_ws/install/robots/share/robots/local_setup.zsh
[21.674s] -- Installing: /home/user/celluleflexible_en_cours_ROS2/ros_ws/install/robots/share/robots/local_setup.dsv
[21.674s] -- Installing: /home/user/celluleflexible_en_cours_ROS2/ros_ws/install/robots/share/robots/package.dsv
[21.674s] -- Installing: /home/user/celluleflexible_en_cours_ROS2/ros_ws/install/robots/share/ament_index/resource_index/packages/robots
[21.674s] -- Installing: /home/user/celluleflexible_en_cours_ROS2/ros_ws/install/robots/share/robots/cmake/export_robots__rosidl_generator_cExport.cmake
[21.674s] -- Installing: /home/user/celluleflexible_en_cours_ROS2/ros_ws/install/robots/share/robots/cmake/export_robots__rosidl_generator_cExport-noconfig.cmake
[21.674s] -- Installing: /home/user/celluleflexible_en_cours_ROS2/ros_ws/install/robots/share/robots/cmake/export_robots__rosidl_typesupport_fastrtps_cExport.cmake
[21.674s] -- Installing: /home/user/celluleflexible_en_cours_ROS2/ros_ws/install/robots/share/robots/cmake/export_robots__rosidl_typesupport_fastrtps_cExport-noconfig.cmake
[21.674s] -- Installing: /home/user/celluleflexible_en_cours_ROS2/ros_ws/install/robots/share/robots/cmake/export_robots__rosidl_generator_cppExport.cmake
[21.674s] -- Installing: /home/user/celluleflexible_en_cours_ROS2/ros_ws/install/robots/share/robots/cmake/export_robots__rosidl_typesupport_fastrtps_cppExport.cmake
[21.674s] -- Installing: /home/user/celluleflexible_en_cours_ROS2/ros_ws/install/robots/share/robots/cmake/export_robots__rosidl_typesupport_fastrtps_cppExport-noconfig.cmake
[21.674s] -- Installing: /home/user/celluleflexible_en_cours_ROS2/ros_ws/install/robots/share/robots/cmake/robots__rosidl_typesupport_introspection_cExport.cmake
[21.674s] -- Installing: /home/user/celluleflexible_en_cours_ROS2/ros_ws/install/robots/share/robots/cmake/robots__rosidl_typesupport_introspection_cExport-noconfig.cmake
[21.674s] -- Installing: /home/user/celluleflexible_en_cours_ROS2/ros_ws/install/robots/share/robots/cmake/robots__rosidl_typesupport_cExport.cmake
[21.674s] -- Installing: /home/user/celluleflexible_en_cours_ROS2/ros_ws/install/robots/share/robots/cmake/robots__rosidl_typesupport_cExport-noconfig.cmake
[21.674s] -- Installing: /home/user/celluleflexible_en_cours_ROS2/ros_ws/install/robots/share/robots/cmake/robots__rosidl_typesupport_introspection_cppExport.cmake
[21.674s] -- Installing: /home/user/celluleflexible_en_cours_ROS2/ros_ws/install/robots/share/robots/cmake/robots__rosidl_typesupport_introspection_cppExport-noconfig.cmake
[21.674s] -- Installing: /home/user/celluleflexible_en_cours_ROS2/ros_ws/install/robots/share/robots/cmake/robots__rosidl_typesupport_cppExport.cmake
[21.674s] -- Installing: /home/user/celluleflexible_en_cours_ROS2/ros_ws/install/robots/share/robots/cmake/robots__rosidl_typesupport_cppExport-noconfig.cmake
[21.674s] -- Installing: /home/user/celluleflexible_en_cours_ROS2/ros_ws/install/robots/share/robots/cmake/export_robots__rosidl_generator_pyExport.cmake
[21.674s] -- Installing: /home/user/celluleflexible_en_cours_ROS2/ros_ws/install/robots/share/robots/cmake/export_robots__rosidl_generator_pyExport-noconfig.cmake
[21.675s] -- Installing: /home/user/celluleflexible_en_cours_ROS2/ros_ws/install/robots/share/robots/cmake/rosidl_cmake-extras.cmake
[21.675s] -- Installing: /home/user/celluleflexible_en_cours_ROS2/ros_ws/install/robots/share/robots/cmake/ament_cmake_export_dependencies-extras.cmake
[21.675s] -- Installing: /home/user/celluleflexible_en_cours_ROS2/ros_ws/install/robots/share/robots/cmake/ament_cmake_export_include_directories-extras.cmake
[21.675s] -- Installing: /home/user/celluleflexible_en_cours_ROS2/ros_ws/install/robots/share/robots/cmake/ament_cmake_export_libraries-extras.cmake
[21.675s] -- Installing: /home/user/celluleflexible_en_cours_ROS2/ros_ws/install/robots/share/robots/cmake/ament_cmake_export_targets-extras.cmake
[21.675s] -- Installing: /home/user/celluleflexible_en_cours_ROS2/ros_ws/install/robots/share/robots/cmake/rosidl_cmake_export_typesupport_targets-extras.cmake
[21.675s] -- Installing: /home/user/celluleflexible_en_cours_ROS2/ros_ws/install/robots/share/robots/cmake/rosidl_cmake_export_typesupport_libraries-extras.cmake
[21.675s] -- Installing: /home/user/celluleflexible_en_cours_ROS2/ros_ws/install/robots/share/robots/cmake/robotsConfig.cmake
[21.675s] -- Installing: /home/user/celluleflexible_en_cours_ROS2/ros_ws/install/robots/share/robots/cmake/robotsConfig-version.cmake
[21.675s] -- Installing: /home/user/celluleflexible_en_cours_ROS2/ros_ws/install/robots/share/robots/package.xml
[21.676s] Invoked command in '/home/user/celluleflexible_en_cours_ROS2/ros_ws/build/robots' returned '0': AMENT_PREFIX_PATH=/home/user/celluleflexible_en_cours_ROS2/ros_ws/install/shuttles:/home/user/celluleflexible_en_cours_ROS2/ros_ws/install/commande_locale:/home/user/celluleflexible_en_cours_ROS2/ros_ws/install/aiguillages:${AMENT_PREFIX_PATH} CMAKE_PREFIX_PATH=/home/user/celluleflexible_en_cours_ROS2/ros_ws/install/shuttles:/home/user/celluleflexible_en_cours_ROS2/ros_ws/install/commande_locale:/home/user/celluleflexible_en_cours_ROS2/ros_ws/install/aiguillages:/opt/ros/jazzy/opt/gz_math_vendor:/opt/ros/jazzy/opt/gz_utils_vendor:/opt/ros/jazzy/opt/gz_cmake_vendor:/opt/ros/jazzy DEBUGINFOD_URLS=https://debuginfod.ubuntu.com LD_LIBRARY_PATH=/home/user/celluleflexible_en_cours_ROS2/ros_ws/install/shuttles/lib:/home/user/celluleflexible_en_cours_ROS2/ros_ws/install/commande_locale/lib:/home/user/celluleflexible_en_cours_ROS2/ros_ws/install/aiguillages/lib:${LD_LIBRARY_PATH} PYTHONPATH=/home/user/celluleflexible_en_cours_ROS2/ros_ws/install/shuttles/lib/python3.12/site-packages:/home/user/celluleflexible_en_cours_ROS2/ros_ws/install/commande_locale/lib/python3.12/site-packages:/home/user/celluleflexible_en_cours_ROS2/ros_ws/install/aiguillages/lib/python3.12/site-packages:${PYTHONPATH} /usr/bin/cmake --install /home/user/celluleflexible_en_cours_ROS2/ros_ws/build/robots
