[0.014s] Invoking command in '/home/user/celluleflexible_en_cours_ROS2/celluleflexible/ros_ws/build/aiguillages': CMAKE_PREFIX_PATH=${CMAKE_PREFIX_PATH}:/opt/ros/jazzy DEBUGINFOD_URLS=https://debuginfod.ubuntu.com /usr/bin/cmake /home/user/celluleflexible_en_cours_ROS2/celluleflexible/ros_ws/src/aiguillages -DCMAKE_INSTALL_PREFIX=/home/user/celluleflexible_en_cours_ROS2/celluleflexible/ros_ws/install/aiguillages
[0.071s] -- The C compiler identification is GNU 13.3.0
[0.113s] -- The CXX compiler identification is GNU 13.3.0
[0.130s] -- Detecting C compiler ABI info
[0.222s] -- Detecting C compiler ABI info - done
[0.230s] -- Check for working C compiler: /usr/bin/cc - skipped
[0.230s] -- Detecting C compile features
[0.230s] -- Detecting C compile features - done
[0.242s] -- Detecting CXX compiler ABI info
[0.333s] -- Detecting CXX compiler ABI info - done
[0.337s] -- Check for working CXX compiler: /usr/bin/c++ - skipped
[0.337s] -- Detecting CXX compile features
[0.339s] -- Detecting CXX compile features - done
[0.342s] -- Found ament_cmake: 2.5.5 (/opt/ros/jazzy/share/ament_cmake/cmake)
[0.438s] -- Found Python3: /usr/bin/python3 (found version "3.12.3") found components: Interpreter 
[0.494s] -- Found rclcpp: 28.1.16 (/opt/ros/jazzy/share/rclcpp/cmake)
[0.513s] -- Found rosidl_generator_c: 4.6.7 (/opt/ros/jazzy/share/rosidl_generator_c/cmake)
[0.520s] -- Found rosidl_generator_cpp: 4.6.7 (/opt/ros/jazzy/share/rosidl_generator_cpp/cmake)
[0.528s] -- Using all available rosidl_typesupport_c: rosidl_typesupport_fastrtps_c;rosidl_typesupport_introspection_c
[0.538s] -- Using all available rosidl_typesupport_cpp: rosidl_typesupport_fastrtps_cpp;rosidl_typesupport_introspection_cpp
[0.576s] -- Found rmw_implementation_cmake: 7.3.3 (/opt/ros/jazzy/share/rmw_implementation_cmake/cmake)
[0.578s] -- Found rmw_fastrtps_cpp: 8.4.3 (/opt/ros/jazzy/share/rmw_fastrtps_cpp/cmake)
[0.655s] -- Found OpenSSL: /usr/lib/x86_64-linux-gnu/libcrypto.so (found version "3.0.13")  
[0.668s] -- Found FastRTPS: /opt/ros/jazzy/include (Required is at least version "2.13") 
[0.685s] -- Using RMW implementation 'rmw_fastrtps_cpp' as default
[0.727s] -- Found std_msgs: 5.3.6 (/opt/ros/jazzy/share/std_msgs/cmake)
[0.735s] -- Found rosidl_default_generators: 1.6.0 (/opt/ros/jazzy/share/rosidl_default_generators/cmake)
[0.742s] -- Found rosidl_adapter: 4.6.7 (/opt/ros/jazzy/share/rosidl_adapter/cmake)
[0.748s] -- Found OpenCV: /usr (found version "4.6.0") 
[1.187s] -- Found ament_cmake_ros: 0.12.0 (/opt/ros/jazzy/share/ament_cmake_ros/cmake)
[1.675s] -- Using all available rosidl_typesupport_c: rosidl_typesupport_fastrtps_c;rosidl_typesupport_introspection_c
[1.880s] -- Using all available rosidl_typesupport_cpp: rosidl_typesupport_fastrtps_cpp;rosidl_typesupport_introspection_cpp
[1.880s] -- Found python_cmake_module: 0.11.1 (/opt/ros/jazzy/share/python_cmake_module/cmake)
[1.970s] -- Found PythonExtra: /usr/bin/python3  
[2.244s] -- Found Python3: /usr/bin/python3 (found version "3.12.3") found components: Interpreter Development NumPy Development.Module Development.Embed 
[2.270s] -- Configuring done (2.2s)
[2.296s] -- Generating done (0.0s)
[2.303s] -- Build files have been written to: /home/user/celluleflexible_en_cours_ROS2/celluleflexible/ros_ws/build/aiguillages
[2.311s] Invoked command in '/home/user/celluleflexible_en_cours_ROS2/celluleflexible/ros_ws/build/aiguillages' returned '0': CMAKE_PREFIX_PATH=${CMAKE_PREFIX_PATH}:/opt/ros/jazzy DEBUGINFOD_URLS=https://debuginfod.ubuntu.com /usr/bin/cmake /home/user/celluleflexible_en_cours_ROS2/celluleflexible/ros_ws/src/aiguillages -DCMAKE_INSTALL_PREFIX=/home/user/celluleflexible_en_cours_ROS2/celluleflexible/ros_ws/install/aiguillages
[2.312s] Invoking command in '/home/user/celluleflexible_en_cours_ROS2/celluleflexible/ros_ws/build/aiguillages': CMAKE_PREFIX_PATH=${CMAKE_PREFIX_PATH}:/opt/ros/jazzy DEBUGINFOD_URLS=https://debuginfod.ubuntu.com /usr/bin/cmake --build /home/user/celluleflexible_en_cours_ROS2/celluleflexible/ros_ws/build/aiguillages -- -j8 -l8
[2.363s] [  1%] [34m[1mGenerating type hashes for ROS interfaces[0m
[2.373s] [  1%] Built target ament_cmake_python_copy_aiguillages
[2.490s] running egg_info
[2.491s] creating aiguillages.egg-info
[2.505s] writing aiguillages.egg-info/PKG-INFO
[2.505s] writing dependency_links to aiguillages.egg-info/dependency_links.txt
[2.505s] writing top-level names to aiguillages.egg-info/top_level.txt
[2.505s] writing manifest file 'aiguillages.egg-info/SOURCES.txt'
[2.527s] [  1%] Built target aiguillages__rosidl_generator_type_description
[2.536s] [  2%] [34m[1mGenerating C code for ROS interfaces[0m
[2.539s] reading manifest file 'aiguillages.egg-info/SOURCES.txt'
[2.539s] writing manifest file 'aiguillages.egg-info/SOURCES.txt'
[2.547s] [  4%] [34m[1mGenerating C++ code for ROS interfaces[0m
[2.563s] [  4%] Built target ament_cmake_python_build_aiguillages_egg
[2.782s] [  4%] Built target aiguillages__cpp
[2.829s] [ 11%] [32mBuilding C object CMakeFiles/aiguillages__rosidl_generator_c.dir/rosidl_generator_c/aiguillages/msg/detail/actionneurs__type_support.c.o[0m
[2.829s] [ 11%] [32mBuilding C object CMakeFiles/aiguillages__rosidl_generator_c.dir/rosidl_generator_c/aiguillages/msg/detail/capteurs__type_support.c.o[0m
[2.829s] [ 11%] [32mBuilding C object CMakeFiles/aiguillages__rosidl_generator_c.dir/rosidl_generator_c/aiguillages/msg/detail/capteurs__functions.c.o[0m
[2.829s] [ 11%] [32mBuilding C object CMakeFiles/aiguillages__rosidl_generator_c.dir/rosidl_generator_c/aiguillages/msg/detail/actionneurs__description.c.o[0m
[2.829s] [ 11%] [32mBuilding C object CMakeFiles/aiguillages__rosidl_generator_c.dir/rosidl_generator_c/aiguillages/msg/detail/actionneurs__functions.c.o[0m
[2.829s] [ 13%] [32mBuilding C object CMakeFiles/aiguillages__rosidl_generator_c.dir/rosidl_generator_c/aiguillages/msg/detail/exchange_sh__description.c.o[0m
[2.836s] [ 14%] [32mBuilding C object CMakeFiles/aiguillages__rosidl_generator_c.dir/rosidl_generator_c/aiguillages/msg/detail/capteurs__description.c.o[0m
[2.843s] [ 16%] [32mBuilding C object CMakeFiles/aiguillages__rosidl_generator_c.dir/rosidl_generator_c/aiguillages/msg/detail/exchange_sh__functions.c.o[0m
[2.862s] [ 17%] [32mBuilding C object CMakeFiles/aiguillages__rosidl_generator_c.dir/rosidl_generator_c/aiguillages/msg/detail/exchange_sh__type_support.c.o[0m
[2.865s] [ 19%] [32mBuilding C object CMakeFiles/aiguillages__rosidl_generator_c.dir/rosidl_generator_c/aiguillages/msg/detail/msg_sensor_state__description.c.o[0m
[2.879s] [ 20%] [32mBuilding C object CMakeFiles/aiguillages__rosidl_generator_c.dir/rosidl_generator_c/aiguillages/msg/detail/msg_sensor_state__functions.c.o[0m
[2.885s] [ 22%] [32mBuilding C object CMakeFiles/aiguillages__rosidl_generator_c.dir/rosidl_generator_c/aiguillages/msg/detail/msg_sensor_state__type_support.c.o[0m
[2.938s] [ 23%] [32m[1mLinking C shared library libaiguillages__rosidl_generator_c.so[0m
[2.975s] [ 23%] Built target aiguillages__rosidl_generator_c
[2.985s] [ 25%] [34m[1mGenerating C++ type support dispatch for ROS interfaces[0m
[2.986s] [ 26%] [34m[1mGenerating C++ type support for eProsima Fast-RTPS[0m
[2.986s] [ 28%] [34m[1mGenerating C introspection for ROS interfaces[0m
[2.986s] [ 29%] [34m[1mGenerating C type support for eProsima Fast-RTPS[0m
[2.989s] [ 31%] [34m[1mGenerating C type support dispatch for ROS interfaces[0m
[2.989s] [ 32%] [34m[1mGenerating C++ introspection for ROS interfaces[0m
[3.171s] [ 34%] [32mBuilding CXX object CMakeFiles/aiguillages__rosidl_typesupport_cpp.dir/rosidl_typesupport_cpp/aiguillages/msg/capteurs__type_support.cpp.o[0m
[3.176s] [ 35%] [32mBuilding CXX object CMakeFiles/aiguillages__rosidl_typesupport_c.dir/rosidl_typesupport_c/aiguillages/msg/capteurs__type_support.cpp.o[0m
[3.181s] [ 37%] [32mBuilding CXX object CMakeFiles/aiguillages__rosidl_typesupport_c.dir/rosidl_typesupport_c/aiguillages/msg/actionneurs__type_support.cpp.o[0m
[3.183s] [ 38%] [32mBuilding CXX object CMakeFiles/aiguillages__rosidl_typesupport_c.dir/rosidl_typesupport_c/aiguillages/msg/exchange_sh__type_support.cpp.o[0m
[3.200s] [ 40%] [32mBuilding CXX object CMakeFiles/aiguillages__rosidl_typesupport_introspection_cpp.dir/rosidl_typesupport_introspection_cpp/aiguillages/msg/detail/capteurs__type_support.cpp.o[0m
[3.210s] [ 41%] [32mBuilding CXX object CMakeFiles/aiguillages__rosidl_typesupport_c.dir/rosidl_typesupport_c/aiguillages/msg/msg_sensor_state__type_support.cpp.o[0m
[3.227s] [ 43%] [32mBuilding CXX object CMakeFiles/aiguillages__rosidl_typesupport_introspection_cpp.dir/rosidl_typesupport_introspection_cpp/aiguillages/msg/detail/actionneurs__type_support.cpp.o[0m
[3.239s] [ 44%] [32mBuilding CXX object CMakeFiles/aiguillages__rosidl_typesupport_introspection_cpp.dir/rosidl_typesupport_introspection_cpp/aiguillages/msg/detail/exchange_sh__type_support.cpp.o[0m
[3.256s] [ 46%] [32mBuilding C object CMakeFiles/aiguillages__rosidl_typesupport_introspection_c.dir/rosidl_typesupport_introspection_c/aiguillages/msg/detail/capteurs__type_support.c.o[0m
[3.258s] [ 47%] [32m[1mLinking CXX shared library libaiguillages__rosidl_typesupport_c.so[0m
[3.280s] [ 50%] [32mBuilding CXX object CMakeFiles/aiguillages__rosidl_typesupport_fastrtps_c.dir/rosidl_typesupport_fastrtps_c/aiguillages/msg/detail/capteurs__type_support_c.cpp.o[0m
[3.281s] [ 50%] [32mBuilding CXX object CMakeFiles/aiguillages__rosidl_typesupport_fastrtps_cpp.dir/rosidl_typesupport_fastrtps_cpp/aiguillages/msg/detail/dds_fastrtps/capteurs__type_support.cpp.o[0m
[3.284s] [ 52%] [32mBuilding C object CMakeFiles/aiguillages__rosidl_typesupport_introspection_c.dir/rosidl_typesupport_introspection_c/aiguillages/msg/detail/actionneurs__type_support.c.o[0m
[3.308s] [ 52%] Built target aiguillages__rosidl_typesupport_c
[3.328s] [ 53%] [32mBuilding CXX object CMakeFiles/aiguillages__rosidl_typesupport_fastrtps_c.dir/rosidl_typesupport_fastrtps_c/aiguillages/msg/detail/actionneurs__type_support_c.cpp.o[0m
[3.329s] [ 55%] [32mBuilding C object CMakeFiles/aiguillages__rosidl_typesupport_introspection_c.dir/rosidl_typesupport_introspection_c/aiguillages/msg/detail/exchange_sh__type_support.c.o[0m
[3.360s] [ 56%] [32mBuilding C object CMakeFiles/aiguillages__rosidl_typesupport_introspection_c.dir/rosidl_typesupport_introspection_c/aiguillages/msg/detail/msg_sensor_state__type_support.c.o[0m
[3.382s] [ 58%] [32mBuilding CXX object CMakeFiles/aiguillages__rosidl_typesupport_cpp.dir/rosidl_typesupport_cpp/aiguillages/msg/actionneurs__type_support.cpp.o[0m
[3.397s] [ 59%] [32m[1mLinking C shared library libaiguillages__rosidl_typesupport_introspection_c.so[0m
[3.433s] [ 61%] [32mBuilding CXX object CMakeFiles/aiguillages__rosidl_typesupport_introspection_cpp.dir/rosidl_typesupport_introspection_cpp/aiguillages/msg/detail/msg_sensor_state__type_support.cpp.o[0m
[3.437s] [ 62%] [32mBuilding CXX object CMakeFiles/aiguillages__rosidl_typesupport_cpp.dir/rosidl_typesupport_cpp/aiguillages/msg/exchange_sh__type_support.cpp.o[0m
[3.446s] [ 62%] Built target aiguillages__rosidl_typesupport_introspection_c
[3.450s] [ 64%] [32mBuilding CXX object CMakeFiles/aiguillages__rosidl_typesupport_cpp.dir/rosidl_typesupport_cpp/aiguillages/msg/msg_sensor_state__type_support.cpp.o[0m
[3.458s] [ 65%] [32mBuilding CXX object CMakeFiles/aiguillages__rosidl_typesupport_fastrtps_c.dir/rosidl_typesupport_fastrtps_c/aiguillages/msg/detail/exchange_sh__type_support_c.cpp.o[0m
[3.551s] [ 67%] [32mBuilding CXX object CMakeFiles/aiguillages__rosidl_typesupport_fastrtps_cpp.dir/rosidl_typesupport_fastrtps_cpp/aiguillages/msg/detail/dds_fastrtps/actionneurs__type_support.cpp.o[0m
[3.555s] [ 68%] [32mBuilding CXX object CMakeFiles/aiguillages__rosidl_typesupport_fastrtps_cpp.dir/rosidl_typesupport_fastrtps_cpp/aiguillages/msg/detail/dds_fastrtps/exchange_sh__type_support.cpp.o[0m
[3.557s] [ 70%] [32mBuilding CXX object CMakeFiles/aiguillages__rosidl_typesupport_fastrtps_c.dir/rosidl_typesupport_fastrtps_c/aiguillages/msg/detail/msg_sensor_state__type_support_c.cpp.o[0m
[3.595s] [ 71%] [32mBuilding CXX object CMakeFiles/aiguillages__rosidl_typesupport_fastrtps_cpp.dir/rosidl_typesupport_fastrtps_cpp/aiguillages/msg/detail/dds_fastrtps/msg_sensor_state__type_support.cpp.o[0m
[3.608s] [ 73%] [32m[1mLinking CXX shared library libaiguillages__rosidl_typesupport_introspection_cpp.so[0m
[3.609s] [ 74%] [32m[1mLinking CXX shared library libaiguillages__rosidl_typesupport_cpp.so[0m
[3.644s] [ 74%] Built target aiguillages__rosidl_typesupport_cpp
[3.666s] [ 74%] Built target aiguillages__rosidl_typesupport_introspection_cpp
[3.668s] [ 76%] [32mBuilding CXX object CMakeFiles/run_Aiguillage.dir/src/Aiguillage.cpp.o[0m
[3.668s] [ 77%] [32mBuilding CXX object CMakeFiles/run_Aiguillage.dir/src/main_aiguillage.cpp.o[0m
[3.791s] [ 79%] [32m[1mLinking CXX shared library libaiguillages__rosidl_typesupport_fastrtps_c.so[0m
[3.839s] [ 79%] Built target aiguillages__rosidl_typesupport_fastrtps_c
[3.887s] [ 80%] [32m[1mLinking CXX shared library libaiguillages__rosidl_typesupport_fastrtps_cpp.so[0m
[3.954s] [ 80%] Built target aiguillages__rosidl_typesupport_fastrtps_cpp
[3.976s] [ 80%] Built target aiguillages
[4.003s] [ 82%] [34m[1mGenerating Python code for ROS interfaces[0m
[4.310s] [ 82%] Built target aiguillages__py
[4.335s] [ 86%] [32mBuilding C object CMakeFiles/aiguillages__rosidl_generator_py.dir/rosidl_generator_py/aiguillages/msg/_msg_sensor_state_s.c.o[0m
[4.335s] [ 86%] [32mBuilding C object CMakeFiles/aiguillages__rosidl_generator_py.dir/rosidl_generator_py/aiguillages/msg/_actionneurs_s.c.o[0m
[4.335s] [ 88%] [32mBuilding C object CMakeFiles/aiguillages__rosidl_generator_py.dir/rosidl_generator_py/aiguillages/msg/_exchange_sh_s.c.o[0m
[4.335s] [ 86%] [32mBuilding C object CMakeFiles/aiguillages__rosidl_generator_py.dir/rosidl_generator_py/aiguillages/msg/_capteurs_s.c.o[0m
[4.436s] [ 89%] [32m[1mLinking C shared library libaiguillages__rosidl_generator_py.so[0m
[4.482s] [ 89%] Built target aiguillages__rosidl_generator_py
[4.507s] [ 94%] [32mBuilding C object CMakeFiles/aiguillages_s__rosidl_typesupport_c.dir/rosidl_generator_py/aiguillages/_aiguillages_s.ep.rosidl_typesupport_c.c.o[0m
[4.509s] [ 94%] [32mBuilding C object CMakeFiles/aiguillages_s__rosidl_typesupport_fastrtps_c.dir/rosidl_generator_py/aiguillages/_aiguillages_s.ep.rosidl_typesupport_fastrtps_c.c.o[0m
[4.509s] [ 94%] [32mBuilding C object CMakeFiles/aiguillages_s__rosidl_typesupport_introspection_c.dir/rosidl_generator_py/aiguillages/_aiguillages_s.ep.rosidl_typesupport_introspection_c.c.o[0m
[4.586s] [ 95%] [32m[1mLinking C shared module rosidl_generator_py/aiguillages/aiguillages_s__rosidl_typesupport_fastrtps_c.so[0m
[4.587s] [ 97%] [32m[1mLinking C shared module rosidl_generator_py/aiguillages/aiguillages_s__rosidl_typesupport_introspection_c.so[0m
[4.588s] [ 98%] [32m[1mLinking C shared module rosidl_generator_py/aiguillages/aiguillages_s__rosidl_typesupport_c.so[0m
[4.623s] [ 98%] Built target aiguillages_s__rosidl_typesupport_fastrtps_c
[4.623s] [ 98%] Built target aiguillages_s__rosidl_typesupport_introspection_c
[4.623s] [ 98%] Built target aiguillages_s__rosidl_typesupport_c
[8.285s] [100%] [32m[1mLinking CXX executable run_Aiguillage[0m
[8.527s] [100%] Built target run_Aiguillage
[8.536s] Invoked command in '/home/user/celluleflexible_en_cours_ROS2/celluleflexible/ros_ws/build/aiguillages' returned '0': CMAKE_PREFIX_PATH=${CMAKE_PREFIX_PATH}:/opt/ros/jazzy DEBUGINFOD_URLS=https://debuginfod.ubuntu.com /usr/bin/cmake --build /home/user/celluleflexible_en_cours_ROS2/celluleflexible/ros_ws/build/aiguillages -- -j8 -l8
[8.537s] Invoking command in '/home/user/celluleflexible_en_cours_ROS2/celluleflexible/ros_ws/build/aiguillages': CMAKE_PREFIX_PATH=${CMAKE_PREFIX_PATH}:/opt/ros/jazzy DEBUGINFOD_URLS=https://debuginfod.ubuntu.com /usr/bin/cmake --install /home/user/celluleflexible_en_cours_ROS2/celluleflexible/ros_ws/build/aiguillages
[8.544s] -- Install configuration: ""
[8.544s] -- Installing: /home/user/celluleflexible_en_cours_ROS2/celluleflexible/ros_ws/install/aiguillages/share/ament_index/resource_index/rosidl_interfaces/aiguillages
[8.544s] -- Installing: /home/user/celluleflexible_en_cours_ROS2/celluleflexible/ros_ws/install/aiguillages/share/aiguillages/msg/Capteurs.json
[8.546s] -- Installing: /home/user/celluleflexible_en_cours_ROS2/celluleflexible/ros_ws/install/aiguillages/share/aiguillages/msg/Actionneurs.json
[8.546s] -- Installing: /home/user/celluleflexible_en_cours_ROS2/celluleflexible/ros_ws/install/aiguillages/share/aiguillages/msg/ExchangeSh.json
[8.546s] -- Installing: /home/user/celluleflexible_en_cours_ROS2/celluleflexible/ros_ws/install/aiguillages/share/aiguillages/msg/MsgSensorState.json
[8.546s] -- Installing: /home/user/celluleflexible_en_cours_ROS2/celluleflexible/ros_ws/install/aiguillages/include/aiguillages/aiguillages
[8.546s] -- Installing: /home/user/celluleflexible_en_cours_ROS2/celluleflexible/ros_ws/install/aiguillages/include/aiguillages/aiguillages/msg
[8.546s] -- Installing: /home/user/celluleflexible_en_cours_ROS2/celluleflexible/ros_ws/install/aiguillages/include/aiguillages/aiguillages/msg/exchange_sh.h
[8.546s] -- Installing: /home/user/celluleflexible_en_cours_ROS2/celluleflexible/ros_ws/install/aiguillages/include/aiguillages/aiguillages/msg/rosidl_generator_c__visibility_control.h
[8.546s] -- Installing: /home/user/celluleflexible_en_cours_ROS2/celluleflexible/ros_ws/install/aiguillages/include/aiguillages/aiguillages/msg/capteurs.h
[8.546s] -- Installing: /home/user/celluleflexible_en_cours_ROS2/celluleflexible/ros_ws/install/aiguillages/include/aiguillages/aiguillages/msg/msg_sensor_state.h
[8.547s] -- Installing: /home/user/celluleflexible_en_cours_ROS2/celluleflexible/ros_ws/install/aiguillages/include/aiguillages/aiguillages/msg/actionneurs.h
[8.547s] -- Installing: /home/user/celluleflexible_en_cours_ROS2/celluleflexible/ros_ws/install/aiguillages/include/aiguillages/aiguillages/msg/detail
[8.547s] -- Installing: /home/user/celluleflexible_en_cours_ROS2/celluleflexible/ros_ws/install/aiguillages/include/aiguillages/aiguillages/msg/detail/msg_sensor_state__type_support.h
[8.547s] -- Installing: /home/user/celluleflexible_en_cours_ROS2/celluleflexible/ros_ws/install/aiguillages/include/aiguillages/aiguillages/msg/detail/exchange_sh__description.c
[8.547s] -- Installing: /home/user/celluleflexible_en_cours_ROS2/celluleflexible/ros_ws/install/aiguillages/include/aiguillages/aiguillages/msg/detail/exchange_sh__functions.c
[8.547s] -- Installing: /home/user/celluleflexible_en_cours_ROS2/celluleflexible/ros_ws/install/aiguillages/include/aiguillages/aiguillages/msg/detail/msg_sensor_state__functions.h
[8.547s] -- Installing: /home/user/celluleflexible_en_cours_ROS2/celluleflexible/ros_ws/install/aiguillages/include/aiguillages/aiguillages/msg/detail/actionneurs__functions.h
[8.547s] -- Installing: /home/user/celluleflexible_en_cours_ROS2/celluleflexible/ros_ws/install/aiguillages/include/aiguillages/aiguillages/msg/detail/capteurs__type_support.c
[8.547s] -- Installing: /home/user/celluleflexible_en_cours_ROS2/celluleflexible/ros_ws/install/aiguillages/include/aiguillages/aiguillages/msg/detail/actionneurs__type_support.c
[8.547s] -- Installing: /home/user/celluleflexible_en_cours_ROS2/celluleflexible/ros_ws/install/aiguillages/include/aiguillages/aiguillages/msg/detail/capteurs__struct.h
[8.547s] -- Installing: /home/user/celluleflexible_en_cours_ROS2/celluleflexible/ros_ws/install/aiguillages/include/aiguillages/aiguillages/msg/detail/actionneurs__type_support.h
[8.547s] -- Installing: /home/user/celluleflexible_en_cours_ROS2/celluleflexible/ros_ws/install/aiguillages/include/aiguillages/aiguillages/msg/detail/capteurs__description.c
[8.547s] -- Installing: /home/user/celluleflexible_en_cours_ROS2/celluleflexible/ros_ws/install/aiguillages/include/aiguillages/aiguillages/msg/detail/msg_sensor_state__description.c
[8.547s] -- Installing: /home/user/celluleflexible_en_cours_ROS2/celluleflexible/ros_ws/install/aiguillages/include/aiguillages/aiguillages/msg/detail/capteurs__functions.h
[8.548s] -- Installing: /home/user/celluleflexible_en_cours_ROS2/celluleflexible/ros_ws/install/aiguillages/include/aiguillages/aiguillages/msg/detail/msg_sensor_state__type_support.c
[8.548s] -- Installing: /home/user/celluleflexible_en_cours_ROS2/celluleflexible/ros_ws/install/aiguillages/include/aiguillages/aiguillages/msg/detail/exchange_sh__functions.h
[8.548s] -- Installing: /home/user/celluleflexible_en_cours_ROS2/celluleflexible/ros_ws/install/aiguillages/include/aiguillages/aiguillages/msg/detail/msg_sensor_state__struct.h
[8.548s] -- Installing: /home/user/celluleflexible_en_cours_ROS2/celluleflexible/ros_ws/install/aiguillages/include/aiguillages/aiguillages/msg/detail/msg_sensor_state__functions.c
[8.548s] -- Installing: /home/user/celluleflexible_en_cours_ROS2/celluleflexible/ros_ws/install/aiguillages/include/aiguillages/aiguillages/msg/detail/actionneurs__struct.h
[8.548s] -- Installing: /home/user/celluleflexible_en_cours_ROS2/celluleflexible/ros_ws/install/aiguillages/include/aiguillages/aiguillages/msg/detail/exchange_sh__struct.h
[8.548s] -- Installing: /home/user/celluleflexible_en_cours_ROS2/celluleflexible/ros_ws/install/aiguillages/include/aiguillages/aiguillages/msg/detail/actionneurs__description.c
[8.548s] -- Installing: /home/user/celluleflexible_en_cours_ROS2/celluleflexible/ros_ws/install/aiguillages/include/aiguillages/aiguillages/msg/detail/exchange_sh__type_support.c
[8.548s] -- Installing: /home/user/celluleflexible_en_cours_ROS2/celluleflexible/ros_ws/install/aiguillages/include/aiguillages/aiguillages/msg/detail/exchange_sh__type_support.h
[8.548s] -- Installing: /home/user/celluleflexible_en_cours_ROS2/celluleflexible/ros_ws/install/aiguillages/include/aiguillages/aiguillages/msg/detail/capteurs__functions.c
[8.548s] -- Installing: /home/user/celluleflexible_en_cours_ROS2/celluleflexible/ros_ws/install/aiguillages/include/aiguillages/aiguillages/msg/detail/capteurs__type_support.h
[8.548s] -- Installing: /home/user/celluleflexible_en_cours_ROS2/celluleflexible/ros_ws/install/aiguillages/include/aiguillages/aiguillages/msg/detail/actionneurs__functions.c
[8.548s] -- Installing: /home/user/celluleflexible_en_cours_ROS2/celluleflexible/ros_ws/install/aiguillages/share/aiguillages/environment/library_path.sh
[8.548s] -- Installing: /home/user/celluleflexible_en_cours_ROS2/celluleflexible/ros_ws/install/aiguillages/share/aiguillages/environment/library_path.dsv
[8.548s] -- Installing: /home/user/celluleflexible_en_cours_ROS2/celluleflexible/ros_ws/install/aiguillages/lib/libaiguillages__rosidl_generator_c.so
[8.548s] -- Set non-toolchain portion of runtime path of "/home/user/celluleflexible_en_cours_ROS2/celluleflexible/ros_ws/install/aiguillages/lib/libaiguillages__rosidl_generator_c.so" to ""
[8.549s] -- Up-to-date: /home/user/celluleflexible_en_cours_ROS2/celluleflexible/ros_ws/install/aiguillages/include/aiguillages/aiguillages
[8.549s] -- Up-to-date: /home/user/celluleflexible_en_cours_ROS2/celluleflexible/ros_ws/install/aiguillages/include/aiguillages/aiguillages/msg
[8.549s] -- Installing: /home/user/celluleflexible_en_cours_ROS2/celluleflexible/ros_ws/install/aiguillages/include/aiguillages/aiguillages/msg/rosidl_typesupport_fastrtps_c__visibility_control.h
[8.549s] -- Up-to-date: /home/user/celluleflexible_en_cours_ROS2/celluleflexible/ros_ws/install/aiguillages/include/aiguillages/aiguillages/msg/detail
[8.549s] -- Installing: /home/user/celluleflexible_en_cours_ROS2/celluleflexible/ros_ws/install/aiguillages/include/aiguillages/aiguillages/msg/detail/capteurs__rosidl_typesupport_fastrtps_c.h
[8.549s] -- Installing: /home/user/celluleflexible_en_cours_ROS2/celluleflexible/ros_ws/install/aiguillages/include/aiguillages/aiguillages/msg/detail/exchange_sh__rosidl_typesupport_fastrtps_c.h
[8.549s] -- Installing: /home/user/celluleflexible_en_cours_ROS2/celluleflexible/ros_ws/install/aiguillages/include/aiguillages/aiguillages/msg/detail/actionneurs__rosidl_typesupport_fastrtps_c.h
[8.549s] -- Installing: /home/user/celluleflexible_en_cours_ROS2/celluleflexible/ros_ws/install/aiguillages/include/aiguillages/aiguillages/msg/detail/msg_sensor_state__rosidl_typesupport_fastrtps_c.h
[8.549s] -- Installing: /home/user/celluleflexible_en_cours_ROS2/celluleflexible/ros_ws/install/aiguillages/lib/libaiguillages__rosidl_typesupport_fastrtps_c.so
[8.549s] -- Set non-toolchain portion of runtime path of "/home/user/celluleflexible_en_cours_ROS2/celluleflexible/ros_ws/install/aiguillages/lib/libaiguillages__rosidl_typesupport_fastrtps_c.so" to ""
[8.549s] -- Up-to-date: /home/user/celluleflexible_en_cours_ROS2/celluleflexible/ros_ws/install/aiguillages/include/aiguillages/aiguillages
[8.549s] -- Up-to-date: /home/user/celluleflexible_en_cours_ROS2/celluleflexible/ros_ws/install/aiguillages/include/aiguillages/aiguillages/msg
[8.549s] -- Installing: /home/user/celluleflexible_en_cours_ROS2/celluleflexible/ros_ws/install/aiguillages/include/aiguillages/aiguillages/msg/capteurs.hpp
[8.550s] -- Installing: /home/user/celluleflexible_en_cours_ROS2/celluleflexible/ros_ws/install/aiguillages/include/aiguillages/aiguillages/msg/exchange_sh.hpp
[8.550s] -- Installing: /home/user/celluleflexible_en_cours_ROS2/celluleflexible/ros_ws/install/aiguillages/include/aiguillages/aiguillages/msg/rosidl_generator_cpp__visibility_control.hpp
[8.550s] -- Installing: /home/user/celluleflexible_en_cours_ROS2/celluleflexible/ros_ws/install/aiguillages/include/aiguillages/aiguillages/msg/actionneurs.hpp
[8.550s] -- Up-to-date: /home/user/celluleflexible_en_cours_ROS2/celluleflexible/ros_ws/install/aiguillages/include/aiguillages/aiguillages/msg/detail
[8.550s] -- Installing: /home/user/celluleflexible_en_cours_ROS2/celluleflexible/ros_ws/install/aiguillages/include/aiguillages/aiguillages/msg/detail/capteurs__builder.hpp
[8.550s] -- Installing: /home/user/celluleflexible_en_cours_ROS2/celluleflexible/ros_ws/install/aiguillages/include/aiguillages/aiguillages/msg/detail/exchange_sh__traits.hpp
[8.550s] -- Installing: /home/user/celluleflexible_en_cours_ROS2/celluleflexible/ros_ws/install/aiguillages/include/aiguillages/aiguillages/msg/detail/exchange_sh__type_support.hpp
[8.550s] -- Installing: /home/user/celluleflexible_en_cours_ROS2/celluleflexible/ros_ws/install/aiguillages/include/aiguillages/aiguillages/msg/detail/exchange_sh__struct.hpp
[8.550s] -- Installing: /home/user/celluleflexible_en_cours_ROS2/celluleflexible/ros_ws/install/aiguillages/include/aiguillages/aiguillages/msg/detail/actionneurs__type_support.hpp
[8.550s] -- Installing: /home/user/celluleflexible_en_cours_ROS2/celluleflexible/ros_ws/install/aiguillages/include/aiguillages/aiguillages/msg/detail/capteurs__type_support.hpp
[8.550s] -- Installing: /home/user/celluleflexible_en_cours_ROS2/celluleflexible/ros_ws/install/aiguillages/include/aiguillages/aiguillages/msg/detail/msg_sensor_state__type_support.hpp
[8.550s] -- Installing: /home/user/celluleflexible_en_cours_ROS2/celluleflexible/ros_ws/install/aiguillages/include/aiguillages/aiguillages/msg/detail/msg_sensor_state__builder.hpp
[8.550s] -- Installing: /home/user/celluleflexible_en_cours_ROS2/celluleflexible/ros_ws/install/aiguillages/include/aiguillages/aiguillages/msg/detail/msg_sensor_state__traits.hpp
[8.550s] -- Installing: /home/user/celluleflexible_en_cours_ROS2/celluleflexible/ros_ws/install/aiguillages/include/aiguillages/aiguillages/msg/detail/exchange_sh__builder.hpp
[8.550s] -- Installing: /home/user/celluleflexible_en_cours_ROS2/celluleflexible/ros_ws/install/aiguillages/include/aiguillages/aiguillages/msg/detail/actionneurs__builder.hpp
[8.550s] -- Installing: /home/user/celluleflexible_en_cours_ROS2/celluleflexible/ros_ws/install/aiguillages/include/aiguillages/aiguillages/msg/detail/msg_sensor_state__struct.hpp
[8.550s] -- Installing: /home/user/celluleflexible_en_cours_ROS2/celluleflexible/ros_ws/install/aiguillages/include/aiguillages/aiguillages/msg/detail/capteurs__traits.hpp
[8.550s] -- Installing: /home/user/celluleflexible_en_cours_ROS2/celluleflexible/ros_ws/install/aiguillages/include/aiguillages/aiguillages/msg/detail/actionneurs__struct.hpp
[8.551s] -- Installing: /home/user/celluleflexible_en_cours_ROS2/celluleflexible/ros_ws/install/aiguillages/include/aiguillages/aiguillages/msg/detail/actionneurs__traits.hpp
[8.551s] -- Installing: /home/user/celluleflexible_en_cours_ROS2/celluleflexible/ros_ws/install/aiguillages/include/aiguillages/aiguillages/msg/detail/capteurs__struct.hpp
[8.551s] -- Installing: /home/user/celluleflexible_en_cours_ROS2/celluleflexible/ros_ws/install/aiguillages/include/aiguillages/aiguillages/msg/msg_sensor_state.hpp
[8.551s] -- Up-to-date: /home/user/celluleflexible_en_cours_ROS2/celluleflexible/ros_ws/install/aiguillages/include/aiguillages/aiguillages
[8.551s] -- Up-to-date: /home/user/celluleflexible_en_cours_ROS2/celluleflexible/ros_ws/install/aiguillages/include/aiguillages/aiguillages/msg
[8.551s] -- Up-to-date: /home/user/celluleflexible_en_cours_ROS2/celluleflexible/ros_ws/install/aiguillages/include/aiguillages/aiguillages/msg/detail
[8.551s] -- Installing: /home/user/celluleflexible_en_cours_ROS2/celluleflexible/ros_ws/install/aiguillages/include/aiguillages/aiguillages/msg/detail/capteurs__rosidl_typesupport_fastrtps_cpp.hpp
[8.551s] -- Installing: /home/user/celluleflexible_en_cours_ROS2/celluleflexible/ros_ws/install/aiguillages/include/aiguillages/aiguillages/msg/detail/exchange_sh__rosidl_typesupport_fastrtps_cpp.hpp
[8.551s] -- Installing: /home/user/celluleflexible_en_cours_ROS2/celluleflexible/ros_ws/install/aiguillages/include/aiguillages/aiguillages/msg/detail/msg_sensor_state__rosidl_typesupport_fastrtps_cpp.hpp
[8.551s] -- Installing: /home/user/celluleflexible_en_cours_ROS2/celluleflexible/ros_ws/install/aiguillages/include/aiguillages/aiguillages/msg/detail/dds_fastrtps
[8.551s] -- Installing: /home/user/celluleflexible_en_cours_ROS2/celluleflexible/ros_ws/install/aiguillages/include/aiguillages/aiguillages/msg/detail/actionneurs__rosidl_typesupport_fastrtps_cpp.hpp
[8.551s] -- Installing: /home/user/celluleflexible_en_cours_ROS2/celluleflexible/ros_ws/install/aiguillages/include/aiguillages/aiguillages/msg/rosidl_typesupport_fastrtps_cpp__visibility_control.h
[8.551s] -- Installing: /home/user/celluleflexible_en_cours_ROS2/celluleflexible/ros_ws/install/aiguillages/lib/libaiguillages__rosidl_typesupport_fastrtps_cpp.so
[8.551s] -- Set non-toolchain portion of runtime path of "/home/user/celluleflexible_en_cours_ROS2/celluleflexible/ros_ws/install/aiguillages/lib/libaiguillages__rosidl_typesupport_fastrtps_cpp.so" to ""
[8.551s] -- Up-to-date: /home/user/celluleflexible_en_cours_ROS2/celluleflexible/ros_ws/install/aiguillages/include/aiguillages/aiguillages
[8.551s] -- Up-to-date: /home/user/celluleflexible_en_cours_ROS2/celluleflexible/ros_ws/install/aiguillages/include/aiguillages/aiguillages/msg
[8.551s] -- Installing: /home/user/celluleflexible_en_cours_ROS2/celluleflexible/ros_ws/install/aiguillages/include/aiguillages/aiguillages/msg/rosidl_typesupport_introspection_c__visibility_control.h
[8.551s] -- Up-to-date: /home/user/celluleflexible_en_cours_ROS2/celluleflexible/ros_ws/install/aiguillages/include/aiguillages/aiguillages/msg/detail
[8.551s] -- Installing: /home/user/celluleflexible_en_cours_ROS2/celluleflexible/ros_ws/install/aiguillages/include/aiguillages/aiguillages/msg/detail/actionneurs__rosidl_typesupport_introspection_c.h
[8.551s] -- Installing: /home/user/celluleflexible_en_cours_ROS2/celluleflexible/ros_ws/install/aiguillages/include/aiguillages/aiguillages/msg/detail/msg_sensor_state__rosidl_typesupport_introspection_c.h
[8.551s] -- Up-to-date: /home/user/celluleflexible_en_cours_ROS2/celluleflexible/ros_ws/install/aiguillages/include/aiguillages/aiguillages/msg/detail/capteurs__type_support.c
[8.551s] -- Installing: /home/user/celluleflexible_en_cours_ROS2/celluleflexible/ros_ws/install/aiguillages/include/aiguillages/aiguillages/msg/detail/capteurs__rosidl_typesupport_introspection_c.h
[8.551s] -- Up-to-date: /home/user/celluleflexible_en_cours_ROS2/celluleflexible/ros_ws/install/aiguillages/include/aiguillages/aiguillages/msg/detail/actionneurs__type_support.c
[8.552s] -- Up-to-date: /home/user/celluleflexible_en_cours_ROS2/celluleflexible/ros_ws/install/aiguillages/include/aiguillages/aiguillages/msg/detail/msg_sensor_state__type_support.c
[8.552s] -- Installing: /home/user/celluleflexible_en_cours_ROS2/celluleflexible/ros_ws/install/aiguillages/include/aiguillages/aiguillages/msg/detail/exchange_sh__rosidl_typesupport_introspection_c.h
[8.552s] -- Up-to-date: /home/user/celluleflexible_en_cours_ROS2/celluleflexible/ros_ws/install/aiguillages/include/aiguillages/aiguillages/msg/detail/exchange_sh__type_support.c
[8.552s] -- Installing: /home/user/celluleflexible_en_cours_ROS2/celluleflexible/ros_ws/install/aiguillages/lib/libaiguillages__rosidl_typesupport_introspection_c.so
[8.552s] -- Set non-toolchain portion of runtime path of "/home/user/celluleflexible_en_cours_ROS2/celluleflexible/ros_ws/install/aiguillages/lib/libaiguillages__rosidl_typesupport_introspection_c.so" to ""
[8.552s] -- Installing: /home/user/celluleflexible_en_cours_ROS2/celluleflexible/ros_ws/install/aiguillages/lib/libaiguillages__rosidl_typesupport_c.so
[8.552s] -- Set non-toolchain portion of runtime path of "/home/user/celluleflexible_en_cours_ROS2/celluleflexible/ros_ws/install/aiguillages/lib/libaiguillages__rosidl_typesupport_c.so" to ""
[8.552s] -- Up-to-date: /home/user/celluleflexible_en_cours_ROS2/celluleflexible/ros_ws/install/aiguillages/include/aiguillages/aiguillages
[8.552s] -- Up-to-date: /home/user/celluleflexible_en_cours_ROS2/celluleflexible/ros_ws/install/aiguillages/include/aiguillages/aiguillages/msg
[8.552s] -- Up-to-date: /home/user/celluleflexible_en_cours_ROS2/celluleflexible/ros_ws/install/aiguillages/include/aiguillages/aiguillages/msg/detail
[8.552s] -- Installing: /home/user/celluleflexible_en_cours_ROS2/celluleflexible/ros_ws/install/aiguillages/include/aiguillages/aiguillages/msg/detail/actionneurs__rosidl_typesupport_introspection_cpp.hpp
[8.552s] -- Installing: /home/user/celluleflexible_en_cours_ROS2/celluleflexible/ros_ws/install/aiguillages/include/aiguillages/aiguillages/msg/detail/capteurs__rosidl_typesupport_introspection_cpp.hpp
[8.552s] -- Installing: /home/user/celluleflexible_en_cours_ROS2/celluleflexible/ros_ws/install/aiguillages/include/aiguillages/aiguillages/msg/detail/exchange_sh__rosidl_typesupport_introspection_cpp.hpp
[8.553s] -- Installing: /home/user/celluleflexible_en_cours_ROS2/celluleflexible/ros_ws/install/aiguillages/include/aiguillages/aiguillages/msg/detail/capteurs__type_support.cpp
[8.553s] -- Installing: /home/user/celluleflexible_en_cours_ROS2/celluleflexible/ros_ws/install/aiguillages/include/aiguillages/aiguillages/msg/detail/msg_sensor_state__type_support.cpp
[8.553s] -- Installing: /home/user/celluleflexible_en_cours_ROS2/celluleflexible/ros_ws/install/aiguillages/include/aiguillages/aiguillages/msg/detail/exchange_sh__type_support.cpp
[8.553s] -- Installing: /home/user/celluleflexible_en_cours_ROS2/celluleflexible/ros_ws/install/aiguillages/include/aiguillages/aiguillages/msg/detail/actionneurs__type_support.cpp
[8.553s] -- Installing: /home/user/celluleflexible_en_cours_ROS2/celluleflexible/ros_ws/install/aiguillages/include/aiguillages/aiguillages/msg/detail/msg_sensor_state__rosidl_typesupport_introspection_cpp.hpp
[8.553s] -- Installing: /home/user/celluleflexible_en_cours_ROS2/celluleflexible/ros_ws/install/aiguillages/lib/libaiguillages__rosidl_typesupport_introspection_cpp.so
[8.553s] -- Set non-toolchain portion of runtime path of "/home/user/celluleflexible_en_cours_ROS2/celluleflexible/ros_ws/install/aiguillages/lib/libaiguillages__rosidl_typesupport_introspection_cpp.so" to ""
[8.553s] -- Installing: /home/user/celluleflexible_en_cours_ROS2/celluleflexible/ros_ws/install/aiguillages/lib/libaiguillages__rosidl_typesupport_cpp.so
[8.553s] -- Set non-toolchain portion of runtime path of "/home/user/celluleflexible_en_cours_ROS2/celluleflexible/ros_ws/install/aiguillages/lib/libaiguillages__rosidl_typesupport_cpp.so" to ""
[8.553s] -- Installing: /home/user/celluleflexible_en_cours_ROS2/celluleflexible/ros_ws/install/aiguillages/share/aiguillages/environment/pythonpath.sh
[8.553s] -- Installing: /home/user/celluleflexible_en_cours_ROS2/celluleflexible/ros_ws/install/aiguillages/share/aiguillages/environment/pythonpath.dsv
[8.553s] -- Installing: /home/user/celluleflexible_en_cours_ROS2/celluleflexible/ros_ws/install/aiguillages/lib/python3.12/site-packages/aiguillages-3.1.2-py3.12.egg-info
[8.553s] -- Installing: /home/user/celluleflexible_en_cours_ROS2/celluleflexible/ros_ws/install/aiguillages/lib/python3.12/site-packages/aiguillages-3.1.2-py3.12.egg-info/SOURCES.txt
[8.553s] -- Installing: /home/user/celluleflexible_en_cours_ROS2/celluleflexible/ros_ws/install/aiguillages/lib/python3.12/site-packages/aiguillages-3.1.2-py3.12.egg-info/top_level.txt
[8.553s] -- Installing: /home/user/celluleflexible_en_cours_ROS2/celluleflexible/ros_ws/install/aiguillages/lib/python3.12/site-packages/aiguillages-3.1.2-py3.12.egg-info/PKG-INFO
[8.553s] -- Installing: /home/user/celluleflexible_en_cours_ROS2/celluleflexible/ros_ws/install/aiguillages/lib/python3.12/site-packages/aiguillages-3.1.2-py3.12.egg-info/dependency_links.txt
[8.554s] -- Installing: /home/user/celluleflexible_en_cours_ROS2/celluleflexible/ros_ws/install/aiguillages/lib/python3.12/site-packages/aiguillages
[8.554s] -- Installing: /home/user/celluleflexible_en_cours_ROS2/celluleflexible/ros_ws/install/aiguillages/lib/python3.12/site-packages/aiguillages/_aiguillages_s.ep.rosidl_typesupport_introspection_c.c
[8.554s] -- Installing: /home/user/celluleflexible_en_cours_ROS2/celluleflexible/ros_ws/install/aiguillages/lib/python3.12/site-packages/aiguillages/msg
[8.554s] -- Installing: /home/user/celluleflexible_en_cours_ROS2/celluleflexible/ros_ws/install/aiguillages/lib/python3.12/site-packages/aiguillages/msg/__init__.py
[8.555s] -- Installing: /home/user/celluleflexible_en_cours_ROS2/celluleflexible/ros_ws/install/aiguillages/lib/python3.12/site-packages/aiguillages/msg/_exchange_sh_s.c
[8.555s] -- Installing: /home/user/celluleflexible_en_cours_ROS2/celluleflexible/ros_ws/install/aiguillages/lib/python3.12/site-packages/aiguillages/msg/_actionneurs.py
[8.555s] -- Installing: /home/user/celluleflexible_en_cours_ROS2/celluleflexible/ros_ws/install/aiguillages/lib/python3.12/site-packages/aiguillages/msg/_msg_sensor_state.py
[8.555s] -- Installing: /home/user/celluleflexible_en_cours_ROS2/celluleflexible/ros_ws/install/aiguillages/lib/python3.12/site-packages/aiguillages/msg/_exchange_sh.py
[8.555s] -- Installing: /home/user/celluleflexible_en_cours_ROS2/celluleflexible/ros_ws/install/aiguillages/lib/python3.12/site-packages/aiguillages/msg/_capteurs.py
[8.555s] -- Installing: /home/user/celluleflexible_en_cours_ROS2/celluleflexible/ros_ws/install/aiguillages/lib/python3.12/site-packages/aiguillages/msg/_capteurs_s.c
[8.555s] -- Installing: /home/user/celluleflexible_en_cours_ROS2/celluleflexible/ros_ws/install/aiguillages/lib/python3.12/site-packages/aiguillages/msg/_actionneurs_s.c
[8.555s] -- Installing: /home/user/celluleflexible_en_cours_ROS2/celluleflexible/ros_ws/install/aiguillages/lib/python3.12/site-packages/aiguillages/msg/_msg_sensor_state_s.c
[8.555s] -- Installing: /home/user/celluleflexible_en_cours_ROS2/celluleflexible/ros_ws/install/aiguillages/lib/python3.12/site-packages/aiguillages/__init__.py
[8.555s] -- Installing: /home/user/celluleflexible_en_cours_ROS2/celluleflexible/ros_ws/install/aiguillages/lib/python3.12/site-packages/aiguillages/_aiguillages_s.ep.rosidl_typesupport_fastrtps_c.c
[8.555s] -- Installing: /home/user/celluleflexible_en_cours_ROS2/celluleflexible/ros_ws/install/aiguillages/lib/python3.12/site-packages/aiguillages/aiguillages_s__rosidl_typesupport_c.so
[8.555s] -- Installing: /home/user/celluleflexible_en_cours_ROS2/celluleflexible/ros_ws/install/aiguillages/lib/python3.12/site-packages/aiguillages/aiguillages_s__rosidl_typesupport_introspection_c.so
[8.555s] -- Installing: /home/user/celluleflexible_en_cours_ROS2/celluleflexible/ros_ws/install/aiguillages/lib/python3.12/site-packages/aiguillages/_aiguillages_s.ep.rosidl_typesupport_c.c
[8.555s] -- Installing: /home/user/celluleflexible_en_cours_ROS2/celluleflexible/ros_ws/install/aiguillages/lib/python3.12/site-packages/aiguillages/aiguillages_s__rosidl_typesupport_fastrtps_c.so
[8.579s] Listing '/home/user/celluleflexible_en_cours_ROS2/celluleflexible/ros_ws/install/aiguillages/lib/python3.12/site-packages/aiguillages'...
[8.579s] Compiling '/home/user/celluleflexible_en_cours_ROS2/celluleflexible/ros_ws/install/aiguillages/lib/python3.12/site-packages/aiguillages/__init__.py'...
[8.579s] Listing '/home/user/celluleflexible_en_cours_ROS2/celluleflexible/ros_ws/install/aiguillages/lib/python3.12/site-packages/aiguillages/msg'...
[8.579s] Compiling '/home/user/celluleflexible_en_cours_ROS2/celluleflexible/ros_ws/install/aiguillages/lib/python3.12/site-packages/aiguillages/msg/__init__.py'...
[8.579s] Compiling '/home/user/celluleflexible_en_cours_ROS2/celluleflexible/ros_ws/install/aiguillages/lib/python3.12/site-packages/aiguillages/msg/_actionneurs.py'...
[8.579s] Compiling '/home/user/celluleflexible_en_cours_ROS2/celluleflexible/ros_ws/install/aiguillages/lib/python3.12/site-packages/aiguillages/msg/_capteurs.py'...
[8.579s] Compiling '/home/user/celluleflexible_en_cours_ROS2/celluleflexible/ros_ws/install/aiguillages/lib/python3.12/site-packages/aiguillages/msg/_exchange_sh.py'...
[8.579s] Compiling '/home/user/celluleflexible_en_cours_ROS2/celluleflexible/ros_ws/install/aiguillages/lib/python3.12/site-packages/aiguillages/msg/_msg_sensor_state.py'...
[8.583s] -- Installing: /home/user/celluleflexible_en_cours_ROS2/celluleflexible/ros_ws/install/aiguillages/lib/python3.12/site-packages/aiguillages/aiguillages_s__rosidl_typesupport_fastrtps_c.so
[8.584s] -- Set non-toolchain portion of runtime path of "/home/user/celluleflexible_en_cours_ROS2/celluleflexible/ros_ws/install/aiguillages/lib/python3.12/site-packages/aiguillages/aiguillages_s__rosidl_typesupport_fastrtps_c.so" to ""
[8.584s] -- Installing: /home/user/celluleflexible_en_cours_ROS2/celluleflexible/ros_ws/install/aiguillages/lib/python3.12/site-packages/aiguillages/aiguillages_s__rosidl_typesupport_introspection_c.so
[8.584s] -- Set non-toolchain portion of runtime path of "/home/user/celluleflexible_en_cours_ROS2/celluleflexible/ros_ws/install/aiguillages/lib/python3.12/site-packages/aiguillages/aiguillages_s__rosidl_typesupport_introspection_c.so" to ""
[8.584s] -- Installing: /home/user/celluleflexible_en_cours_ROS2/celluleflexible/ros_ws/install/aiguillages/lib/python3.12/site-packages/aiguillages/aiguillages_s__rosidl_typesupport_c.so
[8.584s] -- Set non-toolchain portion of runtime path of "/home/user/celluleflexible_en_cours_ROS2/celluleflexible/ros_ws/install/aiguillages/lib/python3.12/site-packages/aiguillages/aiguillages_s__rosidl_typesupport_c.so" to ""
[8.584s] -- Installing: /home/user/celluleflexible_en_cours_ROS2/celluleflexible/ros_ws/install/aiguillages/lib/libaiguillages__rosidl_generator_py.so
[8.585s] -- Set non-toolchain portion of runtime path of "/home/user/celluleflexible_en_cours_ROS2/celluleflexible/ros_ws/install/aiguillages/lib/libaiguillages__rosidl_generator_py.so" to ""
[8.585s] -- Installing: /home/user/celluleflexible_en_cours_ROS2/celluleflexible/ros_ws/install/aiguillages/share/aiguillages/msg/Capteurs.idl
[8.585s] -- Installing: /home/user/celluleflexible_en_cours_ROS2/celluleflexible/ros_ws/install/aiguillages/share/aiguillages/msg/Actionneurs.idl
[8.585s] -- Installing: /home/user/celluleflexible_en_cours_ROS2/celluleflexible/ros_ws/install/aiguillages/share/aiguillages/msg/ExchangeSh.idl
[8.585s] -- Installing: /home/user/celluleflexible_en_cours_ROS2/celluleflexible/ros_ws/install/aiguillages/share/aiguillages/msg/MsgSensorState.idl
[8.585s] -- Installing: /home/user/celluleflexible_en_cours_ROS2/celluleflexible/ros_ws/install/aiguillages/share/aiguillages/msg/Capteurs.msg
[8.585s] -- Installing: /home/user/celluleflexible_en_cours_ROS2/celluleflexible/ros_ws/install/aiguillages/share/aiguillages/msg/Actionneurs.msg
[8.585s] -- Installing: /home/user/celluleflexible_en_cours_ROS2/celluleflexible/ros_ws/install/aiguillages/share/aiguillages/msg/ExchangeSh.msg
[8.585s] -- Installing: /home/user/celluleflexible_en_cours_ROS2/celluleflexible/ros_ws/install/aiguillages/share/aiguillages/msg/MsgSensorState.msg
[8.585s] -- Installing: /home/user/celluleflexible_en_cours_ROS2/celluleflexible/ros_ws/install/aiguillages/lib/aiguillages/run_Aiguillage
[8.590s] -- Set non-toolchain portion of runtime path of "/home/user/celluleflexible_en_cours_ROS2/celluleflexible/ros_ws/install/aiguillages/lib/aiguillages/run_Aiguillage" to ""
[8.590s] -- Installing: /home/user/celluleflexible_en_cours_ROS2/celluleflexible/ros_ws/install/aiguillages/share/ament_index/resource_index/package_run_dependencies/aiguillages
[8.590s] -- Installing: /home/user/celluleflexible_en_cours_ROS2/celluleflexible/ros_ws/install/aiguillages/share/ament_index/resource_index/parent_prefix_path/aiguillages
[8.590s] -- Installing: /home/user/celluleflexible_en_cours_ROS2/celluleflexible/ros_ws/install/aiguillages/share/aiguillages/environment/ament_prefix_path.sh
[8.590s] -- Installing: /home/user/celluleflexible_en_cours_ROS2/celluleflexible/ros_ws/install/aiguillages/share/aiguillages/environment/ament_prefix_path.dsv
[8.590s] -- Installing: /home/user/celluleflexible_en_cours_ROS2/celluleflexible/ros_ws/install/aiguillages/share/aiguillages/environment/path.sh
[8.590s] -- Installing: /home/user/celluleflexible_en_cours_ROS2/celluleflexible/ros_ws/install/aiguillages/share/aiguillages/environment/path.dsv
[8.590s] -- Installing: /home/user/celluleflexible_en_cours_ROS2/celluleflexible/ros_ws/install/aiguillages/share/aiguillages/local_setup.bash
[8.590s] -- Installing: /home/user/celluleflexible_en_cours_ROS2/celluleflexible/ros_ws/install/aiguillages/share/aiguillages/local_setup.sh
[8.591s] -- Installing: /home/user/celluleflexible_en_cours_ROS2/celluleflexible/ros_ws/install/aiguillages/share/aiguillages/local_setup.zsh
[8.591s] -- Installing: /home/user/celluleflexible_en_cours_ROS2/celluleflexible/ros_ws/install/aiguillages/share/aiguillages/local_setup.dsv
[8.591s] -- Installing: /home/user/celluleflexible_en_cours_ROS2/celluleflexible/ros_ws/install/aiguillages/share/aiguillages/package.dsv
[8.591s] -- Installing: /home/user/celluleflexible_en_cours_ROS2/celluleflexible/ros_ws/install/aiguillages/share/ament_index/resource_index/packages/aiguillages
[8.591s] -- Installing: /home/user/celluleflexible_en_cours_ROS2/celluleflexible/ros_ws/install/aiguillages/share/aiguillages/cmake/export_aiguillages__rosidl_generator_cExport.cmake
[8.591s] -- Installing: /home/user/celluleflexible_en_cours_ROS2/celluleflexible/ros_ws/install/aiguillages/share/aiguillages/cmake/export_aiguillages__rosidl_generator_cExport-noconfig.cmake
[8.591s] -- Installing: /home/user/celluleflexible_en_cours_ROS2/celluleflexible/ros_ws/install/aiguillages/share/aiguillages/cmake/export_aiguillages__rosidl_typesupport_fastrtps_cExport.cmake
[8.591s] -- Installing: /home/user/celluleflexible_en_cours_ROS2/celluleflexible/ros_ws/install/aiguillages/share/aiguillages/cmake/export_aiguillages__rosidl_typesupport_fastrtps_cExport-noconfig.cmake
[8.592s] -- Installing: /home/user/celluleflexible_en_cours_ROS2/celluleflexible/ros_ws/install/aiguillages/share/aiguillages/cmake/export_aiguillages__rosidl_generator_cppExport.cmake
[8.592s] -- Installing: /home/user/celluleflexible_en_cours_ROS2/celluleflexible/ros_ws/install/aiguillages/share/aiguillages/cmake/export_aiguillages__rosidl_typesupport_fastrtps_cppExport.cmake
[8.592s] -- Installing: /home/user/celluleflexible_en_cours_ROS2/celluleflexible/ros_ws/install/aiguillages/share/aiguillages/cmake/export_aiguillages__rosidl_typesupport_fastrtps_cppExport-noconfig.cmake
[8.592s] -- Installing: /home/user/celluleflexible_en_cours_ROS2/celluleflexible/ros_ws/install/aiguillages/share/aiguillages/cmake/aiguillages__rosidl_typesupport_introspection_cExport.cmake
[8.593s] -- Installing: /home/user/celluleflexible_en_cours_ROS2/celluleflexible/ros_ws/install/aiguillages/share/aiguillages/cmake/aiguillages__rosidl_typesupport_introspection_cExport-noconfig.cmake
[8.593s] -- Installing: /home/user/celluleflexible_en_cours_ROS2/celluleflexible/ros_ws/install/aiguillages/share/aiguillages/cmake/aiguillages__rosidl_typesupport_cExport.cmake
[8.593s] -- Installing: /home/user/celluleflexible_en_cours_ROS2/celluleflexible/ros_ws/install/aiguillages/share/aiguillages/cmake/aiguillages__rosidl_typesupport_cExport-noconfig.cmake
[8.593s] -- Installing: /home/user/celluleflexible_en_cours_ROS2/celluleflexible/ros_ws/install/aiguillages/share/aiguillages/cmake/aiguillages__rosidl_typesupport_introspection_cppExport.cmake
[8.594s] -- Installing: /home/user/celluleflexible_en_cours_ROS2/celluleflexible/ros_ws/install/aiguillages/share/aiguillages/cmake/aiguillages__rosidl_typesupport_introspection_cppExport-noconfig.cmake
[8.594s] -- Installing: /home/user/celluleflexible_en_cours_ROS2/celluleflexible/ros_ws/install/aiguillages/share/aiguillages/cmake/aiguillages__rosidl_typesupport_cppExport.cmake
[8.594s] -- Installing: /home/user/celluleflexible_en_cours_ROS2/celluleflexible/ros_ws/install/aiguillages/share/aiguillages/cmake/aiguillages__rosidl_typesupport_cppExport-noconfig.cmake
[8.594s] -- Installing: /home/user/celluleflexible_en_cours_ROS2/celluleflexible/ros_ws/install/aiguillages/share/aiguillages/cmake/export_aiguillages__rosidl_generator_pyExport.cmake
[8.594s] -- Installing: /home/user/celluleflexible_en_cours_ROS2/celluleflexible/ros_ws/install/aiguillages/share/aiguillages/cmake/export_aiguillages__rosidl_generator_pyExport-noconfig.cmake
[8.594s] -- Installing: /home/user/celluleflexible_en_cours_ROS2/celluleflexible/ros_ws/install/aiguillages/share/aiguillages/cmake/rosidl_cmake-extras.cmake
[8.594s] -- Installing: /home/user/celluleflexible_en_cours_ROS2/celluleflexible/ros_ws/install/aiguillages/share/aiguillages/cmake/ament_cmake_export_dependencies-extras.cmake
[8.594s] -- Installing: /home/user/celluleflexible_en_cours_ROS2/celluleflexible/ros_ws/install/aiguillages/share/aiguillages/cmake/ament_cmake_export_include_directories-extras.cmake
[8.594s] -- Installing: /home/user/celluleflexible_en_cours_ROS2/celluleflexible/ros_ws/install/aiguillages/share/aiguillages/cmake/ament_cmake_export_libraries-extras.cmake
[8.594s] -- Installing: /home/user/celluleflexible_en_cours_ROS2/celluleflexible/ros_ws/install/aiguillages/share/aiguillages/cmake/ament_cmake_export_targets-extras.cmake
[8.594s] -- Installing: /home/user/celluleflexible_en_cours_ROS2/celluleflexible/ros_ws/install/aiguillages/share/aiguillages/cmake/rosidl_cmake_export_typesupport_targets-extras.cmake
[8.594s] -- Installing: /home/user/celluleflexible_en_cours_ROS2/celluleflexible/ros_ws/install/aiguillages/share/aiguillages/cmake/rosidl_cmake_export_typesupport_libraries-extras.cmake
[8.595s] -- Installing: /home/user/celluleflexible_en_cours_ROS2/celluleflexible/ros_ws/install/aiguillages/share/aiguillages/cmake/aiguillagesConfig.cmake
[8.595s] -- Installing: /home/user/celluleflexible_en_cours_ROS2/celluleflexible/ros_ws/install/aiguillages/share/aiguillages/cmake/aiguillagesConfig-version.cmake
[8.595s] -- Installing: /home/user/celluleflexible_en_cours_ROS2/celluleflexible/ros_ws/install/aiguillages/share/aiguillages/package.xml
[8.597s] Invoked command in '/home/user/celluleflexible_en_cours_ROS2/celluleflexible/ros_ws/build/aiguillages' returned '0': CMAKE_PREFIX_PATH=${CMAKE_PREFIX_PATH}:/opt/ros/jazzy DEBUGINFOD_URLS=https://debuginfod.ubuntu.com /usr/bin/cmake --install /home/user/celluleflexible_en_cours_ROS2/celluleflexible/ros_ws/build/aiguillages
