[0.019s] Invoking command in '/home/user/celluleflexible/ros_ws/build/commande_locale': AMENT_PREFIX_PATH=/home/user/celluleflexible/ros_ws/install/aiguillages:${AMENT_PREFIX_PATH} CMAKE_PREFIX_PATH=/home/user/celluleflexible/ros_ws/install/aiguillages:/opt/ros/jazzy/opt/gz_math_vendor:/opt/ros/jazzy/opt/gz_utils_vendor:/opt/ros/jazzy/opt/gz_cmake_vendor:/opt/ros/jazzy DEBUGINFOD_URLS=https://debuginfod.ubuntu.com LD_LIBRARY_PATH=/home/user/celluleflexible/ros_ws/install/aiguillages/lib:${LD_LIBRARY_PATH} PYTHONPATH=/home/user/celluleflexible/ros_ws/install/aiguillages/lib/python3.12/site-packages:${PYTHONPATH} /usr/bin/cmake --build /home/user/celluleflexible/ros_ws/build/commande_locale -- -j8 -l8
[0.114s] [  0%] Built target commande_locale__rosidl_generator_type_description
[0.147s] [  0%] Built target ament_cmake_python_copy_commande_locale
[0.158s] [  0%] Built target commande_locale__cpp
[0.170s] [ 25%] Built target commande_locale__rosidl_generator_c
[0.238s] [ 35%] Built target commande_locale__rosidl_typesupport_c
[0.239s] [ 44%] Built target commande_locale__rosidl_typesupport_introspection_c
[0.242s] [ 53%] Built target commande_locale__rosidl_typesupport_cpp
[0.244s] [ 62%] Built target commande_locale__rosidl_typesupport_fastrtps_cpp
[0.250s] [ 72%] Built target commande_locale__rosidl_typesupport_introspection_cpp
[0.254s] [ 82%] Built target commande_locale__rosidl_typesupport_fastrtps_c
[0.299s] [ 82%] Built target commande_locale
[0.317s] [ 83%] [32mBuilding CXX object CMakeFiles/simulation.dir/src/commande_locale.cpp.o[0m
[0.323s] [ 84%] Built target commande_locale__py
[0.359s] running egg_info
[0.368s] writing commande_locale.egg-info/PKG-INFO
[0.370s] writing dependency_links to commande_locale.egg-info/dependency_links.txt
[0.370s] writing top-level names to commande_locale.egg-info/top_level.txt
[0.370s] [ 93%] Built target commande_locale__rosidl_generator_py
[0.420s] reading manifest file 'commande_locale.egg-info/SOURCES.txt'
[0.421s] writing manifest file 'commande_locale.egg-info/SOURCES.txt'
[0.424s] [ 94%] Built target commande_locale_s__rosidl_typesupport_c
[0.424s] [ 96%] Built target commande_locale_s__rosidl_typesupport_fastrtps_c
[0.430s] [ 97%] Built target commande_locale_s__rosidl_typesupport_introspection_c
[0.447s] [ 97%] Built target ament_cmake_python_build_commande_locale_egg
[10.263s] [ 98%] [32m[1mLinking CXX executable simulation[0m
[11.239s] [100%] Built target simulation
[11.262s] Invoked command in '/home/user/celluleflexible/ros_ws/build/commande_locale' returned '0': AMENT_PREFIX_PATH=/home/user/celluleflexible/ros_ws/install/aiguillages:${AMENT_PREFIX_PATH} CMAKE_PREFIX_PATH=/home/user/celluleflexible/ros_ws/install/aiguillages:/opt/ros/jazzy/opt/gz_math_vendor:/opt/ros/jazzy/opt/gz_utils_vendor:/opt/ros/jazzy/opt/gz_cmake_vendor:/opt/ros/jazzy DEBUGINFOD_URLS=https://debuginfod.ubuntu.com LD_LIBRARY_PATH=/home/user/celluleflexible/ros_ws/install/aiguillages/lib:${LD_LIBRARY_PATH} PYTHONPATH=/home/user/celluleflexible/ros_ws/install/aiguillages/lib/python3.12/site-packages:${PYTHONPATH} /usr/bin/cmake --build /home/user/celluleflexible/ros_ws/build/commande_locale -- -j8 -l8
[11.274s] Invoking command in '/home/user/celluleflexible/ros_ws/build/commande_locale': AMENT_PREFIX_PATH=/home/user/celluleflexible/ros_ws/install/aiguillages:${AMENT_PREFIX_PATH} CMAKE_PREFIX_PATH=/home/user/celluleflexible/ros_ws/install/aiguillages:/opt/ros/jazzy/opt/gz_math_vendor:/opt/ros/jazzy/opt/gz_utils_vendor:/opt/ros/jazzy/opt/gz_cmake_vendor:/opt/ros/jazzy DEBUGINFOD_URLS=https://debuginfod.ubuntu.com LD_LIBRARY_PATH=/home/user/celluleflexible/ros_ws/install/aiguillages/lib:${LD_LIBRARY_PATH} PYTHONPATH=/home/user/celluleflexible/ros_ws/install/aiguillages/lib/python3.12/site-packages:${PYTHONPATH} /usr/bin/cmake --install /home/user/celluleflexible/ros_ws/build/commande_locale
[11.284s] -- Install configuration: ""
[11.286s] -- Up-to-date: /home/user/celluleflexible/ros_ws/install/commande_locale/share/ament_index/resource_index/rosidl_interfaces/commande_locale
[11.287s] -- Up-to-date: /home/user/celluleflexible/ros_ws/install/commande_locale/share/commande_locale/srv/SrvAddProduct.json
[11.287s] -- Up-to-date: /home/user/celluleflexible/ros_ws/install/commande_locale/share/commande_locale/srv/SrvFinInit.json
[11.288s] -- Up-to-date: /home/user/celluleflexible/ros_ws/install/commande_locale/share/commande_locale/srv/SrvAddProductPushBack.json
[11.288s] -- Up-to-date: /home/user/celluleflexible/ros_ws/install/commande_locale/share/commande_locale/msg/MsgAddProduct.json
[11.288s] -- Up-to-date: /home/user/celluleflexible/ros_ws/install/commande_locale/share/commande_locale/msg/MsgStopControl.json
[11.288s] -- Up-to-date: /home/user/celluleflexible/ros_ws/install/commande_locale/share/commande_locale/msg/MsgColor.json
[11.288s] -- Up-to-date: /home/user/celluleflexible/ros_ws/install/commande_locale/share/commande_locale/msg/MsgSwitchControl.json
[11.288s] -- Up-to-date: /home/user/celluleflexible/ros_ws/install/commande_locale/share/commande_locale/msg/MsgPinControl.json
[11.288s] -- Up-to-date: /home/user/celluleflexible/ros_ws/install/commande_locale/share/commande_locale/msg/MsgErreur.json
[11.288s] -- Up-to-date: /home/user/celluleflexible/ros_ws/install/commande_locale/share/commande_locale/msg/MsgChoixMode.json
[11.289s] -- Up-to-date: /home/user/celluleflexible/ros_ws/install/commande_locale/include/commande_locale/commande_locale
[11.289s] -- Up-to-date: /home/user/celluleflexible/ros_ws/install/commande_locale/include/commande_locale/commande_locale/msg
[11.290s] -- Up-to-date: /home/user/celluleflexible/ros_ws/install/commande_locale/include/commande_locale/commande_locale/msg/msg_choix_mode.h
[11.290s] -- Up-to-date: /home/user/celluleflexible/ros_ws/install/commande_locale/include/commande_locale/commande_locale/msg/msg_stop_control.h
[11.290s] -- Up-to-date: /home/user/celluleflexible/ros_ws/install/commande_locale/include/commande_locale/commande_locale/msg/rosidl_generator_c__visibility_control.h
[11.290s] -- Up-to-date: /home/user/celluleflexible/ros_ws/install/commande_locale/include/commande_locale/commande_locale/msg/msg_add_product.h
[11.290s] -- Up-to-date: /home/user/celluleflexible/ros_ws/install/commande_locale/include/commande_locale/commande_locale/msg/msg_erreur.h
[11.290s] -- Up-to-date: /home/user/celluleflexible/ros_ws/install/commande_locale/include/commande_locale/commande_locale/msg/msg_pin_control.h
[11.290s] -- Up-to-date: /home/user/celluleflexible/ros_ws/install/commande_locale/include/commande_locale/commande_locale/msg/msg_switch_control.h
[11.290s] -- Up-to-date: /home/user/celluleflexible/ros_ws/install/commande_locale/include/commande_locale/commande_locale/msg/detail
[11.291s] -- Up-to-date: /home/user/celluleflexible/ros_ws/install/commande_locale/include/commande_locale/commande_locale/msg/detail/msg_pin_control__functions.h
[11.291s] -- Up-to-date: /home/user/celluleflexible/ros_ws/install/commande_locale/include/commande_locale/commande_locale/msg/detail/msg_choix_mode__functions.h
[11.291s] -- Up-to-date: /home/user/celluleflexible/ros_ws/install/commande_locale/include/commande_locale/commande_locale/msg/detail/msg_color__type_support.h
[11.291s] -- Up-to-date: /home/user/celluleflexible/ros_ws/install/commande_locale/include/commande_locale/commande_locale/msg/detail/msg_color__description.c
[11.291s] -- Up-to-date: /home/user/celluleflexible/ros_ws/install/commande_locale/include/commande_locale/commande_locale/msg/detail/msg_pin_control__functions.c
[11.291s] -- Up-to-date: /home/user/celluleflexible/ros_ws/install/commande_locale/include/commande_locale/commande_locale/msg/detail/msg_erreur__functions.h
[11.291s] -- Up-to-date: /home/user/celluleflexible/ros_ws/install/commande_locale/include/commande_locale/commande_locale/msg/detail/msg_stop_control__description.c
[11.291s] -- Up-to-date: /home/user/celluleflexible/ros_ws/install/commande_locale/include/commande_locale/commande_locale/msg/detail/msg_switch_control__type_support.c
[11.291s] -- Up-to-date: /home/user/celluleflexible/ros_ws/install/commande_locale/include/commande_locale/commande_locale/msg/detail/msg_switch_control__functions.h
[11.291s] -- Up-to-date: /home/user/celluleflexible/ros_ws/install/commande_locale/include/commande_locale/commande_locale/msg/detail/msg_stop_control__type_support.c
[11.291s] -- Up-to-date: /home/user/celluleflexible/ros_ws/install/commande_locale/include/commande_locale/commande_locale/msg/detail/msg_erreur__type_support.h
[11.292s] -- Up-to-date: /home/user/celluleflexible/ros_ws/install/commande_locale/include/commande_locale/commande_locale/msg/detail/msg_choix_mode__description.c
[11.292s] -- Up-to-date: /home/user/celluleflexible/ros_ws/install/commande_locale/include/commande_locale/commande_locale/msg/detail/msg_color__struct.h
[11.292s] -- Up-to-date: /home/user/celluleflexible/ros_ws/install/commande_locale/include/commande_locale/commande_locale/msg/detail/msg_erreur__struct.h
[11.292s] -- Up-to-date: /home/user/celluleflexible/ros_ws/install/commande_locale/include/commande_locale/commande_locale/msg/detail/msg_add_product__description.c
[11.292s] -- Up-to-date: /home/user/celluleflexible/ros_ws/install/commande_locale/include/commande_locale/commande_locale/msg/detail/msg_switch_control__description.c
[11.292s] -- Up-to-date: /home/user/celluleflexible/ros_ws/install/commande_locale/include/commande_locale/commande_locale/msg/detail/msg_stop_control__type_support.h
[11.292s] -- Up-to-date: /home/user/celluleflexible/ros_ws/install/commande_locale/include/commande_locale/commande_locale/msg/detail/msg_switch_control__functions.c
[11.292s] -- Up-to-date: /home/user/celluleflexible/ros_ws/install/commande_locale/include/commande_locale/commande_locale/msg/detail/msg_erreur__functions.c
[11.292s] -- Up-to-date: /home/user/celluleflexible/ros_ws/install/commande_locale/include/commande_locale/commande_locale/msg/detail/msg_choix_mode__type_support.h
[11.292s] -- Up-to-date: /home/user/celluleflexible/ros_ws/install/commande_locale/include/commande_locale/commande_locale/msg/detail/msg_add_product__functions.c
[11.292s] -- Up-to-date: /home/user/celluleflexible/ros_ws/install/commande_locale/include/commande_locale/commande_locale/msg/detail/msg_choix_mode__functions.c
[11.292s] -- Up-to-date: /home/user/celluleflexible/ros_ws/install/commande_locale/include/commande_locale/commande_locale/msg/detail/msg_stop_control__functions.h
[11.292s] -- Up-to-date: /home/user/celluleflexible/ros_ws/install/commande_locale/include/commande_locale/commande_locale/msg/detail/msg_color__type_support.c
[11.292s] -- Up-to-date: /home/user/celluleflexible/ros_ws/install/commande_locale/include/commande_locale/commande_locale/msg/detail/msg_add_product__type_support.c
[11.292s] -- Up-to-date: /home/user/celluleflexible/ros_ws/install/commande_locale/include/commande_locale/commande_locale/msg/detail/msg_choix_mode__type_support.c
[11.292s] -- Up-to-date: /home/user/celluleflexible/ros_ws/install/commande_locale/include/commande_locale/commande_locale/msg/detail/msg_pin_control__description.c
[11.292s] -- Up-to-date: /home/user/celluleflexible/ros_ws/install/commande_locale/include/commande_locale/commande_locale/msg/detail/msg_switch_control__struct.h
[11.292s] -- Up-to-date: /home/user/celluleflexible/ros_ws/install/commande_locale/include/commande_locale/commande_locale/msg/detail/msg_erreur__description.c
[11.292s] -- Up-to-date: /home/user/celluleflexible/ros_ws/install/commande_locale/include/commande_locale/commande_locale/msg/detail/msg_add_product__functions.h
[11.292s] -- Up-to-date: /home/user/celluleflexible/ros_ws/install/commande_locale/include/commande_locale/commande_locale/msg/detail/msg_pin_control__type_support.c
[11.292s] -- Up-to-date: /home/user/celluleflexible/ros_ws/install/commande_locale/include/commande_locale/commande_locale/msg/detail/msg_erreur__type_support.c
[11.292s] -- Up-to-date: /home/user/celluleflexible/ros_ws/install/commande_locale/include/commande_locale/commande_locale/msg/detail/msg_add_product__type_support.h
[11.292s] -- Up-to-date: /home/user/celluleflexible/ros_ws/install/commande_locale/include/commande_locale/commande_locale/msg/detail/msg_stop_control__struct.h
[11.292s] -- Up-to-date: /home/user/celluleflexible/ros_ws/install/commande_locale/include/commande_locale/commande_locale/msg/detail/msg_stop_control__functions.c
[11.292s] -- Up-to-date: /home/user/celluleflexible/ros_ws/install/commande_locale/include/commande_locale/commande_locale/msg/detail/msg_switch_control__type_support.h
[11.292s] -- Up-to-date: /home/user/celluleflexible/ros_ws/install/commande_locale/include/commande_locale/commande_locale/msg/detail/msg_pin_control__type_support.h
[11.292s] -- Up-to-date: /home/user/celluleflexible/ros_ws/install/commande_locale/include/commande_locale/commande_locale/msg/detail/msg_add_product__struct.h
[11.293s] -- Up-to-date: /home/user/celluleflexible/ros_ws/install/commande_locale/include/commande_locale/commande_locale/msg/detail/msg_color__functions.h
[11.293s] -- Up-to-date: /home/user/celluleflexible/ros_ws/install/commande_locale/include/commande_locale/commande_locale/msg/detail/msg_choix_mode__struct.h
[11.293s] -- Up-to-date: /home/user/celluleflexible/ros_ws/install/commande_locale/include/commande_locale/commande_locale/msg/detail/msg_pin_control__struct.h
[11.293s] -- Up-to-date: /home/user/celluleflexible/ros_ws/install/commande_locale/include/commande_locale/commande_locale/msg/detail/msg_color__functions.c
[11.293s] -- Up-to-date: /home/user/celluleflexible/ros_ws/install/commande_locale/include/commande_locale/commande_locale/msg/msg_color.h
[11.293s] -- Up-to-date: /home/user/celluleflexible/ros_ws/install/commande_locale/include/commande_locale/commande_locale/srv
[11.293s] -- Up-to-date: /home/user/celluleflexible/ros_ws/install/commande_locale/include/commande_locale/commande_locale/srv/srv_fin_init.h
[11.293s] -- Up-to-date: /home/user/celluleflexible/ros_ws/install/commande_locale/include/commande_locale/commande_locale/srv/srv_add_product_push_back.h
[11.293s] -- Up-to-date: /home/user/celluleflexible/ros_ws/install/commande_locale/include/commande_locale/commande_locale/srv/srv_add_product.h
[11.293s] -- Up-to-date: /home/user/celluleflexible/ros_ws/install/commande_locale/include/commande_locale/commande_locale/srv/detail
[11.293s] -- Up-to-date: /home/user/celluleflexible/ros_ws/install/commande_locale/include/commande_locale/commande_locale/srv/detail/srv_fin_init__type_support.h
[11.293s] -- Up-to-date: /home/user/celluleflexible/ros_ws/install/commande_locale/include/commande_locale/commande_locale/srv/detail/srv_add_product_push_back__type_support.c
[11.294s] -- Up-to-date: /home/user/celluleflexible/ros_ws/install/commande_locale/include/commande_locale/commande_locale/srv/detail/srv_add_product_push_back__description.c
[11.294s] -- Up-to-date: /home/user/celluleflexible/ros_ws/install/commande_locale/include/commande_locale/commande_locale/srv/detail/srv_add_product__struct.h
[11.294s] -- Up-to-date: /home/user/celluleflexible/ros_ws/install/commande_locale/include/commande_locale/commande_locale/srv/detail/srv_fin_init__type_support.c
[11.294s] -- Up-to-date: /home/user/celluleflexible/ros_ws/install/commande_locale/include/commande_locale/commande_locale/srv/detail/srv_add_product__type_support.h
[11.294s] -- Up-to-date: /home/user/celluleflexible/ros_ws/install/commande_locale/include/commande_locale/commande_locale/srv/detail/srv_fin_init__functions.c
[11.294s] -- Up-to-date: /home/user/celluleflexible/ros_ws/install/commande_locale/include/commande_locale/commande_locale/srv/detail/srv_add_product__description.c
[11.294s] -- Up-to-date: /home/user/celluleflexible/ros_ws/install/commande_locale/include/commande_locale/commande_locale/srv/detail/srv_add_product_push_back__functions.h
[11.294s] -- Up-to-date: /home/user/celluleflexible/ros_ws/install/commande_locale/include/commande_locale/commande_locale/srv/detail/srv_add_product__functions.c
[11.294s] -- Up-to-date: /home/user/celluleflexible/ros_ws/install/commande_locale/include/commande_locale/commande_locale/srv/detail/srv_fin_init__functions.h
[11.294s] -- Up-to-date: /home/user/celluleflexible/ros_ws/install/commande_locale/include/commande_locale/commande_locale/srv/detail/srv_add_product__type_support.c
[11.294s] -- Up-to-date: /home/user/celluleflexible/ros_ws/install/commande_locale/include/commande_locale/commande_locale/srv/detail/srv_add_product_push_back__struct.h
[11.294s] -- Up-to-date: /home/user/celluleflexible/ros_ws/install/commande_locale/include/commande_locale/commande_locale/srv/detail/srv_fin_init__description.c
[11.294s] -- Up-to-date: /home/user/celluleflexible/ros_ws/install/commande_locale/include/commande_locale/commande_locale/srv/detail/srv_add_product_push_back__type_support.h
[11.294s] -- Up-to-date: /home/user/celluleflexible/ros_ws/install/commande_locale/include/commande_locale/commande_locale/srv/detail/srv_fin_init__struct.h
[11.294s] -- Up-to-date: /home/user/celluleflexible/ros_ws/install/commande_locale/include/commande_locale/commande_locale/srv/detail/srv_add_product_push_back__functions.c
[11.294s] -- Up-to-date: /home/user/celluleflexible/ros_ws/install/commande_locale/include/commande_locale/commande_locale/srv/detail/srv_add_product__functions.h
[11.294s] -- Up-to-date: /home/user/celluleflexible/ros_ws/install/commande_locale/share/commande_locale/environment/library_path.sh
[11.294s] -- Up-to-date: /home/user/celluleflexible/ros_ws/install/commande_locale/share/commande_locale/environment/library_path.dsv
[11.295s] -- Up-to-date: /home/user/celluleflexible/ros_ws/install/commande_locale/lib/libcommande_locale__rosidl_generator_c.so
[11.295s] -- Up-to-date: /home/user/celluleflexible/ros_ws/install/commande_locale/include/commande_locale/commande_locale
[11.295s] -- Up-to-date: /home/user/celluleflexible/ros_ws/install/commande_locale/include/commande_locale/commande_locale/msg
[11.295s] -- Up-to-date: /home/user/celluleflexible/ros_ws/install/commande_locale/include/commande_locale/commande_locale/msg/rosidl_typesupport_fastrtps_c__visibility_control.h
[11.295s] -- Up-to-date: /home/user/celluleflexible/ros_ws/install/commande_locale/include/commande_locale/commande_locale/msg/detail
[11.296s] -- Up-to-date: /home/user/celluleflexible/ros_ws/install/commande_locale/include/commande_locale/commande_locale/msg/detail/msg_erreur__rosidl_typesupport_fastrtps_c.h
[11.296s] -- Up-to-date: /home/user/celluleflexible/ros_ws/install/commande_locale/include/commande_locale/commande_locale/msg/detail/msg_color__rosidl_typesupport_fastrtps_c.h
[11.296s] -- Up-to-date: /home/user/celluleflexible/ros_ws/install/commande_locale/include/commande_locale/commande_locale/msg/detail/msg_choix_mode__rosidl_typesupport_fastrtps_c.h
[11.296s] -- Up-to-date: /home/user/celluleflexible/ros_ws/install/commande_locale/include/commande_locale/commande_locale/msg/detail/msg_add_product__rosidl_typesupport_fastrtps_c.h
[11.296s] -- Up-to-date: /home/user/celluleflexible/ros_ws/install/commande_locale/include/commande_locale/commande_locale/msg/detail/msg_pin_control__rosidl_typesupport_fastrtps_c.h
[11.296s] -- Up-to-date: /home/user/celluleflexible/ros_ws/install/commande_locale/include/commande_locale/commande_locale/msg/detail/msg_stop_control__rosidl_typesupport_fastrtps_c.h
[11.296s] -- Up-to-date: /home/user/celluleflexible/ros_ws/install/commande_locale/include/commande_locale/commande_locale/msg/detail/msg_switch_control__rosidl_typesupport_fastrtps_c.h
[11.296s] -- Up-to-date: /home/user/celluleflexible/ros_ws/install/commande_locale/include/commande_locale/commande_locale/srv
[11.296s] -- Up-to-date: /home/user/celluleflexible/ros_ws/install/commande_locale/include/commande_locale/commande_locale/srv/detail
[11.296s] -- Up-to-date: /home/user/celluleflexible/ros_ws/install/commande_locale/include/commande_locale/commande_locale/srv/detail/srv_add_product_push_back__rosidl_typesupport_fastrtps_c.h
[11.296s] -- Up-to-date: /home/user/celluleflexible/ros_ws/install/commande_locale/include/commande_locale/commande_locale/srv/detail/srv_add_product__rosidl_typesupport_fastrtps_c.h
[11.296s] -- Up-to-date: /home/user/celluleflexible/ros_ws/install/commande_locale/include/commande_locale/commande_locale/srv/detail/srv_fin_init__rosidl_typesupport_fastrtps_c.h
[11.297s] -- Up-to-date: /home/user/celluleflexible/ros_ws/install/commande_locale/lib/libcommande_locale__rosidl_typesupport_fastrtps_c.so
[11.297s] -- Up-to-date: /home/user/celluleflexible/ros_ws/install/commande_locale/include/commande_locale/commande_locale
[11.297s] -- Up-to-date: /home/user/celluleflexible/ros_ws/install/commande_locale/include/commande_locale/commande_locale/msg
[11.297s] -- Up-to-date: /home/user/celluleflexible/ros_ws/install/commande_locale/include/commande_locale/commande_locale/msg/msg_color.hpp
[11.297s] -- Up-to-date: /home/user/celluleflexible/ros_ws/install/commande_locale/include/commande_locale/commande_locale/msg/msg_pin_control.hpp
[11.298s] -- Up-to-date: /home/user/celluleflexible/ros_ws/install/commande_locale/include/commande_locale/commande_locale/msg/msg_switch_control.hpp
[11.298s] -- Up-to-date: /home/user/celluleflexible/ros_ws/install/commande_locale/include/commande_locale/commande_locale/msg/rosidl_generator_cpp__visibility_control.hpp
[11.298s] -- Up-to-date: /home/user/celluleflexible/ros_ws/install/commande_locale/include/commande_locale/commande_locale/msg/msg_stop_control.hpp
[11.298s] -- Up-to-date: /home/user/celluleflexible/ros_ws/install/commande_locale/include/commande_locale/commande_locale/msg/msg_choix_mode.hpp
[11.298s] -- Up-to-date: /home/user/celluleflexible/ros_ws/install/commande_locale/include/commande_locale/commande_locale/msg/msg_add_product.hpp
[11.298s] -- Up-to-date: /home/user/celluleflexible/ros_ws/install/commande_locale/include/commande_locale/commande_locale/msg/detail
[11.298s] -- Up-to-date: /home/user/celluleflexible/ros_ws/install/commande_locale/include/commande_locale/commande_locale/msg/detail/msg_choix_mode__struct.hpp
[11.298s] -- Up-to-date: /home/user/celluleflexible/ros_ws/install/commande_locale/include/commande_locale/commande_locale/msg/detail/msg_add_product__struct.hpp
[11.298s] -- Up-to-date: /home/user/celluleflexible/ros_ws/install/commande_locale/include/commande_locale/commande_locale/msg/detail/msg_switch_control__struct.hpp
[11.298s] -- Up-to-date: /home/user/celluleflexible/ros_ws/install/commande_locale/include/commande_locale/commande_locale/msg/detail/msg_stop_control__traits.hpp
[11.298s] -- Up-to-date: /home/user/celluleflexible/ros_ws/install/commande_locale/include/commande_locale/commande_locale/msg/detail/msg_color__traits.hpp
[11.298s] -- Up-to-date: /home/user/celluleflexible/ros_ws/install/commande_locale/include/commande_locale/commande_locale/msg/detail/msg_pin_control__builder.hpp
[11.299s] -- Up-to-date: /home/user/celluleflexible/ros_ws/install/commande_locale/include/commande_locale/commande_locale/msg/detail/msg_switch_control__traits.hpp
[11.299s] -- Up-to-date: /home/user/celluleflexible/ros_ws/install/commande_locale/include/commande_locale/commande_locale/msg/detail/msg_erreur__traits.hpp
[11.299s] -- Up-to-date: /home/user/celluleflexible/ros_ws/install/commande_locale/include/commande_locale/commande_locale/msg/detail/msg_add_product__builder.hpp
[11.299s] -- Up-to-date: /home/user/celluleflexible/ros_ws/install/commande_locale/include/commande_locale/commande_locale/msg/detail/msg_stop_control__struct.hpp
[11.299s] -- Up-to-date: /home/user/celluleflexible/ros_ws/install/commande_locale/include/commande_locale/commande_locale/msg/detail/msg_choix_mode__traits.hpp
[11.299s] -- Up-to-date: /home/user/celluleflexible/ros_ws/install/commande_locale/include/commande_locale/commande_locale/msg/detail/msg_choix_mode__builder.hpp
[11.299s] -- Up-to-date: /home/user/celluleflexible/ros_ws/install/commande_locale/include/commande_locale/commande_locale/msg/detail/msg_erreur__struct.hpp
[11.299s] -- Up-to-date: /home/user/celluleflexible/ros_ws/install/commande_locale/include/commande_locale/commande_locale/msg/detail/msg_color__builder.hpp
[11.299s] -- Up-to-date: /home/user/celluleflexible/ros_ws/install/commande_locale/include/commande_locale/commande_locale/msg/detail/msg_erreur__type_support.hpp
[11.299s] -- Up-to-date: /home/user/celluleflexible/ros_ws/install/commande_locale/include/commande_locale/commande_locale/msg/detail/msg_add_product__type_support.hpp
[11.300s] -- Up-to-date: /home/user/celluleflexible/ros_ws/install/commande_locale/include/commande_locale/commande_locale/msg/detail/msg_pin_control__struct.hpp
[11.300s] -- Up-to-date: /home/user/celluleflexible/ros_ws/install/commande_locale/include/commande_locale/commande_locale/msg/detail/msg_erreur__builder.hpp
[11.300s] -- Up-to-date: /home/user/celluleflexible/ros_ws/install/commande_locale/include/commande_locale/commande_locale/msg/detail/msg_switch_control__type_support.hpp
[11.300s] -- Up-to-date: /home/user/celluleflexible/ros_ws/install/commande_locale/include/commande_locale/commande_locale/msg/detail/msg_pin_control__traits.hpp
[11.300s] -- Up-to-date: /home/user/celluleflexible/ros_ws/install/commande_locale/include/commande_locale/commande_locale/msg/detail/msg_add_product__traits.hpp
[11.300s] -- Up-to-date: /home/user/celluleflexible/ros_ws/install/commande_locale/include/commande_locale/commande_locale/msg/detail/msg_choix_mode__type_support.hpp
[11.300s] -- Up-to-date: /home/user/celluleflexible/ros_ws/install/commande_locale/include/commande_locale/commande_locale/msg/detail/msg_stop_control__type_support.hpp
[11.300s] -- Up-to-date: /home/user/celluleflexible/ros_ws/install/commande_locale/include/commande_locale/commande_locale/msg/detail/msg_switch_control__builder.hpp
[11.300s] -- Up-to-date: /home/user/celluleflexible/ros_ws/install/commande_locale/include/commande_locale/commande_locale/msg/detail/msg_stop_control__builder.hpp
[11.300s] -- Up-to-date: /home/user/celluleflexible/ros_ws/install/commande_locale/include/commande_locale/commande_locale/msg/detail/msg_color__type_support.hpp
[11.300s] -- Up-to-date: /home/user/celluleflexible/ros_ws/install/commande_locale/include/commande_locale/commande_locale/msg/detail/msg_pin_control__type_support.hpp
[11.300s] -- Up-to-date: /home/user/celluleflexible/ros_ws/install/commande_locale/include/commande_locale/commande_locale/msg/detail/msg_color__struct.hpp
[11.300s] -- Up-to-date: /home/user/celluleflexible/ros_ws/install/commande_locale/include/commande_locale/commande_locale/msg/msg_erreur.hpp
[11.300s] -- Up-to-date: /home/user/celluleflexible/ros_ws/install/commande_locale/include/commande_locale/commande_locale/srv
[11.300s] -- Up-to-date: /home/user/celluleflexible/ros_ws/install/commande_locale/include/commande_locale/commande_locale/srv/srv_add_product.hpp
[11.300s] -- Up-to-date: /home/user/celluleflexible/ros_ws/install/commande_locale/include/commande_locale/commande_locale/srv/srv_add_product_push_back.hpp
[11.301s] -- Up-to-date: /home/user/celluleflexible/ros_ws/install/commande_locale/include/commande_locale/commande_locale/srv/srv_fin_init.hpp
[11.301s] -- Up-to-date: /home/user/celluleflexible/ros_ws/install/commande_locale/include/commande_locale/commande_locale/srv/detail
[11.301s] -- Up-to-date: /home/user/celluleflexible/ros_ws/install/commande_locale/include/commande_locale/commande_locale/srv/detail/srv_add_product_push_back__builder.hpp
[11.301s] -- Up-to-date: /home/user/celluleflexible/ros_ws/install/commande_locale/include/commande_locale/commande_locale/srv/detail/srv_fin_init__builder.hpp
[11.301s] -- Up-to-date: /home/user/celluleflexible/ros_ws/install/commande_locale/include/commande_locale/commande_locale/srv/detail/srv_add_product__struct.hpp
[11.301s] -- Up-to-date: /home/user/celluleflexible/ros_ws/install/commande_locale/include/commande_locale/commande_locale/srv/detail/srv_fin_init__traits.hpp
[11.301s] -- Up-to-date: /home/user/celluleflexible/ros_ws/install/commande_locale/include/commande_locale/commande_locale/srv/detail/srv_add_product__type_support.hpp
[11.301s] -- Up-to-date: /home/user/celluleflexible/ros_ws/install/commande_locale/include/commande_locale/commande_locale/srv/detail/srv_add_product_push_back__struct.hpp
[11.301s] -- Up-to-date: /home/user/celluleflexible/ros_ws/install/commande_locale/include/commande_locale/commande_locale/srv/detail/srv_add_product_push_back__traits.hpp
[11.301s] -- Up-to-date: /home/user/celluleflexible/ros_ws/install/commande_locale/include/commande_locale/commande_locale/srv/detail/srv_fin_init__type_support.hpp
[11.301s] -- Up-to-date: /home/user/celluleflexible/ros_ws/install/commande_locale/include/commande_locale/commande_locale/srv/detail/srv_add_product__builder.hpp
[11.301s] -- Up-to-date: /home/user/celluleflexible/ros_ws/install/commande_locale/include/commande_locale/commande_locale/srv/detail/srv_fin_init__struct.hpp
[11.301s] -- Up-to-date: /home/user/celluleflexible/ros_ws/install/commande_locale/include/commande_locale/commande_locale/srv/detail/srv_add_product__traits.hpp
[11.301s] -- Up-to-date: /home/user/celluleflexible/ros_ws/install/commande_locale/include/commande_locale/commande_locale/srv/detail/srv_add_product_push_back__type_support.hpp
[11.301s] -- Up-to-date: /home/user/celluleflexible/ros_ws/install/commande_locale/include/commande_locale/commande_locale
[11.301s] -- Up-to-date: /home/user/celluleflexible/ros_ws/install/commande_locale/include/commande_locale/commande_locale/msg
[11.301s] -- Up-to-date: /home/user/celluleflexible/ros_ws/install/commande_locale/include/commande_locale/commande_locale/msg/detail
[11.301s] -- Up-to-date: /home/user/celluleflexible/ros_ws/install/commande_locale/include/commande_locale/commande_locale/msg/detail/msg_pin_control__rosidl_typesupport_fastrtps_cpp.hpp
[11.301s] -- Up-to-date: /home/user/celluleflexible/ros_ws/install/commande_locale/include/commande_locale/commande_locale/msg/detail/msg_switch_control__rosidl_typesupport_fastrtps_cpp.hpp
[11.301s] -- Up-to-date: /home/user/celluleflexible/ros_ws/install/commande_locale/include/commande_locale/commande_locale/msg/detail/dds_fastrtps
[11.301s] -- Up-to-date: /home/user/celluleflexible/ros_ws/install/commande_locale/include/commande_locale/commande_locale/msg/detail/msg_erreur__rosidl_typesupport_fastrtps_cpp.hpp
[11.301s] -- Up-to-date: /home/user/celluleflexible/ros_ws/install/commande_locale/include/commande_locale/commande_locale/msg/detail/msg_add_product__rosidl_typesupport_fastrtps_cpp.hpp
[11.301s] -- Up-to-date: /home/user/celluleflexible/ros_ws/install/commande_locale/include/commande_locale/commande_locale/msg/detail/msg_stop_control__rosidl_typesupport_fastrtps_cpp.hpp
[11.301s] -- Up-to-date: /home/user/celluleflexible/ros_ws/install/commande_locale/include/commande_locale/commande_locale/msg/detail/msg_color__rosidl_typesupport_fastrtps_cpp.hpp
[11.301s] -- Up-to-date: /home/user/celluleflexible/ros_ws/install/commande_locale/include/commande_locale/commande_locale/msg/detail/msg_choix_mode__rosidl_typesupport_fastrtps_cpp.hpp
[11.301s] -- Up-to-date: /home/user/celluleflexible/ros_ws/install/commande_locale/include/commande_locale/commande_locale/msg/rosidl_typesupport_fastrtps_cpp__visibility_control.h
[11.301s] -- Up-to-date: /home/user/celluleflexible/ros_ws/install/commande_locale/include/commande_locale/commande_locale/srv
[11.301s] -- Up-to-date: /home/user/celluleflexible/ros_ws/install/commande_locale/include/commande_locale/commande_locale/srv/detail
[11.301s] -- Up-to-date: /home/user/celluleflexible/ros_ws/install/commande_locale/include/commande_locale/commande_locale/srv/detail/srv_fin_init__rosidl_typesupport_fastrtps_cpp.hpp
[11.301s] -- Up-to-date: /home/user/celluleflexible/ros_ws/install/commande_locale/include/commande_locale/commande_locale/srv/detail/srv_add_product__rosidl_typesupport_fastrtps_cpp.hpp
[11.301s] -- Up-to-date: /home/user/celluleflexible/ros_ws/install/commande_locale/include/commande_locale/commande_locale/srv/detail/srv_add_product_push_back__rosidl_typesupport_fastrtps_cpp.hpp
[11.301s] -- Up-to-date: /home/user/celluleflexible/ros_ws/install/commande_locale/include/commande_locale/commande_locale/srv/detail/dds_fastrtps
[11.301s] -- Up-to-date: /home/user/celluleflexible/ros_ws/install/commande_locale/lib/libcommande_locale__rosidl_typesupport_fastrtps_cpp.so
[11.301s] -- Up-to-date: /home/user/celluleflexible/ros_ws/install/commande_locale/include/commande_locale/commande_locale
[11.301s] -- Up-to-date: /home/user/celluleflexible/ros_ws/install/commande_locale/include/commande_locale/commande_locale/msg
[11.301s] -- Up-to-date: /home/user/celluleflexible/ros_ws/install/commande_locale/include/commande_locale/commande_locale/msg/rosidl_typesupport_introspection_c__visibility_control.h
[11.301s] -- Up-to-date: /home/user/celluleflexible/ros_ws/install/commande_locale/include/commande_locale/commande_locale/msg/detail
[11.301s] -- Up-to-date: /home/user/celluleflexible/ros_ws/install/commande_locale/include/commande_locale/commande_locale/msg/detail/msg_stop_control__rosidl_typesupport_introspection_c.h
[11.301s] -- Up-to-date: /home/user/celluleflexible/ros_ws/install/commande_locale/include/commande_locale/commande_locale/msg/detail/msg_color__rosidl_typesupport_introspection_c.h
[11.302s] -- Up-to-date: /home/user/celluleflexible/ros_ws/install/commande_locale/include/commande_locale/commande_locale/msg/detail/msg_add_product__rosidl_typesupport_introspection_c.h
[11.302s] -- Up-to-date: /home/user/celluleflexible/ros_ws/install/commande_locale/include/commande_locale/commande_locale/msg/detail/msg_switch_control__type_support.c
[11.302s] -- Up-to-date: /home/user/celluleflexible/ros_ws/install/commande_locale/include/commande_locale/commande_locale/msg/detail/msg_stop_control__type_support.c
[11.302s] -- Up-to-date: /home/user/celluleflexible/ros_ws/install/commande_locale/include/commande_locale/commande_locale/msg/detail/msg_pin_control__rosidl_typesupport_introspection_c.h
[11.302s] -- Up-to-date: /home/user/celluleflexible/ros_ws/install/commande_locale/include/commande_locale/commande_locale/msg/detail/msg_switch_control__rosidl_typesupport_introspection_c.h
[11.302s] -- Up-to-date: /home/user/celluleflexible/ros_ws/install/commande_locale/include/commande_locale/commande_locale/msg/detail/msg_color__type_support.c
[11.302s] -- Up-to-date: /home/user/celluleflexible/ros_ws/install/commande_locale/include/commande_locale/commande_locale/msg/detail/msg_add_product__type_support.c
[11.302s] -- Up-to-date: /home/user/celluleflexible/ros_ws/install/commande_locale/include/commande_locale/commande_locale/msg/detail/msg_choix_mode__type_support.c
[11.302s] -- Up-to-date: /home/user/celluleflexible/ros_ws/install/commande_locale/include/commande_locale/commande_locale/msg/detail/msg_choix_mode__rosidl_typesupport_introspection_c.h
[11.302s] -- Up-to-date: /home/user/celluleflexible/ros_ws/install/commande_locale/include/commande_locale/commande_locale/msg/detail/msg_pin_control__type_support.c
[11.302s] -- Up-to-date: /home/user/celluleflexible/ros_ws/install/commande_locale/include/commande_locale/commande_locale/msg/detail/msg_erreur__type_support.c
[11.302s] -- Up-to-date: /home/user/celluleflexible/ros_ws/install/commande_locale/include/commande_locale/commande_locale/msg/detail/msg_erreur__rosidl_typesupport_introspection_c.h
[11.302s] -- Up-to-date: /home/user/celluleflexible/ros_ws/install/commande_locale/include/commande_locale/commande_locale/srv
[11.302s] -- Up-to-date: /home/user/celluleflexible/ros_ws/install/commande_locale/include/commande_locale/commande_locale/srv/detail
[11.302s] -- Up-to-date: /home/user/celluleflexible/ros_ws/install/commande_locale/include/commande_locale/commande_locale/srv/detail/srv_add_product_push_back__type_support.c
[11.302s] -- Up-to-date: /home/user/celluleflexible/ros_ws/install/commande_locale/include/commande_locale/commande_locale/srv/detail/srv_fin_init__type_support.c
[11.302s] -- Up-to-date: /home/user/celluleflexible/ros_ws/install/commande_locale/include/commande_locale/commande_locale/srv/detail/srv_add_product_push_back__rosidl_typesupport_introspection_c.h
[11.302s] -- Up-to-date: /home/user/celluleflexible/ros_ws/install/commande_locale/include/commande_locale/commande_locale/srv/detail/srv_fin_init__rosidl_typesupport_introspection_c.h
[11.302s] -- Up-to-date: /home/user/celluleflexible/ros_ws/install/commande_locale/include/commande_locale/commande_locale/srv/detail/srv_add_product__rosidl_typesupport_introspection_c.h
[11.302s] -- Up-to-date: /home/user/celluleflexible/ros_ws/install/commande_locale/include/commande_locale/commande_locale/srv/detail/srv_add_product__type_support.c
[11.302s] -- Up-to-date: /home/user/celluleflexible/ros_ws/install/commande_locale/lib/libcommande_locale__rosidl_typesupport_introspection_c.so
[11.304s] -- Up-to-date: /home/user/celluleflexible/ros_ws/install/commande_locale/lib/libcommande_locale__rosidl_typesupport_c.so
[11.304s] -- Up-to-date: /home/user/celluleflexible/ros_ws/install/commande_locale/include/commande_locale/commande_locale
[11.304s] -- Up-to-date: /home/user/celluleflexible/ros_ws/install/commande_locale/include/commande_locale/commande_locale/msg
[11.304s] -- Up-to-date: /home/user/celluleflexible/ros_ws/install/commande_locale/include/commande_locale/commande_locale/msg/detail
[11.304s] -- Up-to-date: /home/user/celluleflexible/ros_ws/install/commande_locale/include/commande_locale/commande_locale/msg/detail/msg_add_product__type_support.cpp
[11.304s] -- Up-to-date: /home/user/celluleflexible/ros_ws/install/commande_locale/include/commande_locale/commande_locale/msg/detail/msg_switch_control__rosidl_typesupport_introspection_cpp.hpp
[11.304s] -- Up-to-date: /home/user/celluleflexible/ros_ws/install/commande_locale/include/commande_locale/commande_locale/msg/detail/msg_pin_control__type_support.cpp
[11.304s] -- Up-to-date: /home/user/celluleflexible/ros_ws/install/commande_locale/include/commande_locale/commande_locale/msg/detail/msg_stop_control__rosidl_typesupport_introspection_cpp.hpp
[11.304s] -- Up-to-date: /home/user/celluleflexible/ros_ws/install/commande_locale/include/commande_locale/commande_locale/msg/detail/msg_stop_control__type_support.cpp
[11.304s] -- Up-to-date: /home/user/celluleflexible/ros_ws/install/commande_locale/include/commande_locale/commande_locale/msg/detail/msg_pin_control__rosidl_typesupport_introspection_cpp.hpp
[11.304s] -- Up-to-date: /home/user/celluleflexible/ros_ws/install/commande_locale/include/commande_locale/commande_locale/msg/detail/msg_erreur__type_support.cpp
[11.304s] -- Up-to-date: /home/user/celluleflexible/ros_ws/install/commande_locale/include/commande_locale/commande_locale/msg/detail/msg_erreur__rosidl_typesupport_introspection_cpp.hpp
[11.304s] -- Up-to-date: /home/user/celluleflexible/ros_ws/install/commande_locale/include/commande_locale/commande_locale/msg/detail/msg_choix_mode__type_support.cpp
[11.304s] -- Up-to-date: /home/user/celluleflexible/ros_ws/install/commande_locale/include/commande_locale/commande_locale/msg/detail/msg_color__rosidl_typesupport_introspection_cpp.hpp
[11.304s] -- Up-to-date: /home/user/celluleflexible/ros_ws/install/commande_locale/include/commande_locale/commande_locale/msg/detail/msg_choix_mode__rosidl_typesupport_introspection_cpp.hpp
[11.304s] -- Up-to-date: /home/user/celluleflexible/ros_ws/install/commande_locale/include/commande_locale/commande_locale/msg/detail/msg_switch_control__type_support.cpp
[11.304s] -- Up-to-date: /home/user/celluleflexible/ros_ws/install/commande_locale/include/commande_locale/commande_locale/msg/detail/msg_color__type_support.cpp
[11.304s] -- Up-to-date: /home/user/celluleflexible/ros_ws/install/commande_locale/include/commande_locale/commande_locale/msg/detail/msg_add_product__rosidl_typesupport_introspection_cpp.hpp
[11.304s] -- Up-to-date: /home/user/celluleflexible/ros_ws/install/commande_locale/include/commande_locale/commande_locale/srv
[11.304s] -- Up-to-date: /home/user/celluleflexible/ros_ws/install/commande_locale/include/commande_locale/commande_locale/srv/detail
[11.304s] -- Up-to-date: /home/user/celluleflexible/ros_ws/install/commande_locale/include/commande_locale/commande_locale/srv/detail/srv_add_product_push_back__rosidl_typesupport_introspection_cpp.hpp
[11.304s] -- Up-to-date: /home/user/celluleflexible/ros_ws/install/commande_locale/include/commande_locale/commande_locale/srv/detail/srv_add_product__type_support.cpp
[11.304s] -- Up-to-date: /home/user/celluleflexible/ros_ws/install/commande_locale/include/commande_locale/commande_locale/srv/detail/srv_add_product__rosidl_typesupport_introspection_cpp.hpp
[11.304s] -- Up-to-date: /home/user/celluleflexible/ros_ws/install/commande_locale/include/commande_locale/commande_locale/srv/detail/srv_fin_init__rosidl_typesupport_introspection_cpp.hpp
[11.304s] -- Up-to-date: /home/user/celluleflexible/ros_ws/install/commande_locale/include/commande_locale/commande_locale/srv/detail/srv_add_product_push_back__type_support.cpp
[11.304s] -- Up-to-date: /home/user/celluleflexible/ros_ws/install/commande_locale/include/commande_locale/commande_locale/srv/detail/srv_fin_init__type_support.cpp
[11.305s] -- Up-to-date: /home/user/celluleflexible/ros_ws/install/commande_locale/lib/libcommande_locale__rosidl_typesupport_introspection_cpp.so
[11.306s] -- Up-to-date: /home/user/celluleflexible/ros_ws/install/commande_locale/lib/libcommande_locale__rosidl_typesupport_cpp.so
[11.307s] -- Up-to-date: /home/user/celluleflexible/ros_ws/install/commande_locale/share/commande_locale/environment/pythonpath.sh
[11.307s] -- Up-to-date: /home/user/celluleflexible/ros_ws/install/commande_locale/share/commande_locale/environment/pythonpath.dsv
[11.307s] -- Up-to-date: /home/user/celluleflexible/ros_ws/install/commande_locale/lib/python3.12/site-packages/commande_locale-3.1.2-py3.12.egg-info
[11.308s] -- Installing: /home/user/celluleflexible/ros_ws/install/commande_locale/lib/python3.12/site-packages/commande_locale-3.1.2-py3.12.egg-info/SOURCES.txt
[11.308s] -- Installing: /home/user/celluleflexible/ros_ws/install/commande_locale/lib/python3.12/site-packages/commande_locale-3.1.2-py3.12.egg-info/top_level.txt
[11.308s] -- Installing: /home/user/celluleflexible/ros_ws/install/commande_locale/lib/python3.12/site-packages/commande_locale-3.1.2-py3.12.egg-info/PKG-INFO
[11.308s] -- Installing: /home/user/celluleflexible/ros_ws/install/commande_locale/lib/python3.12/site-packages/commande_locale-3.1.2-py3.12.egg-info/dependency_links.txt
[11.308s] -- Up-to-date: /home/user/celluleflexible/ros_ws/install/commande_locale/lib/python3.12/site-packages/commande_locale
[11.308s] -- Up-to-date: /home/user/celluleflexible/ros_ws/install/commande_locale/lib/python3.12/site-packages/commande_locale/msg
[11.309s] -- Up-to-date: /home/user/celluleflexible/ros_ws/install/commande_locale/lib/python3.12/site-packages/commande_locale/msg/_msg_color_s.c
[11.309s] -- Up-to-date: /home/user/celluleflexible/ros_ws/install/commande_locale/lib/python3.12/site-packages/commande_locale/msg/_msg_color.py
[11.309s] -- Up-to-date: /home/user/celluleflexible/ros_ws/install/commande_locale/lib/python3.12/site-packages/commande_locale/msg/_msg_stop_control.py
[11.309s] -- Up-to-date: /home/user/celluleflexible/ros_ws/install/commande_locale/lib/python3.12/site-packages/commande_locale/msg/_msg_erreur.py
[11.309s] -- Up-to-date: /home/user/celluleflexible/ros_ws/install/commande_locale/lib/python3.12/site-packages/commande_locale/msg/_msg_choix_mode_s.c
[11.309s] -- Up-to-date: /home/user/celluleflexible/ros_ws/install/commande_locale/lib/python3.12/site-packages/commande_locale/msg/__init__.py
[11.309s] -- Up-to-date: /home/user/celluleflexible/ros_ws/install/commande_locale/lib/python3.12/site-packages/commande_locale/msg/_msg_add_product_s.c
[11.309s] -- Up-to-date: /home/user/celluleflexible/ros_ws/install/commande_locale/lib/python3.12/site-packages/commande_locale/msg/_msg_choix_mode.py
[11.309s] -- Up-to-date: /home/user/celluleflexible/ros_ws/install/commande_locale/lib/python3.12/site-packages/commande_locale/msg/_msg_switch_control.py
[11.309s] -- Up-to-date: /home/user/celluleflexible/ros_ws/install/commande_locale/lib/python3.12/site-packages/commande_locale/msg/_msg_stop_control_s.c
[11.309s] -- Up-to-date: /home/user/celluleflexible/ros_ws/install/commande_locale/lib/python3.12/site-packages/commande_locale/msg/_msg_switch_control_s.c
[11.309s] -- Up-to-date: /home/user/celluleflexible/ros_ws/install/commande_locale/lib/python3.12/site-packages/commande_locale/msg/_msg_pin_control_s.c
[11.309s] -- Up-to-date: /home/user/celluleflexible/ros_ws/install/commande_locale/lib/python3.12/site-packages/commande_locale/msg/_msg_erreur_s.c
[11.309s] -- Up-to-date: /home/user/celluleflexible/ros_ws/install/commande_locale/lib/python3.12/site-packages/commande_locale/msg/_msg_pin_control.py
[11.310s] -- Up-to-date: /home/user/celluleflexible/ros_ws/install/commande_locale/lib/python3.12/site-packages/commande_locale/msg/_msg_add_product.py
[11.310s] -- Up-to-date: /home/user/celluleflexible/ros_ws/install/commande_locale/lib/python3.12/site-packages/commande_locale/__init__.py
[11.310s] -- Up-to-date: /home/user/celluleflexible/ros_ws/install/commande_locale/lib/python3.12/site-packages/commande_locale/_commande_locale_s.ep.rosidl_typesupport_c.c
[11.310s] -- Up-to-date: /home/user/celluleflexible/ros_ws/install/commande_locale/lib/python3.12/site-packages/commande_locale/commande_locale_s__rosidl_typesupport_c.so
[11.310s] -- Up-to-date: /home/user/celluleflexible/ros_ws/install/commande_locale/lib/python3.12/site-packages/commande_locale/commande_locale_s__rosidl_typesupport_fastrtps_c.so
[11.310s] -- Up-to-date: /home/user/celluleflexible/ros_ws/install/commande_locale/lib/python3.12/site-packages/commande_locale/srv
[11.310s] -- Up-to-date: /home/user/celluleflexible/ros_ws/install/commande_locale/lib/python3.12/site-packages/commande_locale/srv/_srv_add_product.py
[11.310s] -- Up-to-date: /home/user/celluleflexible/ros_ws/install/commande_locale/lib/python3.12/site-packages/commande_locale/srv/_srv_add_product_push_back.py
[11.310s] -- Up-to-date: /home/user/celluleflexible/ros_ws/install/commande_locale/lib/python3.12/site-packages/commande_locale/srv/__init__.py
[11.310s] -- Up-to-date: /home/user/celluleflexible/ros_ws/install/commande_locale/lib/python3.12/site-packages/commande_locale/srv/_srv_add_product_push_back_s.c
[11.310s] -- Up-to-date: /home/user/celluleflexible/ros_ws/install/commande_locale/lib/python3.12/site-packages/commande_locale/srv/_srv_fin_init.py
[11.310s] -- Up-to-date: /home/user/celluleflexible/ros_ws/install/commande_locale/lib/python3.12/site-packages/commande_locale/srv/_srv_fin_init_s.c
[11.310s] -- Up-to-date: /home/user/celluleflexible/ros_ws/install/commande_locale/lib/python3.12/site-packages/commande_locale/srv/_srv_add_product_s.c
[11.310s] -- Up-to-date: /home/user/celluleflexible/ros_ws/install/commande_locale/lib/python3.12/site-packages/commande_locale/_commande_locale_s.ep.rosidl_typesupport_introspection_c.c
[11.310s] -- Up-to-date: /home/user/celluleflexible/ros_ws/install/commande_locale/lib/python3.12/site-packages/commande_locale/commande_locale_s__rosidl_typesupport_introspection_c.so
[11.310s] -- Up-to-date: /home/user/celluleflexible/ros_ws/install/commande_locale/lib/python3.12/site-packages/commande_locale/_commande_locale_s.ep.rosidl_typesupport_fastrtps_c.c
[11.338s] Listing '/home/user/celluleflexible/ros_ws/install/commande_locale/lib/python3.12/site-packages/commande_locale'...
[11.338s] Listing '/home/user/celluleflexible/ros_ws/install/commande_locale/lib/python3.12/site-packages/commande_locale/msg'...
[11.338s] Listing '/home/user/celluleflexible/ros_ws/install/commande_locale/lib/python3.12/site-packages/commande_locale/srv'...
[11.343s] -- Up-to-date: /home/user/celluleflexible/ros_ws/install/commande_locale/lib/python3.12/site-packages/commande_locale/commande_locale_s__rosidl_typesupport_fastrtps_c.so
[11.354s] -- Up-to-date: /home/user/celluleflexible/ros_ws/install/commande_locale/lib/python3.12/site-packages/commande_locale/commande_locale_s__rosidl_typesupport_introspection_c.so
[11.357s] -- Up-to-date: /home/user/celluleflexible/ros_ws/install/commande_locale/lib/python3.12/site-packages/commande_locale/commande_locale_s__rosidl_typesupport_c.so
[11.360s] -- Up-to-date: /home/user/celluleflexible/ros_ws/install/commande_locale/lib/libcommande_locale__rosidl_generator_py.so
[11.360s] -- Up-to-date: /home/user/celluleflexible/ros_ws/install/commande_locale/share/commande_locale/srv/SrvAddProduct.idl
[11.360s] -- Up-to-date: /home/user/celluleflexible/ros_ws/install/commande_locale/share/commande_locale/srv/SrvFinInit.idl
[11.360s] -- Up-to-date: /home/user/celluleflexible/ros_ws/install/commande_locale/share/commande_locale/srv/SrvAddProductPushBack.idl
[11.360s] -- Up-to-date: /home/user/celluleflexible/ros_ws/install/commande_locale/share/commande_locale/msg/MsgAddProduct.idl
[11.360s] -- Up-to-date: /home/user/celluleflexible/ros_ws/install/commande_locale/share/commande_locale/msg/MsgStopControl.idl
[11.360s] -- Up-to-date: /home/user/celluleflexible/ros_ws/install/commande_locale/share/commande_locale/msg/MsgColor.idl
[11.360s] -- Up-to-date: /home/user/celluleflexible/ros_ws/install/commande_locale/share/commande_locale/msg/MsgSwitchControl.idl
[11.360s] -- Up-to-date: /home/user/celluleflexible/ros_ws/install/commande_locale/share/commande_locale/msg/MsgPinControl.idl
[11.360s] -- Up-to-date: /home/user/celluleflexible/ros_ws/install/commande_locale/share/commande_locale/msg/MsgErreur.idl
[11.360s] -- Up-to-date: /home/user/celluleflexible/ros_ws/install/commande_locale/share/commande_locale/msg/MsgChoixMode.idl
[11.360s] -- Up-to-date: /home/user/celluleflexible/ros_ws/install/commande_locale/share/commande_locale/srv/SrvAddProduct.srv
[11.360s] -- Up-to-date: /home/user/celluleflexible/ros_ws/install/commande_locale/share/commande_locale/srv/SrvFinInit.srv
[11.360s] -- Up-to-date: /home/user/celluleflexible/ros_ws/install/commande_locale/share/commande_locale/srv/SrvAddProductPushBack.srv
[11.360s] -- Up-to-date: /home/user/celluleflexible/ros_ws/install/commande_locale/share/commande_locale/msg/MsgAddProduct.msg
[11.360s] -- Up-to-date: /home/user/celluleflexible/ros_ws/install/commande_locale/share/commande_locale/msg/MsgStopControl.msg
[11.360s] -- Up-to-date: /home/user/celluleflexible/ros_ws/install/commande_locale/share/commande_locale/msg/MsgColor.msg
[11.361s] -- Up-to-date: /home/user/celluleflexible/ros_ws/install/commande_locale/share/commande_locale/msg/MsgSwitchControl.msg
[11.361s] -- Up-to-date: /home/user/celluleflexible/ros_ws/install/commande_locale/share/commande_locale/msg/MsgPinControl.msg
[11.361s] -- Up-to-date: /home/user/celluleflexible/ros_ws/install/commande_locale/share/commande_locale/msg/MsgErreur.msg
[11.361s] -- Up-to-date: /home/user/celluleflexible/ros_ws/install/commande_locale/share/commande_locale/msg/MsgChoixMode.msg
[11.361s] -- Installing: /home/user/celluleflexible/ros_ws/install/commande_locale/lib/commande_locale/simulation
[11.372s] -- Set non-toolchain portion of runtime path of "/home/user/celluleflexible/ros_ws/install/commande_locale/lib/commande_locale/simulation" to ""
[11.373s] -- Up-to-date: /home/user/celluleflexible/ros_ws/install/commande_locale/share/ament_index/resource_index/package_run_dependencies/commande_locale
[11.374s] -- Up-to-date: /home/user/celluleflexible/ros_ws/install/commande_locale/share/ament_index/resource_index/parent_prefix_path/commande_locale
[11.374s] -- Up-to-date: /home/user/celluleflexible/ros_ws/install/commande_locale/share/commande_locale/environment/ament_prefix_path.sh
[11.374s] -- Up-to-date: /home/user/celluleflexible/ros_ws/install/commande_locale/share/commande_locale/environment/ament_prefix_path.dsv
[11.374s] -- Up-to-date: /home/user/celluleflexible/ros_ws/install/commande_locale/share/commande_locale/environment/path.sh
[11.374s] -- Up-to-date: /home/user/celluleflexible/ros_ws/install/commande_locale/share/commande_locale/environment/path.dsv
[11.375s] -- Up-to-date: /home/user/celluleflexible/ros_ws/install/commande_locale/share/commande_locale/local_setup.bash
[11.375s] -- Up-to-date: /home/user/celluleflexible/ros_ws/install/commande_locale/share/commande_locale/local_setup.sh
[11.375s] -- Up-to-date: /home/user/celluleflexible/ros_ws/install/commande_locale/share/commande_locale/local_setup.zsh
[11.375s] -- Up-to-date: /home/user/celluleflexible/ros_ws/install/commande_locale/share/commande_locale/local_setup.dsv
[11.375s] -- Installing: /home/user/celluleflexible/ros_ws/install/commande_locale/share/commande_locale/package.dsv
[11.376s] -- Up-to-date: /home/user/celluleflexible/ros_ws/install/commande_locale/share/ament_index/resource_index/packages/commande_locale
[11.378s] -- Up-to-date: /home/user/celluleflexible/ros_ws/install/commande_locale/share/commande_locale/cmake/export_commande_locale__rosidl_generator_cExport.cmake
[11.379s] -- Up-to-date: /home/user/celluleflexible/ros_ws/install/commande_locale/share/commande_locale/cmake/export_commande_locale__rosidl_generator_cExport-noconfig.cmake
[11.379s] -- Up-to-date: /home/user/celluleflexible/ros_ws/install/commande_locale/share/commande_locale/cmake/export_commande_locale__rosidl_typesupport_fastrtps_cExport.cmake
[11.380s] -- Up-to-date: /home/user/celluleflexible/ros_ws/install/commande_locale/share/commande_locale/cmake/export_commande_locale__rosidl_typesupport_fastrtps_cExport-noconfig.cmake
[11.380s] -- Up-to-date: /home/user/celluleflexible/ros_ws/install/commande_locale/share/commande_locale/cmake/export_commande_locale__rosidl_generator_cppExport.cmake
[11.381s] -- Up-to-date: /home/user/celluleflexible/ros_ws/install/commande_locale/share/commande_locale/cmake/export_commande_locale__rosidl_typesupport_fastrtps_cppExport.cmake
[11.381s] -- Up-to-date: /home/user/celluleflexible/ros_ws/install/commande_locale/share/commande_locale/cmake/export_commande_locale__rosidl_typesupport_fastrtps_cppExport-noconfig.cmake
[11.382s] -- Up-to-date: /home/user/celluleflexible/ros_ws/install/commande_locale/share/commande_locale/cmake/commande_locale__rosidl_typesupport_introspection_cExport.cmake
[11.382s] -- Up-to-date: /home/user/celluleflexible/ros_ws/install/commande_locale/share/commande_locale/cmake/commande_locale__rosidl_typesupport_introspection_cExport-noconfig.cmake
[11.383s] -- Up-to-date: /home/user/celluleflexible/ros_ws/install/commande_locale/share/commande_locale/cmake/commande_locale__rosidl_typesupport_cExport.cmake
[11.384s] -- Up-to-date: /home/user/celluleflexible/ros_ws/install/commande_locale/share/commande_locale/cmake/commande_locale__rosidl_typesupport_cExport-noconfig.cmake
[11.384s] -- Up-to-date: /home/user/celluleflexible/ros_ws/install/commande_locale/share/commande_locale/cmake/commande_locale__rosidl_typesupport_introspection_cppExport.cmake
[11.384s] -- Up-to-date: /home/user/celluleflexible/ros_ws/install/commande_locale/share/commande_locale/cmake/commande_locale__rosidl_typesupport_introspection_cppExport-noconfig.cmake
[11.385s] -- Up-to-date: /home/user/celluleflexible/ros_ws/install/commande_locale/share/commande_locale/cmake/commande_locale__rosidl_typesupport_cppExport.cmake
[11.385s] -- Up-to-date: /home/user/celluleflexible/ros_ws/install/commande_locale/share/commande_locale/cmake/commande_locale__rosidl_typesupport_cppExport-noconfig.cmake
[11.386s] -- Up-to-date: /home/user/celluleflexible/ros_ws/install/commande_locale/share/commande_locale/cmake/export_commande_locale__rosidl_generator_pyExport.cmake
[11.386s] -- Up-to-date: /home/user/celluleflexible/ros_ws/install/commande_locale/share/commande_locale/cmake/export_commande_locale__rosidl_generator_pyExport-noconfig.cmake
[11.387s] -- Up-to-date: /home/user/celluleflexible/ros_ws/install/commande_locale/share/commande_locale/cmake/rosidl_cmake-extras.cmake
[11.387s] -- Up-to-date: /home/user/celluleflexible/ros_ws/install/commande_locale/share/commande_locale/cmake/ament_cmake_export_dependencies-extras.cmake
[11.387s] -- Up-to-date: /home/user/celluleflexible/ros_ws/install/commande_locale/share/commande_locale/cmake/ament_cmake_export_include_directories-extras.cmake
[11.387s] -- Up-to-date: /home/user/celluleflexible/ros_ws/install/commande_locale/share/commande_locale/cmake/ament_cmake_export_libraries-extras.cmake
[11.387s] -- Up-to-date: /home/user/celluleflexible/ros_ws/install/commande_locale/share/commande_locale/cmake/ament_cmake_export_targets-extras.cmake
[11.387s] -- Up-to-date: /home/user/celluleflexible/ros_ws/install/commande_locale/share/commande_locale/cmake/rosidl_cmake_export_typesupport_targets-extras.cmake
[11.387s] -- Up-to-date: /home/user/celluleflexible/ros_ws/install/commande_locale/share/commande_locale/cmake/rosidl_cmake_export_typesupport_libraries-extras.cmake
[11.387s] -- Up-to-date: /home/user/celluleflexible/ros_ws/install/commande_locale/share/commande_locale/cmake/commande_localeConfig.cmake
[11.387s] -- Up-to-date: /home/user/celluleflexible/ros_ws/install/commande_locale/share/commande_locale/cmake/commande_localeConfig-version.cmake
[11.387s] -- Up-to-date: /home/user/celluleflexible/ros_ws/install/commande_locale/share/commande_locale/package.xml
[11.390s] Invoked command in '/home/user/celluleflexible/ros_ws/build/commande_locale' returned '0': AMENT_PREFIX_PATH=/home/user/celluleflexible/ros_ws/install/aiguillages:${AMENT_PREFIX_PATH} CMAKE_PREFIX_PATH=/home/user/celluleflexible/ros_ws/install/aiguillages:/opt/ros/jazzy/opt/gz_math_vendor:/opt/ros/jazzy/opt/gz_utils_vendor:/opt/ros/jazzy/opt/gz_cmake_vendor:/opt/ros/jazzy DEBUGINFOD_URLS=https://debuginfod.ubuntu.com LD_LIBRARY_PATH=/home/user/celluleflexible/ros_ws/install/aiguillages/lib:${LD_LIBRARY_PATH} PYTHONPATH=/home/user/celluleflexible/ros_ws/install/aiguillages/lib/python3.12/site-packages:${PYTHONPATH} /usr/bin/cmake --install /home/user/celluleflexible/ros_ws/build/commande_locale
