[0.383s] DEBUG:colcon:Command line arguments: ['/usr/bin/colcon', 'build']
[0.383s] DEBUG:colcon:Parsed command line arguments: Namespace(log_base=None, log_level=None, verb_name='build', build_base='build', install_base='install', merge_install=False, symlink_install=False, test_result_base=None, continue_on_error=False, executor='parallel', parallel_workers=8, event_handlers=None, ignore_user_meta=False, metas=['./colcon.meta'], base_paths=['.'], packages_ignore=None, packages_ignore_regex=None, paths=None, packages_up_to=None, packages_up_to_regex=None, packages_above=None, packages_above_and_dependencies=None, packages_above_depth=None, packages_select_by_dep=None, packages_skip_by_dep=None, packages_skip_up_to=None, packages_select_build_failed=False, packages_skip_build_finished=False, packages_select_test_failures=False, packages_skip_test_passed=False, packages_select=None, packages_skip=None, packages_select_regex=None, packages_skip_regex=None, packages_start=None, packages_end=None, allow_overriding=[], cmake_args=None, cmake_target=None, cmake_target_skip_unavailable=False, cmake_clean_cache=False, cmake_clean_first=False, cmake_force_configure=False, ament_cmake_args=None, catkin_cmake_args=None, catkin_skip_building_tests=False, mixin_files=None, mixin=None, verb_parser=<colcon_mixin.mixin.mixin_argument.MixinArgumentDecorator object at 0x7399b2d98620>, verb_extension=<colcon_core.verb.build.BuildVerb object at 0x7399b2ec00b0>, main=<bound method BuildVerb.main of <colcon_core.verb.build.BuildVerb object at 0x7399b2ec00b0>>, mixin_verb=('build',))
[0.448s] Level 1:colcon.colcon_core.package_discovery:discover_packages(colcon_meta) check parameters
[0.448s] Level 1:colcon.colcon_core.package_discovery:discover_packages(recursive) check parameters
[0.448s] Level 1:colcon.colcon_core.package_discovery:discover_packages(ignore) check parameters
[0.448s] Level 1:colcon.colcon_core.package_discovery:discover_packages(path) check parameters
[0.448s] Level 1:colcon.colcon_core.package_discovery:discover_packages(colcon_meta) discover
[0.448s] Level 1:colcon.colcon_core.package_discovery:discover_packages(recursive) discover
[0.448s] INFO:colcon.colcon_core.package_discovery:Crawling recursively for packages in '/home/user/celluleflexible/ros_ws'
[0.448s] Level 1:colcon.colcon_core.package_identification:_identify(.) by extensions ['ignore', 'ignore_ament_install']
[0.448s] Level 1:colcon.colcon_core.package_identification:_identify(.) by extension 'ignore'
[0.448s] Level 1:colcon.colcon_core.package_identification:_identify(.) by extension 'ignore_ament_install'
[0.448s] Level 1:colcon.colcon_core.package_identification:_identify(.) by extensions ['colcon_pkg']
[0.448s] Level 1:colcon.colcon_core.package_identification:_identify(.) by extension 'colcon_pkg'
[0.448s] Level 1:colcon.colcon_core.package_identification:_identify(.) by extensions ['colcon_meta']
[0.448s] Level 1:colcon.colcon_core.package_identification:_identify(.) by extension 'colcon_meta'
[0.448s] Level 1:colcon.colcon_core.package_identification:_identify(.) by extensions ['ros']
[0.448s] Level 1:colcon.colcon_core.package_identification:_identify(.) by extension 'ros'
[0.469s] Level 1:colcon.colcon_core.package_identification:_identify(.) by extensions ['cmake', 'python']
[0.470s] Level 1:colcon.colcon_core.package_identification:_identify(.) by extension 'cmake'
[0.470s] Level 1:colcon.colcon_core.package_identification:_identify(.) by extension 'python'
[0.470s] Level 1:colcon.colcon_core.package_identification:_identify(.) by extensions ['python_setup_py']
[0.470s] Level 1:colcon.colcon_core.package_identification:_identify(.) by extension 'python_setup_py'
[0.470s] Level 1:colcon.colcon_core.package_identification:_identify(build) by extensions ['ignore', 'ignore_ament_install']
[0.470s] Level 1:colcon.colcon_core.package_identification:_identify(build) by extension 'ignore'
[0.470s] Level 1:colcon.colcon_core.package_identification:_identify(build) ignored
[0.470s] Level 1:colcon.colcon_core.package_identification:_identify(install) by extensions ['ignore', 'ignore_ament_install']
[0.470s] Level 1:colcon.colcon_core.package_identification:_identify(install) by extension 'ignore'
[0.470s] Level 1:colcon.colcon_core.package_identification:_identify(install) ignored
[0.470s] Level 1:colcon.colcon_core.package_identification:_identify(log) by extensions ['ignore', 'ignore_ament_install']
[0.470s] Level 1:colcon.colcon_core.package_identification:_identify(log) by extension 'ignore'
[0.470s] Level 1:colcon.colcon_core.package_identification:_identify(log) ignored
[0.470s] Level 1:colcon.colcon_core.package_identification:_identify(src) by extensions ['ignore', 'ignore_ament_install']
[0.470s] Level 1:colcon.colcon_core.package_identification:_identify(src) by extension 'ignore'
[0.470s] Level 1:colcon.colcon_core.package_identification:_identify(src) by extension 'ignore_ament_install'
[0.470s] Level 1:colcon.colcon_core.package_identification:_identify(src) by extensions ['colcon_pkg']
[0.470s] Level 1:colcon.colcon_core.package_identification:_identify(src) by extension 'colcon_pkg'
[0.470s] Level 1:colcon.colcon_core.package_identification:_identify(src) by extensions ['colcon_meta']
[0.470s] Level 1:colcon.colcon_core.package_identification:_identify(src) by extension 'colcon_meta'
[0.470s] Level 1:colcon.colcon_core.package_identification:_identify(src) by extensions ['ros']
[0.470s] Level 1:colcon.colcon_core.package_identification:_identify(src) by extension 'ros'
[0.470s] Level 1:colcon.colcon_core.package_identification:_identify(src) by extensions ['cmake', 'python']
[0.470s] Level 1:colcon.colcon_core.package_identification:_identify(src) by extension 'cmake'
[0.470s] Level 1:colcon.colcon_core.package_identification:_identify(src) by extension 'python'
[0.470s] Level 1:colcon.colcon_core.package_identification:_identify(src) by extensions ['python_setup_py']
[0.470s] Level 1:colcon.colcon_core.package_identification:_identify(src) by extension 'python_setup_py'
[0.470s] Level 1:colcon.colcon_core.package_identification:_identify(src/aiguillages) by extensions ['ignore', 'ignore_ament_install']
[0.470s] Level 1:colcon.colcon_core.package_identification:_identify(src/aiguillages) by extension 'ignore'
[0.470s] Level 1:colcon.colcon_core.package_identification:_identify(src/aiguillages) by extension 'ignore_ament_install'
[0.470s] Level 1:colcon.colcon_core.package_identification:_identify(src/aiguillages) by extensions ['colcon_pkg']
[0.470s] Level 1:colcon.colcon_core.package_identification:_identify(src/aiguillages) by extension 'colcon_pkg'
[0.470s] Level 1:colcon.colcon_core.package_identification:_identify(src/aiguillages) by extensions ['colcon_meta']
[0.470s] Level 1:colcon.colcon_core.package_identification:_identify(src/aiguillages) by extension 'colcon_meta'
[0.470s] Level 1:colcon.colcon_core.package_identification:_identify(src/aiguillages) by extensions ['ros']
[0.470s] Level 1:colcon.colcon_core.package_identification:_identify(src/aiguillages) by extension 'ros'
[0.473s] DEBUG:colcon.colcon_core.package_identification:Package 'src/aiguillages' with type 'ros.ament_cmake' and name 'aiguillages'
[0.473s] Level 1:colcon.colcon_core.package_identification:_identify(src/commande_locale) by extensions ['ignore', 'ignore_ament_install']
[0.473s] Level 1:colcon.colcon_core.package_identification:_identify(src/commande_locale) by extension 'ignore'
[0.473s] Level 1:colcon.colcon_core.package_identification:_identify(src/commande_locale) by extension 'ignore_ament_install'
[0.473s] Level 1:colcon.colcon_core.package_identification:_identify(src/commande_locale) by extensions ['colcon_pkg']
[0.473s] Level 1:colcon.colcon_core.package_identification:_identify(src/commande_locale) by extension 'colcon_pkg'
[0.474s] Level 1:colcon.colcon_core.package_identification:_identify(src/commande_locale) by extensions ['colcon_meta']
[0.474s] Level 1:colcon.colcon_core.package_identification:_identify(src/commande_locale) by extension 'colcon_meta'
[0.474s] Level 1:colcon.colcon_core.package_identification:_identify(src/commande_locale) by extensions ['ros']
[0.474s] Level 1:colcon.colcon_core.package_identification:_identify(src/commande_locale) by extension 'ros'
[0.474s] DEBUG:colcon.colcon_core.package_identification:Package 'src/commande_locale' with type 'ros.ament_cmake' and name 'commande_locale'
[0.474s] Level 1:colcon.colcon_core.package_discovery:discover_packages(recursive) using defaults
[0.474s] Level 1:colcon.colcon_core.package_discovery:discover_packages(ignore) discover
[0.474s] Level 1:colcon.colcon_core.package_discovery:discover_packages(ignore) using defaults
[0.474s] Level 1:colcon.colcon_core.package_discovery:discover_packages(path) discover
[0.474s] Level 1:colcon.colcon_core.package_discovery:discover_packages(path) using defaults
[0.497s] Level 1:colcon.colcon_core.package_discovery:discover_packages(prefix_path) check parameters
[0.497s] Level 1:colcon.colcon_core.package_discovery:discover_packages(prefix_path) discover
[0.501s] DEBUG:colcon.colcon_installed_package_information.package_discovery:Found 286 installed packages in /opt/ros/jazzy
[0.502s] Level 1:colcon.colcon_core.package_discovery:discover_packages(prefix_path) using defaults
[0.526s] Level 5:colcon.colcon_core.verb:set package 'aiguillages' build argument 'cmake_args' from command line to 'None'
[0.526s] Level 5:colcon.colcon_core.verb:set package 'aiguillages' build argument 'cmake_target' from command line to 'None'
[0.527s] Level 5:colcon.colcon_core.verb:set package 'aiguillages' build argument 'cmake_target_skip_unavailable' from command line to 'False'
[0.527s] Level 5:colcon.colcon_core.verb:set package 'aiguillages' build argument 'cmake_clean_cache' from command line to 'False'
[0.527s] Level 5:colcon.colcon_core.verb:set package 'aiguillages' build argument 'cmake_clean_first' from command line to 'False'
[0.527s] Level 5:colcon.colcon_core.verb:set package 'aiguillages' build argument 'cmake_force_configure' from command line to 'False'
[0.527s] Level 5:colcon.colcon_core.verb:set package 'aiguillages' build argument 'ament_cmake_args' from command line to 'None'
[0.527s] Level 5:colcon.colcon_core.verb:set package 'aiguillages' build argument 'catkin_cmake_args' from command line to 'None'
[0.527s] Level 5:colcon.colcon_core.verb:set package 'aiguillages' build argument 'catkin_skip_building_tests' from command line to 'False'
[0.527s] DEBUG:colcon.colcon_core.verb:Building package 'aiguillages' with the following arguments: {'ament_cmake_args': None, 'build_base': '/home/user/celluleflexible/ros_ws/build/aiguillages', 'catkin_cmake_args': None, 'catkin_skip_building_tests': False, 'cmake_args': None, 'cmake_clean_cache': False, 'cmake_clean_first': False, 'cmake_force_configure': False, 'cmake_target': None, 'cmake_target_skip_unavailable': False, 'install_base': '/home/user/celluleflexible/ros_ws/install/aiguillages', 'merge_install': False, 'path': '/home/user/celluleflexible/ros_ws/src/aiguillages', 'symlink_install': False, 'test_result_base': None}
[0.527s] Level 5:colcon.colcon_core.verb:set package 'commande_locale' build argument 'cmake_args' from command line to 'None'
[0.527s] Level 5:colcon.colcon_core.verb:set package 'commande_locale' build argument 'cmake_target' from command line to 'None'
[0.527s] Level 5:colcon.colcon_core.verb:set package 'commande_locale' build argument 'cmake_target_skip_unavailable' from command line to 'False'
[0.527s] Level 5:colcon.colcon_core.verb:set package 'commande_locale' build argument 'cmake_clean_cache' from command line to 'False'
[0.527s] Level 5:colcon.colcon_core.verb:set package 'commande_locale' build argument 'cmake_clean_first' from command line to 'False'
[0.527s] Level 5:colcon.colcon_core.verb:set package 'commande_locale' build argument 'cmake_force_configure' from command line to 'False'
[0.527s] Level 5:colcon.colcon_core.verb:set package 'commande_locale' build argument 'ament_cmake_args' from command line to 'None'
[0.527s] Level 5:colcon.colcon_core.verb:set package 'commande_locale' build argument 'catkin_cmake_args' from command line to 'None'
[0.527s] Level 5:colcon.colcon_core.verb:set package 'commande_locale' build argument 'catkin_skip_building_tests' from command line to 'False'
[0.527s] DEBUG:colcon.colcon_core.verb:Building package 'commande_locale' with the following arguments: {'ament_cmake_args': None, 'build_base': '/home/user/celluleflexible/ros_ws/build/commande_locale', 'catkin_cmake_args': None, 'catkin_skip_building_tests': False, 'cmake_args': None, 'cmake_clean_cache': False, 'cmake_clean_first': False, 'cmake_force_configure': False, 'cmake_target': None, 'cmake_target_skip_unavailable': False, 'install_base': '/home/user/celluleflexible/ros_ws/install/commande_locale', 'merge_install': False, 'path': '/home/user/celluleflexible/ros_ws/src/commande_locale', 'symlink_install': False, 'test_result_base': None}
[0.527s] INFO:colcon.colcon_core.executor:Executing jobs using 'parallel' executor
[0.529s] DEBUG:colcon.colcon_parallel_executor.executor.parallel:run_until_complete
[0.529s] INFO:colcon.colcon_ros.task.ament_cmake.build:Building ROS package in '/home/user/celluleflexible/ros_ws/src/aiguillages' with build type 'ament_cmake'
[0.530s] INFO:colcon.colcon_cmake.task.cmake.build:Building CMake package in '/home/user/celluleflexible/ros_ws/src/aiguillages'
[0.546s] INFO:colcon.colcon_core.plugin_system:Skipping extension 'colcon_core.shell.bat': Not used on non-Windows systems
[0.546s] INFO:colcon.colcon_core.shell:Skip shell extension 'powershell' for command environment: Not usable outside of PowerShell
[0.546s] DEBUG:colcon.colcon_core.shell:Skip shell extension 'dsv' for command environment
[0.556s] DEBUG:colcon.colcon_core.event_handler.log_command:Invoking command in '/home/user/celluleflexible/ros_ws/build/aiguillages': CMAKE_PREFIX_PATH=${CMAKE_PREFIX_PATH}:/opt/ros/jazzy DEBUGINFOD_URLS=https://debuginfod.ubuntu.com /usr/bin/cmake --build /home/user/celluleflexible/ros_ws/build/aiguillages -- -j8 -l8
[1.078s] DEBUG:colcon.colcon_core.event_handler.log_command:Invoked command in '/home/user/celluleflexible/ros_ws/build/aiguillages' returned '0': CMAKE_PREFIX_PATH=${CMAKE_PREFIX_PATH}:/opt/ros/jazzy DEBUGINFOD_URLS=https://debuginfod.ubuntu.com /usr/bin/cmake --build /home/user/celluleflexible/ros_ws/build/aiguillages -- -j8 -l8
[1.088s] DEBUG:colcon.colcon_core.event_handler.log_command:Invoking command in '/home/user/celluleflexible/ros_ws/build/aiguillages': CMAKE_PREFIX_PATH=${CMAKE_PREFIX_PATH}:/opt/ros/jazzy DEBUGINFOD_URLS=https://debuginfod.ubuntu.com /usr/bin/cmake --install /home/user/celluleflexible/ros_ws/build/aiguillages
[1.176s] Level 1:colcon.colcon_core.environment:create_environment_scripts_only(aiguillages)
[1.177s] DEBUG:colcon.colcon_core.event_handler.log_command:Invoked command in '/home/user/celluleflexible/ros_ws/build/aiguillages' returned '0': CMAKE_PREFIX_PATH=${CMAKE_PREFIX_PATH}:/opt/ros/jazzy DEBUGINFOD_URLS=https://debuginfod.ubuntu.com /usr/bin/cmake --install /home/user/celluleflexible/ros_ws/build/aiguillages
[1.186s] Level 1:colcon.colcon_core.environment:checking '/home/user/celluleflexible/ros_ws/install/aiguillages' for CMake module files
[1.186s] Level 1:colcon.colcon_core.environment:checking '/home/user/celluleflexible/ros_ws/install/aiguillages' for CMake config files
[1.186s] Level 1:colcon.colcon_core.shell:create_environment_hook('aiguillages', 'cmake_prefix_path')
[1.187s] INFO:colcon.colcon_core.shell:Creating environment hook '/home/user/celluleflexible/ros_ws/install/aiguillages/share/aiguillages/hook/cmake_prefix_path.ps1'
[1.188s] INFO:colcon.colcon_core.shell:Creating environment descriptor '/home/user/celluleflexible/ros_ws/install/aiguillages/share/aiguillages/hook/cmake_prefix_path.dsv'
[1.188s] INFO:colcon.colcon_core.shell:Creating environment hook '/home/user/celluleflexible/ros_ws/install/aiguillages/share/aiguillages/hook/cmake_prefix_path.sh'
[1.190s] Level 1:colcon.colcon_core.environment:checking '/home/user/celluleflexible/ros_ws/install/aiguillages/lib'
[1.190s] Level 1:colcon.colcon_core.shell:create_environment_hook('aiguillages', 'ld_library_path_lib')
[1.190s] INFO:colcon.colcon_core.shell:Creating environment hook '/home/user/celluleflexible/ros_ws/install/aiguillages/share/aiguillages/hook/ld_library_path_lib.ps1'
[1.190s] INFO:colcon.colcon_core.shell:Creating environment descriptor '/home/user/celluleflexible/ros_ws/install/aiguillages/share/aiguillages/hook/ld_library_path_lib.dsv'
[1.191s] INFO:colcon.colcon_core.shell:Creating environment hook '/home/user/celluleflexible/ros_ws/install/aiguillages/share/aiguillages/hook/ld_library_path_lib.sh'
[1.191s] Level 1:colcon.colcon_core.environment:checking '/home/user/celluleflexible/ros_ws/install/aiguillages/bin'
[1.191s] Level 1:colcon.colcon_core.environment:checking '/home/user/celluleflexible/ros_ws/install/aiguillages/lib/pkgconfig/aiguillages.pc'
[1.191s] Level 1:colcon.colcon_core.environment:checking '/home/user/celluleflexible/ros_ws/install/aiguillages/lib/python3.12/site-packages'
[1.191s] Level 1:colcon.colcon_core.shell:create_environment_hook('aiguillages', 'pythonpath')
[1.191s] INFO:colcon.colcon_core.shell:Creating environment hook '/home/user/celluleflexible/ros_ws/install/aiguillages/share/aiguillages/hook/pythonpath.ps1'
[1.191s] INFO:colcon.colcon_core.shell:Creating environment descriptor '/home/user/celluleflexible/ros_ws/install/aiguillages/share/aiguillages/hook/pythonpath.dsv'
[1.192s] INFO:colcon.colcon_core.shell:Creating environment hook '/home/user/celluleflexible/ros_ws/install/aiguillages/share/aiguillages/hook/pythonpath.sh'
[1.192s] Level 1:colcon.colcon_core.environment:checking '/home/user/celluleflexible/ros_ws/install/aiguillages/bin'
[1.193s] INFO:colcon.colcon_core.shell:Creating package script '/home/user/celluleflexible/ros_ws/install/aiguillages/share/aiguillages/package.ps1'
[1.193s] INFO:colcon.colcon_core.shell:Creating package descriptor '/home/user/celluleflexible/ros_ws/install/aiguillages/share/aiguillages/package.dsv'
[1.194s] INFO:colcon.colcon_core.shell:Creating package script '/home/user/celluleflexible/ros_ws/install/aiguillages/share/aiguillages/package.sh'
[1.195s] INFO:colcon.colcon_core.shell:Creating package script '/home/user/celluleflexible/ros_ws/install/aiguillages/share/aiguillages/package.bash'
[1.196s] INFO:colcon.colcon_core.shell:Creating package script '/home/user/celluleflexible/ros_ws/install/aiguillages/share/aiguillages/package.zsh'
[1.197s] Level 1:colcon.colcon_core.environment:create_file_with_runtime_dependencies(/home/user/celluleflexible/ros_ws/install/aiguillages/share/colcon-core/packages/aiguillages)
[1.198s] Level 1:colcon.colcon_core.environment:create_environment_scripts_only(aiguillages)
[1.199s] Level 1:colcon.colcon_core.environment:checking '/home/user/celluleflexible/ros_ws/install/aiguillages' for CMake module files
[1.199s] Level 1:colcon.colcon_core.environment:checking '/home/user/celluleflexible/ros_ws/install/aiguillages' for CMake config files
[1.199s] Level 1:colcon.colcon_core.shell:create_environment_hook('aiguillages', 'cmake_prefix_path')
[1.199s] INFO:colcon.colcon_core.shell:Creating environment hook '/home/user/celluleflexible/ros_ws/install/aiguillages/share/aiguillages/hook/cmake_prefix_path.ps1'
[1.199s] INFO:colcon.colcon_core.shell:Creating environment descriptor '/home/user/celluleflexible/ros_ws/install/aiguillages/share/aiguillages/hook/cmake_prefix_path.dsv'
[1.200s] INFO:colcon.colcon_core.shell:Creating environment hook '/home/user/celluleflexible/ros_ws/install/aiguillages/share/aiguillages/hook/cmake_prefix_path.sh'
[1.200s] Level 1:colcon.colcon_core.environment:checking '/home/user/celluleflexible/ros_ws/install/aiguillages/lib'
[1.200s] Level 1:colcon.colcon_core.shell:create_environment_hook('aiguillages', 'ld_library_path_lib')
[1.200s] INFO:colcon.colcon_core.shell:Creating environment hook '/home/user/celluleflexible/ros_ws/install/aiguillages/share/aiguillages/hook/ld_library_path_lib.ps1'
[1.201s] INFO:colcon.colcon_core.shell:Creating environment descriptor '/home/user/celluleflexible/ros_ws/install/aiguillages/share/aiguillages/hook/ld_library_path_lib.dsv'
[1.201s] INFO:colcon.colcon_core.shell:Creating environment hook '/home/user/celluleflexible/ros_ws/install/aiguillages/share/aiguillages/hook/ld_library_path_lib.sh'
[1.201s] Level 1:colcon.colcon_core.environment:checking '/home/user/celluleflexible/ros_ws/install/aiguillages/bin'
[1.201s] Level 1:colcon.colcon_core.environment:checking '/home/user/celluleflexible/ros_ws/install/aiguillages/lib/pkgconfig/aiguillages.pc'
[1.202s] Level 1:colcon.colcon_core.environment:checking '/home/user/celluleflexible/ros_ws/install/aiguillages/lib/python3.12/site-packages'
[1.202s] Level 1:colcon.colcon_core.shell:create_environment_hook('aiguillages', 'pythonpath')
[1.202s] INFO:colcon.colcon_core.shell:Creating environment hook '/home/user/celluleflexible/ros_ws/install/aiguillages/share/aiguillages/hook/pythonpath.ps1'
[1.202s] INFO:colcon.colcon_core.shell:Creating environment descriptor '/home/user/celluleflexible/ros_ws/install/aiguillages/share/aiguillages/hook/pythonpath.dsv'
[1.202s] INFO:colcon.colcon_core.shell:Creating environment hook '/home/user/celluleflexible/ros_ws/install/aiguillages/share/aiguillages/hook/pythonpath.sh'
[1.203s] Level 1:colcon.colcon_core.environment:checking '/home/user/celluleflexible/ros_ws/install/aiguillages/bin'
[1.203s] INFO:colcon.colcon_core.shell:Creating package script '/home/user/celluleflexible/ros_ws/install/aiguillages/share/aiguillages/package.ps1'
[1.203s] INFO:colcon.colcon_core.shell:Creating package descriptor '/home/user/celluleflexible/ros_ws/install/aiguillages/share/aiguillages/package.dsv'
[1.204s] INFO:colcon.colcon_core.shell:Creating package script '/home/user/celluleflexible/ros_ws/install/aiguillages/share/aiguillages/package.sh'
[1.204s] INFO:colcon.colcon_core.shell:Creating package script '/home/user/celluleflexible/ros_ws/install/aiguillages/share/aiguillages/package.bash'
[1.204s] INFO:colcon.colcon_core.shell:Creating package script '/home/user/celluleflexible/ros_ws/install/aiguillages/share/aiguillages/package.zsh'
[1.204s] Level 1:colcon.colcon_core.environment:create_file_with_runtime_dependencies(/home/user/celluleflexible/ros_ws/install/aiguillages/share/colcon-core/packages/aiguillages)
[1.206s] INFO:colcon.colcon_ros.task.ament_cmake.build:Building ROS package in '/home/user/celluleflexible/ros_ws/src/commande_locale' with build type 'ament_cmake'
[1.206s] INFO:colcon.colcon_cmake.task.cmake.build:Building CMake package in '/home/user/celluleflexible/ros_ws/src/commande_locale'
[1.206s] INFO:colcon.colcon_core.shell:Skip shell extension 'powershell' for command environment: Not usable outside of PowerShell
[1.206s] DEBUG:colcon.colcon_core.shell:Skip shell extension 'dsv' for command environment
[1.226s] DEBUG:colcon.colcon_core.event_handler.log_command:Invoking command in '/home/user/celluleflexible/ros_ws/build/commande_locale': AMENT_PREFIX_PATH=/home/user/celluleflexible/ros_ws/install/aiguillages:${AMENT_PREFIX_PATH} CMAKE_PREFIX_PATH=/home/user/celluleflexible/ros_ws/install/aiguillages:/opt/ros/jazzy/opt/gz_math_vendor:/opt/ros/jazzy/opt/gz_utils_vendor:/opt/ros/jazzy/opt/gz_cmake_vendor:/opt/ros/jazzy DEBUGINFOD_URLS=https://debuginfod.ubuntu.com LD_LIBRARY_PATH=/home/user/celluleflexible/ros_ws/install/aiguillages/lib:${LD_LIBRARY_PATH} PYTHONPATH=/home/user/celluleflexible/ros_ws/install/aiguillages/lib/python3.12/site-packages:${PYTHONPATH} /usr/bin/cmake --build /home/user/celluleflexible/ros_ws/build/commande_locale -- -j8 -l8
[12.469s] DEBUG:colcon.colcon_core.event_handler.log_command:Invoked command in '/home/user/celluleflexible/ros_ws/build/commande_locale' returned '0': AMENT_PREFIX_PATH=/home/user/celluleflexible/ros_ws/install/aiguillages:${AMENT_PREFIX_PATH} CMAKE_PREFIX_PATH=/home/user/celluleflexible/ros_ws/install/aiguillages:/opt/ros/jazzy/opt/gz_math_vendor:/opt/ros/jazzy/opt/gz_utils_vendor:/opt/ros/jazzy/opt/gz_cmake_vendor:/opt/ros/jazzy DEBUGINFOD_URLS=https://debuginfod.ubuntu.com LD_LIBRARY_PATH=/home/user/celluleflexible/ros_ws/install/aiguillages/lib:${LD_LIBRARY_PATH} PYTHONPATH=/home/user/celluleflexible/ros_ws/install/aiguillages/lib/python3.12/site-packages:${PYTHONPATH} /usr/bin/cmake --build /home/user/celluleflexible/ros_ws/build/commande_locale -- -j8 -l8
[12.481s] DEBUG:colcon.colcon_core.event_handler.log_command:Invoking command in '/home/user/celluleflexible/ros_ws/build/commande_locale': AMENT_PREFIX_PATH=/home/user/celluleflexible/ros_ws/install/aiguillages:${AMENT_PREFIX_PATH} CMAKE_PREFIX_PATH=/home/user/celluleflexible/ros_ws/install/aiguillages:/opt/ros/jazzy/opt/gz_math_vendor:/opt/ros/jazzy/opt/gz_utils_vendor:/opt/ros/jazzy/opt/gz_cmake_vendor:/opt/ros/jazzy DEBUGINFOD_URLS=https://debuginfod.ubuntu.com LD_LIBRARY_PATH=/home/user/celluleflexible/ros_ws/install/aiguillages/lib:${LD_LIBRARY_PATH} PYTHONPATH=/home/user/celluleflexible/ros_ws/install/aiguillages/lib/python3.12/site-packages:${PYTHONPATH} /usr/bin/cmake --install /home/user/celluleflexible/ros_ws/build/commande_locale
[12.596s] Level 1:colcon.colcon_core.environment:create_environment_scripts_only(commande_locale)
[12.596s] Level 1:colcon.colcon_core.environment:checking '/home/user/celluleflexible/ros_ws/install/commande_locale' for CMake module files
[12.597s] DEBUG:colcon.colcon_core.event_handler.log_command:Invoked command in '/home/user/celluleflexible/ros_ws/build/commande_locale' returned '0': AMENT_PREFIX_PATH=/home/user/celluleflexible/ros_ws/install/aiguillages:${AMENT_PREFIX_PATH} CMAKE_PREFIX_PATH=/home/user/celluleflexible/ros_ws/install/aiguillages:/opt/ros/jazzy/opt/gz_math_vendor:/opt/ros/jazzy/opt/gz_utils_vendor:/opt/ros/jazzy/opt/gz_cmake_vendor:/opt/ros/jazzy DEBUGINFOD_URLS=https://debuginfod.ubuntu.com LD_LIBRARY_PATH=/home/user/celluleflexible/ros_ws/install/aiguillages/lib:${LD_LIBRARY_PATH} PYTHONPATH=/home/user/celluleflexible/ros_ws/install/aiguillages/lib/python3.12/site-packages:${PYTHONPATH} /usr/bin/cmake --install /home/user/celluleflexible/ros_ws/build/commande_locale
[12.597s] Level 1:colcon.colcon_core.environment:checking '/home/user/celluleflexible/ros_ws/install/commande_locale' for CMake config files
[12.599s] Level 1:colcon.colcon_core.shell:create_environment_hook('commande_locale', 'cmake_prefix_path')
[12.599s] INFO:colcon.colcon_core.shell:Creating environment hook '/home/user/celluleflexible/ros_ws/install/commande_locale/share/commande_locale/hook/cmake_prefix_path.ps1'
[12.599s] INFO:colcon.colcon_core.shell:Creating environment descriptor '/home/user/celluleflexible/ros_ws/install/commande_locale/share/commande_locale/hook/cmake_prefix_path.dsv'
[12.600s] INFO:colcon.colcon_core.shell:Creating environment hook '/home/user/celluleflexible/ros_ws/install/commande_locale/share/commande_locale/hook/cmake_prefix_path.sh'
[12.600s] Level 1:colcon.colcon_core.environment:checking '/home/user/celluleflexible/ros_ws/install/commande_locale/lib'
[12.600s] Level 1:colcon.colcon_core.shell:create_environment_hook('commande_locale', 'ld_library_path_lib')
[12.600s] INFO:colcon.colcon_core.shell:Creating environment hook '/home/user/celluleflexible/ros_ws/install/commande_locale/share/commande_locale/hook/ld_library_path_lib.ps1'
[12.600s] INFO:colcon.colcon_core.shell:Creating environment descriptor '/home/user/celluleflexible/ros_ws/install/commande_locale/share/commande_locale/hook/ld_library_path_lib.dsv'
[12.601s] INFO:colcon.colcon_core.shell:Creating environment hook '/home/user/celluleflexible/ros_ws/install/commande_locale/share/commande_locale/hook/ld_library_path_lib.sh'
[12.601s] Level 1:colcon.colcon_core.environment:checking '/home/user/celluleflexible/ros_ws/install/commande_locale/bin'
[12.601s] Level 1:colcon.colcon_core.environment:checking '/home/user/celluleflexible/ros_ws/install/commande_locale/lib/pkgconfig/commande_locale.pc'
[12.601s] Level 1:colcon.colcon_core.environment:checking '/home/user/celluleflexible/ros_ws/install/commande_locale/lib/python3.12/site-packages'
[12.601s] Level 1:colcon.colcon_core.shell:create_environment_hook('commande_locale', 'pythonpath')
[12.602s] INFO:colcon.colcon_core.shell:Creating environment hook '/home/user/celluleflexible/ros_ws/install/commande_locale/share/commande_locale/hook/pythonpath.ps1'
[12.602s] INFO:colcon.colcon_core.shell:Creating environment descriptor '/home/user/celluleflexible/ros_ws/install/commande_locale/share/commande_locale/hook/pythonpath.dsv'
[12.602s] INFO:colcon.colcon_core.shell:Creating environment hook '/home/user/celluleflexible/ros_ws/install/commande_locale/share/commande_locale/hook/pythonpath.sh'
[12.603s] Level 1:colcon.colcon_core.environment:checking '/home/user/celluleflexible/ros_ws/install/commande_locale/bin'
[12.603s] INFO:colcon.colcon_core.shell:Creating package script '/home/user/celluleflexible/ros_ws/install/commande_locale/share/commande_locale/package.ps1'
[12.603s] INFO:colcon.colcon_core.shell:Creating package descriptor '/home/user/celluleflexible/ros_ws/install/commande_locale/share/commande_locale/package.dsv'
[12.604s] INFO:colcon.colcon_core.shell:Creating package script '/home/user/celluleflexible/ros_ws/install/commande_locale/share/commande_locale/package.sh'
[12.605s] INFO:colcon.colcon_core.shell:Creating package script '/home/user/celluleflexible/ros_ws/install/commande_locale/share/commande_locale/package.bash'
[12.605s] INFO:colcon.colcon_core.shell:Creating package script '/home/user/celluleflexible/ros_ws/install/commande_locale/share/commande_locale/package.zsh'
[12.605s] Level 1:colcon.colcon_core.environment:create_file_with_runtime_dependencies(/home/user/celluleflexible/ros_ws/install/commande_locale/share/colcon-core/packages/commande_locale)
[12.606s] Level 1:colcon.colcon_core.environment:create_environment_scripts_only(commande_locale)
[12.606s] Level 1:colcon.colcon_core.environment:checking '/home/user/celluleflexible/ros_ws/install/commande_locale' for CMake module files
[12.606s] Level 1:colcon.colcon_core.environment:checking '/home/user/celluleflexible/ros_ws/install/commande_locale' for CMake config files
[12.606s] Level 1:colcon.colcon_core.shell:create_environment_hook('commande_locale', 'cmake_prefix_path')
[12.606s] INFO:colcon.colcon_core.shell:Creating environment hook '/home/user/celluleflexible/ros_ws/install/commande_locale/share/commande_locale/hook/cmake_prefix_path.ps1'
[12.606s] INFO:colcon.colcon_core.shell:Creating environment descriptor '/home/user/celluleflexible/ros_ws/install/commande_locale/share/commande_locale/hook/cmake_prefix_path.dsv'
[12.607s] INFO:colcon.colcon_core.shell:Creating environment hook '/home/user/celluleflexible/ros_ws/install/commande_locale/share/commande_locale/hook/cmake_prefix_path.sh'
[12.607s] Level 1:colcon.colcon_core.environment:checking '/home/user/celluleflexible/ros_ws/install/commande_locale/lib'
[12.607s] Level 1:colcon.colcon_core.shell:create_environment_hook('commande_locale', 'ld_library_path_lib')
[12.607s] INFO:colcon.colcon_core.shell:Creating environment hook '/home/user/celluleflexible/ros_ws/install/commande_locale/share/commande_locale/hook/ld_library_path_lib.ps1'
[12.607s] INFO:colcon.colcon_core.shell:Creating environment descriptor '/home/user/celluleflexible/ros_ws/install/commande_locale/share/commande_locale/hook/ld_library_path_lib.dsv'
[12.608s] INFO:colcon.colcon_core.shell:Creating environment hook '/home/user/celluleflexible/ros_ws/install/commande_locale/share/commande_locale/hook/ld_library_path_lib.sh'
[12.608s] Level 1:colcon.colcon_core.environment:checking '/home/user/celluleflexible/ros_ws/install/commande_locale/bin'
[12.608s] Level 1:colcon.colcon_core.environment:checking '/home/user/celluleflexible/ros_ws/install/commande_locale/lib/pkgconfig/commande_locale.pc'
[12.608s] Level 1:colcon.colcon_core.environment:checking '/home/user/celluleflexible/ros_ws/install/commande_locale/lib/python3.12/site-packages'
[12.609s] Level 1:colcon.colcon_core.shell:create_environment_hook('commande_locale', 'pythonpath')
[12.609s] INFO:colcon.colcon_core.shell:Creating environment hook '/home/user/celluleflexible/ros_ws/install/commande_locale/share/commande_locale/hook/pythonpath.ps1'
[12.609s] INFO:colcon.colcon_core.shell:Creating environment descriptor '/home/user/celluleflexible/ros_ws/install/commande_locale/share/commande_locale/hook/pythonpath.dsv'
[12.609s] INFO:colcon.colcon_core.shell:Creating environment hook '/home/user/celluleflexible/ros_ws/install/commande_locale/share/commande_locale/hook/pythonpath.sh'
[12.610s] Level 1:colcon.colcon_core.environment:checking '/home/user/celluleflexible/ros_ws/install/commande_locale/bin'
[12.610s] INFO:colcon.colcon_core.shell:Creating package script '/home/user/celluleflexible/ros_ws/install/commande_locale/share/commande_locale/package.ps1'
[12.610s] INFO:colcon.colcon_core.shell:Creating package descriptor '/home/user/celluleflexible/ros_ws/install/commande_locale/share/commande_locale/package.dsv'
[12.611s] INFO:colcon.colcon_core.shell:Creating package script '/home/user/celluleflexible/ros_ws/install/commande_locale/share/commande_locale/package.sh'
[12.611s] INFO:colcon.colcon_core.shell:Creating package script '/home/user/celluleflexible/ros_ws/install/commande_locale/share/commande_locale/package.bash'
[12.611s] INFO:colcon.colcon_core.shell:Creating package script '/home/user/celluleflexible/ros_ws/install/commande_locale/share/commande_locale/package.zsh'
[12.612s] Level 1:colcon.colcon_core.environment:create_file_with_runtime_dependencies(/home/user/celluleflexible/ros_ws/install/commande_locale/share/colcon-core/packages/commande_locale)
[12.612s] DEBUG:colcon.colcon_parallel_executor.executor.parallel:closing loop
[12.612s] DEBUG:colcon.colcon_parallel_executor.executor.parallel:loop closed
[12.612s] DEBUG:colcon.colcon_parallel_executor.executor.parallel:run_until_complete finished with '0'
[12.613s] DEBUG:colcon.colcon_core.event_reactor:joining thread
[12.623s] INFO:colcon.colcon_core.plugin_system:Skipping extension 'colcon_notification.desktop_notification.terminal_notifier': Not used on non-Darwin systems
[12.623s] INFO:colcon.colcon_core.plugin_system:Skipping extension 'colcon_notification.desktop_notification.win32': Not used on non-Windows systems
[12.623s] INFO:colcon.colcon_notification.desktop_notification:Sending desktop notification using 'notify2'
[12.648s] DEBUG:colcon.colcon_core.event_reactor:joined thread
[12.649s] INFO:colcon.colcon_core.shell:Creating prefix script '/home/user/celluleflexible/ros_ws/install/local_setup.ps1'
[12.650s] INFO:colcon.colcon_core.shell:Creating prefix util module '/home/user/celluleflexible/ros_ws/install/_local_setup_util_ps1.py'
[12.651s] INFO:colcon.colcon_core.shell:Creating prefix chain script '/home/user/celluleflexible/ros_ws/install/setup.ps1'
[12.652s] INFO:colcon.colcon_core.shell:Creating prefix script '/home/user/celluleflexible/ros_ws/install/local_setup.sh'
[12.653s] INFO:colcon.colcon_core.shell:Creating prefix util module '/home/user/celluleflexible/ros_ws/install/_local_setup_util_sh.py'
[12.654s] INFO:colcon.colcon_core.shell:Creating prefix chain script '/home/user/celluleflexible/ros_ws/install/setup.sh'
[12.655s] INFO:colcon.colcon_core.shell:Creating prefix script '/home/user/celluleflexible/ros_ws/install/local_setup.bash'
[12.656s] INFO:colcon.colcon_core.shell:Creating prefix chain script '/home/user/celluleflexible/ros_ws/install/setup.bash'
[12.657s] INFO:colcon.colcon_core.shell:Creating prefix script '/home/user/celluleflexible/ros_ws/install/local_setup.zsh'
[12.659s] INFO:colcon.colcon_core.shell:Creating prefix chain script '/home/user/celluleflexible/ros_ws/install/setup.zsh'
