[ 12%] [32mBuilding CXX object CMakeFiles/run.dir/src/commande.cpp.o[0m
[ 25%] [32m[1mLinking CXX executable run[0m
[100%] Built target run
-- Install configuration: ""
-- Installing: /home/user/celluleflexible_en_cours_ROS2/ros_ws/install/commande/lib/commande/run
-- Set non-toolchain portion of runtime path of "/home/user/celluleflexible_en_cours_ROS2/ros_ws/install/commande/lib/commande/run" to ""
-- Up-to-date: /home/user/celluleflexible_en_cours_ROS2/ros_ws/install/commande/include
-- Up-to-date: /home/user/celluleflexible_en_cours_ROS2/ros_ws/install/commande/include/commande
-- Up-to-date: /home/user/celluleflexible_en_cours_ROS2/ros_ws/install/commande/share/ament_index/resource_index/package_run_dependencies/commande
-- Up-to-date: /home/user/celluleflexible_en_cours_ROS2/ros_ws/install/commande/share/ament_index/resource_index/parent_prefix_path/commande
-- Up-to-date: /home/user/celluleflexible_en_cours_ROS2/ros_ws/install/commande/share/commande/environment/ament_prefix_path.sh
-- Up-to-date: /home/user/celluleflexible_en_cours_ROS2/ros_ws/install/commande/share/commande/environment/ament_prefix_path.dsv
-- Up-to-date: /home/user/celluleflexible_en_cours_ROS2/ros_ws/install/commande/share/commande/environment/path.sh
-- Up-to-date: /home/user/celluleflexible_en_cours_ROS2/ros_ws/install/commande/share/commande/environment/path.dsv
-- Up-to-date: /home/user/celluleflexible_en_cours_ROS2/ros_ws/install/commande/share/commande/local_setup.bash
-- Up-to-date: /home/user/celluleflexible_en_cours_ROS2/ros_ws/install/commande/share/commande/local_setup.sh
-- Up-to-date: /home/user/celluleflexible_en_cours_ROS2/ros_ws/install/commande/share/commande/local_setup.zsh
-- Up-to-date: /home/user/celluleflexible_en_cours_ROS2/ros_ws/install/commande/share/commande/local_setup.dsv
-- Installing: /home/user/celluleflexible_en_cours_ROS2/ros_ws/install/commande/share/commande/package.dsv
-- Up-to-date: /home/user/celluleflexible_en_cours_ROS2/ros_ws/install/commande/share/ament_index/resource_index/packages/commande
-- Up-to-date: /home/user/celluleflexible_en_cours_ROS2/ros_ws/install/commande/share/commande/cmake/commandeConfig.cmake
-- Up-to-date: /home/user/celluleflexible_en_cours_ROS2/ros_ws/install/commande/share/commande/cmake/commandeConfig-version.cmake
-- Up-to-date: /home/user/celluleflexible_en_cours_ROS2/ros_ws/install/commande/share/commande/package.xml
