-- Found ament_cmake: 2.5.5 (/opt/ros/jazzy/share/ament_cmake/cmake)
-- Found Python3: /usr/bin/python3 (found version "3.12.3") found components: Interpreter 
-- Found rclcpp: 28.1.16 (/opt/ros/jazzy/share/rclcpp/cmake)
-- Found rosidl_generator_c: 4.6.7 (/opt/ros/jazzy/share/rosidl_generator_c/cmake)
-- Found rosidl_generator_cpp: 4.6.7 (/opt/ros/jazzy/share/rosidl_generator_cpp/cmake)
-- Using all available rosidl_typesupport_c: rosidl_typesupport_fastrtps_c;rosidl_typesupport_introspection_c
-- Using all available rosidl_typesupport_cpp: rosidl_typesupport_fastrtps_cpp;rosidl_typesupport_introspection_cpp
-- Found rmw_implementation_cmake: 7.3.3 (/opt/ros/jazzy/share/rmw_implementation_cmake/cmake)
-- Found rmw_fastrtps_cpp: 8.4.3 (/opt/ros/jazzy/share/rmw_fastrtps_cpp/cmake)
-- Using RMW implementation 'rmw_fastrtps_cpp' as default
-- Found std_msgs: 5.3.6 (/opt/ros/jazzy/share/std_msgs/cmake)
-- Found sensor_msgs: 5.3.6 (/opt/ros/jazzy/share/sensor_msgs/cmake)
-- Found image_transport: 5.1.7 (/opt/ros/jazzy/share/image_transport/cmake)
-- Found cv_bridge: 4.1.0 (/opt/ros/jazzy/share/cv_bridge/cmake)
-- Found shuttles: 0.0.0 (/home/user/celluleflexible_en_cours_ROS2/celluleflexible/ros_ws/install/shuttles/share/shuttles/cmake)
-- Found rosidl_default_generators: 1.6.0 (/opt/ros/jazzy/share/rosidl_default_generators/cmake)
-- Found rosidl_adapter: 4.6.7 (/opt/ros/jazzy/share/rosidl_adapter/cmake)
-- Found ament_cmake_ros: 0.12.0 (/opt/ros/jazzy/share/ament_cmake_ros/cmake)
-- Using all available rosidl_typesupport_c: rosidl_typesupport_fastrtps_c;rosidl_typesupport_introspection_c
-- Using all available rosidl_typesupport_cpp: rosidl_typesupport_fastrtps_cpp;rosidl_typesupport_introspection_cpp
-- Found python_cmake_module: 0.11.1 (/opt/ros/jazzy/share/python_cmake_module/cmake)
-- Found Python3: /usr/bin/python3 (found version "3.12.3") found components: Interpreter Development NumPy Development.Module Development.Embed 
[0mCMake Deprecation Warning at /opt/ros/jazzy/share/rosidl_cmake/cmake/rosidl_target_interfaces.cmake:32 (message):
  Use rosidl_get_typesupport_target() and target_link_libraries() instead of
  rosidl_target_interfaces().  i.e:

    rosidl_get_typesupport_target(cpp_typesupport_target "${PROJECT_NAME}" "rosidl_typesupport_cpp")
    target_link_libraries(${PROJECT_NAME}_node "${cpp_typesupport_target}")

Call Stack (most recent call first):
  CMakeLists.txt:86 (rosidl_target_interfaces)

[0m
[0mCMake Deprecation Warning at /opt/ros/jazzy/share/rosidl_cmake/cmake/rosidl_target_interfaces.cmake:32 (message):
  Use rosidl_get_typesupport_target() and target_link_libraries() instead of
  rosidl_target_interfaces().  i.e:

    rosidl_get_typesupport_target(cpp_typesupport_target "${PROJECT_NAME}" "rosidl_typesupport_cpp")
    target_link_libraries(${PROJECT_NAME}_node "${cpp_typesupport_target}")

Call Stack (most recent call first):
  CMakeLists.txt:88 (rosidl_target_interfaces)

[0m
[0mCMake Deprecation Warning at /opt/ros/jazzy/share/rosidl_cmake/cmake/rosidl_target_interfaces.cmake:32 (message):
  Use rosidl_get_typesupport_target() and target_link_libraries() instead of
  rosidl_target_interfaces().  i.e:

    rosidl_get_typesupport_target(cpp_typesupport_target "${PROJECT_NAME}" "rosidl_typesupport_cpp")
    target_link_libraries(${PROJECT_NAME}_node "${cpp_typesupport_target}")

Call Stack (most recent call first):
  CMakeLists.txt:90 (rosidl_target_interfaces)

[0m
-- Configuring done (0.9s)
-- Generating done (0.1s)
-- Build files have been written to: /home/user/celluleflexible_en_cours_ROS2/celluleflexible/ros_ws/build/commande_locale
[  1%] Built target commande_locale__rosidl_generator_type_description
[  1%] Built target ament_cmake_python_copy_commande_locale
[  1%] Built target commande_locale__cpp
[ 26%] Built target commande_locale__rosidl_generator_c
[ 35%] Built target commande_locale__rosidl_typesupport_c
[ 44%] Built target commande_locale__rosidl_typesupport_introspection_c
[ 58%] Built target commande_locale__rosidl_typesupport_fastrtps_cpp
[ 62%] Built target commande_locale__rosidl_typesupport_cpp
[ 72%] Built target commande_locale__rosidl_typesupport_fastrtps_c
[ 82%] Built target commande_locale__rosidl_typesupport_introspection_cpp
[ 82%] Built target commande_locale
[ 83%] [32mBuilding CXX object CMakeFiles/display_node.dir/src/display.cpp.o[0m
[ 85%] [32mBuilding CXX object CMakeFiles/log_manager.dir/src/LogManager.cpp.o[0m
[ 85%] Built target commande_locale__py
[ 86%] [32mBuilding CXX object CMakeFiles/simulation.dir/src/commande_locale.cpp.o[0m
[ 86%] [32mBuilding CXX object CMakeFiles/simulation.dir/src/vrepController.cpp.o[0m
[ 87%] [32mBuilding CXX object CMakeFiles/simulation.dir/src/inOutController.cpp.o[0m
[ 96%] Built target commande_locale__rosidl_generator_py
running egg_info
writing commande_locale.egg-info/PKG-INFO
writing dependency_links to commande_locale.egg-info/dependency_links.txt
writing top-level names to commande_locale.egg-info/top_level.txt
[ 97%] Built target commande_locale_s__rosidl_typesupport_introspection_c
[ 98%] Built target commande_locale_s__rosidl_typesupport_fastrtps_c
reading manifest file 'commande_locale.egg-info/SOURCES.txt'
writing manifest file 'commande_locale.egg-info/SOURCES.txt'
[ 99%] Built target commande_locale_s__rosidl_typesupport_c
[ 99%] Built target ament_cmake_python_build_commande_locale_egg
[01m[K/home/user/celluleflexible_en_cours_ROS2/celluleflexible/ros_ws/src/commande_locale/src/LogManager.cpp:12:10:[m[K [01;31m[Kfatal error: [m[Kament_index_cpp/get_package_share_directory.hpp: No such file or directory
   12 | #include [01;31m[K<ament_index_cpp/get_package_share_directory.hpp>[m[K
      |          [01;31m[K^~~~~~~~~~~~~~~~~~~~~~~~~~~~~~~~~~~~~~~~~~~~~~~~~[m[K
compilation terminated.
gmake[2]: *** [CMakeFiles/log_manager.dir/build.make:76: CMakeFiles/log_manager.dir/src/LogManager.cpp.o] Error 1
gmake[1]: *** [CMakeFiles/Makefile2:688: CMakeFiles/log_manager.dir/all] Error 2
gmake[1]: *** Waiting for unfinished jobs....
[01m[K/home/user/celluleflexible_en_cours_ROS2/celluleflexible/ros_ws/src/commande_locale/src/display.cpp:4:10:[m[K [01;31m[Kfatal error: [m[Kimage_transport/image_transport.h: No such file or directory
    4 | #include [01;31m[K<image_transport/image_transport.h>[m[K
      |          [01;31m[K^~~~~~~~~~~~~~~~~~~~~~~~~~~~~~~~~~~[m[K
compilation terminated.
gmake[2]: *** [CMakeFiles/display_node.dir/build.make:76: CMakeFiles/display_node.dir/src/display.cpp.o] Error 1
gmake[1]: *** [CMakeFiles/Makefile2:659: CMakeFiles/display_node.dir/all] Error 2
[100%] [32m[1mLinking CXX executable simulation[0m
[100%] Built target simulation
gmake: *** [Makefile:146: all] Error 2
