[0.028s] Invoking command in '/home/user/celluleflexible_en_cours_ROS2/celluleflexible/ros_ws/build/commande_locale': CMAKE_PREFIX_PATH=/home/user/celluleflexible_en_cours_ROS2/celluleflexible/ros_ws/install/shuttles:/home/user/celluleflexible_en_cours_ROS2/celluleflexible/ros_ws/install/aiguillages:/home/user/celluleflexible_en_cours_ROS2/celluleflexible/ros_ws/install/commande:/home/user/celluleflexible_en_cours_ROS2/celluleflexible/ros_ws/install/robots:/home/user/celluleflexible_en_cours_ROS2/celluleflexible/ros_ws/install/launcher:/home/user/celluleflexible_en_cours_ROS2/celluleflexible/ros_ws/install/commande_locale:/opt/ros/jazzy/opt/gz_math_vendor:/opt/ros/jazzy/opt/gz_utils_vendor:/opt/ros/jazzy/opt/gz_cmake_vendor:/opt/ros/jazzy DEBUGINFOD_URLS=https://debuginfod.ubuntu.com LD_LIBRARY_PATH=/home/user/celluleflexible_en_cours_ROS2/celluleflexible/ros_ws/install/shuttles/lib:/home/user/celluleflexible_en_cours_ROS2/celluleflexible/ros_ws/install/aiguillages/lib:/home/user/celluleflexible_en_cours_ROS2/celluleflexible/ros_ws/install/robots/lib:/home/user/celluleflexible_en_cours_ROS2/celluleflexible/ros_ws/install/commande_locale/lib:/opt/ros/jazzy/opt/rviz_ogre_vendor/lib:/opt/ros/jazzy/lib/x86_64-linux-gnu:/opt/ros/jazzy/opt/gz_math_vendor/lib:/opt/ros/jazzy/opt/gz_utils_vendor/lib:/opt/ros/jazzy/opt/gz_cmake_vendor/lib:/opt/ros/jazzy/lib PYTHONPATH=/home/user/celluleflexible_en_cours_ROS2/celluleflexible/ros_ws/install/shuttles/lib/python3.12/site-packages:/home/user/celluleflexible_en_cours_ROS2/celluleflexible/ros_ws/install/aiguillages/lib/python3.12/site-packages:/home/user/celluleflexible_en_cours_ROS2/celluleflexible/ros_ws/install/robots/lib/python3.12/site-packages:/home/user/celluleflexible_en_cours_ROS2/celluleflexible/ros_ws/install/commande_locale/lib/python3.12/site-packages:/opt/ros/jazzy/lib/python3.12/site-packages /usr/bin/cmake --build /home/user/celluleflexible_en_cours_ROS2/celluleflexible/ros_ws/build/commande_locale -- -j8 -l8
[0.059s] -- Found ament_cmake: 2.5.5 (/opt/ros/jazzy/share/ament_cmake/cmake)
[0.075s] -- Found Python3: /usr/bin/python3 (found version "3.12.3") found components: Interpreter 
[0.130s] -- Found rclcpp: 28.1.16 (/opt/ros/jazzy/share/rclcpp/cmake)
[0.142s] -- Found rosidl_generator_c: 4.6.7 (/opt/ros/jazzy/share/rosidl_generator_c/cmake)
[0.146s] -- Found rosidl_generator_cpp: 4.6.7 (/opt/ros/jazzy/share/rosidl_generator_cpp/cmake)
[0.152s] -- Using all available rosidl_typesupport_c: rosidl_typesupport_fastrtps_c;rosidl_typesupport_introspection_c
[0.159s] -- Using all available rosidl_typesupport_cpp: rosidl_typesupport_fastrtps_cpp;rosidl_typesupport_introspection_cpp
[0.193s] -- Found rmw_implementation_cmake: 7.3.3 (/opt/ros/jazzy/share/rmw_implementation_cmake/cmake)
[0.196s] -- Found rmw_fastrtps_cpp: 8.4.3 (/opt/ros/jazzy/share/rmw_fastrtps_cpp/cmake)
[0.236s] -- Using RMW implementation 'rmw_fastrtps_cpp' as default
[0.270s] -- Found std_msgs: 5.3.6 (/opt/ros/jazzy/share/std_msgs/cmake)
[0.277s] -- Found sensor_msgs: 5.3.6 (/opt/ros/jazzy/share/sensor_msgs/cmake)
[0.299s] -- Found image_transport: 5.1.7 (/opt/ros/jazzy/share/image_transport/cmake)
[0.306s] -- Found cv_bridge: 4.1.0 (/opt/ros/jazzy/share/cv_bridge/cmake)
[0.314s] -- Found shuttles: 0.0.0 (/home/user/celluleflexible_en_cours_ROS2/celluleflexible/ros_ws/install/shuttles/share/shuttles/cmake)
[0.343s] -- Found rosidl_default_generators: 1.6.0 (/opt/ros/jazzy/share/rosidl_default_generators/cmake)
[0.347s] -- Found rosidl_adapter: 4.6.7 (/opt/ros/jazzy/share/rosidl_adapter/cmake)
[0.543s] -- Found ament_cmake_ros: 0.12.0 (/opt/ros/jazzy/share/ament_cmake_ros/cmake)
[0.676s] -- Using all available rosidl_typesupport_c: rosidl_typesupport_fastrtps_c;rosidl_typesupport_introspection_c
[0.726s] -- Using all available rosidl_typesupport_cpp: rosidl_typesupport_fastrtps_cpp;rosidl_typesupport_introspection_cpp
[0.727s] -- Found python_cmake_module: 0.11.1 (/opt/ros/jazzy/share/python_cmake_module/cmake)
[0.897s] -- Found Python3: /usr/bin/python3 (found version "3.12.3") found components: Interpreter Development NumPy Development.Module Development.Embed 
[0.928s] [0mCMake Deprecation Warning at /opt/ros/jazzy/share/rosidl_cmake/cmake/rosidl_target_interfaces.cmake:32 (message):
[0.928s]   Use rosidl_get_typesupport_target() and target_link_libraries() instead of
[0.928s]   rosidl_target_interfaces().  i.e:
[0.928s] 
[0.928s]     rosidl_get_typesupport_target(cpp_typesupport_target "${PROJECT_NAME}" "rosidl_typesupport_cpp")
[0.928s]     target_link_libraries(${PROJECT_NAME}_node "${cpp_typesupport_target}")
[0.928s] 
[0.928s] Call Stack (most recent call first):
[0.928s]   CMakeLists.txt:86 (rosidl_target_interfaces)
[0.928s] 
[0.928s] [0m
[0.928s] [0mCMake Deprecation Warning at /opt/ros/jazzy/share/rosidl_cmake/cmake/rosidl_target_interfaces.cmake:32 (message):
[0.928s]   Use rosidl_get_typesupport_target() and target_link_libraries() instead of
[0.928s]   rosidl_target_interfaces().  i.e:
[0.928s] 
[0.928s]     rosidl_get_typesupport_target(cpp_typesupport_target "${PROJECT_NAME}" "rosidl_typesupport_cpp")
[0.928s]     target_link_libraries(${PROJECT_NAME}_node "${cpp_typesupport_target}")
[0.928s] 
[0.928s] Call Stack (most recent call first):
[0.928s]   CMakeLists.txt:88 (rosidl_target_interfaces)
[0.928s] 
[0.928s] [0m
[0.928s] [0mCMake Deprecation Warning at /opt/ros/jazzy/share/rosidl_cmake/cmake/rosidl_target_interfaces.cmake:32 (message):
[0.928s]   Use rosidl_get_typesupport_target() and target_link_libraries() instead of
[0.928s]   rosidl_target_interfaces().  i.e:
[0.928s] 
[0.928s]     rosidl_get_typesupport_target(cpp_typesupport_target "${PROJECT_NAME}" "rosidl_typesupport_cpp")
[0.928s]     target_link_libraries(${PROJECT_NAME}_node "${cpp_typesupport_target}")
[0.928s] 
[0.928s] Call Stack (most recent call first):
[0.928s]   CMakeLists.txt:90 (rosidl_target_interfaces)
[0.928s] 
[0.928s] [0m
[0.943s] -- Configuring done (0.9s)
[1.020s] -- Generating done (0.1s)
[1.033s] -- Build files have been written to: /home/user/celluleflexible_en_cours_ROS2/celluleflexible/ros_ws/build/commande_locale
[1.074s] [  1%] Built target commande_locale__rosidl_generator_type_description
[1.083s] [  1%] Built target ament_cmake_python_copy_commande_locale
[1.097s] [  1%] Built target commande_locale__cpp
[1.115s] [ 26%] Built target commande_locale__rosidl_generator_c
[1.150s] [ 35%] Built target commande_locale__rosidl_typesupport_c
[1.150s] [ 44%] Built target commande_locale__rosidl_typesupport_introspection_c
[1.154s] [ 58%] Built target commande_locale__rosidl_typesupport_fastrtps_cpp
[1.155s] [ 62%] Built target commande_locale__rosidl_typesupport_cpp
[1.156s] [ 72%] Built target commande_locale__rosidl_typesupport_fastrtps_c
[1.156s] [ 82%] Built target commande_locale__rosidl_typesupport_introspection_cpp
[1.183s] [ 82%] Built target commande_locale
[1.227s] [ 83%] [32mBuilding CXX object CMakeFiles/display_node.dir/src/display.cpp.o[0m
[1.232s] [ 85%] [32mBuilding CXX object CMakeFiles/log_manager.dir/src/LogManager.cpp.o[0m
[1.232s] [ 85%] Built target commande_locale__py
[1.237s] [ 86%] [32mBuilding CXX object CMakeFiles/simulation.dir/src/commande_locale.cpp.o[0m
[1.237s] [ 86%] [32mBuilding CXX object CMakeFiles/simulation.dir/src/vrepController.cpp.o[0m
[1.240s] [ 87%] [32mBuilding CXX object CMakeFiles/simulation.dir/src/inOutController.cpp.o[0m
[1.265s] [ 96%] Built target commande_locale__rosidl_generator_py
[1.270s] running egg_info
[1.282s] writing commande_locale.egg-info/PKG-INFO
[1.282s] writing dependency_links to commande_locale.egg-info/dependency_links.txt
[1.283s] writing top-level names to commande_locale.egg-info/top_level.txt
[1.302s] [ 97%] Built target commande_locale_s__rosidl_typesupport_introspection_c
[1.310s] [ 98%] Built target commande_locale_s__rosidl_typesupport_fastrtps_c
[1.338s] reading manifest file 'commande_locale.egg-info/SOURCES.txt'
[1.339s] writing manifest file 'commande_locale.egg-info/SOURCES.txt'
[1.340s] [ 99%] Built target commande_locale_s__rosidl_typesupport_c
[1.364s] [ 99%] Built target ament_cmake_python_build_commande_locale_egg
[1.400s] [01m[K/home/user/celluleflexible_en_cours_ROS2/celluleflexible/ros_ws/src/commande_locale/src/LogManager.cpp:12:10:[m[K [01;31m[Kfatal error: [m[Kament_index_cpp/get_package_share_directory.hpp: No such file or directory
[1.400s]    12 | #include [01;31m[K<ament_index_cpp/get_package_share_directory.hpp>[m[K
[1.400s]       |          [01;31m[K^~~~~~~~~~~~~~~~~~~~~~~~~~~~~~~~~~~~~~~~~~~~~~~~~[m[K
[1.400s] compilation terminated.
[1.404s] gmake[2]: *** [CMakeFiles/log_manager.dir/build.make:76: CMakeFiles/log_manager.dir/src/LogManager.cpp.o] Error 1
[1.405s] gmake[1]: *** [CMakeFiles/Makefile2:688: CMakeFiles/log_manager.dir/all] Error 2
[1.405s] gmake[1]: *** Waiting for unfinished jobs....
[1.425s] [01m[K/home/user/celluleflexible_en_cours_ROS2/celluleflexible/ros_ws/src/commande_locale/src/display.cpp:4:10:[m[K [01;31m[Kfatal error: [m[Kimage_transport/image_transport.h: No such file or directory
[1.425s]     4 | #include [01;31m[K<image_transport/image_transport.h>[m[K
[1.425s]       |          [01;31m[K^~~~~~~~~~~~~~~~~~~~~~~~~~~~~~~~~~~[m[K
[1.425s] compilation terminated.
[1.429s] gmake[2]: *** [CMakeFiles/display_node.dir/build.make:76: CMakeFiles/display_node.dir/src/display.cpp.o] Error 1
[1.429s] gmake[1]: *** [CMakeFiles/Makefile2:659: CMakeFiles/display_node.dir/all] Error 2
[12.040s] [100%] [32m[1mLinking CXX executable simulation[0m
[12.755s] [100%] Built target simulation
[12.756s] gmake: *** [Makefile:146: all] Error 2
[12.760s] Invoked command in '/home/user/celluleflexible_en_cours_ROS2/celluleflexible/ros_ws/build/commande_locale' returned '2': CMAKE_PREFIX_PATH=/home/user/celluleflexible_en_cours_ROS2/celluleflexible/ros_ws/install/shuttles:/home/user/celluleflexible_en_cours_ROS2/celluleflexible/ros_ws/install/aiguillages:/home/user/celluleflexible_en_cours_ROS2/celluleflexible/ros_ws/install/commande:/home/user/celluleflexible_en_cours_ROS2/celluleflexible/ros_ws/install/robots:/home/user/celluleflexible_en_cours_ROS2/celluleflexible/ros_ws/install/launcher:/home/user/celluleflexible_en_cours_ROS2/celluleflexible/ros_ws/install/commande_locale:/opt/ros/jazzy/opt/gz_math_vendor:/opt/ros/jazzy/opt/gz_utils_vendor:/opt/ros/jazzy/opt/gz_cmake_vendor:/opt/ros/jazzy DEBUGINFOD_URLS=https://debuginfod.ubuntu.com LD_LIBRARY_PATH=/home/user/celluleflexible_en_cours_ROS2/celluleflexible/ros_ws/install/shuttles/lib:/home/user/celluleflexible_en_cours_ROS2/celluleflexible/ros_ws/install/aiguillages/lib:/home/user/celluleflexible_en_cours_ROS2/celluleflexible/ros_ws/install/robots/lib:/home/user/celluleflexible_en_cours_ROS2/celluleflexible/ros_ws/install/commande_locale/lib:/opt/ros/jazzy/opt/rviz_ogre_vendor/lib:/opt/ros/jazzy/lib/x86_64-linux-gnu:/opt/ros/jazzy/opt/gz_math_vendor/lib:/opt/ros/jazzy/opt/gz_utils_vendor/lib:/opt/ros/jazzy/opt/gz_cmake_vendor/lib:/opt/ros/jazzy/lib PYTHONPATH=/home/user/celluleflexible_en_cours_ROS2/celluleflexible/ros_ws/install/shuttles/lib/python3.12/site-packages:/home/user/celluleflexible_en_cours_ROS2/celluleflexible/ros_ws/install/aiguillages/lib/python3.12/site-packages:/home/user/celluleflexible_en_cours_ROS2/celluleflexible/ros_ws/install/robots/lib/python3.12/site-packages:/home/user/celluleflexible_en_cours_ROS2/celluleflexible/ros_ws/install/commande_locale/lib/python3.12/site-packages:/opt/ros/jazzy/lib/python3.12/site-packages /usr/bin/cmake --build /home/user/celluleflexible_en_cours_ROS2/celluleflexible/ros_ws/build/commande_locale -- -j8 -l8
