[0.021s] Invoking command in '/home/user/celluleflexible_en_cours_ROS2/celluleflexible/CoppeliaSim/build/sim_ros2_interface': DEBUGINFOD_URLS=https://debuginfod.ubuntu.com /usr/bin/cmake /home/user/celluleflexible_en_cours_ROS2/celluleflexible/CoppeliaSim/programming/ros2_packages/sim_ros2_interface -DAMENT_CMAKE_SYMLINK_INSTALL=1 -DCMAKE_INSTALL_PREFIX=/home/user/celluleflexible_en_cours_ROS2/celluleflexible/CoppeliaSim/install/sim_ros2_interface
[0.050s] [31mCMake Error at CMakeLists.txt:29 (find_package):
[0.050s]   By not providing "Findament_cmake.cmake" in CMAKE_MODULE_PATH this project
[0.050s]   has asked CMake to find a package configuration file provided by
[0.050s]   "ament_cmake", but CMake did not find one.
[0.050s] 
[0.050s]   Could not find a package configuration file provided by "ament_cmake" with
[0.050s]   any of the following names:
[0.050s] 
[0.051s]     ament_cmakeConfig.cmake
[0.051s]     ament_cmake-config.cmake
[0.051s] 
[0.051s]   Add the installation prefix of "ament_cmake" to CMAKE_PREFIX_PATH or set
[0.051s]   "ament_cmake_DIR" to a directory containing one of the above files.  If
[0.051s]   "ament_cmake" provides a separate development package or SDK, be sure it
[0.051s]   has been installed.
[0.051s] 
[0.051s] [0m
[0.051s] -- Configuring incomplete, errors occurred!
[0.053s] Invoked command in '/home/user/celluleflexible_en_cours_ROS2/celluleflexible/CoppeliaSim/build/sim_ros2_interface' returned '1': DEBUGINFOD_URLS=https://debuginfod.ubuntu.com /usr/bin/cmake /home/user/celluleflexible_en_cours_ROS2/celluleflexible/CoppeliaSim/programming/ros2_packages/sim_ros2_interface -DAMENT_CMAKE_SYMLINK_INSTALL=1 -DCMAKE_INSTALL_PREFIX=/home/user/celluleflexible_en_cours_ROS2/celluleflexible/CoppeliaSim/install/sim_ros2_interface
