[0.012s] Invoking command in '/home/user/celluleflexible_en_cours_ROS2/celluleflexible/CoppeliaSim/build/sim_ros2_interface': DEBUGINFOD_URLS=https://debuginfod.ubuntu.com /usr/bin/cmake /home/user/celluleflexible_en_cours_ROS2/celluleflexible/CoppeliaSim/programming/ros2_packages/sim_ros2_interface -DAMENT_CMAKE_SYMLINK_INSTALL=1 -DCMAKE_INSTALL_PREFIX=/home/user/celluleflexible_en_cours_ROS2/celluleflexible/CoppeliaSim/install/sim_ros2_interface
[0.056s] -- The C compiler identification is GNU 13.3.0
[0.092s] -- The CXX compiler identification is GNU 13.3.0
[0.106s] -- Detecting C compiler ABI info
[0.199s] -- Detecting C compiler ABI info - done
[0.211s] -- Check for working C compiler: /usr/bin/cc - skipped
[0.214s] -- Detecting C compile features
[0.216s] -- Detecting C compile features - done
[0.227s] -- Detecting CXX compiler ABI info
[0.324s] -- Detecting CXX compiler ABI info - done
[0.324s] -- Check for working CXX compiler: /usr/bin/c++ - skipped
[0.325s] -- Detecting CXX compile features
[0.326s] -- Detecting CXX compile features - done
[0.330s] [31mCMake Error at CMakeLists.txt:29 (find_package):
[0.330s]   By not providing "Findament_cmake.cmake" in CMAKE_MODULE_PATH this project
[0.330s]   has asked CMake to find a package configuration file provided by
[0.330s]   "ament_cmake", but CMake did not find one.
[0.330s] 
[0.330s]   Could not find a package configuration file provided by "ament_cmake" with
[0.331s]   any of the following names:
[0.331s] 
[0.331s]     ament_cmakeConfig.cmake
[0.331s]     ament_cmake-config.cmake
[0.331s] 
[0.331s]   Add the installation prefix of "ament_cmake" to CMAKE_PREFIX_PATH or set
[0.331s]   "ament_cmake_DIR" to a directory containing one of the above files.  If
[0.331s]   "ament_cmake" provides a separate development package or SDK, be sure it
[0.331s]   has been installed.
[0.331s] 
[0.331s] [0m
[0.331s] -- Configuring incomplete, errors occurred!
[0.337s] Invoked command in '/home/user/celluleflexible_en_cours_ROS2/celluleflexible/CoppeliaSim/build/sim_ros2_interface' returned '1': DEBUGINFOD_URLS=https://debuginfod.ubuntu.com /usr/bin/cmake /home/user/celluleflexible_en_cours_ROS2/celluleflexible/CoppeliaSim/programming/ros2_packages/sim_ros2_interface -DAMENT_CMAKE_SYMLINK_INSTALL=1 -DCMAKE_INSTALL_PREFIX=/home/user/celluleflexible_en_cours_ROS2/celluleflexible/CoppeliaSim/install/sim_ros2_interface
