[0.062s] Invoking command in '/home/user/Desktop/New_ter/CoppeliaSim/build/sim_ros2_interface': CMAKE_PREFIX_PATH=${CMAKE_PREFIX_PATH}:/opt/ros/jazzy DEBUGINFOD_URLS=https://debuginfod.ubuntu.com /usr/bin/cmake /home/user/Desktop/New_ter/CoppeliaSim/programming/ros2_packages/sim_ros2_interface -DAMENT_CMAKE_SYMLINK_INSTALL=1 -DCMAKE_INSTALL_PREFIX=/home/user/Desktop/New_ter/CoppeliaSim/install/sim_ros2_interface
[0.466s] -- The C compiler identification is GNU 13.3.0
[0.704s] -- The CXX compiler identification is GNU 13.3.0
[0.779s] -- Detecting C compiler ABI info
[1.111s] -- Detecting C compiler ABI info - done
[1.129s] -- Check for working C compiler: /usr/bin/cc - skipped
[1.130s] -- Detecting C compile features
[1.133s] -- Detecting C compile features - done
[1.188s] -- Detecting CXX compiler ABI info
[1.719s] -- Detecting CXX compiler ABI info - done
[1.732s] -- Check for working CXX compiler: /usr/bin/c++ - skipped
[1.732s] -- Detecting CXX compile features
[1.733s] -- Detecting CXX compile features - done
[1.813s] -- Found ament_cmake: 2.5.5 (/opt/ros/jazzy/share/ament_cmake/cmake)
[2.038s] -- Found Python3: /usr/bin/python3 (found version "3.12.3") found components: Interpreter 
[2.366s] -- Override CMake install command with custom implementation using symlinks instead of copying resources
[2.531s] -- Found ament_cmake_ros: 0.12.0 (/opt/ros/jazzy/share/ament_cmake_ros/cmake)
[2.583s] -- Found diagnostic_msgs: 5.3.6 (/opt/ros/jazzy/share/diagnostic_msgs/cmake)
[2.789s] -- Found rosidl_generator_c: 4.6.7 (/opt/ros/jazzy/share/rosidl_generator_c/cmake)
[2.827s] -- Found rosidl_generator_cpp: 4.6.7 (/opt/ros/jazzy/share/rosidl_generator_cpp/cmake)
[2.908s] -- Using all available rosidl_typesupport_c: rosidl_typesupport_fastrtps_c;rosidl_typesupport_introspection_c
[2.982s] -- Using all available rosidl_typesupport_cpp: rosidl_typesupport_fastrtps_cpp;rosidl_typesupport_introspection_cpp
[3.293s] -- Found geometry_msgs: 5.3.6 (/opt/ros/jazzy/share/geometry_msgs/cmake)
[3.370s] -- Found lifecycle_msgs: 2.0.3 (/opt/ros/jazzy/share/lifecycle_msgs/cmake)
[3.452s] -- Found map_msgs: 2.4.1 (/opt/ros/jazzy/share/map_msgs/cmake)
[3.727s] -- Found pendulum_msgs: 0.33.9 (/opt/ros/jazzy/share/pendulum_msgs/cmake)
[3.788s] -- Found rosgraph_msgs: 2.0.3 (/opt/ros/jazzy/share/rosgraph_msgs/cmake)
[3.858s] -- Found shape_msgs: 5.3.6 (/opt/ros/jazzy/share/shape_msgs/cmake)
[3.925s] -- Found stereo_msgs: 5.3.6 (/opt/ros/jazzy/share/stereo_msgs/cmake)
[3.990s] -- Found tf2_geometry_msgs: 0.36.19 (/opt/ros/jazzy/share/tf2_geometry_msgs/cmake)
[4.038s] -- Found eigen3_cmake_module: 0.3.0 (/opt/ros/jazzy/share/eigen3_cmake_module/cmake)
[4.044s] -- Found Eigen3: TRUE (found version "3.4.0") 
[4.044s] -- Ensuring Eigen3 include directory is part of orocos-kdl CMake target
[4.466s] -- Found rmw_implementation_cmake: 7.3.3 (/opt/ros/jazzy/share/rmw_implementation_cmake/cmake)
[4.488s] -- Found rmw_fastrtps_cpp: 8.4.3 (/opt/ros/jazzy/share/rmw_fastrtps_cpp/cmake)
[4.884s] -- Found OpenSSL: /usr/lib/x86_64-linux-gnu/libcrypto.so (found version "3.0.13")  
[4.938s] -- Found FastRTPS: /opt/ros/jazzy/include (Required is at least version "2.13") 
[4.999s] -- Using RMW implementation 'rmw_fastrtps_cpp' as default
[5.524s] -- Found trajectory_msgs: 5.3.6 (/opt/ros/jazzy/share/trajectory_msgs/cmake)
[5.588s] -- Found visualization_msgs: 5.3.6 (/opt/ros/jazzy/share/visualization_msgs/cmake)
[5.664s] -- Found std_srvs: 5.3.6 (/opt/ros/jazzy/share/std_srvs/cmake)
[5.726s] -- Found example_interfaces: 0.12.0 (/opt/ros/jazzy/share/example_interfaces/cmake)
[5.794s] -- Found image_transport: 5.1.7 (/opt/ros/jazzy/share/image_transport/cmake)
[5.842s] -- Found aiguillages: 3.1.2 (/home/user/Desktop/New_ter/ros2_ws/install/aiguillages/share/aiguillages/cmake)
[5.932s] -- CoppeliaSim: LIBPLUGIN_DIR: /home/user/Desktop/New_ter/CoppeliaSim/programming/libPlugin.
[5.933s] -- CoppeliaSim: COPPELIASIM_ROOT_DIR: /home/user/Desktop/New_ter/CoppeliaSim.
[5.933s] -- Found CoppeliaSim installation at /home/user/Desktop/New_ter/CoppeliaSim.
[5.933s] -- Checking CoppeliaSim header version...
[6.742s] -- CoppeliaSim headers version 4.3.0 rev3
[6.787s] -- Found Boost: /usr/lib/x86_64-linux-gnu/cmake/Boost-1.83.0/BoostConfig.cmake (found version "1.83.0") found components: regex 
[6.812s] -- Found Git: /usr/bin/git (found version "2.43.0") 
[7.045s] -- Found Boost: /usr/lib/x86_64-linux-gnu/cmake/Boost-1.83.0/BoostConfig.cmake (found version "1.83.0")  
[7.056s] -- Adding simStubsGen command...
[7.238s] -- Reading plugin metadata...
[7.306s] warning: missing python package "xmlschema"; input file callbacks.xml will not be validated.
[7.347s] warning: missing python package "xmlschema"; input file callbacks.xml will not be validated.
[7.376s] -- Plugin: ROS2
[7.558s] -- Configuring done (7.5s)
[7.621s] -- Generating done (0.0s)
[7.634s] -- Build files have been written to: /home/user/Desktop/New_ter/CoppeliaSim/build/sim_ros2_interface
[7.660s] Invoked command in '/home/user/Desktop/New_ter/CoppeliaSim/build/sim_ros2_interface' returned '0': CMAKE_PREFIX_PATH=${CMAKE_PREFIX_PATH}:/opt/ros/jazzy DEBUGINFOD_URLS=https://debuginfod.ubuntu.com /usr/bin/cmake /home/user/Desktop/New_ter/CoppeliaSim/programming/ros2_packages/sim_ros2_interface -DAMENT_CMAKE_SYMLINK_INSTALL=1 -DCMAKE_INSTALL_PREFIX=/home/user/Desktop/New_ter/CoppeliaSim/install/sim_ros2_interface
[7.661s] Invoking command in '/home/user/Desktop/New_ter/CoppeliaSim/build/sim_ros2_interface': CMAKE_PREFIX_PATH=${CMAKE_PREFIX_PATH}:/opt/ros/jazzy DEBUGINFOD_URLS=https://debuginfod.ubuntu.com /usr/bin/cmake --build /home/user/Desktop/New_ter/CoppeliaSim/build/sim_ros2_interface -- -j4 -l4
[7.779s] [  2%] [34m[1mGenerating generated/actcli_del.cpp[0m
[7.781s] [  4%] [34m[1mGenerating generated/actcli_sendGoal.cpp[0m
[7.787s] [  7%] [34m[1mGenerating generated/actcli_cancelLastGoal.cpp[0m
[7.803s] [  9%] [34m[1mGenerating generated/actcli_new.cpp[0m
[8.617s] [ 12%] [34m[1mGenerating generated/actsrv_action_execute.cpp[0m
[8.630s] [ 14%] [34m[1mGenerating generated/actsrv_action_canceled.cpp[0m
[8.632s] [ 17%] [34m[1mGenerating generated/actsrv_action_abort.cpp[0m
[8.713s] [ 19%] [34m[1mGenerating generated/actsrv_action_is_active.cpp[0m
[9.092s] [ 21%] [34m[1mGenerating generated/actsrv_action_is_canceling.cpp[0m
[9.120s] [ 24%] [34m[1mGenerating generated/actsrv_action_is_executing.cpp[0m
[9.127s] [ 26%] [34m[1mGenerating generated/actsrv_action_publish_feedback.cpp[0m
[9.306s] [ 29%] [34m[1mGenerating generated/actsrv_action_succeed.cpp[0m
[9.464s] [ 31%] [34m[1mGenerating generated/actsrv_del.cpp[0m
[9.496s] [ 34%] [34m[1mGenerating generated/actsrv_new.cpp[0m
[9.541s] [ 36%] [34m[1mGenerating generated/callbacks.cpp[0m
[9.682s] [ 39%] [34m[1mGenerating generated/callbacks.h[0m
[9.770s] [ 41%] [34m[1mGenerating generated/cli_call.cpp[0m
[9.781s] [ 43%] [34m[1mGenerating generated/cli_del.cpp[0m
[9.924s] [ 46%] [34m[1mGenerating generated/cli_new.cpp[0m
[9.982s] [ 48%] [34m[1mGenerating generated/cli_wait.cpp[0m
[10.065s] [ 51%] [34m[1mGenerating generated/if_const.cpp[0m
[10.147s] [ 53%] [34m[1mGenerating generated/if_list.cpp[0m
[10.335s] [ 56%] [34m[1mGenerating generated/if_new.cpp[0m
[10.372s] [ 58%] [34m[1mGenerating generated/pub_del.cpp[0m
[10.414s] [ 60%] [34m[1mGenerating generated/pub_new.cpp[0m
[10.510s] [ 63%] [34m[1mGenerating generated/pub_publish.cpp[0m
[10.645s] [ 65%] [34m[1mGenerating generated/srv_del.cpp[0m
[10.647s] [ 68%] [34m[1mGenerating generated/srv_new.cpp[0m
[10.806s] [ 70%] [34m[1mGenerating generated/sub_del.cpp[0m
[10.970s] [ 73%] [34m[1mGenerating generated/sub_new.cpp[0m
[11.393s] [ 73%] Built target generate_ros_code
[11.421s] [ 75%] [34m[1mGenerating generated/stubs.cpp, generated/stubs.h, generated/plugin.h, generated/stubsPlusPlus.cpp, generated/index.json, generated/reference.html, generated/lua_calltips.cpp, generated/simROS2-typecheck.lua[0m
[11.491s] /home/user/Desktop/New_ter/CoppeliaSim/programming/libPlugin/simStubsGen/generate.py --verbose --xml-file /home/user/Desktop/New_ter/CoppeliaSim/programming/ros2_packages/sim_ros2_interface/meta/callbacks.xml --gen-all /home/user/Desktop/New_ter/CoppeliaSim/build/sim_ros2_interface/generated --lua-file /home/user/Desktop/New_ter/CoppeliaSim/programming/ros2_packages/sim_ros2_interface/simROS2.lua
[11.491s] warning: missing python package "xmlschema"; input file callbacks.xml will not be validated.
[11.494s] /usr/bin/python3 /home/user/Desktop/New_ter/CoppeliaSim/programming/libPlugin/simStubsGen/generate_lua_xml.py /home/user/Desktop/New_ter/CoppeliaSim/programming/ros2_packages/sim_ros2_interface/meta/callbacks.xml /home/user/Desktop/New_ter/CoppeliaSim/programming/ros2_packages/sim_ros2_interface/simROS2.lua /home/user/Desktop/New_ter/CoppeliaSim/build/sim_ros2_interface/generated/lua.xml
[11.554s] warning: missing python package "xmlschema"; input file callbacks.xml will not be validated.
[11.572s] /usr/bin/python3 /home/user/Desktop/New_ter/CoppeliaSim/programming/libPlugin/simStubsGen/merge_xml.py /home/user/Desktop/New_ter/CoppeliaSim/programming/ros2_packages/sim_ros2_interface/meta/callbacks.xml /home/user/Desktop/New_ter/CoppeliaSim/build/sim_ros2_interface/generated/lua.xml /home/user/Desktop/New_ter/CoppeliaSim/build/sim_ros2_interface/generated/reference.xml
[11.618s] xsltproc -o /home/user/Desktop/New_ter/CoppeliaSim/build/sim_ros2_interface/generated/reference.html /home/user/Desktop/New_ter/CoppeliaSim/programming/libPlugin/simStubsGen/xsl/reference.xsl /home/user/Desktop/New_ter/CoppeliaSim/build/sim_ros2_interface/generated/reference.xml
[11.665s] /usr/bin/python3 /home/user/Desktop/New_ter/CoppeliaSim/programming/libPlugin/simStubsGen/generate_lua_calltips.py /home/user/Desktop/New_ter/CoppeliaSim/build/sim_ros2_interface/generated/lua.xml /home/user/Desktop/New_ter/CoppeliaSim/build/sim_ros2_interface/generated/lua_calltips.cpp
[11.717s] warning: missing python package "xmlschema"; input file lua.xml will not be validated.
[11.736s] /usr/bin/python3 /home/user/Desktop/New_ter/CoppeliaSim/programming/libPlugin/simStubsGen/generate_lua_typechecker.py /home/user/Desktop/New_ter/CoppeliaSim/programming/ros2_packages/sim_ros2_interface/simROS2.lua /home/user/Desktop/New_ter/CoppeliaSim/build/sim_ros2_interface/generated/lua.xml /home/user/Desktop/New_ter/CoppeliaSim/build/sim_ros2_interface/generated/simROS2-typecheck.lua
[11.788s] warning: missing python package "xmlschema"; input file lua.xml will not be validated.
[11.800s] /usr/bin/python3 /home/user/Desktop/New_ter/CoppeliaSim/programming/libPlugin/simStubsGen/generate_api_index.py /home/user/Desktop/New_ter/CoppeliaSim/build/sim_ros2_interface/generated/reference.xml /home/user/Desktop/New_ter/CoppeliaSim/build/sim_ros2_interface/generated/index.json
[11.855s] warning: missing python package "xmlschema"; input file reference.xml will not be validated.
[11.890s] /usr/bin/python3 /home/user/Desktop/New_ter/CoppeliaSim/programming/libPlugin/simStubsGen/external/pycpp/pycpp.py -p xml_file=/home/user/Desktop/New_ter/CoppeliaSim/programming/ros2_packages/sim_ros2_interface/meta/callbacks.xml -p have_lua_calltips=True -P /home/user/Desktop/New_ter/CoppeliaSim/programming/libPlugin/simStubsGen -p lua_require=simROS2-typecheck -i /home/user/Desktop/New_ter/CoppeliaSim/programming/libPlugin/simStubsGen/cpp/stubs.cpp -o /home/user/Desktop/New_ter/CoppeliaSim/build/sim_ros2_interface/generated/stubs.cpp
[11.954s] warning: missing python package "xmlschema"; input file callbacks.xml will not be validated.
[11.976s] /usr/bin/python3 /home/user/Desktop/New_ter/CoppeliaSim/programming/libPlugin/simStubsGen/external/pycpp/pycpp.py -p xml_file=/home/user/Desktop/New_ter/CoppeliaSim/programming/ros2_packages/sim_ros2_interface/meta/callbacks.xml -p have_lua_calltips=True -P /home/user/Desktop/New_ter/CoppeliaSim/programming/libPlugin/simStubsGen -p lua_require=simROS2-typecheck -i /home/user/Desktop/New_ter/CoppeliaSim/programming/libPlugin/simStubsGen/cpp/stubs.h -o /home/user/Desktop/New_ter/CoppeliaSim/build/sim_ros2_interface/generated/stubs.h
[12.036s] warning: missing python package "xmlschema"; input file callbacks.xml will not be validated.
[12.058s] /usr/bin/python3 /home/user/Desktop/New_ter/CoppeliaSim/programming/libPlugin/simStubsGen/external/pycpp/pycpp.py -p xml_file=/home/user/Desktop/New_ter/CoppeliaSim/programming/ros2_packages/sim_ros2_interface/meta/callbacks.xml -p have_lua_calltips=True -P /home/user/Desktop/New_ter/CoppeliaSim/programming/libPlugin/simStubsGen -p lua_require=simROS2-typecheck -i /home/user/Desktop/New_ter/CoppeliaSim/programming/libPlugin/simStubsGen/cpp/plugin.h -o /home/user/Desktop/New_ter/CoppeliaSim/build/sim_ros2_interface/generated/plugin.h
[12.122s] warning: missing python package "xmlschema"; input file callbacks.xml will not be validated.
[12.151s] /usr/bin/python3 /home/user/Desktop/New_ter/CoppeliaSim/programming/libPlugin/simStubsGen/external/pycpp/pycpp.py -p xml_file=/home/user/Desktop/New_ter/CoppeliaSim/programming/ros2_packages/sim_ros2_interface/meta/callbacks.xml -p have_lua_calltips=True -P /home/user/Desktop/New_ter/CoppeliaSim/programming/libPlugin/simStubsGen -p lua_require=simROS2-typecheck -i /home/user/Desktop/New_ter/CoppeliaSim/programming/libPlugin/simStubsGen/cpp/stubsPlusPlus.cpp -o /home/user/Desktop/New_ter/CoppeliaSim/build/sim_ros2_interface/generated/stubsPlusPlus.cpp
[12.192s] warning: missing python package "xmlschema"; input file callbacks.xml will not be validated.
[12.327s] [ 80%] [32mBuilding CXX object CMakeFiles/simExtROS2.dir/generated/stubs.cpp.o[0m
[12.327s] [ 80%] [32mBuilding CXX object CMakeFiles/simExtROS2.dir/home/user/Desktop/New_ter/CoppeliaSim/programming/libPlugin/simPlusPlus/Plugin.cpp.o[0m
[12.327s] [ 82%] [32mBuilding CXX object CMakeFiles/simExtROS2.dir/home/user/Desktop/New_ter/CoppeliaSim/programming/common/simLib.cpp.o[0m
[12.335s] [ 85%] [32mBuilding CXX object CMakeFiles/simExtROS2.dir/home/user/Desktop/New_ter/CoppeliaSim/programming/libPlugin/simPlusPlus/Lib.cpp.o[0m
[13.234s] [ 87%] [32mBuilding CXX object CMakeFiles/simExtROS2.dir/home/user/Desktop/New_ter/CoppeliaSim/programming/libPlugin/simPlusPlus/Handle.cpp.o[0m
[14.148s] [ 90%] [32mBuilding CXX object CMakeFiles/simExtROS2.dir/src/sim_ros2_interface.cpp.o[0m
[14.963s] [ 92%] [32mBuilding CXX object CMakeFiles/simExtROS2.dir/src/ros_msg_builtin_io.cpp.o[0m
[16.264s] [ 95%] [32mBuilding CXX object CMakeFiles/simExtROS2.dir/generated/callbacks.cpp.o[0m
[179.053s] [ 97%] [32m[1mLinking CXX shared library libsimExtROS2.so[0m
[197.940s] [100%] Built target simExtROS2
[197.998s] Invoked command in '/home/user/Desktop/New_ter/CoppeliaSim/build/sim_ros2_interface' returned '0': CMAKE_PREFIX_PATH=${CMAKE_PREFIX_PATH}:/opt/ros/jazzy DEBUGINFOD_URLS=https://debuginfod.ubuntu.com /usr/bin/cmake --build /home/user/Desktop/New_ter/CoppeliaSim/build/sim_ros2_interface -- -j4 -l4
[198.031s] Invoking command in '/home/user/Desktop/New_ter/CoppeliaSim/build/sim_ros2_interface': CMAKE_PREFIX_PATH=${CMAKE_PREFIX_PATH}:/opt/ros/jazzy DEBUGINFOD_URLS=https://debuginfod.ubuntu.com /usr/bin/cmake --install /home/user/Desktop/New_ter/CoppeliaSim/build/sim_ros2_interface
[198.057s] -- Install configuration: ""
[198.064s] -- Execute custom install script
[198.069s] -- Up-to-date symlink: /home/user/Desktop/New_ter/CoppeliaSim/lua/simROS2-typecheck.lua
[198.072s] -- Up-to-date symlink: /home/user/Desktop/New_ter/CoppeliaSim/lua/simROS2.lua
[198.077s] -- Up-to-date symlink: /home/user/Desktop/New_ter/CoppeliaSim/helpFiles/en/simROS2.htm
[198.080s] -- Up-to-date symlink: /home/user/Desktop/New_ter/CoppeliaSim/helpFiles/index/simROS2.json
[198.083s] -- Up-to-date symlink: /home/user/Desktop/New_ter/CoppeliaSim/libsimExtROS2.so
[198.085s] -- Up-to-date symlink: /home/user/Desktop/New_ter/CoppeliaSim/install/sim_ros2_interface/share/ament_index/resource_index/package_run_dependencies/sim_ros2_interface
[198.088s] -- Up-to-date symlink: /home/user/Desktop/New_ter/CoppeliaSim/install/sim_ros2_interface/share/ament_index/resource_index/parent_prefix_path/sim_ros2_interface
[198.097s] -- Up-to-date symlink: /home/user/Desktop/New_ter/CoppeliaSim/install/sim_ros2_interface/share/sim_ros2_interface/environment/ament_prefix_path.sh
[198.099s] -- Up-to-date symlink: /home/user/Desktop/New_ter/CoppeliaSim/install/sim_ros2_interface/share/sim_ros2_interface/environment/ament_prefix_path.dsv
[198.101s] -- Up-to-date symlink: /home/user/Desktop/New_ter/CoppeliaSim/install/sim_ros2_interface/share/sim_ros2_interface/environment/path.sh
[198.102s] -- Up-to-date symlink: /home/user/Desktop/New_ter/CoppeliaSim/install/sim_ros2_interface/share/sim_ros2_interface/environment/path.dsv
[198.104s] -- Up-to-date symlink: /home/user/Desktop/New_ter/CoppeliaSim/install/sim_ros2_interface/share/sim_ros2_interface/local_setup.bash
[198.106s] -- Up-to-date symlink: /home/user/Desktop/New_ter/CoppeliaSim/install/sim_ros2_interface/share/sim_ros2_interface/local_setup.sh
[198.109s] -- Up-to-date symlink: /home/user/Desktop/New_ter/CoppeliaSim/install/sim_ros2_interface/share/sim_ros2_interface/local_setup.zsh
[198.110s] -- Up-to-date symlink: /home/user/Desktop/New_ter/CoppeliaSim/install/sim_ros2_interface/share/sim_ros2_interface/local_setup.dsv
[198.118s] -- Symlinking: /home/user/Desktop/New_ter/CoppeliaSim/install/sim_ros2_interface/share/sim_ros2_interface/package.dsv
[198.140s] -- Up-to-date symlink: /home/user/Desktop/New_ter/CoppeliaSim/install/sim_ros2_interface/share/ament_index/resource_index/packages/sim_ros2_interface
[198.143s] -- Up-to-date symlink: /home/user/Desktop/New_ter/CoppeliaSim/install/sim_ros2_interface/share/sim_ros2_interface/cmake/sim_ros2_interfaceConfig.cmake
[198.146s] -- Up-to-date symlink: /home/user/Desktop/New_ter/CoppeliaSim/install/sim_ros2_interface/share/sim_ros2_interface/cmake/sim_ros2_interfaceConfig-version.cmake
[198.147s] -- Up-to-date symlink: /home/user/Desktop/New_ter/CoppeliaSim/install/sim_ros2_interface/share/sim_ros2_interface/package.xml
[198.157s] Invoked command in '/home/user/Desktop/New_ter/CoppeliaSim/build/sim_ros2_interface' returned '0': CMAKE_PREFIX_PATH=${CMAKE_PREFIX_PATH}:/opt/ros/jazzy DEBUGINFOD_URLS=https://debuginfod.ubuntu.com /usr/bin/cmake --install /home/user/Desktop/New_ter/CoppeliaSim/build/sim_ros2_interface
