[0.020s] Invoking command in '/home/user/celluleflexible_en_cours_ROS2/ros_ws/build/aiguillages': CMAKE_PREFIX_PATH=${CMAKE_PREFIX_PATH}:/opt/ros/jazzy DEBUGINFOD_URLS=https://debuginfod.ubuntu.com /usr/bin/cmake /home/user/celluleflexible_en_cours_ROS2/ros_ws/src/aiguillages -DCMAKE_INSTALL_PREFIX=/home/user/celluleflexible_en_cours_ROS2/ros_ws/install/aiguillages
[0.175s] -- The C compiler identification is GNU 13.3.0
[0.270s] -- The CXX compiler identification is GNU 13.3.0
[0.292s] -- Detecting C compiler ABI info
[0.452s] -- Detecting C compiler ABI info - done
[0.460s] -- Check for working C compiler: /usr/bin/cc - skipped
[0.465s] -- Detecting C compile features
[0.465s] -- Detecting C compile features - done
[0.483s] -- Detecting CXX compiler ABI info
[0.628s] -- Detecting CXX compiler ABI info - done
[0.634s] -- Check for working CXX compiler: /usr/bin/c++ - skipped
[0.634s] -- Detecting CXX compile features
[0.635s] -- Detecting CXX compile features - done
[0.646s] -- Found ament_cmake: 2.5.5 (/opt/ros/jazzy/share/ament_cmake/cmake)
[0.739s] -- Found Python3: /usr/bin/python3 (found version "3.12.3") found components: Interpreter 
[0.796s] -- Found rclcpp: 28.1.16 (/opt/ros/jazzy/share/rclcpp/cmake)
[0.815s] -- Found rosidl_generator_c: 4.6.7 (/opt/ros/jazzy/share/rosidl_generator_c/cmake)
[0.822s] -- Found rosidl_generator_cpp: 4.6.7 (/opt/ros/jazzy/share/rosidl_generator_cpp/cmake)
[0.830s] -- Using all available rosidl_typesupport_c: rosidl_typesupport_fastrtps_c;rosidl_typesupport_introspection_c
[0.840s] -- Using all available rosidl_typesupport_cpp: rosidl_typesupport_fastrtps_cpp;rosidl_typesupport_introspection_cpp
[0.893s] -- Found rmw_implementation_cmake: 7.3.3 (/opt/ros/jazzy/share/rmw_implementation_cmake/cmake)
[0.893s] -- Found rmw_fastrtps_cpp: 8.4.3 (/opt/ros/jazzy/share/rmw_fastrtps_cpp/cmake)
[0.968s] -- Found OpenSSL: /usr/lib/x86_64-linux-gnu/libcrypto.so (found version "3.0.13")  
[0.983s] -- Found FastRTPS: /opt/ros/jazzy/include (Required is at least version "2.13") 
[1.004s] -- Using RMW implementation 'rmw_fastrtps_cpp' as default
[1.049s] -- Found std_msgs: 5.3.6 (/opt/ros/jazzy/share/std_msgs/cmake)
[1.057s] -- Found rosidl_default_generators: 1.6.0 (/opt/ros/jazzy/share/rosidl_default_generators/cmake)
[1.065s] -- Found rosidl_adapter: 4.6.7 (/opt/ros/jazzy/share/rosidl_adapter/cmake)
[1.072s] -- Found OpenCV: /usr (found version "4.6.0") 
[1.567s] -- Found ament_cmake_ros: 0.12.0 (/opt/ros/jazzy/share/ament_cmake_ros/cmake)
[2.159s] -- Using all available rosidl_typesupport_c: rosidl_typesupport_fastrtps_c;rosidl_typesupport_introspection_c
[2.369s] -- Using all available rosidl_typesupport_cpp: rosidl_typesupport_fastrtps_cpp;rosidl_typesupport_introspection_cpp
[2.370s] -- Found python_cmake_module: 0.11.1 (/opt/ros/jazzy/share/python_cmake_module/cmake)
[2.477s] -- Found PythonExtra: /usr/bin/python3  
[2.842s] -- Found Python3: /usr/bin/python3 (found version "3.12.3") found components: Interpreter Development NumPy Development.Module Development.Embed 
[2.879s] -- Configuring done (2.8s)
[2.907s] -- Generating done (0.0s)
[2.914s] -- Build files have been written to: /home/user/celluleflexible_en_cours_ROS2/ros_ws/build/aiguillages
[2.927s] Invoked command in '/home/user/celluleflexible_en_cours_ROS2/ros_ws/build/aiguillages' returned '0': CMAKE_PREFIX_PATH=${CMAKE_PREFIX_PATH}:/opt/ros/jazzy DEBUGINFOD_URLS=https://debuginfod.ubuntu.com /usr/bin/cmake /home/user/celluleflexible_en_cours_ROS2/ros_ws/src/aiguillages -DCMAKE_INSTALL_PREFIX=/home/user/celluleflexible_en_cours_ROS2/ros_ws/install/aiguillages
[2.928s] Invoking command in '/home/user/celluleflexible_en_cours_ROS2/ros_ws/build/aiguillages': CMAKE_PREFIX_PATH=${CMAKE_PREFIX_PATH}:/opt/ros/jazzy DEBUGINFOD_URLS=https://debuginfod.ubuntu.com /usr/bin/cmake --build /home/user/celluleflexible_en_cours_ROS2/ros_ws/build/aiguillages -- -j8 -l8
[2.999s] [  1%] [34m[1mGenerating type hashes for ROS interfaces[0m
[3.016s] [  1%] Built target ament_cmake_python_copy_aiguillages
[3.151s] running egg_info
[3.151s] creating aiguillages.egg-info
[3.163s] writing aiguillages.egg-info/PKG-INFO
[3.163s] writing dependency_links to aiguillages.egg-info/dependency_links.txt
[3.163s] writing top-level names to aiguillages.egg-info/top_level.txt
[3.163s] writing manifest file 'aiguillages.egg-info/SOURCES.txt'
[3.175s] [  1%] Built target aiguillages__rosidl_generator_type_description
[3.186s] [  2%] [34m[1mGenerating C code for ROS interfaces[0m
[3.196s] reading manifest file 'aiguillages.egg-info/SOURCES.txt'
[3.196s] writing manifest file 'aiguillages.egg-info/SOURCES.txt'
[3.200s] [  4%] [34m[1mGenerating C++ code for ROS interfaces[0m
[3.221s] [  4%] Built target ament_cmake_python_build_aiguillages_egg
[3.456s] [  4%] Built target aiguillages__cpp
[3.525s] [  5%] [32mBuilding C object CMakeFiles/aiguillages__rosidl_generator_c.dir/rosidl_generator_c/aiguillages/msg/detail/actionneurs__type_support.c.o[0m
[3.525s] [ 10%] [32mBuilding C object CMakeFiles/aiguillages__rosidl_generator_c.dir/rosidl_generator_c/aiguillages/msg/detail/capteurs__type_support.c.o[0m
[3.526s] [ 10%] [32mBuilding C object CMakeFiles/aiguillages__rosidl_generator_c.dir/rosidl_generator_c/aiguillages/msg/detail/capteurs__functions.c.o[0m
[3.526s] [ 10%] [32mBuilding C object CMakeFiles/aiguillages__rosidl_generator_c.dir/rosidl_generator_c/aiguillages/msg/detail/actionneurs__description.c.o[0m
[3.526s] [ 11%] [32mBuilding C object CMakeFiles/aiguillages__rosidl_generator_c.dir/rosidl_generator_c/aiguillages/msg/detail/exchange_sh__description.c.o[0m
[3.526s] [ 13%] [32mBuilding C object CMakeFiles/aiguillages__rosidl_generator_c.dir/rosidl_generator_c/aiguillages/msg/detail/actionneurs__functions.c.o[0m
[3.526s] [ 14%] [32mBuilding C object CMakeFiles/aiguillages__rosidl_generator_c.dir/rosidl_generator_c/aiguillages/msg/detail/capteurs__description.c.o[0m
[3.530s] [ 16%] [32mBuilding C object CMakeFiles/aiguillages__rosidl_generator_c.dir/rosidl_generator_c/aiguillages/msg/detail/exchange_sh__functions.c.o[0m
[3.566s] [ 17%] [32mBuilding C object CMakeFiles/aiguillages__rosidl_generator_c.dir/rosidl_generator_c/aiguillages/msg/detail/msg_sensor_state__description.c.o[0m
[3.566s] [ 19%] [32mBuilding C object CMakeFiles/aiguillages__rosidl_generator_c.dir/rosidl_generator_c/aiguillages/msg/detail/exchange_sh__type_support.c.o[0m
[3.566s] [ 20%] [32mBuilding C object CMakeFiles/aiguillages__rosidl_generator_c.dir/rosidl_generator_c/aiguillages/msg/detail/msg_sensor_state__functions.c.o[0m
[3.566s] [ 22%] [32mBuilding C object CMakeFiles/aiguillages__rosidl_generator_c.dir/rosidl_generator_c/aiguillages/msg/detail/msg_sensor_state__type_support.c.o[0m
[3.607s] [ 23%] [32m[1mLinking C shared library libaiguillages__rosidl_generator_c.so[0m
[3.652s] [ 23%] Built target aiguillages__rosidl_generator_c
[3.662s] [ 26%] [34m[1mGenerating C++ type support for eProsima Fast-RTPS[0m
[3.662s] [ 28%] [34m[1mGenerating C type support for eProsima Fast-RTPS[0m
[3.662s] [ 26%] [34m[1mGenerating C++ type support dispatch for ROS interfaces[0m
[3.662s] [ 29%] [34m[1mGenerating C introspection for ROS interfaces[0m
[3.662s] [ 31%] [34m[1mGenerating C type support dispatch for ROS interfaces[0m
[3.670s] [ 32%] [34m[1mGenerating C++ introspection for ROS interfaces[0m
[3.882s] [ 34%] [32mBuilding CXX object CMakeFiles/aiguillages__rosidl_typesupport_cpp.dir/rosidl_typesupport_cpp/aiguillages/msg/capteurs__type_support.cpp.o[0m
[3.906s] [ 35%] [32mBuilding CXX object CMakeFiles/aiguillages__rosidl_typesupport_c.dir/rosidl_typesupport_c/aiguillages/msg/actionneurs__type_support.cpp.o[0m
[3.909s] [ 37%] [32mBuilding CXX object CMakeFiles/aiguillages__rosidl_typesupport_c.dir/rosidl_typesupport_c/aiguillages/msg/capteurs__type_support.cpp.o[0m
[3.912s] [ 38%] [32mBuilding C object CMakeFiles/aiguillages__rosidl_typesupport_introspection_c.dir/rosidl_typesupport_introspection_c/aiguillages/msg/detail/capteurs__type_support.c.o[0m
[3.933s] [ 40%] [32mBuilding CXX object CMakeFiles/aiguillages__rosidl_typesupport_c.dir/rosidl_typesupport_c/aiguillages/msg/exchange_sh__type_support.cpp.o[0m
[3.981s] [ 41%] [32mBuilding C object CMakeFiles/aiguillages__rosidl_typesupport_introspection_c.dir/rosidl_typesupport_introspection_c/aiguillages/msg/detail/actionneurs__type_support.c.o[0m
[4.008s] [ 43%] [32mBuilding CXX object CMakeFiles/aiguillages__rosidl_typesupport_cpp.dir/rosidl_typesupport_cpp/aiguillages/msg/actionneurs__type_support.cpp.o[0m
[4.021s] [ 44%] [32mBuilding CXX object CMakeFiles/aiguillages__rosidl_typesupport_cpp.dir/rosidl_typesupport_cpp/aiguillages/msg/exchange_sh__type_support.cpp.o[0m
[4.022s] [ 47%] [32mBuilding CXX object CMakeFiles/aiguillages__rosidl_typesupport_c.dir/rosidl_typesupport_c/aiguillages/msg/msg_sensor_state__type_support.cpp.o[0m
[4.022s] [ 47%] [32mBuilding CXX object CMakeFiles/aiguillages__rosidl_typesupport_introspection_cpp.dir/rosidl_typesupport_introspection_cpp/aiguillages/msg/detail/capteurs__type_support.cpp.o[0m
[4.043s] [ 49%] [32mBuilding CXX object CMakeFiles/aiguillages__rosidl_typesupport_fastrtps_c.dir/rosidl_typesupport_fastrtps_c/aiguillages/msg/detail/capteurs__type_support_c.cpp.o[0m
[4.049s] [ 50%] [32mBuilding CXX object CMakeFiles/aiguillages__rosidl_typesupport_fastrtps_cpp.dir/rosidl_typesupport_fastrtps_cpp/aiguillages/msg/detail/dds_fastrtps/capteurs__type_support.cpp.o[0m
[4.050s] [ 52%] [32mBuilding C object CMakeFiles/aiguillages__rosidl_typesupport_introspection_c.dir/rosidl_typesupport_introspection_c/aiguillages/msg/detail/exchange_sh__type_support.c.o[0m
[4.080s] [ 53%] [32mBuilding C object CMakeFiles/aiguillages__rosidl_typesupport_introspection_c.dir/rosidl_typesupport_introspection_c/aiguillages/msg/detail/msg_sensor_state__type_support.c.o[0m
[4.111s] [ 55%] [32m[1mLinking C shared library libaiguillages__rosidl_typesupport_introspection_c.so[0m
[4.136s] [ 56%] [32m[1mLinking CXX shared library libaiguillages__rosidl_typesupport_c.so[0m
[4.151s] [ 58%] [32mBuilding CXX object CMakeFiles/aiguillages__rosidl_typesupport_cpp.dir/rosidl_typesupport_cpp/aiguillages/msg/msg_sensor_state__type_support.cpp.o[0m
[4.163s] [ 58%] Built target aiguillages__rosidl_typesupport_introspection_c
[4.204s] [ 58%] Built target aiguillages__rosidl_typesupport_c
[4.216s] [ 59%] [32mBuilding CXX object CMakeFiles/aiguillages__rosidl_typesupport_fastrtps_c.dir/rosidl_typesupport_fastrtps_c/aiguillages/msg/detail/actionneurs__type_support_c.cpp.o[0m
[4.240s] [ 61%] [32mBuilding CXX object CMakeFiles/aiguillages__rosidl_typesupport_fastrtps_c.dir/rosidl_typesupport_fastrtps_c/aiguillages/msg/detail/exchange_sh__type_support_c.cpp.o[0m
[4.269s] [ 62%] [32mBuilding CXX object CMakeFiles/aiguillages__rosidl_typesupport_introspection_cpp.dir/rosidl_typesupport_introspection_cpp/aiguillages/msg/detail/actionneurs__type_support.cpp.o[0m
[4.293s] [ 64%] [32mBuilding CXX object CMakeFiles/aiguillages__rosidl_typesupport_fastrtps_c.dir/rosidl_typesupport_fastrtps_c/aiguillages/msg/detail/msg_sensor_state__type_support_c.cpp.o[0m
[4.326s] [ 65%] [32mBuilding CXX object CMakeFiles/aiguillages__rosidl_typesupport_introspection_cpp.dir/rosidl_typesupport_introspection_cpp/aiguillages/msg/detail/exchange_sh__type_support.cpp.o[0m
[4.447s] [ 67%] [32mBuilding CXX object CMakeFiles/aiguillages__rosidl_typesupport_introspection_cpp.dir/rosidl_typesupport_introspection_cpp/aiguillages/msg/detail/msg_sensor_state__type_support.cpp.o[0m
[4.448s] [ 68%] [32m[1mLinking CXX shared library libaiguillages__rosidl_typesupport_cpp.so[0m
[4.499s] [ 70%] [32mBuilding CXX object CMakeFiles/aiguillages__rosidl_typesupport_fastrtps_cpp.dir/rosidl_typesupport_fastrtps_cpp/aiguillages/msg/detail/dds_fastrtps/actionneurs__type_support.cpp.o[0m
[4.504s] [ 71%] [32mBuilding CXX object CMakeFiles/aiguillages__rosidl_typesupport_fastrtps_cpp.dir/rosidl_typesupport_fastrtps_cpp/aiguillages/msg/detail/dds_fastrtps/exchange_sh__type_support.cpp.o[0m
[4.511s] [ 71%] Built target aiguillages__rosidl_typesupport_cpp
[4.533s] [ 73%] [32mBuilding CXX object CMakeFiles/run_Aiguillage.dir/src/main_aiguillage.cpp.o[0m
[4.542s] [ 74%] [32mBuilding CXX object CMakeFiles/run_Aiguillage.dir/src/Aiguillage.cpp.o[0m
[4.618s] [ 76%] [32mBuilding CXX object CMakeFiles/aiguillages__rosidl_typesupport_fastrtps_cpp.dir/rosidl_typesupport_fastrtps_cpp/aiguillages/msg/detail/dds_fastrtps/msg_sensor_state__type_support.cpp.o[0m
[4.631s] [ 77%] [32m[1mLinking CXX shared library libaiguillages__rosidl_typesupport_fastrtps_c.so[0m
[4.652s] [ 79%] [32m[1mLinking CXX shared library libaiguillages__rosidl_typesupport_introspection_cpp.so[0m
[4.675s] [ 79%] Built target aiguillages__rosidl_typesupport_fastrtps_c
[4.716s] [ 79%] Built target aiguillages__rosidl_typesupport_introspection_cpp
[4.925s] [ 80%] [32m[1mLinking CXX shared library libaiguillages__rosidl_typesupport_fastrtps_cpp.so[0m
[5.025s] [ 80%] Built target aiguillages__rosidl_typesupport_fastrtps_cpp
[5.072s] [ 80%] Built target aiguillages
[5.131s] [ 82%] [34m[1mGenerating Python code for ROS interfaces[0m
[5.462s] [ 82%] Built target aiguillages__py
[5.485s] [ 85%] [32mBuilding C object CMakeFiles/aiguillages__rosidl_generator_py.dir/rosidl_generator_py/aiguillages/msg/_actionneurs_s.c.o[0m
[5.485s] [ 86%] [32mBuilding C object CMakeFiles/aiguillages__rosidl_generator_py.dir/rosidl_generator_py/aiguillages/msg/_capteurs_s.c.o[0m
[5.485s] [ 86%] [32mBuilding C object CMakeFiles/aiguillages__rosidl_generator_py.dir/rosidl_generator_py/aiguillages/msg/_exchange_sh_s.c.o[0m
[5.485s] [ 88%] [32mBuilding C object CMakeFiles/aiguillages__rosidl_generator_py.dir/rosidl_generator_py/aiguillages/msg/_msg_sensor_state_s.c.o[0m
[5.559s] [ 89%] [32m[1mLinking C shared library libaiguillages__rosidl_generator_py.so[0m
[5.593s] [ 89%] Built target aiguillages__rosidl_generator_py
[5.612s] [ 94%] [32mBuilding C object CMakeFiles/aiguillages_s__rosidl_typesupport_c.dir/rosidl_generator_py/aiguillages/_aiguillages_s.ep.rosidl_typesupport_c.c.o[0m
[5.613s] [ 94%] [32mBuilding C object CMakeFiles/aiguillages_s__rosidl_typesupport_fastrtps_c.dir/rosidl_generator_py/aiguillages/_aiguillages_s.ep.rosidl_typesupport_fastrtps_c.c.o[0m
[5.613s] [ 94%] [32mBuilding C object CMakeFiles/aiguillages_s__rosidl_typesupport_introspection_c.dir/rosidl_generator_py/aiguillages/_aiguillages_s.ep.rosidl_typesupport_introspection_c.c.o[0m
[5.709s] [ 95%] [32m[1mLinking C shared module rosidl_generator_py/aiguillages/aiguillages_s__rosidl_typesupport_introspection_c.so[0m
[5.720s] [ 97%] [32m[1mLinking C shared module rosidl_generator_py/aiguillages/aiguillages_s__rosidl_typesupport_c.so[0m
[5.735s] [ 98%] [32m[1mLinking C shared module rosidl_generator_py/aiguillages/aiguillages_s__rosidl_typesupport_fastrtps_c.so[0m
[5.766s] [ 98%] Built target aiguillages_s__rosidl_typesupport_c
[5.768s] [ 98%] Built target aiguillages_s__rosidl_typesupport_introspection_c
[5.782s] [ 98%] Built target aiguillages_s__rosidl_typesupport_fastrtps_c
[9.881s] [100%] [32m[1mLinking CXX executable run_Aiguillage[0m
[10.078s] [100%] Built target run_Aiguillage
[10.089s] Invoked command in '/home/user/celluleflexible_en_cours_ROS2/ros_ws/build/aiguillages' returned '0': CMAKE_PREFIX_PATH=${CMAKE_PREFIX_PATH}:/opt/ros/jazzy DEBUGINFOD_URLS=https://debuginfod.ubuntu.com /usr/bin/cmake --build /home/user/celluleflexible_en_cours_ROS2/ros_ws/build/aiguillages -- -j8 -l8
[10.090s] Invoking command in '/home/user/celluleflexible_en_cours_ROS2/ros_ws/build/aiguillages': CMAKE_PREFIX_PATH=${CMAKE_PREFIX_PATH}:/opt/ros/jazzy DEBUGINFOD_URLS=https://debuginfod.ubuntu.com /usr/bin/cmake --install /home/user/celluleflexible_en_cours_ROS2/ros_ws/build/aiguillages
[10.100s] -- Install configuration: ""
[10.100s] -- Installing: /home/user/celluleflexible_en_cours_ROS2/ros_ws/install/aiguillages/share/ament_index/resource_index/rosidl_interfaces/aiguillages
[10.100s] -- Installing: /home/user/celluleflexible_en_cours_ROS2/ros_ws/install/aiguillages/share/aiguillages/msg/Capteurs.json
[10.100s] -- Installing: /home/user/celluleflexible_en_cours_ROS2/ros_ws/install/aiguillages/share/aiguillages/msg/Actionneurs.json
[10.100s] -- Installing: /home/user/celluleflexible_en_cours_ROS2/ros_ws/install/aiguillages/share/aiguillages/msg/ExchangeSh.json
[10.100s] -- Installing: /home/user/celluleflexible_en_cours_ROS2/ros_ws/install/aiguillages/share/aiguillages/msg/MsgSensorState.json
[10.100s] -- Installing: /home/user/celluleflexible_en_cours_ROS2/ros_ws/install/aiguillages/include/aiguillages/aiguillages
[10.101s] -- Installing: /home/user/celluleflexible_en_cours_ROS2/ros_ws/install/aiguillages/include/aiguillages/aiguillages/msg
[10.101s] -- Installing: /home/user/celluleflexible_en_cours_ROS2/ros_ws/install/aiguillages/include/aiguillages/aiguillages/msg/exchange_sh.h
[10.101s] -- Installing: /home/user/celluleflexible_en_cours_ROS2/ros_ws/install/aiguillages/include/aiguillages/aiguillages/msg/rosidl_generator_c__visibility_control.h
[10.101s] -- Installing: /home/user/celluleflexible_en_cours_ROS2/ros_ws/install/aiguillages/include/aiguillages/aiguillages/msg/capteurs.h
[10.101s] -- Installing: /home/user/celluleflexible_en_cours_ROS2/ros_ws/install/aiguillages/include/aiguillages/aiguillages/msg/msg_sensor_state.h
[10.101s] -- Installing: /home/user/celluleflexible_en_cours_ROS2/ros_ws/install/aiguillages/include/aiguillages/aiguillages/msg/actionneurs.h
[10.101s] -- Installing: /home/user/celluleflexible_en_cours_ROS2/ros_ws/install/aiguillages/include/aiguillages/aiguillages/msg/detail
[10.101s] -- Installing: /home/user/celluleflexible_en_cours_ROS2/ros_ws/install/aiguillages/include/aiguillages/aiguillages/msg/detail/msg_sensor_state__type_support.h
[10.101s] -- Installing: /home/user/celluleflexible_en_cours_ROS2/ros_ws/install/aiguillages/include/aiguillages/aiguillages/msg/detail/exchange_sh__description.c
[10.101s] -- Installing: /home/user/celluleflexible_en_cours_ROS2/ros_ws/install/aiguillages/include/aiguillages/aiguillages/msg/detail/exchange_sh__functions.c
[10.101s] -- Installing: /home/user/celluleflexible_en_cours_ROS2/ros_ws/install/aiguillages/include/aiguillages/aiguillages/msg/detail/msg_sensor_state__functions.h
[10.101s] -- Installing: /home/user/celluleflexible_en_cours_ROS2/ros_ws/install/aiguillages/include/aiguillages/aiguillages/msg/detail/actionneurs__functions.h
[10.101s] -- Installing: /home/user/celluleflexible_en_cours_ROS2/ros_ws/install/aiguillages/include/aiguillages/aiguillages/msg/detail/capteurs__type_support.c
[10.101s] -- Installing: /home/user/celluleflexible_en_cours_ROS2/ros_ws/install/aiguillages/include/aiguillages/aiguillages/msg/detail/actionneurs__type_support.c
[10.102s] -- Installing: /home/user/celluleflexible_en_cours_ROS2/ros_ws/install/aiguillages/include/aiguillages/aiguillages/msg/detail/capteurs__struct.h
[10.102s] -- Installing: /home/user/celluleflexible_en_cours_ROS2/ros_ws/install/aiguillages/include/aiguillages/aiguillages/msg/detail/actionneurs__type_support.h
[10.102s] -- Installing: /home/user/celluleflexible_en_cours_ROS2/ros_ws/install/aiguillages/include/aiguillages/aiguillages/msg/detail/capteurs__description.c
[10.102s] -- Installing: /home/user/celluleflexible_en_cours_ROS2/ros_ws/install/aiguillages/include/aiguillages/aiguillages/msg/detail/msg_sensor_state__description.c
[10.102s] -- Installing: /home/user/celluleflexible_en_cours_ROS2/ros_ws/install/aiguillages/include/aiguillages/aiguillages/msg/detail/capteurs__functions.h
[10.103s] -- Installing: /home/user/celluleflexible_en_cours_ROS2/ros_ws/install/aiguillages/include/aiguillages/aiguillages/msg/detail/msg_sensor_state__type_support.c
[10.103s] -- Installing: /home/user/celluleflexible_en_cours_ROS2/ros_ws/install/aiguillages/include/aiguillages/aiguillages/msg/detail/exchange_sh__functions.h
[10.103s] -- Installing: /home/user/celluleflexible_en_cours_ROS2/ros_ws/install/aiguillages/include/aiguillages/aiguillages/msg/detail/msg_sensor_state__struct.h
[10.103s] -- Installing: /home/user/celluleflexible_en_cours_ROS2/ros_ws/install/aiguillages/include/aiguillages/aiguillages/msg/detail/msg_sensor_state__functions.c
[10.103s] -- Installing: /home/user/celluleflexible_en_cours_ROS2/ros_ws/install/aiguillages/include/aiguillages/aiguillages/msg/detail/actionneurs__struct.h
[10.103s] -- Installing: /home/user/celluleflexible_en_cours_ROS2/ros_ws/install/aiguillages/include/aiguillages/aiguillages/msg/detail/exchange_sh__struct.h
[10.103s] -- Installing: /home/user/celluleflexible_en_cours_ROS2/ros_ws/install/aiguillages/include/aiguillages/aiguillages/msg/detail/actionneurs__description.c
[10.104s] -- Installing: /home/user/celluleflexible_en_cours_ROS2/ros_ws/install/aiguillages/include/aiguillages/aiguillages/msg/detail/exchange_sh__type_support.c
[10.104s] -- Installing: /home/user/celluleflexible_en_cours_ROS2/ros_ws/install/aiguillages/include/aiguillages/aiguillages/msg/detail/exchange_sh__type_support.h
[10.104s] -- Installing: /home/user/celluleflexible_en_cours_ROS2/ros_ws/install/aiguillages/include/aiguillages/aiguillages/msg/detail/capteurs__functions.c
[10.104s] -- Installing: /home/user/celluleflexible_en_cours_ROS2/ros_ws/install/aiguillages/include/aiguillages/aiguillages/msg/detail/capteurs__type_support.h
[10.104s] -- Installing: /home/user/celluleflexible_en_cours_ROS2/ros_ws/install/aiguillages/include/aiguillages/aiguillages/msg/detail/actionneurs__functions.c
[10.104s] -- Installing: /home/user/celluleflexible_en_cours_ROS2/ros_ws/install/aiguillages/share/aiguillages/environment/library_path.sh
[10.104s] -- Installing: /home/user/celluleflexible_en_cours_ROS2/ros_ws/install/aiguillages/share/aiguillages/environment/library_path.dsv
[10.104s] -- Installing: /home/user/celluleflexible_en_cours_ROS2/ros_ws/install/aiguillages/lib/libaiguillages__rosidl_generator_c.so
[10.104s] -- Set non-toolchain portion of runtime path of "/home/user/celluleflexible_en_cours_ROS2/ros_ws/install/aiguillages/lib/libaiguillages__rosidl_generator_c.so" to ""
[10.104s] -- Up-to-date: /home/user/celluleflexible_en_cours_ROS2/ros_ws/install/aiguillages/include/aiguillages/aiguillages
[10.104s] -- Up-to-date: /home/user/celluleflexible_en_cours_ROS2/ros_ws/install/aiguillages/include/aiguillages/aiguillages/msg
[10.104s] -- Installing: /home/user/celluleflexible_en_cours_ROS2/ros_ws/install/aiguillages/include/aiguillages/aiguillages/msg/rosidl_typesupport_fastrtps_c__visibility_control.h
[10.105s] -- Up-to-date: /home/user/celluleflexible_en_cours_ROS2/ros_ws/install/aiguillages/include/aiguillages/aiguillages/msg/detail
[10.105s] -- Installing: /home/user/celluleflexible_en_cours_ROS2/ros_ws/install/aiguillages/include/aiguillages/aiguillages/msg/detail/capteurs__rosidl_typesupport_fastrtps_c.h
[10.105s] -- Installing: /home/user/celluleflexible_en_cours_ROS2/ros_ws/install/aiguillages/include/aiguillages/aiguillages/msg/detail/exchange_sh__rosidl_typesupport_fastrtps_c.h
[10.105s] -- Installing: /home/user/celluleflexible_en_cours_ROS2/ros_ws/install/aiguillages/include/aiguillages/aiguillages/msg/detail/actionneurs__rosidl_typesupport_fastrtps_c.h
[10.105s] -- Installing: /home/user/celluleflexible_en_cours_ROS2/ros_ws/install/aiguillages/include/aiguillages/aiguillages/msg/detail/msg_sensor_state__rosidl_typesupport_fastrtps_c.h
[10.105s] -- Installing: /home/user/celluleflexible_en_cours_ROS2/ros_ws/install/aiguillages/lib/libaiguillages__rosidl_typesupport_fastrtps_c.so
[10.105s] -- Set non-toolchain portion of runtime path of "/home/user/celluleflexible_en_cours_ROS2/ros_ws/install/aiguillages/lib/libaiguillages__rosidl_typesupport_fastrtps_c.so" to ""
[10.105s] -- Up-to-date: /home/user/celluleflexible_en_cours_ROS2/ros_ws/install/aiguillages/include/aiguillages/aiguillages
[10.105s] -- Up-to-date: /home/user/celluleflexible_en_cours_ROS2/ros_ws/install/aiguillages/include/aiguillages/aiguillages/msg
[10.105s] -- Installing: /home/user/celluleflexible_en_cours_ROS2/ros_ws/install/aiguillages/include/aiguillages/aiguillages/msg/capteurs.hpp
[10.105s] -- Installing: /home/user/celluleflexible_en_cours_ROS2/ros_ws/install/aiguillages/include/aiguillages/aiguillages/msg/exchange_sh.hpp
[10.105s] -- Installing: /home/user/celluleflexible_en_cours_ROS2/ros_ws/install/aiguillages/include/aiguillages/aiguillages/msg/rosidl_generator_cpp__visibility_control.hpp
[10.106s] -- Installing: /home/user/celluleflexible_en_cours_ROS2/ros_ws/install/aiguillages/include/aiguillages/aiguillages/msg/actionneurs.hpp
[10.106s] -- Up-to-date: /home/user/celluleflexible_en_cours_ROS2/ros_ws/install/aiguillages/include/aiguillages/aiguillages/msg/detail
[10.106s] -- Installing: /home/user/celluleflexible_en_cours_ROS2/ros_ws/install/aiguillages/include/aiguillages/aiguillages/msg/detail/capteurs__builder.hpp
[10.106s] -- Installing: /home/user/celluleflexible_en_cours_ROS2/ros_ws/install/aiguillages/include/aiguillages/aiguillages/msg/detail/exchange_sh__traits.hpp
[10.106s] -- Installing: /home/user/celluleflexible_en_cours_ROS2/ros_ws/install/aiguillages/include/aiguillages/aiguillages/msg/detail/exchange_sh__type_support.hpp
[10.107s] -- Installing: /home/user/celluleflexible_en_cours_ROS2/ros_ws/install/aiguillages/include/aiguillages/aiguillages/msg/detail/exchange_sh__struct.hpp
[10.107s] -- Installing: /home/user/celluleflexible_en_cours_ROS2/ros_ws/install/aiguillages/include/aiguillages/aiguillages/msg/detail/actionneurs__type_support.hpp
[10.107s] -- Installing: /home/user/celluleflexible_en_cours_ROS2/ros_ws/install/aiguillages/include/aiguillages/aiguillages/msg/detail/capteurs__type_support.hpp
[10.107s] -- Installing: /home/user/celluleflexible_en_cours_ROS2/ros_ws/install/aiguillages/include/aiguillages/aiguillages/msg/detail/msg_sensor_state__type_support.hpp
[10.107s] -- Installing: /home/user/celluleflexible_en_cours_ROS2/ros_ws/install/aiguillages/include/aiguillages/aiguillages/msg/detail/msg_sensor_state__builder.hpp
[10.107s] -- Installing: /home/user/celluleflexible_en_cours_ROS2/ros_ws/install/aiguillages/include/aiguillages/aiguillages/msg/detail/msg_sensor_state__traits.hpp
[10.107s] -- Installing: /home/user/celluleflexible_en_cours_ROS2/ros_ws/install/aiguillages/include/aiguillages/aiguillages/msg/detail/exchange_sh__builder.hpp
[10.107s] -- Installing: /home/user/celluleflexible_en_cours_ROS2/ros_ws/install/aiguillages/include/aiguillages/aiguillages/msg/detail/actionneurs__builder.hpp
[10.107s] -- Installing: /home/user/celluleflexible_en_cours_ROS2/ros_ws/install/aiguillages/include/aiguillages/aiguillages/msg/detail/msg_sensor_state__struct.hpp
[10.107s] -- Installing: /home/user/celluleflexible_en_cours_ROS2/ros_ws/install/aiguillages/include/aiguillages/aiguillages/msg/detail/capteurs__traits.hpp
[10.107s] -- Installing: /home/user/celluleflexible_en_cours_ROS2/ros_ws/install/aiguillages/include/aiguillages/aiguillages/msg/detail/actionneurs__struct.hpp
[10.107s] -- Installing: /home/user/celluleflexible_en_cours_ROS2/ros_ws/install/aiguillages/include/aiguillages/aiguillages/msg/detail/actionneurs__traits.hpp
[10.107s] -- Installing: /home/user/celluleflexible_en_cours_ROS2/ros_ws/install/aiguillages/include/aiguillages/aiguillages/msg/detail/capteurs__struct.hpp
[10.107s] -- Installing: /home/user/celluleflexible_en_cours_ROS2/ros_ws/install/aiguillages/include/aiguillages/aiguillages/msg/msg_sensor_state.hpp
[10.107s] -- Up-to-date: /home/user/celluleflexible_en_cours_ROS2/ros_ws/install/aiguillages/include/aiguillages/aiguillages
[10.108s] -- Up-to-date: /home/user/celluleflexible_en_cours_ROS2/ros_ws/install/aiguillages/include/aiguillages/aiguillages/msg
[10.108s] -- Up-to-date: /home/user/celluleflexible_en_cours_ROS2/ros_ws/install/aiguillages/include/aiguillages/aiguillages/msg/detail
[10.108s] -- Installing: /home/user/celluleflexible_en_cours_ROS2/ros_ws/install/aiguillages/include/aiguillages/aiguillages/msg/detail/capteurs__rosidl_typesupport_fastrtps_cpp.hpp
[10.108s] -- Installing: /home/user/celluleflexible_en_cours_ROS2/ros_ws/install/aiguillages/include/aiguillages/aiguillages/msg/detail/exchange_sh__rosidl_typesupport_fastrtps_cpp.hpp
[10.108s] -- Installing: /home/user/celluleflexible_en_cours_ROS2/ros_ws/install/aiguillages/include/aiguillages/aiguillages/msg/detail/msg_sensor_state__rosidl_typesupport_fastrtps_cpp.hpp
[10.108s] -- Installing: /home/user/celluleflexible_en_cours_ROS2/ros_ws/install/aiguillages/include/aiguillages/aiguillages/msg/detail/dds_fastrtps
[10.108s] -- Installing: /home/user/celluleflexible_en_cours_ROS2/ros_ws/install/aiguillages/include/aiguillages/aiguillages/msg/detail/actionneurs__rosidl_typesupport_fastrtps_cpp.hpp
[10.108s] -- Installing: /home/user/celluleflexible_en_cours_ROS2/ros_ws/install/aiguillages/include/aiguillages/aiguillages/msg/rosidl_typesupport_fastrtps_cpp__visibility_control.h
[10.108s] -- Installing: /home/user/celluleflexible_en_cours_ROS2/ros_ws/install/aiguillages/lib/libaiguillages__rosidl_typesupport_fastrtps_cpp.so
[10.108s] -- Set non-toolchain portion of runtime path of "/home/user/celluleflexible_en_cours_ROS2/ros_ws/install/aiguillages/lib/libaiguillages__rosidl_typesupport_fastrtps_cpp.so" to ""
[10.108s] -- Up-to-date: /home/user/celluleflexible_en_cours_ROS2/ros_ws/install/aiguillages/include/aiguillages/aiguillages
[10.108s] -- Up-to-date: /home/user/celluleflexible_en_cours_ROS2/ros_ws/install/aiguillages/include/aiguillages/aiguillages/msg
[10.108s] -- Installing: /home/user/celluleflexible_en_cours_ROS2/ros_ws/install/aiguillages/include/aiguillages/aiguillages/msg/rosidl_typesupport_introspection_c__visibility_control.h
[10.108s] -- Up-to-date: /home/user/celluleflexible_en_cours_ROS2/ros_ws/install/aiguillages/include/aiguillages/aiguillages/msg/detail
[10.108s] -- Installing: /home/user/celluleflexible_en_cours_ROS2/ros_ws/install/aiguillages/include/aiguillages/aiguillages/msg/detail/actionneurs__rosidl_typesupport_introspection_c.h
[10.108s] -- Installing: /home/user/celluleflexible_en_cours_ROS2/ros_ws/install/aiguillages/include/aiguillages/aiguillages/msg/detail/msg_sensor_state__rosidl_typesupport_introspection_c.h
[10.108s] -- Installing: /home/user/celluleflexible_en_cours_ROS2/ros_ws/install/aiguillages/include/aiguillages/aiguillages/msg/detail/capteurs__type_support.c
[10.108s] -- Installing: /home/user/celluleflexible_en_cours_ROS2/ros_ws/install/aiguillages/include/aiguillages/aiguillages/msg/detail/capteurs__rosidl_typesupport_introspection_c.h
[10.108s] -- Installing: /home/user/celluleflexible_en_cours_ROS2/ros_ws/install/aiguillages/include/aiguillages/aiguillages/msg/detail/actionneurs__type_support.c
[10.108s] -- Installing: /home/user/celluleflexible_en_cours_ROS2/ros_ws/install/aiguillages/include/aiguillages/aiguillages/msg/detail/msg_sensor_state__type_support.c
[10.108s] -- Installing: /home/user/celluleflexible_en_cours_ROS2/ros_ws/install/aiguillages/include/aiguillages/aiguillages/msg/detail/exchange_sh__rosidl_typesupport_introspection_c.h
[10.108s] -- Installing: /home/user/celluleflexible_en_cours_ROS2/ros_ws/install/aiguillages/include/aiguillages/aiguillages/msg/detail/exchange_sh__type_support.c
[10.108s] -- Installing: /home/user/celluleflexible_en_cours_ROS2/ros_ws/install/aiguillages/lib/libaiguillages__rosidl_typesupport_introspection_c.so
[10.108s] -- Set non-toolchain portion of runtime path of "/home/user/celluleflexible_en_cours_ROS2/ros_ws/install/aiguillages/lib/libaiguillages__rosidl_typesupport_introspection_c.so" to ""
[10.109s] -- Installing: /home/user/celluleflexible_en_cours_ROS2/ros_ws/install/aiguillages/lib/libaiguillages__rosidl_typesupport_c.so
[10.109s] -- Set non-toolchain portion of runtime path of "/home/user/celluleflexible_en_cours_ROS2/ros_ws/install/aiguillages/lib/libaiguillages__rosidl_typesupport_c.so" to ""
[10.109s] -- Up-to-date: /home/user/celluleflexible_en_cours_ROS2/ros_ws/install/aiguillages/include/aiguillages/aiguillages
[10.109s] -- Up-to-date: /home/user/celluleflexible_en_cours_ROS2/ros_ws/install/aiguillages/include/aiguillages/aiguillages/msg
[10.109s] -- Up-to-date: /home/user/celluleflexible_en_cours_ROS2/ros_ws/install/aiguillages/include/aiguillages/aiguillages/msg/detail
[10.109s] -- Installing: /home/user/celluleflexible_en_cours_ROS2/ros_ws/install/aiguillages/include/aiguillages/aiguillages/msg/detail/actionneurs__rosidl_typesupport_introspection_cpp.hpp
[10.109s] -- Installing: /home/user/celluleflexible_en_cours_ROS2/ros_ws/install/aiguillages/include/aiguillages/aiguillages/msg/detail/capteurs__rosidl_typesupport_introspection_cpp.hpp
[10.109s] -- Installing: /home/user/celluleflexible_en_cours_ROS2/ros_ws/install/aiguillages/include/aiguillages/aiguillages/msg/detail/exchange_sh__rosidl_typesupport_introspection_cpp.hpp
[10.109s] -- Installing: /home/user/celluleflexible_en_cours_ROS2/ros_ws/install/aiguillages/include/aiguillages/aiguillages/msg/detail/capteurs__type_support.cpp
[10.109s] -- Installing: /home/user/celluleflexible_en_cours_ROS2/ros_ws/install/aiguillages/include/aiguillages/aiguillages/msg/detail/msg_sensor_state__type_support.cpp
[10.109s] -- Installing: /home/user/celluleflexible_en_cours_ROS2/ros_ws/install/aiguillages/include/aiguillages/aiguillages/msg/detail/exchange_sh__type_support.cpp
[10.109s] -- Installing: /home/user/celluleflexible_en_cours_ROS2/ros_ws/install/aiguillages/include/aiguillages/aiguillages/msg/detail/actionneurs__type_support.cpp
[10.109s] -- Installing: /home/user/celluleflexible_en_cours_ROS2/ros_ws/install/aiguillages/include/aiguillages/aiguillages/msg/detail/msg_sensor_state__rosidl_typesupport_introspection_cpp.hpp
[10.109s] -- Installing: /home/user/celluleflexible_en_cours_ROS2/ros_ws/install/aiguillages/lib/libaiguillages__rosidl_typesupport_introspection_cpp.so
[10.109s] -- Set non-toolchain portion of runtime path of "/home/user/celluleflexible_en_cours_ROS2/ros_ws/install/aiguillages/lib/libaiguillages__rosidl_typesupport_introspection_cpp.so" to ""
[10.109s] -- Installing: /home/user/celluleflexible_en_cours_ROS2/ros_ws/install/aiguillages/lib/libaiguillages__rosidl_typesupport_cpp.so
[10.109s] -- Set non-toolchain portion of runtime path of "/home/user/celluleflexible_en_cours_ROS2/ros_ws/install/aiguillages/lib/libaiguillages__rosidl_typesupport_cpp.so" to ""
[10.109s] -- Installing: /home/user/celluleflexible_en_cours_ROS2/ros_ws/install/aiguillages/share/aiguillages/environment/pythonpath.sh
[10.109s] -- Installing: /home/user/celluleflexible_en_cours_ROS2/ros_ws/install/aiguillages/share/aiguillages/environment/pythonpath.dsv
[10.109s] -- Installing: /home/user/celluleflexible_en_cours_ROS2/ros_ws/install/aiguillages/lib/python3.12/site-packages/aiguillages-3.1.2-py3.12.egg-info
[10.109s] -- Installing: /home/user/celluleflexible_en_cours_ROS2/ros_ws/install/aiguillages/lib/python3.12/site-packages/aiguillages-3.1.2-py3.12.egg-info/SOURCES.txt
[10.109s] -- Installing: /home/user/celluleflexible_en_cours_ROS2/ros_ws/install/aiguillages/lib/python3.12/site-packages/aiguillages-3.1.2-py3.12.egg-info/top_level.txt
[10.109s] -- Installing: /home/user/celluleflexible_en_cours_ROS2/ros_ws/install/aiguillages/lib/python3.12/site-packages/aiguillages-3.1.2-py3.12.egg-info/PKG-INFO
[10.109s] -- Installing: /home/user/celluleflexible_en_cours_ROS2/ros_ws/install/aiguillages/lib/python3.12/site-packages/aiguillages-3.1.2-py3.12.egg-info/dependency_links.txt
[10.109s] -- Installing: /home/user/celluleflexible_en_cours_ROS2/ros_ws/install/aiguillages/lib/python3.12/site-packages/aiguillages
[10.109s] -- Installing: /home/user/celluleflexible_en_cours_ROS2/ros_ws/install/aiguillages/lib/python3.12/site-packages/aiguillages/_aiguillages_s.ep.rosidl_typesupport_introspection_c.c
[10.110s] -- Installing: /home/user/celluleflexible_en_cours_ROS2/ros_ws/install/aiguillages/lib/python3.12/site-packages/aiguillages/msg
[10.110s] -- Installing: /home/user/celluleflexible_en_cours_ROS2/ros_ws/install/aiguillages/lib/python3.12/site-packages/aiguillages/msg/__init__.py
[10.110s] -- Installing: /home/user/celluleflexible_en_cours_ROS2/ros_ws/install/aiguillages/lib/python3.12/site-packages/aiguillages/msg/_exchange_sh_s.c
[10.110s] -- Installing: /home/user/celluleflexible_en_cours_ROS2/ros_ws/install/aiguillages/lib/python3.12/site-packages/aiguillages/msg/_actionneurs.py
[10.110s] -- Installing: /home/user/celluleflexible_en_cours_ROS2/ros_ws/install/aiguillages/lib/python3.12/site-packages/aiguillages/msg/_msg_sensor_state.py
[10.110s] -- Installing: /home/user/celluleflexible_en_cours_ROS2/ros_ws/install/aiguillages/lib/python3.12/site-packages/aiguillages/msg/_exchange_sh.py
[10.110s] -- Installing: /home/user/celluleflexible_en_cours_ROS2/ros_ws/install/aiguillages/lib/python3.12/site-packages/aiguillages/msg/_capteurs.py
[10.110s] -- Installing: /home/user/celluleflexible_en_cours_ROS2/ros_ws/install/aiguillages/lib/python3.12/site-packages/aiguillages/msg/_capteurs_s.c
[10.110s] -- Installing: /home/user/celluleflexible_en_cours_ROS2/ros_ws/install/aiguillages/lib/python3.12/site-packages/aiguillages/msg/_actionneurs_s.c
[10.110s] -- Installing: /home/user/celluleflexible_en_cours_ROS2/ros_ws/install/aiguillages/lib/python3.12/site-packages/aiguillages/msg/_msg_sensor_state_s.c
[10.110s] -- Installing: /home/user/celluleflexible_en_cours_ROS2/ros_ws/install/aiguillages/lib/python3.12/site-packages/aiguillages/__init__.py
[10.110s] -- Installing: /home/user/celluleflexible_en_cours_ROS2/ros_ws/install/aiguillages/lib/python3.12/site-packages/aiguillages/_aiguillages_s.ep.rosidl_typesupport_fastrtps_c.c
[10.110s] -- Installing: /home/user/celluleflexible_en_cours_ROS2/ros_ws/install/aiguillages/lib/python3.12/site-packages/aiguillages/aiguillages_s__rosidl_typesupport_c.so
[10.110s] -- Installing: /home/user/celluleflexible_en_cours_ROS2/ros_ws/install/aiguillages/lib/python3.12/site-packages/aiguillages/aiguillages_s__rosidl_typesupport_introspection_c.so
[10.110s] -- Installing: /home/user/celluleflexible_en_cours_ROS2/ros_ws/install/aiguillages/lib/python3.12/site-packages/aiguillages/_aiguillages_s.ep.rosidl_typesupport_c.c
[10.110s] -- Installing: /home/user/celluleflexible_en_cours_ROS2/ros_ws/install/aiguillages/lib/python3.12/site-packages/aiguillages/aiguillages_s__rosidl_typesupport_fastrtps_c.so
[10.139s] Listing '/home/user/celluleflexible_en_cours_ROS2/ros_ws/install/aiguillages/lib/python3.12/site-packages/aiguillages'...
[10.139s] Compiling '/home/user/celluleflexible_en_cours_ROS2/ros_ws/install/aiguillages/lib/python3.12/site-packages/aiguillages/__init__.py'...
[10.139s] Listing '/home/user/celluleflexible_en_cours_ROS2/ros_ws/install/aiguillages/lib/python3.12/site-packages/aiguillages/msg'...
[10.139s] Compiling '/home/user/celluleflexible_en_cours_ROS2/ros_ws/install/aiguillages/lib/python3.12/site-packages/aiguillages/msg/__init__.py'...
[10.139s] Compiling '/home/user/celluleflexible_en_cours_ROS2/ros_ws/install/aiguillages/lib/python3.12/site-packages/aiguillages/msg/_actionneurs.py'...
[10.139s] Compiling '/home/user/celluleflexible_en_cours_ROS2/ros_ws/install/aiguillages/lib/python3.12/site-packages/aiguillages/msg/_capteurs.py'...
[10.139s] Compiling '/home/user/celluleflexible_en_cours_ROS2/ros_ws/install/aiguillages/lib/python3.12/site-packages/aiguillages/msg/_exchange_sh.py'...
[10.139s] Compiling '/home/user/celluleflexible_en_cours_ROS2/ros_ws/install/aiguillages/lib/python3.12/site-packages/aiguillages/msg/_msg_sensor_state.py'...
[10.142s] -- Installing: /home/user/celluleflexible_en_cours_ROS2/ros_ws/install/aiguillages/lib/python3.12/site-packages/aiguillages/aiguillages_s__rosidl_typesupport_fastrtps_c.so
[10.143s] -- Set non-toolchain portion of runtime path of "/home/user/celluleflexible_en_cours_ROS2/ros_ws/install/aiguillages/lib/python3.12/site-packages/aiguillages/aiguillages_s__rosidl_typesupport_fastrtps_c.so" to ""
[10.143s] -- Installing: /home/user/celluleflexible_en_cours_ROS2/ros_ws/install/aiguillages/lib/python3.12/site-packages/aiguillages/aiguillages_s__rosidl_typesupport_introspection_c.so
[10.143s] -- Set non-toolchain portion of runtime path of "/home/user/celluleflexible_en_cours_ROS2/ros_ws/install/aiguillages/lib/python3.12/site-packages/aiguillages/aiguillages_s__rosidl_typesupport_introspection_c.so" to ""
[10.143s] -- Installing: /home/user/celluleflexible_en_cours_ROS2/ros_ws/install/aiguillages/lib/python3.12/site-packages/aiguillages/aiguillages_s__rosidl_typesupport_c.so
[10.143s] -- Set non-toolchain portion of runtime path of "/home/user/celluleflexible_en_cours_ROS2/ros_ws/install/aiguillages/lib/python3.12/site-packages/aiguillages/aiguillages_s__rosidl_typesupport_c.so" to ""
[10.143s] -- Installing: /home/user/celluleflexible_en_cours_ROS2/ros_ws/install/aiguillages/lib/libaiguillages__rosidl_generator_py.so
[10.143s] -- Set non-toolchain portion of runtime path of "/home/user/celluleflexible_en_cours_ROS2/ros_ws/install/aiguillages/lib/libaiguillages__rosidl_generator_py.so" to ""
[10.143s] -- Installing: /home/user/celluleflexible_en_cours_ROS2/ros_ws/install/aiguillages/share/aiguillages/msg/Capteurs.idl
[10.143s] -- Installing: /home/user/celluleflexible_en_cours_ROS2/ros_ws/install/aiguillages/share/aiguillages/msg/Actionneurs.idl
[10.144s] -- Installing: /home/user/celluleflexible_en_cours_ROS2/ros_ws/install/aiguillages/share/aiguillages/msg/ExchangeSh.idl
[10.144s] -- Installing: /home/user/celluleflexible_en_cours_ROS2/ros_ws/install/aiguillages/share/aiguillages/msg/MsgSensorState.idl
[10.144s] -- Installing: /home/user/celluleflexible_en_cours_ROS2/ros_ws/install/aiguillages/share/aiguillages/msg/Capteurs.msg
[10.144s] -- Installing: /home/user/celluleflexible_en_cours_ROS2/ros_ws/install/aiguillages/share/aiguillages/msg/Actionneurs.msg
[10.144s] -- Installing: /home/user/celluleflexible_en_cours_ROS2/ros_ws/install/aiguillages/share/aiguillages/msg/ExchangeSh.msg
[10.144s] -- Installing: /home/user/celluleflexible_en_cours_ROS2/ros_ws/install/aiguillages/share/aiguillages/msg/MsgSensorState.msg
[10.144s] -- Installing: /home/user/celluleflexible_en_cours_ROS2/ros_ws/install/aiguillages/lib/aiguillages/run_Aiguillage
[10.147s] -- Set non-toolchain portion of runtime path of "/home/user/celluleflexible_en_cours_ROS2/ros_ws/install/aiguillages/lib/aiguillages/run_Aiguillage" to ""
[10.147s] -- Installing: /home/user/celluleflexible_en_cours_ROS2/ros_ws/install/aiguillages/share/ament_index/resource_index/package_run_dependencies/aiguillages
[10.147s] -- Installing: /home/user/celluleflexible_en_cours_ROS2/ros_ws/install/aiguillages/share/ament_index/resource_index/parent_prefix_path/aiguillages
[10.147s] -- Installing: /home/user/celluleflexible_en_cours_ROS2/ros_ws/install/aiguillages/share/aiguillages/environment/ament_prefix_path.sh
[10.147s] -- Installing: /home/user/celluleflexible_en_cours_ROS2/ros_ws/install/aiguillages/share/aiguillages/environment/ament_prefix_path.dsv
[10.147s] -- Installing: /home/user/celluleflexible_en_cours_ROS2/ros_ws/install/aiguillages/share/aiguillages/environment/path.sh
[10.147s] -- Installing: /home/user/celluleflexible_en_cours_ROS2/ros_ws/install/aiguillages/share/aiguillages/environment/path.dsv
[10.147s] -- Installing: /home/user/celluleflexible_en_cours_ROS2/ros_ws/install/aiguillages/share/aiguillages/local_setup.bash
[10.147s] -- Installing: /home/user/celluleflexible_en_cours_ROS2/ros_ws/install/aiguillages/share/aiguillages/local_setup.sh
[10.147s] -- Installing: /home/user/celluleflexible_en_cours_ROS2/ros_ws/install/aiguillages/share/aiguillages/local_setup.zsh
[10.148s] -- Installing: /home/user/celluleflexible_en_cours_ROS2/ros_ws/install/aiguillages/share/aiguillages/local_setup.dsv
[10.148s] -- Installing: /home/user/celluleflexible_en_cours_ROS2/ros_ws/install/aiguillages/share/aiguillages/package.dsv
[10.148s] -- Installing: /home/user/celluleflexible_en_cours_ROS2/ros_ws/install/aiguillages/share/ament_index/resource_index/packages/aiguillages
[10.148s] -- Installing: /home/user/celluleflexible_en_cours_ROS2/ros_ws/install/aiguillages/share/aiguillages/cmake/export_aiguillages__rosidl_generator_cExport.cmake
[10.148s] -- Installing: /home/user/celluleflexible_en_cours_ROS2/ros_ws/install/aiguillages/share/aiguillages/cmake/export_aiguillages__rosidl_generator_cExport-noconfig.cmake
[10.148s] -- Installing: /home/user/celluleflexible_en_cours_ROS2/ros_ws/install/aiguillages/share/aiguillages/cmake/export_aiguillages__rosidl_typesupport_fastrtps_cExport.cmake
[10.148s] -- Installing: /home/user/celluleflexible_en_cours_ROS2/ros_ws/install/aiguillages/share/aiguillages/cmake/export_aiguillages__rosidl_typesupport_fastrtps_cExport-noconfig.cmake
[10.148s] -- Installing: /home/user/celluleflexible_en_cours_ROS2/ros_ws/install/aiguillages/share/aiguillages/cmake/export_aiguillages__rosidl_generator_cppExport.cmake
[10.148s] -- Installing: /home/user/celluleflexible_en_cours_ROS2/ros_ws/install/aiguillages/share/aiguillages/cmake/export_aiguillages__rosidl_typesupport_fastrtps_cppExport.cmake
[10.148s] -- Installing: /home/user/celluleflexible_en_cours_ROS2/ros_ws/install/aiguillages/share/aiguillages/cmake/export_aiguillages__rosidl_typesupport_fastrtps_cppExport-noconfig.cmake
[10.148s] -- Installing: /home/user/celluleflexible_en_cours_ROS2/ros_ws/install/aiguillages/share/aiguillages/cmake/aiguillages__rosidl_typesupport_introspection_cExport.cmake
[10.148s] -- Installing: /home/user/celluleflexible_en_cours_ROS2/ros_ws/install/aiguillages/share/aiguillages/cmake/aiguillages__rosidl_typesupport_introspection_cExport-noconfig.cmake
[10.148s] -- Installing: /home/user/celluleflexible_en_cours_ROS2/ros_ws/install/aiguillages/share/aiguillages/cmake/aiguillages__rosidl_typesupport_cExport.cmake
[10.148s] -- Installing: /home/user/celluleflexible_en_cours_ROS2/ros_ws/install/aiguillages/share/aiguillages/cmake/aiguillages__rosidl_typesupport_cExport-noconfig.cmake
[10.148s] -- Installing: /home/user/celluleflexible_en_cours_ROS2/ros_ws/install/aiguillages/share/aiguillages/cmake/aiguillages__rosidl_typesupport_introspection_cppExport.cmake
[10.149s] -- Installing: /home/user/celluleflexible_en_cours_ROS2/ros_ws/install/aiguillages/share/aiguillages/cmake/aiguillages__rosidl_typesupport_introspection_cppExport-noconfig.cmake
[10.149s] -- Installing: /home/user/celluleflexible_en_cours_ROS2/ros_ws/install/aiguillages/share/aiguillages/cmake/aiguillages__rosidl_typesupport_cppExport.cmake
[10.149s] -- Installing: /home/user/celluleflexible_en_cours_ROS2/ros_ws/install/aiguillages/share/aiguillages/cmake/aiguillages__rosidl_typesupport_cppExport-noconfig.cmake
[10.149s] -- Installing: /home/user/celluleflexible_en_cours_ROS2/ros_ws/install/aiguillages/share/aiguillages/cmake/export_aiguillages__rosidl_generator_pyExport.cmake
[10.149s] -- Installing: /home/user/celluleflexible_en_cours_ROS2/ros_ws/install/aiguillages/share/aiguillages/cmake/export_aiguillages__rosidl_generator_pyExport-noconfig.cmake
[10.149s] -- Installing: /home/user/celluleflexible_en_cours_ROS2/ros_ws/install/aiguillages/share/aiguillages/cmake/rosidl_cmake-extras.cmake
[10.149s] -- Installing: /home/user/celluleflexible_en_cours_ROS2/ros_ws/install/aiguillages/share/aiguillages/cmake/ament_cmake_export_dependencies-extras.cmake
[10.149s] -- Installing: /home/user/celluleflexible_en_cours_ROS2/ros_ws/install/aiguillages/share/aiguillages/cmake/ament_cmake_export_include_directories-extras.cmake
[10.149s] -- Installing: /home/user/celluleflexible_en_cours_ROS2/ros_ws/install/aiguillages/share/aiguillages/cmake/ament_cmake_export_libraries-extras.cmake
[10.149s] -- Installing: /home/user/celluleflexible_en_cours_ROS2/ros_ws/install/aiguillages/share/aiguillages/cmake/ament_cmake_export_targets-extras.cmake
[10.149s] -- Installing: /home/user/celluleflexible_en_cours_ROS2/ros_ws/install/aiguillages/share/aiguillages/cmake/rosidl_cmake_export_typesupport_targets-extras.cmake
[10.149s] -- Installing: /home/user/celluleflexible_en_cours_ROS2/ros_ws/install/aiguillages/share/aiguillages/cmake/rosidl_cmake_export_typesupport_libraries-extras.cmake
[10.149s] -- Installing: /home/user/celluleflexible_en_cours_ROS2/ros_ws/install/aiguillages/share/aiguillages/cmake/aiguillagesConfig.cmake
[10.149s] -- Installing: /home/user/celluleflexible_en_cours_ROS2/ros_ws/install/aiguillages/share/aiguillages/cmake/aiguillagesConfig-version.cmake
[10.149s] -- Installing: /home/user/celluleflexible_en_cours_ROS2/ros_ws/install/aiguillages/share/aiguillages/package.xml
[10.151s] Invoked command in '/home/user/celluleflexible_en_cours_ROS2/ros_ws/build/aiguillages' returned '0': CMAKE_PREFIX_PATH=${CMAKE_PREFIX_PATH}:/opt/ros/jazzy DEBUGINFOD_URLS=https://debuginfod.ubuntu.com /usr/bin/cmake --install /home/user/celluleflexible_en_cours_ROS2/ros_ws/build/aiguillages
