warning: missing python package "xmlschema"; input file callbacks.xml will not be validated.
warning: missing python package "xmlschema"; input file callbacks.xml will not be validated.
Traceback (most recent call last):
  File "/home/user/Desktop/New_ter/CoppeliaSim/programming/libPlugin/simStubsGen/external/pycpp/pycpp.py", line 212, in <module>
    f.write(pycpp.get_output())
            ^^^^^^^^^^^^^^^^^^
  File "/home/user/Desktop/New_ter/CoppeliaSim/programming/libPlugin/simStubsGen/external/pycpp/pycpp.py", line 136, in get_output
    exec(self.get_python_code(b, spool_fn='pycpp.output'), locals())
  File "<string>", line 3, in <module>
  File "/home/user/Desktop/New_ter/CoppeliaSim/programming/ros2_packages/sim_ros2_interface/tools/parse_interfaces.py", line 82, in parse_interfaces
    interfaces[interface_name] = parse_interface(interface_name)
                                 ^^^^^^^^^^^^^^^^^^^^^^^^^^^^^^^
  File "/home/user/Desktop/New_ter/CoppeliaSim/programming/ros2_packages/sim_ros2_interface/tools/parse_interfaces.py", line 47, in parse_interface
    path = get_interface_path(m)
           ^^^^^^^^^^^^^^^^^^^^^
  File "/opt/ros/jazzy/lib/python3.12/site-packages/rosidl_runtime_py/get_interfaces.py", line 179, in get_interface_path
    raise LookupError(f"Unknown package '{parts[0]}'")
LookupError: Unknown package 'aiguillages'
gmake[2]: *** [CMakeFiles/generate_ros_code.dir/build.make:104: generated/actcli_cancelLastGoal.cpp] Error 1
Traceback (most recent call last):
  File "/home/user/Desktop/New_ter/CoppeliaSim/programming/libPlugin/simStubsGen/external/pycpp/pycpp.py", line 212, in <module>
    f.write(pycpp.get_output())
            ^^^^^^^^^^^^^^^^^^
  File "/home/user/Desktop/New_ter/CoppeliaSim/programming/libPlugin/simStubsGen/external/pycpp/pycpp.py", line 136, in get_output
    exec(self.get_python_code(b, spool_fn='pycpp.output'), locals())
  File "<string>", line 3, in <module>
  File "/home/user/Desktop/New_ter/CoppeliaSim/programming/ros2_packages/sim_ros2_interface/tools/parse_interfaces.py", line 82, in parse_interfaces
    interfaces[interface_name] = parse_interface(interface_name)
                                 ^^^^^^^^^^^^^^^^^^^^^^^^^^^^^^^
  File "/home/user/Desktop/New_ter/CoppeliaSim/programming/ros2_packages/sim_ros2_interface/tools/parse_interfaces.py", line 47, in parse_interface
    path = get_interface_path(m)
           ^^^^^^^^^^^^^^^^^^^^^
  File "/opt/ros/jazzy/lib/python3.12/site-packages/rosidl_runtime_py/get_interfaces.py", line 179, in get_interface_path
    raise LookupError(f"Unknown package '{parts[0]}'")
LookupError: Unknown package 'aiguillages'
gmake[2]: *** Deleting file 'generated/actcli_cancelLastGoal.cpp'
gmake[2]: *** Waiting for unfinished jobs....
Traceback (most recent call last):
  File "/home/user/Desktop/New_ter/CoppeliaSim/programming/libPlugin/simStubsGen/external/pycpp/pycpp.py", line 212, in <module>
    f.write(pycpp.get_output())
            ^^^^^^^^^^^^^^^^^^
  File "/home/user/Desktop/New_ter/CoppeliaSim/programming/libPlugin/simStubsGen/external/pycpp/pycpp.py", line 136, in get_output
    exec(self.get_python_code(b, spool_fn='pycpp.output'), locals())
  File "<string>", line 3, in <module>
  File "/home/user/Desktop/New_ter/CoppeliaSim/programming/ros2_packages/sim_ros2_interface/tools/parse_interfaces.py", line 82, in parse_interfaces
    interfaces[interface_name] = parse_interface(interface_name)
                                 ^^^^^^^^^^^^^^^^^^^^^^^^^^^^^^^
  File "/home/user/Desktop/New_ter/CoppeliaSim/programming/ros2_packages/sim_ros2_interface/tools/parse_interfaces.py", line 47, in parse_interface
    path = get_interface_path(m)
           ^^^^^^^^^^^^^^^^^^^^^
  File "/opt/ros/jazzy/lib/python3.12/site-packages/rosidl_runtime_py/get_interfaces.py", line 179, in get_interface_path
    raise LookupError(f"Unknown package '{parts[0]}'")
LookupError: Unknown package 'aiguillages'
gmake[2]: *** [CMakeFiles/generate_ros_code.dir/build.make:116: generated/actcli_new.cpp] Error 1
gmake[2]: *** Deleting file 'generated/actcli_new.cpp'
Traceback (most recent call last):
  File "/home/user/Desktop/New_ter/CoppeliaSim/programming/libPlugin/simStubsGen/external/pycpp/pycpp.py", line 212, in <module>
    f.write(pycpp.get_output())
            ^^^^^^^^^^^^^^^^^^
  File "/home/user/Desktop/New_ter/CoppeliaSim/programming/libPlugin/simStubsGen/external/pycpp/pycpp.py", line 136, in get_output
    exec(self.get_python_code(b, spool_fn='pycpp.output'), locals())
  File "<string>", line 3, in <module>
  File "/home/user/Desktop/New_ter/CoppeliaSim/programming/ros2_packages/sim_ros2_interface/tools/parse_interfaces.py", line 82, in parse_interfaces
    interfaces[interface_name] = parse_interface(interface_name)
                                 ^^^^^^^^^^^^^^^^^^^^^^^^^^^^^^^
  File "/home/user/Desktop/New_ter/CoppeliaSim/programming/ros2_packages/sim_ros2_interface/tools/parse_interfaces.py", line 47, in parse_interface
    path = get_interface_path(m)
           ^^^^^^^^^^^^^^^^^^^^^
  File "/opt/ros/jazzy/lib/python3.12/site-packages/rosidl_runtime_py/get_interfaces.py", line 179, in get_interface_path
    raise LookupError(f"Unknown package '{parts[0]}'")
LookupError: Unknown package 'aiguillages'
gmake[2]: *** [CMakeFiles/generate_ros_code.dir/build.make:122: generated/actcli_sendGoal.cpp] Error 1
gmake[2]: *** Deleting file 'generated/actcli_sendGoal.cpp'
gmake[2]: *** [CMakeFiles/generate_ros_code.dir/build.make:110: generated/actcli_del.cpp] Error 1
gmake[2]: *** Deleting file 'generated/actcli_del.cpp'
gmake[1]: *** [CMakeFiles/Makefile2:138: CMakeFiles/generate_ros_code.dir/all] Error 2
gmake: *** [Makefile:146: all] Error 2
