[0.047s] Invoking command in '/home/user/Desktop/New_ter/CoppeliaSim/build/sim_ros2_interface': CMAKE_PREFIX_PATH=${CMAKE_PREFIX_PATH}:/opt/ros/jazzy DEBUGINFOD_URLS=https://debuginfod.ubuntu.com /usr/bin/cmake --build /home/user/Desktop/New_ter/CoppeliaSim/build/sim_ros2_interface -- -j4 -l4
[0.108s] -- Found ament_cmake: 2.5.5 (/opt/ros/jazzy/share/ament_cmake/cmake)
[0.525s] -- Override CMake install command with custom implementation using symlinks instead of copying resources
[0.537s] -- Found ament_cmake_ros: 0.12.0 (/opt/ros/jazzy/share/ament_cmake_ros/cmake)
[0.543s] -- Found diagnostic_msgs: 5.3.6 (/opt/ros/jazzy/share/diagnostic_msgs/cmake)
[0.579s] -- Found rosidl_generator_c: 4.6.7 (/opt/ros/jazzy/share/rosidl_generator_c/cmake)
[0.596s] -- Found rosidl_generator_cpp: 4.6.7 (/opt/ros/jazzy/share/rosidl_generator_cpp/cmake)
[0.607s] -- Using all available rosidl_typesupport_c: rosidl_typesupport_fastrtps_c;rosidl_typesupport_introspection_c
[0.627s] -- Using all available rosidl_typesupport_cpp: rosidl_typesupport_fastrtps_cpp;rosidl_typesupport_introspection_cpp
[0.695s] -- Found geometry_msgs: 5.3.6 (/opt/ros/jazzy/share/geometry_msgs/cmake)
[0.714s] -- Found lifecycle_msgs: 2.0.3 (/opt/ros/jazzy/share/lifecycle_msgs/cmake)
[0.745s] -- Found map_msgs: 2.4.1 (/opt/ros/jazzy/share/map_msgs/cmake)
[0.852s] -- Found pendulum_msgs: 0.33.9 (/opt/ros/jazzy/share/pendulum_msgs/cmake)
[0.869s] -- Found rosgraph_msgs: 2.0.3 (/opt/ros/jazzy/share/rosgraph_msgs/cmake)
[0.883s] -- Found shape_msgs: 5.3.6 (/opt/ros/jazzy/share/shape_msgs/cmake)
[0.901s] -- Found stereo_msgs: 5.3.6 (/opt/ros/jazzy/share/stereo_msgs/cmake)
[0.931s] -- Found tf2_geometry_msgs: 0.36.19 (/opt/ros/jazzy/share/tf2_geometry_msgs/cmake)
[0.938s] -- Found eigen3_cmake_module: 0.3.0 (/opt/ros/jazzy/share/eigen3_cmake_module/cmake)
[0.938s] -- Ensuring Eigen3 include directory is part of orocos-kdl CMake target
[1.029s] -- Found rmw_implementation_cmake: 7.3.3 (/opt/ros/jazzy/share/rmw_implementation_cmake/cmake)
[1.030s] -- Found rmw_fastrtps_cpp: 8.4.3 (/opt/ros/jazzy/share/rmw_fastrtps_cpp/cmake)
[1.164s] -- Using RMW implementation 'rmw_fastrtps_cpp' as default
[1.332s] -- Found trajectory_msgs: 5.3.6 (/opt/ros/jazzy/share/trajectory_msgs/cmake)
[1.360s] -- Found visualization_msgs: 5.3.6 (/opt/ros/jazzy/share/visualization_msgs/cmake)
[1.397s] -- Found std_srvs: 5.3.6 (/opt/ros/jazzy/share/std_srvs/cmake)
[1.415s] -- Found example_interfaces: 0.12.0 (/opt/ros/jazzy/share/example_interfaces/cmake)
[1.437s] -- Found image_transport: 5.1.7 (/opt/ros/jazzy/share/image_transport/cmake)
[1.444s] -- CoppeliaSim: LIBPLUGIN_DIR: /home/user/Desktop/New_ter/CoppeliaSim/programming/libPlugin.
[1.444s] -- CoppeliaSim: COPPELIASIM_ROOT_DIR: /home/user/Desktop/New_ter/CoppeliaSim.
[1.444s] -- Found CoppeliaSim installation at /home/user/Desktop/New_ter/CoppeliaSim.
[1.445s] -- Checking CoppeliaSim header version...
[3.526s] -- CoppeliaSim headers version 4.3.0 rev3
[3.534s] -- Found Boost: /usr/lib/x86_64-linux-gnu/cmake/Boost-1.83.0/BoostConfig.cmake (found version "1.83.0") found components: regex 
[3.762s] -- Found Boost: /usr/lib/x86_64-linux-gnu/cmake/Boost-1.83.0/BoostConfig.cmake (found version "1.83.0")  
[3.764s] -- Adding simStubsGen command...
[3.940s] -- Reading plugin metadata...
[3.990s] warning: missing python package "xmlschema"; input file callbacks.xml will not be validated.
[4.026s] warning: missing python package "xmlschema"; input file callbacks.xml will not be validated.
[4.088s] -- Plugin: ROS2
[4.260s] -- Configuring done (4.2s)
[4.320s] -- Generating done (0.0s)
[4.328s] -- Build files have been written to: /home/user/Desktop/New_ter/CoppeliaSim/build/sim_ros2_interface
[4.417s] [  2%] [34m[1mGenerating generated/actcli_cancelLastGoal.cpp[0m
[4.417s] [  4%] [34m[1mGenerating generated/actcli_new.cpp[0m
[4.424s] [  7%] [34m[1mGenerating generated/actcli_sendGoal.cpp[0m
[4.434s] [  9%] [34m[1mGenerating generated/actcli_del.cpp[0m
[4.751s] Traceback (most recent call last):
[4.751s]   File "/home/user/Desktop/New_ter/CoppeliaSim/programming/libPlugin/simStubsGen/external/pycpp/pycpp.py", line 212, in <module>
[4.751s]     f.write(pycpp.get_output())
[4.752s]             ^^^^^^^^^^^^^^^^^^
[4.752s]   File "/home/user/Desktop/New_ter/CoppeliaSim/programming/libPlugin/simStubsGen/external/pycpp/pycpp.py", line 136, in get_output
[4.752s]     exec(self.get_python_code(b, spool_fn='pycpp.output'), locals())
[4.752s]   File "<string>", line 3, in <module>
[4.753s]   File "/home/user/Desktop/New_ter/CoppeliaSim/programming/ros2_packages/sim_ros2_interface/tools/parse_interfaces.py", line 82, in parse_interfaces
[4.753s]     interfaces[interface_name] = parse_interface(interface_name)
[4.753s]                                  ^^^^^^^^^^^^^^^^^^^^^^^^^^^^^^^
[4.753s]   File "/home/user/Desktop/New_ter/CoppeliaSim/programming/ros2_packages/sim_ros2_interface/tools/parse_interfaces.py", line 47, in parse_interface
[4.762s]     path = get_interface_path(m)
[4.762s]            ^^^^^^^^^^^^^^^^^^^^^
[4.762s]   File "/opt/ros/jazzy/lib/python3.12/site-packages/rosidl_runtime_py/get_interfaces.py", line 179, in get_interface_path
[4.763s]     raise LookupError(f"Unknown package '{parts[0]}'")
[4.764s] LookupError: Unknown package 'aiguillages'
[4.832s] gmake[2]: *** [CMakeFiles/generate_ros_code.dir/build.make:104: generated/actcli_cancelLastGoal.cpp] Error 1
[4.851s] Traceback (most recent call last):
[4.851s]   File "/home/user/Desktop/New_ter/CoppeliaSim/programming/libPlugin/simStubsGen/external/pycpp/pycpp.py", line 212, in <module>
[4.851s]     f.write(pycpp.get_output())
[4.851s]             ^^^^^^^^^^^^^^^^^^
[4.851s]   File "/home/user/Desktop/New_ter/CoppeliaSim/programming/libPlugin/simStubsGen/external/pycpp/pycpp.py", line 136, in get_output
[4.851s]     exec(self.get_python_code(b, spool_fn='pycpp.output'), locals())
[4.851s]   File "<string>", line 3, in <module>
[4.851s]   File "/home/user/Desktop/New_ter/CoppeliaSim/programming/ros2_packages/sim_ros2_interface/tools/parse_interfaces.py", line 82, in parse_interfaces
[4.851s]     interfaces[interface_name] = parse_interface(interface_name)
[4.851s]                                  ^^^^^^^^^^^^^^^^^^^^^^^^^^^^^^^
[4.851s]   File "/home/user/Desktop/New_ter/CoppeliaSim/programming/ros2_packages/sim_ros2_interface/tools/parse_interfaces.py", line 47, in parse_interface
[4.851s]     path = get_interface_path(m)
[4.851s]            ^^^^^^^^^^^^^^^^^^^^^
[4.851s]   File "/opt/ros/jazzy/lib/python3.12/site-packages/rosidl_runtime_py/get_interfaces.py", line 179, in get_interface_path
[4.851s]     raise LookupError(f"Unknown package '{parts[0]}'")
[4.851s] LookupError: Unknown package 'aiguillages'
[4.851s] gmake[2]: *** Deleting file 'generated/actcli_cancelLastGoal.cpp'
[4.852s] gmake[2]: *** Waiting for unfinished jobs....
[4.902s] Traceback (most recent call last):
[4.902s]   File "/home/user/Desktop/New_ter/CoppeliaSim/programming/libPlugin/simStubsGen/external/pycpp/pycpp.py", line 212, in <module>
[4.902s]     f.write(pycpp.get_output())
[4.903s]             ^^^^^^^^^^^^^^^^^^
[4.903s]   File "/home/user/Desktop/New_ter/CoppeliaSim/programming/libPlugin/simStubsGen/external/pycpp/pycpp.py", line 136, in get_output
[4.903s]     exec(self.get_python_code(b, spool_fn='pycpp.output'), locals())
[4.903s]   File "<string>", line 3, in <module>
[4.903s]   File "/home/user/Desktop/New_ter/CoppeliaSim/programming/ros2_packages/sim_ros2_interface/tools/parse_interfaces.py", line 82, in parse_interfaces
[4.903s]     interfaces[interface_name] = parse_interface(interface_name)
[4.903s]                                  ^^^^^^^^^^^^^^^^^^^^^^^^^^^^^^^
[4.903s]   File "/home/user/Desktop/New_ter/CoppeliaSim/programming/ros2_packages/sim_ros2_interface/tools/parse_interfaces.py", line 47, in parse_interface
[4.903s]     path = get_interface_path(m)
[4.903s]            ^^^^^^^^^^^^^^^^^^^^^
[4.903s]   File "/opt/ros/jazzy/lib/python3.12/site-packages/rosidl_runtime_py/get_interfaces.py", line 179, in get_interface_path
[4.903s]     raise LookupError(f"Unknown package '{parts[0]}'")
[4.903s] LookupError: Unknown package 'aiguillages'
[4.906s] gmake[2]: *** [CMakeFiles/generate_ros_code.dir/build.make:116: generated/actcli_new.cpp] Error 1
[4.906s] gmake[2]: *** Deleting file 'generated/actcli_new.cpp'
[4.932s] Traceback (most recent call last):
[4.932s]   File "/home/user/Desktop/New_ter/CoppeliaSim/programming/libPlugin/simStubsGen/external/pycpp/pycpp.py", line 212, in <module>
[4.933s]     f.write(pycpp.get_output())
[4.933s]             ^^^^^^^^^^^^^^^^^^
[4.933s]   File "/home/user/Desktop/New_ter/CoppeliaSim/programming/libPlugin/simStubsGen/external/pycpp/pycpp.py", line 136, in get_output
[4.933s]     exec(self.get_python_code(b, spool_fn='pycpp.output'), locals())
[4.933s]   File "<string>", line 3, in <module>
[4.933s]   File "/home/user/Desktop/New_ter/CoppeliaSim/programming/ros2_packages/sim_ros2_interface/tools/parse_interfaces.py", line 82, in parse_interfaces
[4.933s]     interfaces[interface_name] = parse_interface(interface_name)
[4.933s]                                  ^^^^^^^^^^^^^^^^^^^^^^^^^^^^^^^
[4.933s]   File "/home/user/Desktop/New_ter/CoppeliaSim/programming/ros2_packages/sim_ros2_interface/tools/parse_interfaces.py", line 47, in parse_interface
[4.933s]     path = get_interface_path(m)
[4.933s]            ^^^^^^^^^^^^^^^^^^^^^
[4.933s]   File "/opt/ros/jazzy/lib/python3.12/site-packages/rosidl_runtime_py/get_interfaces.py", line 179, in get_interface_path
[4.934s]     raise LookupError(f"Unknown package '{parts[0]}'")
[4.934s] LookupError: Unknown package 'aiguillages'
[5.000s] gmake[2]: *** [CMakeFiles/generate_ros_code.dir/build.make:122: generated/actcli_sendGoal.cpp] Error 1
[5.004s] gmake[2]: *** Deleting file 'generated/actcli_sendGoal.cpp'
[5.028s] gmake[2]: *** [CMakeFiles/generate_ros_code.dir/build.make:110: generated/actcli_del.cpp] Error 1
[5.029s] gmake[2]: *** Deleting file 'generated/actcli_del.cpp'
[5.029s] gmake[1]: *** [CMakeFiles/Makefile2:138: CMakeFiles/generate_ros_code.dir/all] Error 2
[5.031s] gmake: *** [Makefile:146: all] Error 2
[5.042s] Invoked command in '/home/user/Desktop/New_ter/CoppeliaSim/build/sim_ros2_interface' returned '2': CMAKE_PREFIX_PATH=${CMAKE_PREFIX_PATH}:/opt/ros/jazzy DEBUGINFOD_URLS=https://debuginfod.ubuntu.com /usr/bin/cmake --build /home/user/Desktop/New_ter/CoppeliaSim/build/sim_ros2_interface -- -j4 -l4
