[0.009s] Invoking command in '/home/user/celluleflexible/ros_ws/build/commande_locale': CMAKE_PREFIX_PATH=/home/user/celluleflexible/ros_ws/install/aiguillages:/home/user/celluleflexible/ros_ws/install/commande_locale:/opt/ros/jazzy/opt/gz_math_vendor:/opt/ros/jazzy/opt/gz_utils_vendor:/opt/ros/jazzy/opt/gz_cmake_vendor:/opt/ros/jazzy DEBUGINFOD_URLS=https://debuginfod.ubuntu.com LD_LIBRARY_PATH=/home/user/celluleflexible/ros_ws/install/aiguillages/lib:/home/user/celluleflexible/ros_ws/install/commande_locale/lib:/opt/ros/jazzy/opt/rviz_ogre_vendor/lib:/opt/ros/jazzy/lib/x86_64-linux-gnu:/opt/ros/jazzy/opt/gz_math_vendor/lib:/opt/ros/jazzy/opt/gz_utils_vendor/lib:/opt/ros/jazzy/opt/gz_cmake_vendor/lib:/opt/ros/jazzy/lib PYTHONPATH=/home/user/celluleflexible/ros_ws/install/aiguillages/lib/python3.12/site-packages:/home/user/celluleflexible/ros_ws/install/commande_locale/lib/python3.12/site-packages:/opt/ros/jazzy/lib/python3.12/site-packages /usr/bin/cmake --build /home/user/celluleflexible/ros_ws/build/commande_locale -- -j8 -l8
[0.071s] [  0%] Built target commande_locale__rosidl_generator_type_description
[0.081s] [  0%] Built target ament_cmake_python_copy_commande_locale
[0.099s] [  0%] Built target commande_locale__cpp
[0.103s] [ 25%] Built target commande_locale__rosidl_generator_c
[0.136s] [ 35%] Built target commande_locale__rosidl_typesupport_fastrtps_c
[0.137s] [ 44%] Built target commande_locale__rosidl_typesupport_cpp
[0.138s] [ 53%] Built target commande_locale__rosidl_typesupport_fastrtps_cpp
[0.138s] [ 64%] Built target commande_locale__rosidl_typesupport_introspection_c
[0.138s] [ 72%] Built target commande_locale__rosidl_typesupport_c
[0.140s] [ 82%] Built target commande_locale__rosidl_typesupport_introspection_cpp
[0.224s] [ 82%] Built target commande_locale
[0.239s] [ 83%] [32mBuilding CXX object CMakeFiles/simulation.dir/src/commande_locale.cpp.o[0m
[0.254s] [ 84%] Built target commande_locale__py
[0.285s] [ 93%] Built target commande_locale__rosidl_generator_py
[0.308s] running egg_info
[0.313s] [ 94%] Built target commande_locale_s__rosidl_typesupport_introspection_c
[0.314s] [ 96%] Built target commande_locale_s__rosidl_typesupport_fastrtps_c
[0.314s] [ 97%] Built target commande_locale_s__rosidl_typesupport_c
[0.320s] writing commande_locale.egg-info/PKG-INFO
[0.321s] writing dependency_links to commande_locale.egg-info/dependency_links.txt
[0.321s] writing top-level names to commande_locale.egg-info/top_level.txt
[0.354s] reading manifest file 'commande_locale.egg-info/SOURCES.txt'
[0.354s] writing manifest file 'commande_locale.egg-info/SOURCES.txt'
[0.381s] [ 97%] Built target ament_cmake_python_build_commande_locale_egg
[7.249s] [ 98%] [32m[1mLinking CXX executable simulation[0m
[7.980s] [100%] Built target simulation
[7.993s] Invoked command in '/home/user/celluleflexible/ros_ws/build/commande_locale' returned '0': CMAKE_PREFIX_PATH=/home/user/celluleflexible/ros_ws/install/aiguillages:/home/user/celluleflexible/ros_ws/install/commande_locale:/opt/ros/jazzy/opt/gz_math_vendor:/opt/ros/jazzy/opt/gz_utils_vendor:/opt/ros/jazzy/opt/gz_cmake_vendor:/opt/ros/jazzy DEBUGINFOD_URLS=https://debuginfod.ubuntu.com LD_LIBRARY_PATH=/home/user/celluleflexible/ros_ws/install/aiguillages/lib:/home/user/celluleflexible/ros_ws/install/commande_locale/lib:/opt/ros/jazzy/opt/rviz_ogre_vendor/lib:/opt/ros/jazzy/lib/x86_64-linux-gnu:/opt/ros/jazzy/opt/gz_math_vendor/lib:/opt/ros/jazzy/opt/gz_utils_vendor/lib:/opt/ros/jazzy/opt/gz_cmake_vendor/lib:/opt/ros/jazzy/lib PYTHONPATH=/home/user/celluleflexible/ros_ws/install/aiguillages/lib/python3.12/site-packages:/home/user/celluleflexible/ros_ws/install/commande_locale/lib/python3.12/site-packages:/opt/ros/jazzy/lib/python3.12/site-packages /usr/bin/cmake --build /home/user/celluleflexible/ros_ws/build/commande_locale -- -j8 -l8
[7.994s] Invoking command in '/home/user/celluleflexible/ros_ws/build/commande_locale': CMAKE_PREFIX_PATH=/home/user/celluleflexible/ros_ws/install/aiguillages:/home/user/celluleflexible/ros_ws/install/commande_locale:/opt/ros/jazzy/opt/gz_math_vendor:/opt/ros/jazzy/opt/gz_utils_vendor:/opt/ros/jazzy/opt/gz_cmake_vendor:/opt/ros/jazzy DEBUGINFOD_URLS=https://debuginfod.ubuntu.com LD_LIBRARY_PATH=/home/user/celluleflexible/ros_ws/install/aiguillages/lib:/home/user/celluleflexible/ros_ws/install/commande_locale/lib:/opt/ros/jazzy/opt/rviz_ogre_vendor/lib:/opt/ros/jazzy/lib/x86_64-linux-gnu:/opt/ros/jazzy/opt/gz_math_vendor/lib:/opt/ros/jazzy/opt/gz_utils_vendor/lib:/opt/ros/jazzy/opt/gz_cmake_vendor/lib:/opt/ros/jazzy/lib PYTHONPATH=/home/user/celluleflexible/ros_ws/install/aiguillages/lib/python3.12/site-packages:/home/user/celluleflexible/ros_ws/install/commande_locale/lib/python3.12/site-packages:/opt/ros/jazzy/lib/python3.12/site-packages /usr/bin/cmake --install /home/user/celluleflexible/ros_ws/build/commande_locale
[8.002s] -- Install configuration: ""
[8.002s] -- Up-to-date: /home/user/celluleflexible/ros_ws/install/commande_locale/share/ament_index/resource_index/rosidl_interfaces/commande_locale
[8.002s] -- Up-to-date: /home/user/celluleflexible/ros_ws/install/commande_locale/share/commande_locale/srv/SrvAddProduct.json
[8.002s] -- Up-to-date: /home/user/celluleflexible/ros_ws/install/commande_locale/share/commande_locale/srv/SrvFinInit.json
[8.002s] -- Up-to-date: /home/user/celluleflexible/ros_ws/install/commande_locale/share/commande_locale/srv/SrvAddProductPushBack.json
[8.002s] -- Up-to-date: /home/user/celluleflexible/ros_ws/install/commande_locale/share/commande_locale/msg/MsgAddProduct.json
[8.003s] -- Up-to-date: /home/user/celluleflexible/ros_ws/install/commande_locale/share/commande_locale/msg/MsgStopControl.json
[8.003s] -- Up-to-date: /home/user/celluleflexible/ros_ws/install/commande_locale/share/commande_locale/msg/MsgColor.json
[8.003s] -- Up-to-date: /home/user/celluleflexible/ros_ws/install/commande_locale/share/commande_locale/msg/MsgSwitchControl.json
[8.003s] -- Up-to-date: /home/user/celluleflexible/ros_ws/install/commande_locale/share/commande_locale/msg/MsgPinControl.json
[8.003s] -- Up-to-date: /home/user/celluleflexible/ros_ws/install/commande_locale/share/commande_locale/msg/MsgErreur.json
[8.003s] -- Up-to-date: /home/user/celluleflexible/ros_ws/install/commande_locale/share/commande_locale/msg/MsgChoixMode.json
[8.003s] -- Up-to-date: /home/user/celluleflexible/ros_ws/install/commande_locale/include/commande_locale/commande_locale
[8.003s] -- Up-to-date: /home/user/celluleflexible/ros_ws/install/commande_locale/include/commande_locale/commande_locale/msg
[8.003s] -- Up-to-date: /home/user/celluleflexible/ros_ws/install/commande_locale/include/commande_locale/commande_locale/msg/msg_choix_mode.h
[8.003s] -- Up-to-date: /home/user/celluleflexible/ros_ws/install/commande_locale/include/commande_locale/commande_locale/msg/msg_stop_control.h
[8.003s] -- Up-to-date: /home/user/celluleflexible/ros_ws/install/commande_locale/include/commande_locale/commande_locale/msg/rosidl_generator_c__visibility_control.h
[8.003s] -- Up-to-date: /home/user/celluleflexible/ros_ws/install/commande_locale/include/commande_locale/commande_locale/msg/msg_add_product.h
[8.003s] -- Up-to-date: /home/user/celluleflexible/ros_ws/install/commande_locale/include/commande_locale/commande_locale/msg/msg_erreur.h
[8.003s] -- Up-to-date: /home/user/celluleflexible/ros_ws/install/commande_locale/include/commande_locale/commande_locale/msg/msg_pin_control.h
[8.003s] -- Up-to-date: /home/user/celluleflexible/ros_ws/install/commande_locale/include/commande_locale/commande_locale/msg/msg_switch_control.h
[8.003s] -- Up-to-date: /home/user/celluleflexible/ros_ws/install/commande_locale/include/commande_locale/commande_locale/msg/detail
[8.003s] -- Up-to-date: /home/user/celluleflexible/ros_ws/install/commande_locale/include/commande_locale/commande_locale/msg/detail/msg_pin_control__functions.h
[8.003s] -- Up-to-date: /home/user/celluleflexible/ros_ws/install/commande_locale/include/commande_locale/commande_locale/msg/detail/msg_choix_mode__functions.h
[8.003s] -- Up-to-date: /home/user/celluleflexible/ros_ws/install/commande_locale/include/commande_locale/commande_locale/msg/detail/msg_color__type_support.h
[8.003s] -- Up-to-date: /home/user/celluleflexible/ros_ws/install/commande_locale/include/commande_locale/commande_locale/msg/detail/msg_color__description.c
[8.003s] -- Up-to-date: /home/user/celluleflexible/ros_ws/install/commande_locale/include/commande_locale/commande_locale/msg/detail/msg_pin_control__functions.c
[8.003s] -- Up-to-date: /home/user/celluleflexible/ros_ws/install/commande_locale/include/commande_locale/commande_locale/msg/detail/msg_erreur__functions.h
[8.004s] -- Up-to-date: /home/user/celluleflexible/ros_ws/install/commande_locale/include/commande_locale/commande_locale/msg/detail/msg_stop_control__description.c
[8.004s] -- Up-to-date: /home/user/celluleflexible/ros_ws/install/commande_locale/include/commande_locale/commande_locale/msg/detail/msg_switch_control__type_support.c
[8.004s] -- Up-to-date: /home/user/celluleflexible/ros_ws/install/commande_locale/include/commande_locale/commande_locale/msg/detail/msg_switch_control__functions.h
[8.004s] -- Up-to-date: /home/user/celluleflexible/ros_ws/install/commande_locale/include/commande_locale/commande_locale/msg/detail/msg_stop_control__type_support.c
[8.004s] -- Up-to-date: /home/user/celluleflexible/ros_ws/install/commande_locale/include/commande_locale/commande_locale/msg/detail/msg_erreur__type_support.h
[8.004s] -- Up-to-date: /home/user/celluleflexible/ros_ws/install/commande_locale/include/commande_locale/commande_locale/msg/detail/msg_choix_mode__description.c
[8.004s] -- Up-to-date: /home/user/celluleflexible/ros_ws/install/commande_locale/include/commande_locale/commande_locale/msg/detail/msg_color__struct.h
[8.004s] -- Up-to-date: /home/user/celluleflexible/ros_ws/install/commande_locale/include/commande_locale/commande_locale/msg/detail/msg_erreur__struct.h
[8.005s] -- Up-to-date: /home/user/celluleflexible/ros_ws/install/commande_locale/include/commande_locale/commande_locale/msg/detail/msg_add_product__description.c
[8.005s] -- Up-to-date: /home/user/celluleflexible/ros_ws/install/commande_locale/include/commande_locale/commande_locale/msg/detail/msg_switch_control__description.c
[8.005s] -- Up-to-date: /home/user/celluleflexible/ros_ws/install/commande_locale/include/commande_locale/commande_locale/msg/detail/msg_stop_control__type_support.h
[8.005s] -- Up-to-date: /home/user/celluleflexible/ros_ws/install/commande_locale/include/commande_locale/commande_locale/msg/detail/msg_switch_control__functions.c
[8.005s] -- Up-to-date: /home/user/celluleflexible/ros_ws/install/commande_locale/include/commande_locale/commande_locale/msg/detail/msg_erreur__functions.c
[8.005s] -- Up-to-date: /home/user/celluleflexible/ros_ws/install/commande_locale/include/commande_locale/commande_locale/msg/detail/msg_choix_mode__type_support.h
[8.005s] -- Up-to-date: /home/user/celluleflexible/ros_ws/install/commande_locale/include/commande_locale/commande_locale/msg/detail/msg_add_product__functions.c
[8.005s] -- Up-to-date: /home/user/celluleflexible/ros_ws/install/commande_locale/include/commande_locale/commande_locale/msg/detail/msg_choix_mode__functions.c
[8.005s] -- Up-to-date: /home/user/celluleflexible/ros_ws/install/commande_locale/include/commande_locale/commande_locale/msg/detail/msg_stop_control__functions.h
[8.005s] -- Up-to-date: /home/user/celluleflexible/ros_ws/install/commande_locale/include/commande_locale/commande_locale/msg/detail/msg_color__type_support.c
[8.005s] -- Up-to-date: /home/user/celluleflexible/ros_ws/install/commande_locale/include/commande_locale/commande_locale/msg/detail/msg_add_product__type_support.c
[8.005s] -- Up-to-date: /home/user/celluleflexible/ros_ws/install/commande_locale/include/commande_locale/commande_locale/msg/detail/msg_choix_mode__type_support.c
[8.005s] -- Up-to-date: /home/user/celluleflexible/ros_ws/install/commande_locale/include/commande_locale/commande_locale/msg/detail/msg_pin_control__description.c
[8.005s] -- Up-to-date: /home/user/celluleflexible/ros_ws/install/commande_locale/include/commande_locale/commande_locale/msg/detail/msg_switch_control__struct.h
[8.005s] -- Up-to-date: /home/user/celluleflexible/ros_ws/install/commande_locale/include/commande_locale/commande_locale/msg/detail/msg_erreur__description.c
[8.005s] -- Up-to-date: /home/user/celluleflexible/ros_ws/install/commande_locale/include/commande_locale/commande_locale/msg/detail/msg_add_product__functions.h
[8.005s] -- Up-to-date: /home/user/celluleflexible/ros_ws/install/commande_locale/include/commande_locale/commande_locale/msg/detail/msg_pin_control__type_support.c
[8.005s] -- Up-to-date: /home/user/celluleflexible/ros_ws/install/commande_locale/include/commande_locale/commande_locale/msg/detail/msg_erreur__type_support.c
[8.005s] -- Up-to-date: /home/user/celluleflexible/ros_ws/install/commande_locale/include/commande_locale/commande_locale/msg/detail/msg_add_product__type_support.h
[8.005s] -- Up-to-date: /home/user/celluleflexible/ros_ws/install/commande_locale/include/commande_locale/commande_locale/msg/detail/msg_stop_control__struct.h
[8.006s] -- Up-to-date: /home/user/celluleflexible/ros_ws/install/commande_locale/include/commande_locale/commande_locale/msg/detail/msg_stop_control__functions.c
[8.006s] -- Up-to-date: /home/user/celluleflexible/ros_ws/install/commande_locale/include/commande_locale/commande_locale/msg/detail/msg_switch_control__type_support.h
[8.006s] -- Up-to-date: /home/user/celluleflexible/ros_ws/install/commande_locale/include/commande_locale/commande_locale/msg/detail/msg_pin_control__type_support.h
[8.006s] -- Up-to-date: /home/user/celluleflexible/ros_ws/install/commande_locale/include/commande_locale/commande_locale/msg/detail/msg_add_product__struct.h
[8.006s] -- Up-to-date: /home/user/celluleflexible/ros_ws/install/commande_locale/include/commande_locale/commande_locale/msg/detail/msg_color__functions.h
[8.006s] -- Up-to-date: /home/user/celluleflexible/ros_ws/install/commande_locale/include/commande_locale/commande_locale/msg/detail/msg_choix_mode__struct.h
[8.008s] -- Up-to-date: /home/user/celluleflexible/ros_ws/install/commande_locale/include/commande_locale/commande_locale/msg/detail/msg_pin_control__struct.h
[8.008s] -- Up-to-date: /home/user/celluleflexible/ros_ws/install/commande_locale/include/commande_locale/commande_locale/msg/detail/msg_color__functions.c
[8.008s] -- Up-to-date: /home/user/celluleflexible/ros_ws/install/commande_locale/include/commande_locale/commande_locale/msg/msg_color.h
[8.008s] -- Up-to-date: /home/user/celluleflexible/ros_ws/install/commande_locale/include/commande_locale/commande_locale/srv
[8.008s] -- Up-to-date: /home/user/celluleflexible/ros_ws/install/commande_locale/include/commande_locale/commande_locale/srv/srv_fin_init.h
[8.008s] -- Up-to-date: /home/user/celluleflexible/ros_ws/install/commande_locale/include/commande_locale/commande_locale/srv/srv_add_product_push_back.h
[8.008s] -- Up-to-date: /home/user/celluleflexible/ros_ws/install/commande_locale/include/commande_locale/commande_locale/srv/srv_add_product.h
[8.008s] -- Up-to-date: /home/user/celluleflexible/ros_ws/install/commande_locale/include/commande_locale/commande_locale/srv/detail
[8.008s] -- Up-to-date: /home/user/celluleflexible/ros_ws/install/commande_locale/include/commande_locale/commande_locale/srv/detail/srv_fin_init__type_support.h
[8.008s] -- Up-to-date: /home/user/celluleflexible/ros_ws/install/commande_locale/include/commande_locale/commande_locale/srv/detail/srv_add_product_push_back__type_support.c
[8.008s] -- Up-to-date: /home/user/celluleflexible/ros_ws/install/commande_locale/include/commande_locale/commande_locale/srv/detail/srv_add_product_push_back__description.c
[8.008s] -- Up-to-date: /home/user/celluleflexible/ros_ws/install/commande_locale/include/commande_locale/commande_locale/srv/detail/srv_add_product__struct.h
[8.008s] -- Up-to-date: /home/user/celluleflexible/ros_ws/install/commande_locale/include/commande_locale/commande_locale/srv/detail/srv_fin_init__type_support.c
[8.008s] -- Up-to-date: /home/user/celluleflexible/ros_ws/install/commande_locale/include/commande_locale/commande_locale/srv/detail/srv_add_product__type_support.h
[8.008s] -- Up-to-date: /home/user/celluleflexible/ros_ws/install/commande_locale/include/commande_locale/commande_locale/srv/detail/srv_fin_init__functions.c
[8.008s] -- Up-to-date: /home/user/celluleflexible/ros_ws/install/commande_locale/include/commande_locale/commande_locale/srv/detail/srv_add_product__description.c
[8.008s] -- Up-to-date: /home/user/celluleflexible/ros_ws/install/commande_locale/include/commande_locale/commande_locale/srv/detail/srv_add_product_push_back__functions.h
[8.008s] -- Up-to-date: /home/user/celluleflexible/ros_ws/install/commande_locale/include/commande_locale/commande_locale/srv/detail/srv_add_product__functions.c
[8.008s] -- Up-to-date: /home/user/celluleflexible/ros_ws/install/commande_locale/include/commande_locale/commande_locale/srv/detail/srv_fin_init__functions.h
[8.008s] -- Up-to-date: /home/user/celluleflexible/ros_ws/install/commande_locale/include/commande_locale/commande_locale/srv/detail/srv_add_product__type_support.c
[8.008s] -- Up-to-date: /home/user/celluleflexible/ros_ws/install/commande_locale/include/commande_locale/commande_locale/srv/detail/srv_add_product_push_back__struct.h
[8.008s] -- Up-to-date: /home/user/celluleflexible/ros_ws/install/commande_locale/include/commande_locale/commande_locale/srv/detail/srv_fin_init__description.c
[8.008s] -- Up-to-date: /home/user/celluleflexible/ros_ws/install/commande_locale/include/commande_locale/commande_locale/srv/detail/srv_add_product_push_back__type_support.h
[8.008s] -- Up-to-date: /home/user/celluleflexible/ros_ws/install/commande_locale/include/commande_locale/commande_locale/srv/detail/srv_fin_init__struct.h
[8.008s] -- Up-to-date: /home/user/celluleflexible/ros_ws/install/commande_locale/include/commande_locale/commande_locale/srv/detail/srv_add_product_push_back__functions.c
[8.008s] -- Up-to-date: /home/user/celluleflexible/ros_ws/install/commande_locale/include/commande_locale/commande_locale/srv/detail/srv_add_product__functions.h
[8.009s] -- Up-to-date: /home/user/celluleflexible/ros_ws/install/commande_locale/share/commande_locale/environment/library_path.sh
[8.009s] -- Up-to-date: /home/user/celluleflexible/ros_ws/install/commande_locale/share/commande_locale/environment/library_path.dsv
[8.009s] -- Up-to-date: /home/user/celluleflexible/ros_ws/install/commande_locale/lib/libcommande_locale__rosidl_generator_c.so
[8.009s] -- Up-to-date: /home/user/celluleflexible/ros_ws/install/commande_locale/include/commande_locale/commande_locale
[8.009s] -- Up-to-date: /home/user/celluleflexible/ros_ws/install/commande_locale/include/commande_locale/commande_locale/msg
[8.009s] -- Up-to-date: /home/user/celluleflexible/ros_ws/install/commande_locale/include/commande_locale/commande_locale/msg/rosidl_typesupport_fastrtps_c__visibility_control.h
[8.009s] -- Up-to-date: /home/user/celluleflexible/ros_ws/install/commande_locale/include/commande_locale/commande_locale/msg/detail
[8.009s] -- Up-to-date: /home/user/celluleflexible/ros_ws/install/commande_locale/include/commande_locale/commande_locale/msg/detail/msg_erreur__rosidl_typesupport_fastrtps_c.h
[8.009s] -- Up-to-date: /home/user/celluleflexible/ros_ws/install/commande_locale/include/commande_locale/commande_locale/msg/detail/msg_color__rosidl_typesupport_fastrtps_c.h
[8.009s] -- Up-to-date: /home/user/celluleflexible/ros_ws/install/commande_locale/include/commande_locale/commande_locale/msg/detail/msg_choix_mode__rosidl_typesupport_fastrtps_c.h
[8.009s] -- Up-to-date: /home/user/celluleflexible/ros_ws/install/commande_locale/include/commande_locale/commande_locale/msg/detail/msg_add_product__rosidl_typesupport_fastrtps_c.h
[8.009s] -- Up-to-date: /home/user/celluleflexible/ros_ws/install/commande_locale/include/commande_locale/commande_locale/msg/detail/msg_pin_control__rosidl_typesupport_fastrtps_c.h
[8.009s] -- Up-to-date: /home/user/celluleflexible/ros_ws/install/commande_locale/include/commande_locale/commande_locale/msg/detail/msg_stop_control__rosidl_typesupport_fastrtps_c.h
[8.009s] -- Up-to-date: /home/user/celluleflexible/ros_ws/install/commande_locale/include/commande_locale/commande_locale/msg/detail/msg_switch_control__rosidl_typesupport_fastrtps_c.h
[8.009s] -- Up-to-date: /home/user/celluleflexible/ros_ws/install/commande_locale/include/commande_locale/commande_locale/srv
[8.009s] -- Up-to-date: /home/user/celluleflexible/ros_ws/install/commande_locale/include/commande_locale/commande_locale/srv/detail
[8.009s] -- Up-to-date: /home/user/celluleflexible/ros_ws/install/commande_locale/include/commande_locale/commande_locale/srv/detail/srv_add_product_push_back__rosidl_typesupport_fastrtps_c.h
[8.009s] -- Up-to-date: /home/user/celluleflexible/ros_ws/install/commande_locale/include/commande_locale/commande_locale/srv/detail/srv_add_product__rosidl_typesupport_fastrtps_c.h
[8.009s] -- Up-to-date: /home/user/celluleflexible/ros_ws/install/commande_locale/include/commande_locale/commande_locale/srv/detail/srv_fin_init__rosidl_typesupport_fastrtps_c.h
[8.009s] -- Up-to-date: /home/user/celluleflexible/ros_ws/install/commande_locale/lib/libcommande_locale__rosidl_typesupport_fastrtps_c.so
[8.009s] -- Up-to-date: /home/user/celluleflexible/ros_ws/install/commande_locale/include/commande_locale/commande_locale
[8.009s] -- Up-to-date: /home/user/celluleflexible/ros_ws/install/commande_locale/include/commande_locale/commande_locale/msg
[8.009s] -- Up-to-date: /home/user/celluleflexible/ros_ws/install/commande_locale/include/commande_locale/commande_locale/msg/msg_color.hpp
[8.009s] -- Up-to-date: /home/user/celluleflexible/ros_ws/install/commande_locale/include/commande_locale/commande_locale/msg/msg_pin_control.hpp
[8.009s] -- Up-to-date: /home/user/celluleflexible/ros_ws/install/commande_locale/include/commande_locale/commande_locale/msg/msg_switch_control.hpp
[8.009s] -- Up-to-date: /home/user/celluleflexible/ros_ws/install/commande_locale/include/commande_locale/commande_locale/msg/rosidl_generator_cpp__visibility_control.hpp
[8.009s] -- Up-to-date: /home/user/celluleflexible/ros_ws/install/commande_locale/include/commande_locale/commande_locale/msg/msg_stop_control.hpp
[8.009s] -- Up-to-date: /home/user/celluleflexible/ros_ws/install/commande_locale/include/commande_locale/commande_locale/msg/msg_choix_mode.hpp
[8.009s] -- Up-to-date: /home/user/celluleflexible/ros_ws/install/commande_locale/include/commande_locale/commande_locale/msg/msg_add_product.hpp
[8.009s] -- Up-to-date: /home/user/celluleflexible/ros_ws/install/commande_locale/include/commande_locale/commande_locale/msg/detail
[8.009s] -- Up-to-date: /home/user/celluleflexible/ros_ws/install/commande_locale/include/commande_locale/commande_locale/msg/detail/msg_choix_mode__struct.hpp
[8.009s] -- Up-to-date: /home/user/celluleflexible/ros_ws/install/commande_locale/include/commande_locale/commande_locale/msg/detail/msg_add_product__struct.hpp
[8.009s] -- Up-to-date: /home/user/celluleflexible/ros_ws/install/commande_locale/include/commande_locale/commande_locale/msg/detail/msg_switch_control__struct.hpp
[8.009s] -- Up-to-date: /home/user/celluleflexible/ros_ws/install/commande_locale/include/commande_locale/commande_locale/msg/detail/msg_stop_control__traits.hpp
[8.010s] -- Up-to-date: /home/user/celluleflexible/ros_ws/install/commande_locale/include/commande_locale/commande_locale/msg/detail/msg_color__traits.hpp
[8.010s] -- Up-to-date: /home/user/celluleflexible/ros_ws/install/commande_locale/include/commande_locale/commande_locale/msg/detail/msg_pin_control__builder.hpp
[8.010s] -- Up-to-date: /home/user/celluleflexible/ros_ws/install/commande_locale/include/commande_locale/commande_locale/msg/detail/msg_switch_control__traits.hpp
[8.010s] -- Up-to-date: /home/user/celluleflexible/ros_ws/install/commande_locale/include/commande_locale/commande_locale/msg/detail/msg_erreur__traits.hpp
[8.010s] -- Up-to-date: /home/user/celluleflexible/ros_ws/install/commande_locale/include/commande_locale/commande_locale/msg/detail/msg_add_product__builder.hpp
[8.010s] -- Up-to-date: /home/user/celluleflexible/ros_ws/install/commande_locale/include/commande_locale/commande_locale/msg/detail/msg_stop_control__struct.hpp
[8.010s] -- Up-to-date: /home/user/celluleflexible/ros_ws/install/commande_locale/include/commande_locale/commande_locale/msg/detail/msg_choix_mode__traits.hpp
[8.010s] -- Up-to-date: /home/user/celluleflexible/ros_ws/install/commande_locale/include/commande_locale/commande_locale/msg/detail/msg_choix_mode__builder.hpp
[8.010s] -- Up-to-date: /home/user/celluleflexible/ros_ws/install/commande_locale/include/commande_locale/commande_locale/msg/detail/msg_erreur__struct.hpp
[8.010s] -- Up-to-date: /home/user/celluleflexible/ros_ws/install/commande_locale/include/commande_locale/commande_locale/msg/detail/msg_color__builder.hpp
[8.010s] -- Up-to-date: /home/user/celluleflexible/ros_ws/install/commande_locale/include/commande_locale/commande_locale/msg/detail/msg_erreur__type_support.hpp
[8.010s] -- Up-to-date: /home/user/celluleflexible/ros_ws/install/commande_locale/include/commande_locale/commande_locale/msg/detail/msg_add_product__type_support.hpp
[8.010s] -- Up-to-date: /home/user/celluleflexible/ros_ws/install/commande_locale/include/commande_locale/commande_locale/msg/detail/msg_pin_control__struct.hpp
[8.010s] -- Up-to-date: /home/user/celluleflexible/ros_ws/install/commande_locale/include/commande_locale/commande_locale/msg/detail/msg_erreur__builder.hpp
[8.010s] -- Up-to-date: /home/user/celluleflexible/ros_ws/install/commande_locale/include/commande_locale/commande_locale/msg/detail/msg_switch_control__type_support.hpp
[8.010s] -- Up-to-date: /home/user/celluleflexible/ros_ws/install/commande_locale/include/commande_locale/commande_locale/msg/detail/msg_pin_control__traits.hpp
[8.010s] -- Up-to-date: /home/user/celluleflexible/ros_ws/install/commande_locale/include/commande_locale/commande_locale/msg/detail/msg_add_product__traits.hpp
[8.010s] -- Up-to-date: /home/user/celluleflexible/ros_ws/install/commande_locale/include/commande_locale/commande_locale/msg/detail/msg_choix_mode__type_support.hpp
[8.010s] -- Up-to-date: /home/user/celluleflexible/ros_ws/install/commande_locale/include/commande_locale/commande_locale/msg/detail/msg_stop_control__type_support.hpp
[8.010s] -- Up-to-date: /home/user/celluleflexible/ros_ws/install/commande_locale/include/commande_locale/commande_locale/msg/detail/msg_switch_control__builder.hpp
[8.010s] -- Up-to-date: /home/user/celluleflexible/ros_ws/install/commande_locale/include/commande_locale/commande_locale/msg/detail/msg_stop_control__builder.hpp
[8.010s] -- Up-to-date: /home/user/celluleflexible/ros_ws/install/commande_locale/include/commande_locale/commande_locale/msg/detail/msg_color__type_support.hpp
[8.010s] -- Up-to-date: /home/user/celluleflexible/ros_ws/install/commande_locale/include/commande_locale/commande_locale/msg/detail/msg_pin_control__type_support.hpp
[8.010s] -- Up-to-date: /home/user/celluleflexible/ros_ws/install/commande_locale/include/commande_locale/commande_locale/msg/detail/msg_color__struct.hpp
[8.010s] -- Up-to-date: /home/user/celluleflexible/ros_ws/install/commande_locale/include/commande_locale/commande_locale/msg/msg_erreur.hpp
[8.010s] -- Up-to-date: /home/user/celluleflexible/ros_ws/install/commande_locale/include/commande_locale/commande_locale/srv
[8.010s] -- Up-to-date: /home/user/celluleflexible/ros_ws/install/commande_locale/include/commande_locale/commande_locale/srv/srv_add_product.hpp
[8.010s] -- Up-to-date: /home/user/celluleflexible/ros_ws/install/commande_locale/include/commande_locale/commande_locale/srv/srv_add_product_push_back.hpp
[8.010s] -- Up-to-date: /home/user/celluleflexible/ros_ws/install/commande_locale/include/commande_locale/commande_locale/srv/srv_fin_init.hpp
[8.010s] -- Up-to-date: /home/user/celluleflexible/ros_ws/install/commande_locale/include/commande_locale/commande_locale/srv/detail
[8.010s] -- Up-to-date: /home/user/celluleflexible/ros_ws/install/commande_locale/include/commande_locale/commande_locale/srv/detail/srv_add_product_push_back__builder.hpp
[8.010s] -- Up-to-date: /home/user/celluleflexible/ros_ws/install/commande_locale/include/commande_locale/commande_locale/srv/detail/srv_fin_init__builder.hpp
[8.010s] -- Up-to-date: /home/user/celluleflexible/ros_ws/install/commande_locale/include/commande_locale/commande_locale/srv/detail/srv_add_product__struct.hpp
[8.010s] -- Up-to-date: /home/user/celluleflexible/ros_ws/install/commande_locale/include/commande_locale/commande_locale/srv/detail/srv_fin_init__traits.hpp
[8.010s] -- Up-to-date: /home/user/celluleflexible/ros_ws/install/commande_locale/include/commande_locale/commande_locale/srv/detail/srv_add_product__type_support.hpp
[8.010s] -- Up-to-date: /home/user/celluleflexible/ros_ws/install/commande_locale/include/commande_locale/commande_locale/srv/detail/srv_add_product_push_back__struct.hpp
[8.011s] -- Up-to-date: /home/user/celluleflexible/ros_ws/install/commande_locale/include/commande_locale/commande_locale/srv/detail/srv_add_product_push_back__traits.hpp
[8.011s] -- Up-to-date: /home/user/celluleflexible/ros_ws/install/commande_locale/include/commande_locale/commande_locale/srv/detail/srv_fin_init__type_support.hpp
[8.011s] -- Up-to-date: /home/user/celluleflexible/ros_ws/install/commande_locale/include/commande_locale/commande_locale/srv/detail/srv_add_product__builder.hpp
[8.011s] -- Up-to-date: /home/user/celluleflexible/ros_ws/install/commande_locale/include/commande_locale/commande_locale/srv/detail/srv_fin_init__struct.hpp
[8.011s] -- Up-to-date: /home/user/celluleflexible/ros_ws/install/commande_locale/include/commande_locale/commande_locale/srv/detail/srv_add_product__traits.hpp
[8.011s] -- Up-to-date: /home/user/celluleflexible/ros_ws/install/commande_locale/include/commande_locale/commande_locale/srv/detail/srv_add_product_push_back__type_support.hpp
[8.011s] -- Up-to-date: /home/user/celluleflexible/ros_ws/install/commande_locale/include/commande_locale/commande_locale
[8.011s] -- Up-to-date: /home/user/celluleflexible/ros_ws/install/commande_locale/include/commande_locale/commande_locale/msg
[8.011s] -- Up-to-date: /home/user/celluleflexible/ros_ws/install/commande_locale/include/commande_locale/commande_locale/msg/detail
[8.011s] -- Up-to-date: /home/user/celluleflexible/ros_ws/install/commande_locale/include/commande_locale/commande_locale/msg/detail/msg_pin_control__rosidl_typesupport_fastrtps_cpp.hpp
[8.011s] -- Up-to-date: /home/user/celluleflexible/ros_ws/install/commande_locale/include/commande_locale/commande_locale/msg/detail/msg_switch_control__rosidl_typesupport_fastrtps_cpp.hpp
[8.011s] -- Up-to-date: /home/user/celluleflexible/ros_ws/install/commande_locale/include/commande_locale/commande_locale/msg/detail/dds_fastrtps
[8.011s] -- Up-to-date: /home/user/celluleflexible/ros_ws/install/commande_locale/include/commande_locale/commande_locale/msg/detail/msg_erreur__rosidl_typesupport_fastrtps_cpp.hpp
[8.011s] -- Up-to-date: /home/user/celluleflexible/ros_ws/install/commande_locale/include/commande_locale/commande_locale/msg/detail/msg_add_product__rosidl_typesupport_fastrtps_cpp.hpp
[8.011s] -- Up-to-date: /home/user/celluleflexible/ros_ws/install/commande_locale/include/commande_locale/commande_locale/msg/detail/msg_stop_control__rosidl_typesupport_fastrtps_cpp.hpp
[8.011s] -- Up-to-date: /home/user/celluleflexible/ros_ws/install/commande_locale/include/commande_locale/commande_locale/msg/detail/msg_color__rosidl_typesupport_fastrtps_cpp.hpp
[8.011s] -- Up-to-date: /home/user/celluleflexible/ros_ws/install/commande_locale/include/commande_locale/commande_locale/msg/detail/msg_choix_mode__rosidl_typesupport_fastrtps_cpp.hpp
[8.011s] -- Up-to-date: /home/user/celluleflexible/ros_ws/install/commande_locale/include/commande_locale/commande_locale/msg/rosidl_typesupport_fastrtps_cpp__visibility_control.h
[8.011s] -- Up-to-date: /home/user/celluleflexible/ros_ws/install/commande_locale/include/commande_locale/commande_locale/srv
[8.011s] -- Up-to-date: /home/user/celluleflexible/ros_ws/install/commande_locale/include/commande_locale/commande_locale/srv/detail
[8.011s] -- Up-to-date: /home/user/celluleflexible/ros_ws/install/commande_locale/include/commande_locale/commande_locale/srv/detail/srv_fin_init__rosidl_typesupport_fastrtps_cpp.hpp
[8.011s] -- Up-to-date: /home/user/celluleflexible/ros_ws/install/commande_locale/include/commande_locale/commande_locale/srv/detail/srv_add_product__rosidl_typesupport_fastrtps_cpp.hpp
[8.011s] -- Up-to-date: /home/user/celluleflexible/ros_ws/install/commande_locale/include/commande_locale/commande_locale/srv/detail/srv_add_product_push_back__rosidl_typesupport_fastrtps_cpp.hpp
[8.011s] -- Up-to-date: /home/user/celluleflexible/ros_ws/install/commande_locale/include/commande_locale/commande_locale/srv/detail/dds_fastrtps
[8.011s] -- Up-to-date: /home/user/celluleflexible/ros_ws/install/commande_locale/lib/libcommande_locale__rosidl_typesupport_fastrtps_cpp.so
[8.011s] -- Up-to-date: /home/user/celluleflexible/ros_ws/install/commande_locale/include/commande_locale/commande_locale
[8.011s] -- Up-to-date: /home/user/celluleflexible/ros_ws/install/commande_locale/include/commande_locale/commande_locale/msg
[8.011s] -- Up-to-date: /home/user/celluleflexible/ros_ws/install/commande_locale/include/commande_locale/commande_locale/msg/rosidl_typesupport_introspection_c__visibility_control.h
[8.011s] -- Up-to-date: /home/user/celluleflexible/ros_ws/install/commande_locale/include/commande_locale/commande_locale/msg/detail
[8.011s] -- Up-to-date: /home/user/celluleflexible/ros_ws/install/commande_locale/include/commande_locale/commande_locale/msg/detail/msg_stop_control__rosidl_typesupport_introspection_c.h
[8.011s] -- Up-to-date: /home/user/celluleflexible/ros_ws/install/commande_locale/include/commande_locale/commande_locale/msg/detail/msg_color__rosidl_typesupport_introspection_c.h
[8.011s] -- Up-to-date: /home/user/celluleflexible/ros_ws/install/commande_locale/include/commande_locale/commande_locale/msg/detail/msg_add_product__rosidl_typesupport_introspection_c.h
[8.011s] -- Up-to-date: /home/user/celluleflexible/ros_ws/install/commande_locale/include/commande_locale/commande_locale/msg/detail/msg_switch_control__type_support.c
[8.011s] -- Up-to-date: /home/user/celluleflexible/ros_ws/install/commande_locale/include/commande_locale/commande_locale/msg/detail/msg_stop_control__type_support.c
[8.011s] -- Up-to-date: /home/user/celluleflexible/ros_ws/install/commande_locale/include/commande_locale/commande_locale/msg/detail/msg_pin_control__rosidl_typesupport_introspection_c.h
[8.011s] -- Up-to-date: /home/user/celluleflexible/ros_ws/install/commande_locale/include/commande_locale/commande_locale/msg/detail/msg_switch_control__rosidl_typesupport_introspection_c.h
[8.011s] -- Up-to-date: /home/user/celluleflexible/ros_ws/install/commande_locale/include/commande_locale/commande_locale/msg/detail/msg_color__type_support.c
[8.011s] -- Up-to-date: /home/user/celluleflexible/ros_ws/install/commande_locale/include/commande_locale/commande_locale/msg/detail/msg_add_product__type_support.c
[8.012s] -- Up-to-date: /home/user/celluleflexible/ros_ws/install/commande_locale/include/commande_locale/commande_locale/msg/detail/msg_choix_mode__type_support.c
[8.012s] -- Up-to-date: /home/user/celluleflexible/ros_ws/install/commande_locale/include/commande_locale/commande_locale/msg/detail/msg_choix_mode__rosidl_typesupport_introspection_c.h
[8.012s] -- Up-to-date: /home/user/celluleflexible/ros_ws/install/commande_locale/include/commande_locale/commande_locale/msg/detail/msg_pin_control__type_support.c
[8.012s] -- Up-to-date: /home/user/celluleflexible/ros_ws/install/commande_locale/include/commande_locale/commande_locale/msg/detail/msg_erreur__type_support.c
[8.012s] -- Up-to-date: /home/user/celluleflexible/ros_ws/install/commande_locale/include/commande_locale/commande_locale/msg/detail/msg_erreur__rosidl_typesupport_introspection_c.h
[8.012s] -- Up-to-date: /home/user/celluleflexible/ros_ws/install/commande_locale/include/commande_locale/commande_locale/srv
[8.012s] -- Up-to-date: /home/user/celluleflexible/ros_ws/install/commande_locale/include/commande_locale/commande_locale/srv/detail
[8.012s] -- Up-to-date: /home/user/celluleflexible/ros_ws/install/commande_locale/include/commande_locale/commande_locale/srv/detail/srv_add_product_push_back__type_support.c
[8.012s] -- Up-to-date: /home/user/celluleflexible/ros_ws/install/commande_locale/include/commande_locale/commande_locale/srv/detail/srv_fin_init__type_support.c
[8.012s] -- Up-to-date: /home/user/celluleflexible/ros_ws/install/commande_locale/include/commande_locale/commande_locale/srv/detail/srv_add_product_push_back__rosidl_typesupport_introspection_c.h
[8.012s] -- Up-to-date: /home/user/celluleflexible/ros_ws/install/commande_locale/include/commande_locale/commande_locale/srv/detail/srv_fin_init__rosidl_typesupport_introspection_c.h
[8.012s] -- Up-to-date: /home/user/celluleflexible/ros_ws/install/commande_locale/include/commande_locale/commande_locale/srv/detail/srv_add_product__rosidl_typesupport_introspection_c.h
[8.012s] -- Up-to-date: /home/user/celluleflexible/ros_ws/install/commande_locale/include/commande_locale/commande_locale/srv/detail/srv_add_product__type_support.c
[8.012s] -- Up-to-date: /home/user/celluleflexible/ros_ws/install/commande_locale/lib/libcommande_locale__rosidl_typesupport_introspection_c.so
[8.012s] -- Up-to-date: /home/user/celluleflexible/ros_ws/install/commande_locale/lib/libcommande_locale__rosidl_typesupport_c.so
[8.012s] -- Up-to-date: /home/user/celluleflexible/ros_ws/install/commande_locale/include/commande_locale/commande_locale
[8.012s] -- Up-to-date: /home/user/celluleflexible/ros_ws/install/commande_locale/include/commande_locale/commande_locale/msg
[8.012s] -- Up-to-date: /home/user/celluleflexible/ros_ws/install/commande_locale/include/commande_locale/commande_locale/msg/detail
[8.012s] -- Up-to-date: /home/user/celluleflexible/ros_ws/install/commande_locale/include/commande_locale/commande_locale/msg/detail/msg_add_product__type_support.cpp
[8.012s] -- Up-to-date: /home/user/celluleflexible/ros_ws/install/commande_locale/include/commande_locale/commande_locale/msg/detail/msg_switch_control__rosidl_typesupport_introspection_cpp.hpp
[8.012s] -- Up-to-date: /home/user/celluleflexible/ros_ws/install/commande_locale/include/commande_locale/commande_locale/msg/detail/msg_pin_control__type_support.cpp
[8.012s] -- Up-to-date: /home/user/celluleflexible/ros_ws/install/commande_locale/include/commande_locale/commande_locale/msg/detail/msg_stop_control__rosidl_typesupport_introspection_cpp.hpp
[8.012s] -- Up-to-date: /home/user/celluleflexible/ros_ws/install/commande_locale/include/commande_locale/commande_locale/msg/detail/msg_stop_control__type_support.cpp
[8.012s] -- Up-to-date: /home/user/celluleflexible/ros_ws/install/commande_locale/include/commande_locale/commande_locale/msg/detail/msg_pin_control__rosidl_typesupport_introspection_cpp.hpp
[8.012s] -- Up-to-date: /home/user/celluleflexible/ros_ws/install/commande_locale/include/commande_locale/commande_locale/msg/detail/msg_erreur__type_support.cpp
[8.012s] -- Up-to-date: /home/user/celluleflexible/ros_ws/install/commande_locale/include/commande_locale/commande_locale/msg/detail/msg_erreur__rosidl_typesupport_introspection_cpp.hpp
[8.012s] -- Up-to-date: /home/user/celluleflexible/ros_ws/install/commande_locale/include/commande_locale/commande_locale/msg/detail/msg_choix_mode__type_support.cpp
[8.012s] -- Up-to-date: /home/user/celluleflexible/ros_ws/install/commande_locale/include/commande_locale/commande_locale/msg/detail/msg_color__rosidl_typesupport_introspection_cpp.hpp
[8.012s] -- Up-to-date: /home/user/celluleflexible/ros_ws/install/commande_locale/include/commande_locale/commande_locale/msg/detail/msg_choix_mode__rosidl_typesupport_introspection_cpp.hpp
[8.012s] -- Up-to-date: /home/user/celluleflexible/ros_ws/install/commande_locale/include/commande_locale/commande_locale/msg/detail/msg_switch_control__type_support.cpp
[8.012s] -- Up-to-date: /home/user/celluleflexible/ros_ws/install/commande_locale/include/commande_locale/commande_locale/msg/detail/msg_color__type_support.cpp
[8.012s] -- Up-to-date: /home/user/celluleflexible/ros_ws/install/commande_locale/include/commande_locale/commande_locale/msg/detail/msg_add_product__rosidl_typesupport_introspection_cpp.hpp
[8.012s] -- Up-to-date: /home/user/celluleflexible/ros_ws/install/commande_locale/include/commande_locale/commande_locale/srv
[8.012s] -- Up-to-date: /home/user/celluleflexible/ros_ws/install/commande_locale/include/commande_locale/commande_locale/srv/detail
[8.012s] -- Up-to-date: /home/user/celluleflexible/ros_ws/install/commande_locale/include/commande_locale/commande_locale/srv/detail/srv_add_product_push_back__rosidl_typesupport_introspection_cpp.hpp
[8.012s] -- Up-to-date: /home/user/celluleflexible/ros_ws/install/commande_locale/include/commande_locale/commande_locale/srv/detail/srv_add_product__type_support.cpp
[8.012s] -- Up-to-date: /home/user/celluleflexible/ros_ws/install/commande_locale/include/commande_locale/commande_locale/srv/detail/srv_add_product__rosidl_typesupport_introspection_cpp.hpp
[8.012s] -- Up-to-date: /home/user/celluleflexible/ros_ws/install/commande_locale/include/commande_locale/commande_locale/srv/detail/srv_fin_init__rosidl_typesupport_introspection_cpp.hpp
[8.012s] -- Up-to-date: /home/user/celluleflexible/ros_ws/install/commande_locale/include/commande_locale/commande_locale/srv/detail/srv_add_product_push_back__type_support.cpp
[8.012s] -- Up-to-date: /home/user/celluleflexible/ros_ws/install/commande_locale/include/commande_locale/commande_locale/srv/detail/srv_fin_init__type_support.cpp
[8.012s] -- Up-to-date: /home/user/celluleflexible/ros_ws/install/commande_locale/lib/libcommande_locale__rosidl_typesupport_introspection_cpp.so
[8.012s] -- Up-to-date: /home/user/celluleflexible/ros_ws/install/commande_locale/lib/libcommande_locale__rosidl_typesupport_cpp.so
[8.012s] -- Up-to-date: /home/user/celluleflexible/ros_ws/install/commande_locale/share/commande_locale/environment/pythonpath.sh
[8.012s] -- Up-to-date: /home/user/celluleflexible/ros_ws/install/commande_locale/share/commande_locale/environment/pythonpath.dsv
[8.012s] -- Up-to-date: /home/user/celluleflexible/ros_ws/install/commande_locale/lib/python3.12/site-packages/commande_locale-3.1.2-py3.12.egg-info
[8.012s] -- Installing: /home/user/celluleflexible/ros_ws/install/commande_locale/lib/python3.12/site-packages/commande_locale-3.1.2-py3.12.egg-info/SOURCES.txt
[8.012s] -- Installing: /home/user/celluleflexible/ros_ws/install/commande_locale/lib/python3.12/site-packages/commande_locale-3.1.2-py3.12.egg-info/top_level.txt
[8.012s] -- Installing: /home/user/celluleflexible/ros_ws/install/commande_locale/lib/python3.12/site-packages/commande_locale-3.1.2-py3.12.egg-info/PKG-INFO
[8.012s] -- Installing: /home/user/celluleflexible/ros_ws/install/commande_locale/lib/python3.12/site-packages/commande_locale-3.1.2-py3.12.egg-info/dependency_links.txt
[8.013s] -- Up-to-date: /home/user/celluleflexible/ros_ws/install/commande_locale/lib/python3.12/site-packages/commande_locale
[8.013s] -- Up-to-date: /home/user/celluleflexible/ros_ws/install/commande_locale/lib/python3.12/site-packages/commande_locale/msg
[8.013s] -- Up-to-date: /home/user/celluleflexible/ros_ws/install/commande_locale/lib/python3.12/site-packages/commande_locale/msg/_msg_color_s.c
[8.013s] -- Up-to-date: /home/user/celluleflexible/ros_ws/install/commande_locale/lib/python3.12/site-packages/commande_locale/msg/_msg_color.py
[8.013s] -- Up-to-date: /home/user/celluleflexible/ros_ws/install/commande_locale/lib/python3.12/site-packages/commande_locale/msg/_msg_stop_control.py
[8.013s] -- Up-to-date: /home/user/celluleflexible/ros_ws/install/commande_locale/lib/python3.12/site-packages/commande_locale/msg/_msg_erreur.py
[8.013s] -- Up-to-date: /home/user/celluleflexible/ros_ws/install/commande_locale/lib/python3.12/site-packages/commande_locale/msg/_msg_choix_mode_s.c
[8.013s] -- Up-to-date: /home/user/celluleflexible/ros_ws/install/commande_locale/lib/python3.12/site-packages/commande_locale/msg/__init__.py
[8.013s] -- Up-to-date: /home/user/celluleflexible/ros_ws/install/commande_locale/lib/python3.12/site-packages/commande_locale/msg/_msg_add_product_s.c
[8.013s] -- Up-to-date: /home/user/celluleflexible/ros_ws/install/commande_locale/lib/python3.12/site-packages/commande_locale/msg/_msg_choix_mode.py
[8.013s] -- Up-to-date: /home/user/celluleflexible/ros_ws/install/commande_locale/lib/python3.12/site-packages/commande_locale/msg/_msg_switch_control.py
[8.013s] -- Up-to-date: /home/user/celluleflexible/ros_ws/install/commande_locale/lib/python3.12/site-packages/commande_locale/msg/_msg_stop_control_s.c
[8.013s] -- Up-to-date: /home/user/celluleflexible/ros_ws/install/commande_locale/lib/python3.12/site-packages/commande_locale/msg/_msg_switch_control_s.c
[8.013s] -- Up-to-date: /home/user/celluleflexible/ros_ws/install/commande_locale/lib/python3.12/site-packages/commande_locale/msg/_msg_pin_control_s.c
[8.013s] -- Up-to-date: /home/user/celluleflexible/ros_ws/install/commande_locale/lib/python3.12/site-packages/commande_locale/msg/_msg_erreur_s.c
[8.013s] -- Up-to-date: /home/user/celluleflexible/ros_ws/install/commande_locale/lib/python3.12/site-packages/commande_locale/msg/_msg_pin_control.py
[8.013s] -- Up-to-date: /home/user/celluleflexible/ros_ws/install/commande_locale/lib/python3.12/site-packages/commande_locale/msg/_msg_add_product.py
[8.014s] -- Up-to-date: /home/user/celluleflexible/ros_ws/install/commande_locale/lib/python3.12/site-packages/commande_locale/__init__.py
[8.014s] -- Up-to-date: /home/user/celluleflexible/ros_ws/install/commande_locale/lib/python3.12/site-packages/commande_locale/_commande_locale_s.ep.rosidl_typesupport_c.c
[8.014s] -- Up-to-date: /home/user/celluleflexible/ros_ws/install/commande_locale/lib/python3.12/site-packages/commande_locale/commande_locale_s__rosidl_typesupport_c.so
[8.014s] -- Up-to-date: /home/user/celluleflexible/ros_ws/install/commande_locale/lib/python3.12/site-packages/commande_locale/commande_locale_s__rosidl_typesupport_fastrtps_c.so
[8.014s] -- Up-to-date: /home/user/celluleflexible/ros_ws/install/commande_locale/lib/python3.12/site-packages/commande_locale/srv
[8.014s] -- Up-to-date: /home/user/celluleflexible/ros_ws/install/commande_locale/lib/python3.12/site-packages/commande_locale/srv/_srv_add_product.py
[8.014s] -- Up-to-date: /home/user/celluleflexible/ros_ws/install/commande_locale/lib/python3.12/site-packages/commande_locale/srv/_srv_add_product_push_back.py
[8.014s] -- Up-to-date: /home/user/celluleflexible/ros_ws/install/commande_locale/lib/python3.12/site-packages/commande_locale/srv/__init__.py
[8.014s] -- Up-to-date: /home/user/celluleflexible/ros_ws/install/commande_locale/lib/python3.12/site-packages/commande_locale/srv/_srv_add_product_push_back_s.c
[8.014s] -- Up-to-date: /home/user/celluleflexible/ros_ws/install/commande_locale/lib/python3.12/site-packages/commande_locale/srv/_srv_fin_init.py
[8.014s] -- Up-to-date: /home/user/celluleflexible/ros_ws/install/commande_locale/lib/python3.12/site-packages/commande_locale/srv/_srv_fin_init_s.c
[8.014s] -- Up-to-date: /home/user/celluleflexible/ros_ws/install/commande_locale/lib/python3.12/site-packages/commande_locale/srv/_srv_add_product_s.c
[8.014s] -- Up-to-date: /home/user/celluleflexible/ros_ws/install/commande_locale/lib/python3.12/site-packages/commande_locale/_commande_locale_s.ep.rosidl_typesupport_introspection_c.c
[8.015s] -- Up-to-date: /home/user/celluleflexible/ros_ws/install/commande_locale/lib/python3.12/site-packages/commande_locale/commande_locale_s__rosidl_typesupport_introspection_c.so
[8.015s] -- Up-to-date: /home/user/celluleflexible/ros_ws/install/commande_locale/lib/python3.12/site-packages/commande_locale/_commande_locale_s.ep.rosidl_typesupport_fastrtps_c.c
[8.036s] Listing '/home/user/celluleflexible/ros_ws/install/commande_locale/lib/python3.12/site-packages/commande_locale'...
[8.036s] Listing '/home/user/celluleflexible/ros_ws/install/commande_locale/lib/python3.12/site-packages/commande_locale/msg'...
[8.036s] Listing '/home/user/celluleflexible/ros_ws/install/commande_locale/lib/python3.12/site-packages/commande_locale/srv'...
[8.041s] -- Up-to-date: /home/user/celluleflexible/ros_ws/install/commande_locale/lib/python3.12/site-packages/commande_locale/commande_locale_s__rosidl_typesupport_fastrtps_c.so
[8.041s] -- Up-to-date: /home/user/celluleflexible/ros_ws/install/commande_locale/lib/python3.12/site-packages/commande_locale/commande_locale_s__rosidl_typesupport_introspection_c.so
[8.041s] -- Up-to-date: /home/user/celluleflexible/ros_ws/install/commande_locale/lib/python3.12/site-packages/commande_locale/commande_locale_s__rosidl_typesupport_c.so
[8.041s] -- Up-to-date: /home/user/celluleflexible/ros_ws/install/commande_locale/lib/libcommande_locale__rosidl_generator_py.so
[8.041s] -- Up-to-date: /home/user/celluleflexible/ros_ws/install/commande_locale/share/commande_locale/srv/SrvAddProduct.idl
[8.041s] -- Up-to-date: /home/user/celluleflexible/ros_ws/install/commande_locale/share/commande_locale/srv/SrvFinInit.idl
[8.041s] -- Up-to-date: /home/user/celluleflexible/ros_ws/install/commande_locale/share/commande_locale/srv/SrvAddProductPushBack.idl
[8.042s] -- Up-to-date: /home/user/celluleflexible/ros_ws/install/commande_locale/share/commande_locale/msg/MsgAddProduct.idl
[8.042s] -- Up-to-date: /home/user/celluleflexible/ros_ws/install/commande_locale/share/commande_locale/msg/MsgStopControl.idl
[8.042s] -- Up-to-date: /home/user/celluleflexible/ros_ws/install/commande_locale/share/commande_locale/msg/MsgColor.idl
[8.042s] -- Up-to-date: /home/user/celluleflexible/ros_ws/install/commande_locale/share/commande_locale/msg/MsgSwitchControl.idl
[8.042s] -- Up-to-date: /home/user/celluleflexible/ros_ws/install/commande_locale/share/commande_locale/msg/MsgPinControl.idl
[8.042s] -- Up-to-date: /home/user/celluleflexible/ros_ws/install/commande_locale/share/commande_locale/msg/MsgErreur.idl
[8.042s] -- Up-to-date: /home/user/celluleflexible/ros_ws/install/commande_locale/share/commande_locale/msg/MsgChoixMode.idl
[8.042s] -- Up-to-date: /home/user/celluleflexible/ros_ws/install/commande_locale/share/commande_locale/srv/SrvAddProduct.srv
[8.042s] -- Up-to-date: /home/user/celluleflexible/ros_ws/install/commande_locale/share/commande_locale/srv/SrvFinInit.srv
[8.042s] -- Up-to-date: /home/user/celluleflexible/ros_ws/install/commande_locale/share/commande_locale/srv/SrvAddProductPushBack.srv
[8.042s] -- Up-to-date: /home/user/celluleflexible/ros_ws/install/commande_locale/share/commande_locale/msg/MsgAddProduct.msg
[8.042s] -- Up-to-date: /home/user/celluleflexible/ros_ws/install/commande_locale/share/commande_locale/msg/MsgStopControl.msg
[8.042s] -- Up-to-date: /home/user/celluleflexible/ros_ws/install/commande_locale/share/commande_locale/msg/MsgColor.msg
[8.042s] -- Up-to-date: /home/user/celluleflexible/ros_ws/install/commande_locale/share/commande_locale/msg/MsgSwitchControl.msg
[8.042s] -- Up-to-date: /home/user/celluleflexible/ros_ws/install/commande_locale/share/commande_locale/msg/MsgPinControl.msg
[8.042s] -- Up-to-date: /home/user/celluleflexible/ros_ws/install/commande_locale/share/commande_locale/msg/MsgErreur.msg
[8.042s] -- Up-to-date: /home/user/celluleflexible/ros_ws/install/commande_locale/share/commande_locale/msg/MsgChoixMode.msg
[8.042s] -- Installing: /home/user/celluleflexible/ros_ws/install/commande_locale/lib/commande_locale/simulation
[8.055s] -- Set non-toolchain portion of runtime path of "/home/user/celluleflexible/ros_ws/install/commande_locale/lib/commande_locale/simulation" to ""
[8.055s] -- Up-to-date: /home/user/celluleflexible/ros_ws/install/commande_locale/share/ament_index/resource_index/package_run_dependencies/commande_locale
[8.055s] -- Up-to-date: /home/user/celluleflexible/ros_ws/install/commande_locale/share/ament_index/resource_index/parent_prefix_path/commande_locale
[8.055s] -- Up-to-date: /home/user/celluleflexible/ros_ws/install/commande_locale/share/commande_locale/environment/ament_prefix_path.sh
[8.055s] -- Up-to-date: /home/user/celluleflexible/ros_ws/install/commande_locale/share/commande_locale/environment/ament_prefix_path.dsv
[8.055s] -- Up-to-date: /home/user/celluleflexible/ros_ws/install/commande_locale/share/commande_locale/environment/path.sh
[8.055s] -- Up-to-date: /home/user/celluleflexible/ros_ws/install/commande_locale/share/commande_locale/environment/path.dsv
[8.055s] -- Up-to-date: /home/user/celluleflexible/ros_ws/install/commande_locale/share/commande_locale/local_setup.bash
[8.055s] -- Up-to-date: /home/user/celluleflexible/ros_ws/install/commande_locale/share/commande_locale/local_setup.sh
[8.055s] -- Up-to-date: /home/user/celluleflexible/ros_ws/install/commande_locale/share/commande_locale/local_setup.zsh
[8.055s] -- Up-to-date: /home/user/celluleflexible/ros_ws/install/commande_locale/share/commande_locale/local_setup.dsv
[8.055s] -- Installing: /home/user/celluleflexible/ros_ws/install/commande_locale/share/commande_locale/package.dsv
[8.055s] -- Up-to-date: /home/user/celluleflexible/ros_ws/install/commande_locale/share/ament_index/resource_index/packages/commande_locale
[8.055s] -- Up-to-date: /home/user/celluleflexible/ros_ws/install/commande_locale/share/commande_locale/cmake/export_commande_locale__rosidl_generator_cExport.cmake
[8.055s] -- Up-to-date: /home/user/celluleflexible/ros_ws/install/commande_locale/share/commande_locale/cmake/export_commande_locale__rosidl_generator_cExport-noconfig.cmake
[8.055s] -- Up-to-date: /home/user/celluleflexible/ros_ws/install/commande_locale/share/commande_locale/cmake/export_commande_locale__rosidl_typesupport_fastrtps_cExport.cmake
[8.055s] -- Up-to-date: /home/user/celluleflexible/ros_ws/install/commande_locale/share/commande_locale/cmake/export_commande_locale__rosidl_typesupport_fastrtps_cExport-noconfig.cmake
[8.055s] -- Up-to-date: /home/user/celluleflexible/ros_ws/install/commande_locale/share/commande_locale/cmake/export_commande_locale__rosidl_generator_cppExport.cmake
[8.055s] -- Up-to-date: /home/user/celluleflexible/ros_ws/install/commande_locale/share/commande_locale/cmake/export_commande_locale__rosidl_typesupport_fastrtps_cppExport.cmake
[8.056s] -- Up-to-date: /home/user/celluleflexible/ros_ws/install/commande_locale/share/commande_locale/cmake/export_commande_locale__rosidl_typesupport_fastrtps_cppExport-noconfig.cmake
[8.056s] -- Up-to-date: /home/user/celluleflexible/ros_ws/install/commande_locale/share/commande_locale/cmake/commande_locale__rosidl_typesupport_introspection_cExport.cmake
[8.056s] -- Up-to-date: /home/user/celluleflexible/ros_ws/install/commande_locale/share/commande_locale/cmake/commande_locale__rosidl_typesupport_introspection_cExport-noconfig.cmake
[8.056s] -- Up-to-date: /home/user/celluleflexible/ros_ws/install/commande_locale/share/commande_locale/cmake/commande_locale__rosidl_typesupport_cExport.cmake
[8.056s] -- Up-to-date: /home/user/celluleflexible/ros_ws/install/commande_locale/share/commande_locale/cmake/commande_locale__rosidl_typesupport_cExport-noconfig.cmake
[8.056s] -- Up-to-date: /home/user/celluleflexible/ros_ws/install/commande_locale/share/commande_locale/cmake/commande_locale__rosidl_typesupport_introspection_cppExport.cmake
[8.056s] -- Up-to-date: /home/user/celluleflexible/ros_ws/install/commande_locale/share/commande_locale/cmake/commande_locale__rosidl_typesupport_introspection_cppExport-noconfig.cmake
[8.056s] -- Up-to-date: /home/user/celluleflexible/ros_ws/install/commande_locale/share/commande_locale/cmake/commande_locale__rosidl_typesupport_cppExport.cmake
[8.056s] -- Up-to-date: /home/user/celluleflexible/ros_ws/install/commande_locale/share/commande_locale/cmake/commande_locale__rosidl_typesupport_cppExport-noconfig.cmake
[8.056s] -- Up-to-date: /home/user/celluleflexible/ros_ws/install/commande_locale/share/commande_locale/cmake/export_commande_locale__rosidl_generator_pyExport.cmake
[8.056s] -- Up-to-date: /home/user/celluleflexible/ros_ws/install/commande_locale/share/commande_locale/cmake/export_commande_locale__rosidl_generator_pyExport-noconfig.cmake
[8.056s] -- Up-to-date: /home/user/celluleflexible/ros_ws/install/commande_locale/share/commande_locale/cmake/rosidl_cmake-extras.cmake
[8.056s] -- Up-to-date: /home/user/celluleflexible/ros_ws/install/commande_locale/share/commande_locale/cmake/ament_cmake_export_dependencies-extras.cmake
[8.056s] -- Up-to-date: /home/user/celluleflexible/ros_ws/install/commande_locale/share/commande_locale/cmake/ament_cmake_export_include_directories-extras.cmake
[8.056s] -- Up-to-date: /home/user/celluleflexible/ros_ws/install/commande_locale/share/commande_locale/cmake/ament_cmake_export_libraries-extras.cmake
[8.056s] -- Up-to-date: /home/user/celluleflexible/ros_ws/install/commande_locale/share/commande_locale/cmake/ament_cmake_export_targets-extras.cmake
[8.056s] -- Up-to-date: /home/user/celluleflexible/ros_ws/install/commande_locale/share/commande_locale/cmake/rosidl_cmake_export_typesupport_targets-extras.cmake
[8.056s] -- Up-to-date: /home/user/celluleflexible/ros_ws/install/commande_locale/share/commande_locale/cmake/rosidl_cmake_export_typesupport_libraries-extras.cmake
[8.056s] -- Up-to-date: /home/user/celluleflexible/ros_ws/install/commande_locale/share/commande_locale/cmake/commande_localeConfig.cmake
[8.056s] -- Up-to-date: /home/user/celluleflexible/ros_ws/install/commande_locale/share/commande_locale/cmake/commande_localeConfig-version.cmake
[8.056s] -- Up-to-date: /home/user/celluleflexible/ros_ws/install/commande_locale/share/commande_locale/package.xml
[8.058s] Invoked command in '/home/user/celluleflexible/ros_ws/build/commande_locale' returned '0': CMAKE_PREFIX_PATH=/home/user/celluleflexible/ros_ws/install/aiguillages:/home/user/celluleflexible/ros_ws/install/commande_locale:/opt/ros/jazzy/opt/gz_math_vendor:/opt/ros/jazzy/opt/gz_utils_vendor:/opt/ros/jazzy/opt/gz_cmake_vendor:/opt/ros/jazzy DEBUGINFOD_URLS=https://debuginfod.ubuntu.com LD_LIBRARY_PATH=/home/user/celluleflexible/ros_ws/install/aiguillages/lib:/home/user/celluleflexible/ros_ws/install/commande_locale/lib:/opt/ros/jazzy/opt/rviz_ogre_vendor/lib:/opt/ros/jazzy/lib/x86_64-linux-gnu:/opt/ros/jazzy/opt/gz_math_vendor/lib:/opt/ros/jazzy/opt/gz_utils_vendor/lib:/opt/ros/jazzy/opt/gz_cmake_vendor/lib:/opt/ros/jazzy/lib PYTHONPATH=/home/user/celluleflexible/ros_ws/install/aiguillages/lib/python3.12/site-packages:/home/user/celluleflexible/ros_ws/install/commande_locale/lib/python3.12/site-packages:/opt/ros/jazzy/lib/python3.12/site-packages /usr/bin/cmake --install /home/user/celluleflexible/ros_ws/build/commande_locale
