[0.051s] Invoking command in '/home/user/Desktop/New_2/CoppeliaSim/build/ros2_bubble_rob': CMAKE_PREFIX_PATH=${CMAKE_PREFIX_PATH}:/opt/ros/jazzy DEBUGINFOD_URLS=https://debuginfod.ubuntu.com /usr/bin/cmake /home/user/Desktop/New_2/CoppeliaSim/programming/ros2_packages/ros2_bubble_rob -DCMAKE_INSTALL_PREFIX=/home/user/Desktop/New_2/CoppeliaSim/install/ros2_bubble_rob
[0.260s] -- The C compiler identification is GNU 13.3.0
[0.376s] -- The CXX compiler identification is GNU 13.3.0
[0.479s] -- Detecting C compiler ABI info
[0.798s] -- Detecting C compiler ABI info - done
[0.825s] -- Check for working C compiler: /usr/bin/cc - skipped
[0.829s] -- Detecting C compile features
[0.833s] -- Detecting C compile features - done
[0.878s] -- Detecting CXX compiler ABI info
[1.229s] -- Detecting CXX compiler ABI info - done
[1.250s] -- Check for working CXX compiler: /usr/bin/c++ - skipped
[1.251s] -- Detecting CXX compile features
[1.254s] -- Detecting CXX compile features - done
[1.259s] -- Found ament_cmake: 2.5.5 (/opt/ros/jazzy/share/ament_cmake/cmake)
[1.549s] -- Found Python3: /usr/bin/python3 (found version "3.12.3") found components: Interpreter 
[1.724s] -- Found rclcpp: 28.1.16 (/opt/ros/jazzy/share/rclcpp/cmake)
[1.785s] -- Found rosidl_generator_c: 4.6.7 (/opt/ros/jazzy/share/rosidl_generator_c/cmake)
[1.806s] -- Found rosidl_generator_cpp: 4.6.7 (/opt/ros/jazzy/share/rosidl_generator_cpp/cmake)
[1.834s] -- Using all available rosidl_typesupport_c: rosidl_typesupport_fastrtps_c;rosidl_typesupport_introspection_c
[1.865s] -- Using all available rosidl_typesupport_cpp: rosidl_typesupport_fastrtps_cpp;rosidl_typesupport_introspection_cpp
[1.972s] -- Found rmw_implementation_cmake: 7.3.3 (/opt/ros/jazzy/share/rmw_implementation_cmake/cmake)
[1.976s] -- Found rmw_fastrtps_cpp: 8.4.3 (/opt/ros/jazzy/share/rmw_fastrtps_cpp/cmake)
[2.196s] -- Found OpenSSL: /usr/lib/x86_64-linux-gnu/libcrypto.so (found version "3.0.13")  
[2.242s] -- Found FastRTPS: /opt/ros/jazzy/include (Required is at least version "2.13") 
[2.305s] -- Using RMW implementation 'rmw_fastrtps_cpp' as default
[2.407s] -- Found std_msgs: 5.3.6 (/opt/ros/jazzy/share/std_msgs/cmake)
[2.437s] -- Found Boost: /usr/lib/x86_64-linux-gnu/cmake/Boost-1.83.0/BoostConfig.cmake (found version "1.83.0")  
[2.447s] -- Found ament_lint_auto: 0.17.4 (/opt/ros/jazzy/share/ament_lint_auto/cmake)
[2.725s] -- Added test 'copyright' to check source files copyright and LICENSE
[2.726s] -- Added test 'cppcheck' to perform static code analysis on C / C++ code
[2.727s] -- Configured cppcheck include dirs: $<BUILD_INTERFACE:/home/user/Desktop/New_2/CoppeliaSim/programming/ros2_packages/ros2_bubble_rob/include>
[2.727s] -- Configured cppcheck exclude dirs and/or files: 
[2.729s] -- Added test 'cpplint' to check C / C++ code against the Google style
[2.730s] -- Configured cpplint exclude dirs and/or files: 
[2.734s] -- Added test 'lint_cmake' to check CMake code style
[2.738s] -- Added test 'uncrustify' to check C / C++ code style
[2.739s] -- Configured uncrustify additional arguments: 
[2.742s] -- Added test 'xmllint' to check XML markup files
[2.744s] -- Configuring done (2.6s)
[2.765s] -- Generating done (0.0s)
[2.782s] -- Build files have been written to: /home/user/Desktop/New_2/CoppeliaSim/build/ros2_bubble_rob
