[0.012s] Invoking command in '/home/user/celluleflexible_en_cours_ROS2/ros_ws/build/commande_locale': CMAKE_PREFIX_PATH=/home/user/celluleflexible_en_cours_ROS2/ros_ws/install/aiguillages:/home/user/celluleflexible_en_cours_ROS2/ros_ws/install/commande:/home/user/celluleflexible_en_cours_ROS2/ros_ws/install/shuttles:/home/user/celluleflexible_en_cours_ROS2/ros_ws/install/robots:/home/user/celluleflexible_en_cours_ROS2/ros_ws/install/launcher:/home/user/celluleflexible_en_cours_ROS2/ros_ws/install/commande_locale:/opt/ros/jazzy/opt/gz_math_vendor:/opt/ros/jazzy/opt/gz_utils_vendor:/opt/ros/jazzy/opt/gz_cmake_vendor:/opt/ros/jazzy DEBUGINFOD_URLS=https://debuginfod.ubuntu.com LD_LIBRARY_PATH=/home/user/celluleflexible_en_cours_ROS2/ros_ws/install/aiguillages/lib:/home/user/celluleflexible_en_cours_ROS2/ros_ws/install/shuttles/lib:/home/user/celluleflexible_en_cours_ROS2/ros_ws/install/robots/lib:/home/user/celluleflexible_en_cours_ROS2/ros_ws/install/commande_locale/lib:/opt/ros/jazzy/opt/rviz_ogre_vendor/lib:/opt/ros/jazzy/lib/x86_64-linux-gnu:/opt/ros/jazzy/opt/gz_math_vendor/lib:/opt/ros/jazzy/opt/gz_utils_vendor/lib:/opt/ros/jazzy/opt/gz_cmake_vendor/lib:/opt/ros/jazzy/lib PYTHONPATH=/home/user/celluleflexible_en_cours_ROS2/ros_ws/install/aiguillages/lib/python3.12/site-packages:/home/user/celluleflexible_en_cours_ROS2/ros_ws/install/shuttles/lib/python3.12/site-packages:/home/user/celluleflexible_en_cours_ROS2/ros_ws/install/robots/lib/python3.12/site-packages:/home/user/celluleflexible_en_cours_ROS2/ros_ws/install/commande_locale/lib/python3.12/site-packages:/opt/ros/jazzy/lib/python3.12/site-packages /usr/bin/cmake --build /home/user/celluleflexible_en_cours_ROS2/ros_ws/build/commande_locale -- -j8 -l8
[0.077s] [  1%] Built target commande_locale__rosidl_generator_type_description
[0.103s] [  1%] Built target ament_cmake_python_copy_commande_locale
[0.118s] [  1%] Built target commande_locale__cpp
[0.123s] [ 27%] Built target commande_locale__rosidl_generator_c
[0.203s] [ 36%] Built target commande_locale__rosidl_typesupport_introspection_c
[0.207s] [ 46%] Built target commande_locale__rosidl_typesupport_cpp
[0.220s] [ 55%] Built target commande_locale__rosidl_typesupport_fastrtps_c
[0.225s] [ 65%] Built target commande_locale__rosidl_typesupport_fastrtps_cpp
[0.228s] [ 74%] Built target commande_locale__rosidl_typesupport_c
[0.244s] [ 84%] Built target commande_locale__rosidl_typesupport_introspection_cpp
[0.266s] [ 87%] Built target simulation
[0.266s] [ 87%] Built target commande_locale
[0.290s] [ 88%] Built target commande_locale__py
[0.344s] running egg_info
[0.346s] [ 97%] Built target commande_locale__rosidl_generator_py
[0.356s] writing commande_locale.egg-info/PKG-INFO
[0.356s] writing dependency_links to commande_locale.egg-info/dependency_links.txt
[0.356s] writing top-level names to commande_locale.egg-info/top_level.txt
[0.371s] [ 98%] Built target commande_locale_s__rosidl_typesupport_fastrtps_c
[0.372s] [ 99%] Built target commande_locale_s__rosidl_typesupport_c
[0.372s] [100%] Built target commande_locale_s__rosidl_typesupport_introspection_c
[0.386s] reading manifest file 'commande_locale.egg-info/SOURCES.txt'
[0.387s] writing manifest file 'commande_locale.egg-info/SOURCES.txt'
[0.439s] [100%] Built target ament_cmake_python_build_commande_locale_egg
[0.446s] Invoked command in '/home/user/celluleflexible_en_cours_ROS2/ros_ws/build/commande_locale' returned '0': CMAKE_PREFIX_PATH=/home/user/celluleflexible_en_cours_ROS2/ros_ws/install/aiguillages:/home/user/celluleflexible_en_cours_ROS2/ros_ws/install/commande:/home/user/celluleflexible_en_cours_ROS2/ros_ws/install/shuttles:/home/user/celluleflexible_en_cours_ROS2/ros_ws/install/robots:/home/user/celluleflexible_en_cours_ROS2/ros_ws/install/launcher:/home/user/celluleflexible_en_cours_ROS2/ros_ws/install/commande_locale:/opt/ros/jazzy/opt/gz_math_vendor:/opt/ros/jazzy/opt/gz_utils_vendor:/opt/ros/jazzy/opt/gz_cmake_vendor:/opt/ros/jazzy DEBUGINFOD_URLS=https://debuginfod.ubuntu.com LD_LIBRARY_PATH=/home/user/celluleflexible_en_cours_ROS2/ros_ws/install/aiguillages/lib:/home/user/celluleflexible_en_cours_ROS2/ros_ws/install/shuttles/lib:/home/user/celluleflexible_en_cours_ROS2/ros_ws/install/robots/lib:/home/user/celluleflexible_en_cours_ROS2/ros_ws/install/commande_locale/lib:/opt/ros/jazzy/opt/rviz_ogre_vendor/lib:/opt/ros/jazzy/lib/x86_64-linux-gnu:/opt/ros/jazzy/opt/gz_math_vendor/lib:/opt/ros/jazzy/opt/gz_utils_vendor/lib:/opt/ros/jazzy/opt/gz_cmake_vendor/lib:/opt/ros/jazzy/lib PYTHONPATH=/home/user/celluleflexible_en_cours_ROS2/ros_ws/install/aiguillages/lib/python3.12/site-packages:/home/user/celluleflexible_en_cours_ROS2/ros_ws/install/shuttles/lib/python3.12/site-packages:/home/user/celluleflexible_en_cours_ROS2/ros_ws/install/robots/lib/python3.12/site-packages:/home/user/celluleflexible_en_cours_ROS2/ros_ws/install/commande_locale/lib/python3.12/site-packages:/opt/ros/jazzy/lib/python3.12/site-packages /usr/bin/cmake --build /home/user/celluleflexible_en_cours_ROS2/ros_ws/build/commande_locale -- -j8 -l8
[0.448s] Invoking command in '/home/user/celluleflexible_en_cours_ROS2/ros_ws/build/commande_locale': CMAKE_PREFIX_PATH=/home/user/celluleflexible_en_cours_ROS2/ros_ws/install/aiguillages:/home/user/celluleflexible_en_cours_ROS2/ros_ws/install/commande:/home/user/celluleflexible_en_cours_ROS2/ros_ws/install/shuttles:/home/user/celluleflexible_en_cours_ROS2/ros_ws/install/robots:/home/user/celluleflexible_en_cours_ROS2/ros_ws/install/launcher:/home/user/celluleflexible_en_cours_ROS2/ros_ws/install/commande_locale:/opt/ros/jazzy/opt/gz_math_vendor:/opt/ros/jazzy/opt/gz_utils_vendor:/opt/ros/jazzy/opt/gz_cmake_vendor:/opt/ros/jazzy DEBUGINFOD_URLS=https://debuginfod.ubuntu.com LD_LIBRARY_PATH=/home/user/celluleflexible_en_cours_ROS2/ros_ws/install/aiguillages/lib:/home/user/celluleflexible_en_cours_ROS2/ros_ws/install/shuttles/lib:/home/user/celluleflexible_en_cours_ROS2/ros_ws/install/robots/lib:/home/user/celluleflexible_en_cours_ROS2/ros_ws/install/commande_locale/lib:/opt/ros/jazzy/opt/rviz_ogre_vendor/lib:/opt/ros/jazzy/lib/x86_64-linux-gnu:/opt/ros/jazzy/opt/gz_math_vendor/lib:/opt/ros/jazzy/opt/gz_utils_vendor/lib:/opt/ros/jazzy/opt/gz_cmake_vendor/lib:/opt/ros/jazzy/lib PYTHONPATH=/home/user/celluleflexible_en_cours_ROS2/ros_ws/install/aiguillages/lib/python3.12/site-packages:/home/user/celluleflexible_en_cours_ROS2/ros_ws/install/shuttles/lib/python3.12/site-packages:/home/user/celluleflexible_en_cours_ROS2/ros_ws/install/robots/lib/python3.12/site-packages:/home/user/celluleflexible_en_cours_ROS2/ros_ws/install/commande_locale/lib/python3.12/site-packages:/opt/ros/jazzy/lib/python3.12/site-packages /usr/bin/cmake --install /home/user/celluleflexible_en_cours_ROS2/ros_ws/build/commande_locale
[0.454s] -- Install configuration: ""
[0.455s] -- Up-to-date: /home/user/celluleflexible_en_cours_ROS2/ros_ws/install/commande_locale/share/ament_index/resource_index/rosidl_interfaces/commande_locale
[0.455s] -- Up-to-date: /home/user/celluleflexible_en_cours_ROS2/ros_ws/install/commande_locale/share/commande_locale/srv/SrvAddProduct.json
[0.455s] -- Up-to-date: /home/user/celluleflexible_en_cours_ROS2/ros_ws/install/commande_locale/share/commande_locale/srv/SrvFinInit.json
[0.455s] -- Up-to-date: /home/user/celluleflexible_en_cours_ROS2/ros_ws/install/commande_locale/share/commande_locale/srv/SrvAddProductPushBack.json
[0.455s] -- Up-to-date: /home/user/celluleflexible_en_cours_ROS2/ros_ws/install/commande_locale/share/commande_locale/msg/MsgAddProduct.json
[0.455s] -- Up-to-date: /home/user/celluleflexible_en_cours_ROS2/ros_ws/install/commande_locale/share/commande_locale/msg/MsgStopControl.json
[0.455s] -- Up-to-date: /home/user/celluleflexible_en_cours_ROS2/ros_ws/install/commande_locale/share/commande_locale/msg/MsgColor.json
[0.456s] -- Up-to-date: /home/user/celluleflexible_en_cours_ROS2/ros_ws/install/commande_locale/share/commande_locale/msg/MsgSwitchControl.json
[0.456s] -- Up-to-date: /home/user/celluleflexible_en_cours_ROS2/ros_ws/install/commande_locale/share/commande_locale/msg/MsgPinControl.json
[0.456s] -- Up-to-date: /home/user/celluleflexible_en_cours_ROS2/ros_ws/install/commande_locale/share/commande_locale/msg/MsgErreur.json
[0.456s] -- Up-to-date: /home/user/celluleflexible_en_cours_ROS2/ros_ws/install/commande_locale/share/commande_locale/msg/RobotJoints.json
[0.456s] -- Up-to-date: /home/user/celluleflexible_en_cours_ROS2/ros_ws/install/commande_locale/share/commande_locale/msg/TacheFinieMsg.json
[0.456s] -- Up-to-date: /home/user/celluleflexible_en_cours_ROS2/ros_ws/install/commande_locale/share/commande_locale/msg/DeplacerPieceMsg.json
[0.456s] -- Up-to-date: /home/user/celluleflexible_en_cours_ROS2/ros_ws/install/commande_locale/share/commande_locale/msg/Actionneurs.json
[0.456s] -- Up-to-date: /home/user/celluleflexible_en_cours_ROS2/ros_ws/install/commande_locale/share/commande_locale/msg/Capteurs.json
[0.456s] -- Up-to-date: /home/user/celluleflexible_en_cours_ROS2/ros_ws/install/commande_locale/share/commande_locale/msg/MsgChoixMode.json
[0.456s] -- Up-to-date: /home/user/celluleflexible_en_cours_ROS2/ros_ws/install/commande_locale/include/commande_locale/commande_locale
[0.456s] -- Up-to-date: /home/user/celluleflexible_en_cours_ROS2/ros_ws/install/commande_locale/include/commande_locale/commande_locale/msg
[0.456s] -- Up-to-date: /home/user/celluleflexible_en_cours_ROS2/ros_ws/install/commande_locale/include/commande_locale/commande_locale/msg/msg_choix_mode.h
[0.456s] -- Up-to-date: /home/user/celluleflexible_en_cours_ROS2/ros_ws/install/commande_locale/include/commande_locale/commande_locale/msg/msg_stop_control.h
[0.456s] -- Up-to-date: /home/user/celluleflexible_en_cours_ROS2/ros_ws/install/commande_locale/include/commande_locale/commande_locale/msg/rosidl_generator_c__visibility_control.h
[0.456s] -- Up-to-date: /home/user/celluleflexible_en_cours_ROS2/ros_ws/install/commande_locale/include/commande_locale/commande_locale/msg/msg_add_product.h
[0.456s] -- Up-to-date: /home/user/celluleflexible_en_cours_ROS2/ros_ws/install/commande_locale/include/commande_locale/commande_locale/msg/deplacer_piece_msg.h
[0.457s] -- Up-to-date: /home/user/celluleflexible_en_cours_ROS2/ros_ws/install/commande_locale/include/commande_locale/commande_locale/msg/capteurs.h
[0.457s] -- Up-to-date: /home/user/celluleflexible_en_cours_ROS2/ros_ws/install/commande_locale/include/commande_locale/commande_locale/msg/actionneurs.h
[0.457s] -- Up-to-date: /home/user/celluleflexible_en_cours_ROS2/ros_ws/install/commande_locale/include/commande_locale/commande_locale/msg/msg_erreur.h
[0.457s] -- Up-to-date: /home/user/celluleflexible_en_cours_ROS2/ros_ws/install/commande_locale/include/commande_locale/commande_locale/msg/robot_joints.h
[0.457s] -- Up-to-date: /home/user/celluleflexible_en_cours_ROS2/ros_ws/install/commande_locale/include/commande_locale/commande_locale/msg/msg_pin_control.h
[0.457s] -- Up-to-date: /home/user/celluleflexible_en_cours_ROS2/ros_ws/install/commande_locale/include/commande_locale/commande_locale/msg/msg_switch_control.h
[0.457s] -- Up-to-date: /home/user/celluleflexible_en_cours_ROS2/ros_ws/install/commande_locale/include/commande_locale/commande_locale/msg/detail
[0.457s] -- Up-to-date: /home/user/celluleflexible_en_cours_ROS2/ros_ws/install/commande_locale/include/commande_locale/commande_locale/msg/detail/msg_pin_control__functions.h
[0.457s] -- Up-to-date: /home/user/celluleflexible_en_cours_ROS2/ros_ws/install/commande_locale/include/commande_locale/commande_locale/msg/detail/msg_choix_mode__functions.h
[0.457s] -- Up-to-date: /home/user/celluleflexible_en_cours_ROS2/ros_ws/install/commande_locale/include/commande_locale/commande_locale/msg/detail/msg_color__type_support.h
[0.457s] -- Up-to-date: /home/user/celluleflexible_en_cours_ROS2/ros_ws/install/commande_locale/include/commande_locale/commande_locale/msg/detail/msg_color__description.c
[0.457s] -- Up-to-date: /home/user/celluleflexible_en_cours_ROS2/ros_ws/install/commande_locale/include/commande_locale/commande_locale/msg/detail/msg_pin_control__functions.c
[0.457s] -- Up-to-date: /home/user/celluleflexible_en_cours_ROS2/ros_ws/install/commande_locale/include/commande_locale/commande_locale/msg/detail/msg_erreur__functions.h
[0.457s] -- Up-to-date: /home/user/celluleflexible_en_cours_ROS2/ros_ws/install/commande_locale/include/commande_locale/commande_locale/msg/detail/msg_stop_control__description.c
[0.457s] -- Installing: /home/user/celluleflexible_en_cours_ROS2/ros_ws/install/commande_locale/include/commande_locale/commande_locale/msg/detail/msg_switch_control__type_support.c
[0.457s] -- Up-to-date: /home/user/celluleflexible_en_cours_ROS2/ros_ws/install/commande_locale/include/commande_locale/commande_locale/msg/detail/robot_joints__type_support.h
[0.457s] -- Up-to-date: /home/user/celluleflexible_en_cours_ROS2/ros_ws/install/commande_locale/include/commande_locale/commande_locale/msg/detail/msg_switch_control__functions.h
[0.457s] -- Installing: /home/user/celluleflexible_en_cours_ROS2/ros_ws/install/commande_locale/include/commande_locale/commande_locale/msg/detail/msg_stop_control__type_support.c
[0.458s] -- Up-to-date: /home/user/celluleflexible_en_cours_ROS2/ros_ws/install/commande_locale/include/commande_locale/commande_locale/msg/detail/actionneurs__functions.h
[0.458s] -- Up-to-date: /home/user/celluleflexible_en_cours_ROS2/ros_ws/install/commande_locale/include/commande_locale/commande_locale/msg/detail/robot_joints__struct.h
[0.458s] -- Installing: /home/user/celluleflexible_en_cours_ROS2/ros_ws/install/commande_locale/include/commande_locale/commande_locale/msg/detail/capteurs__type_support.c
[0.458s] -- Up-to-date: /home/user/celluleflexible_en_cours_ROS2/ros_ws/install/commande_locale/include/commande_locale/commande_locale/msg/detail/msg_erreur__type_support.h
[0.458s] -- Installing: /home/user/celluleflexible_en_cours_ROS2/ros_ws/install/commande_locale/include/commande_locale/commande_locale/msg/detail/deplacer_piece_msg__type_support.c
[0.458s] -- Up-to-date: /home/user/celluleflexible_en_cours_ROS2/ros_ws/install/commande_locale/include/commande_locale/commande_locale/msg/detail/deplacer_piece_msg__struct.h
[0.458s] -- Installing: /home/user/celluleflexible_en_cours_ROS2/ros_ws/install/commande_locale/include/commande_locale/commande_locale/msg/detail/actionneurs__type_support.c
[0.458s] -- Up-to-date: /home/user/celluleflexible_en_cours_ROS2/ros_ws/install/commande_locale/include/commande_locale/commande_locale/msg/detail/capteurs__struct.h
[0.458s] -- Up-to-date: /home/user/celluleflexible_en_cours_ROS2/ros_ws/install/commande_locale/include/commande_locale/commande_locale/msg/detail/msg_choix_mode__description.c
[0.458s] -- Up-to-date: /home/user/celluleflexible_en_cours_ROS2/ros_ws/install/commande_locale/include/commande_locale/commande_locale/msg/detail/actionneurs__type_support.h
[0.458s] -- Up-to-date: /home/user/celluleflexible_en_cours_ROS2/ros_ws/install/commande_locale/include/commande_locale/commande_locale/msg/detail/msg_color__struct.h
[0.458s] -- Up-to-date: /home/user/celluleflexible_en_cours_ROS2/ros_ws/install/commande_locale/include/commande_locale/commande_locale/msg/detail/msg_erreur__struct.h
[0.458s] -- Up-to-date: /home/user/celluleflexible_en_cours_ROS2/ros_ws/install/commande_locale/include/commande_locale/commande_locale/msg/detail/msg_add_product__description.c
[0.458s] -- Up-to-date: /home/user/celluleflexible_en_cours_ROS2/ros_ws/install/commande_locale/include/commande_locale/commande_locale/msg/detail/deplacer_piece_msg__functions.h
[0.458s] -- Up-to-date: /home/user/celluleflexible_en_cours_ROS2/ros_ws/install/commande_locale/include/commande_locale/commande_locale/msg/detail/msg_switch_control__description.c
[0.459s] -- Up-to-date: /home/user/celluleflexible_en_cours_ROS2/ros_ws/install/commande_locale/include/commande_locale/commande_locale/msg/detail/msg_stop_control__type_support.h
[0.459s] -- Up-to-date: /home/user/celluleflexible_en_cours_ROS2/ros_ws/install/commande_locale/include/commande_locale/commande_locale/msg/detail/msg_switch_control__functions.c
[0.459s] -- Up-to-date: /home/user/celluleflexible_en_cours_ROS2/ros_ws/install/commande_locale/include/commande_locale/commande_locale/msg/detail/msg_erreur__functions.c
[0.459s] -- Up-to-date: /home/user/celluleflexible_en_cours_ROS2/ros_ws/install/commande_locale/include/commande_locale/commande_locale/msg/detail/msg_choix_mode__type_support.h
[0.460s] -- Up-to-date: /home/user/celluleflexible_en_cours_ROS2/ros_ws/install/commande_locale/include/commande_locale/commande_locale/msg/detail/msg_add_product__functions.c
[0.460s] -- Up-to-date: /home/user/celluleflexible_en_cours_ROS2/ros_ws/install/commande_locale/include/commande_locale/commande_locale/msg/detail/capteurs__description.c
[0.460s] -- Up-to-date: /home/user/celluleflexible_en_cours_ROS2/ros_ws/install/commande_locale/include/commande_locale/commande_locale/msg/detail/capteurs__functions.h
[0.460s] -- Up-to-date: /home/user/celluleflexible_en_cours_ROS2/ros_ws/install/commande_locale/include/commande_locale/commande_locale/msg/detail/msg_choix_mode__functions.c
[0.460s] -- Up-to-date: /home/user/celluleflexible_en_cours_ROS2/ros_ws/install/commande_locale/include/commande_locale/commande_locale/msg/detail/msg_stop_control__functions.h
[0.460s] -- Installing: /home/user/celluleflexible_en_cours_ROS2/ros_ws/install/commande_locale/include/commande_locale/commande_locale/msg/detail/msg_color__type_support.c
[0.460s] -- Up-to-date: /home/user/celluleflexible_en_cours_ROS2/ros_ws/install/commande_locale/include/commande_locale/commande_locale/msg/detail/deplacer_piece_msg__type_support.h
[0.460s] -- Installing: /home/user/celluleflexible_en_cours_ROS2/ros_ws/install/commande_locale/include/commande_locale/commande_locale/msg/detail/msg_add_product__type_support.c
[0.460s] -- Installing: /home/user/celluleflexible_en_cours_ROS2/ros_ws/install/commande_locale/include/commande_locale/commande_locale/msg/detail/msg_choix_mode__type_support.c
[0.460s] -- Up-to-date: /home/user/celluleflexible_en_cours_ROS2/ros_ws/install/commande_locale/include/commande_locale/commande_locale/msg/detail/robot_joints__description.c
[0.460s] -- Up-to-date: /home/user/celluleflexible_en_cours_ROS2/ros_ws/install/commande_locale/include/commande_locale/commande_locale/msg/detail/actionneurs__struct.h
[0.460s] -- Up-to-date: /home/user/celluleflexible_en_cours_ROS2/ros_ws/install/commande_locale/include/commande_locale/commande_locale/msg/detail/robot_joints__functions.c
[0.460s] -- Up-to-date: /home/user/celluleflexible_en_cours_ROS2/ros_ws/install/commande_locale/include/commande_locale/commande_locale/msg/detail/actionneurs__description.c
[0.460s] -- Installing: /home/user/celluleflexible_en_cours_ROS2/ros_ws/install/commande_locale/include/commande_locale/commande_locale/msg/detail/robot_joints__type_support.c
[0.460s] -- Up-to-date: /home/user/celluleflexible_en_cours_ROS2/ros_ws/install/commande_locale/include/commande_locale/commande_locale/msg/detail/msg_pin_control__description.c
[0.460s] -- Up-to-date: /home/user/celluleflexible_en_cours_ROS2/ros_ws/install/commande_locale/include/commande_locale/commande_locale/msg/detail/tache_finie_msg__struct.h
[0.460s] -- Up-to-date: /home/user/celluleflexible_en_cours_ROS2/ros_ws/install/commande_locale/include/commande_locale/commande_locale/msg/detail/msg_switch_control__struct.h
[0.460s] -- Up-to-date: /home/user/celluleflexible_en_cours_ROS2/ros_ws/install/commande_locale/include/commande_locale/commande_locale/msg/detail/msg_erreur__description.c
[0.461s] -- Up-to-date: /home/user/celluleflexible_en_cours_ROS2/ros_ws/install/commande_locale/include/commande_locale/commande_locale/msg/detail/tache_finie_msg__description.c
[0.461s] -- Up-to-date: /home/user/celluleflexible_en_cours_ROS2/ros_ws/install/commande_locale/include/commande_locale/commande_locale/msg/detail/deplacer_piece_msg__description.c
[0.461s] -- Up-to-date: /home/user/celluleflexible_en_cours_ROS2/ros_ws/install/commande_locale/include/commande_locale/commande_locale/msg/detail/msg_add_product__functions.h
[0.461s] -- Installing: /home/user/celluleflexible_en_cours_ROS2/ros_ws/install/commande_locale/include/commande_locale/commande_locale/msg/detail/msg_pin_control__type_support.c
[0.461s] -- Installing: /home/user/celluleflexible_en_cours_ROS2/ros_ws/install/commande_locale/include/commande_locale/commande_locale/msg/detail/msg_erreur__type_support.c
[0.461s] -- Up-to-date: /home/user/celluleflexible_en_cours_ROS2/ros_ws/install/commande_locale/include/commande_locale/commande_locale/msg/detail/msg_add_product__type_support.h
[0.461s] -- Up-to-date: /home/user/celluleflexible_en_cours_ROS2/ros_ws/install/commande_locale/include/commande_locale/commande_locale/msg/detail/msg_stop_control__struct.h
[0.461s] -- Up-to-date: /home/user/celluleflexible_en_cours_ROS2/ros_ws/install/commande_locale/include/commande_locale/commande_locale/msg/detail/msg_stop_control__functions.c
[0.461s] -- Up-to-date: /home/user/celluleflexible_en_cours_ROS2/ros_ws/install/commande_locale/include/commande_locale/commande_locale/msg/detail/msg_switch_control__type_support.h
[0.461s] -- Up-to-date: /home/user/celluleflexible_en_cours_ROS2/ros_ws/install/commande_locale/include/commande_locale/commande_locale/msg/detail/msg_pin_control__type_support.h
[0.461s] -- Up-to-date: /home/user/celluleflexible_en_cours_ROS2/ros_ws/install/commande_locale/include/commande_locale/commande_locale/msg/detail/robot_joints__functions.h
[0.461s] -- Up-to-date: /home/user/celluleflexible_en_cours_ROS2/ros_ws/install/commande_locale/include/commande_locale/commande_locale/msg/detail/deplacer_piece_msg__functions.c
[0.461s] -- Installing: /home/user/celluleflexible_en_cours_ROS2/ros_ws/install/commande_locale/include/commande_locale/commande_locale/msg/detail/tache_finie_msg__type_support.c
[0.462s] -- Up-to-date: /home/user/celluleflexible_en_cours_ROS2/ros_ws/install/commande_locale/include/commande_locale/commande_locale/msg/detail/msg_add_product__struct.h
[0.462s] -- Up-to-date: /home/user/celluleflexible_en_cours_ROS2/ros_ws/install/commande_locale/include/commande_locale/commande_locale/msg/detail/tache_finie_msg__functions.h
[0.462s] -- Up-to-date: /home/user/celluleflexible_en_cours_ROS2/ros_ws/install/commande_locale/include/commande_locale/commande_locale/msg/detail/capteurs__functions.c
[0.462s] -- Up-to-date: /home/user/celluleflexible_en_cours_ROS2/ros_ws/install/commande_locale/include/commande_locale/commande_locale/msg/detail/msg_color__functions.h
[0.462s] -- Up-to-date: /home/user/celluleflexible_en_cours_ROS2/ros_ws/install/commande_locale/include/commande_locale/commande_locale/msg/detail/msg_choix_mode__struct.h
[0.462s] -- Up-to-date: /home/user/celluleflexible_en_cours_ROS2/ros_ws/install/commande_locale/include/commande_locale/commande_locale/msg/detail/msg_pin_control__struct.h
[0.462s] -- Up-to-date: /home/user/celluleflexible_en_cours_ROS2/ros_ws/install/commande_locale/include/commande_locale/commande_locale/msg/detail/tache_finie_msg__type_support.h
[0.462s] -- Up-to-date: /home/user/celluleflexible_en_cours_ROS2/ros_ws/install/commande_locale/include/commande_locale/commande_locale/msg/detail/msg_color__functions.c
[0.462s] -- Up-to-date: /home/user/celluleflexible_en_cours_ROS2/ros_ws/install/commande_locale/include/commande_locale/commande_locale/msg/detail/capteurs__type_support.h
[0.462s] -- Up-to-date: /home/user/celluleflexible_en_cours_ROS2/ros_ws/install/commande_locale/include/commande_locale/commande_locale/msg/detail/actionneurs__functions.c
[0.462s] -- Up-to-date: /home/user/celluleflexible_en_cours_ROS2/ros_ws/install/commande_locale/include/commande_locale/commande_locale/msg/detail/tache_finie_msg__functions.c
[0.462s] -- Up-to-date: /home/user/celluleflexible_en_cours_ROS2/ros_ws/install/commande_locale/include/commande_locale/commande_locale/msg/tache_finie_msg.h
[0.463s] -- Up-to-date: /home/user/celluleflexible_en_cours_ROS2/ros_ws/install/commande_locale/include/commande_locale/commande_locale/msg/msg_color.h
[0.463s] -- Up-to-date: /home/user/celluleflexible_en_cours_ROS2/ros_ws/install/commande_locale/include/commande_locale/commande_locale/srv
[0.463s] -- Up-to-date: /home/user/celluleflexible_en_cours_ROS2/ros_ws/install/commande_locale/include/commande_locale/commande_locale/srv/srv_fin_init.h
[0.463s] -- Up-to-date: /home/user/celluleflexible_en_cours_ROS2/ros_ws/install/commande_locale/include/commande_locale/commande_locale/srv/srv_add_product_push_back.h
[0.463s] -- Up-to-date: /home/user/celluleflexible_en_cours_ROS2/ros_ws/install/commande_locale/include/commande_locale/commande_locale/srv/srv_add_product.h
[0.463s] -- Up-to-date: /home/user/celluleflexible_en_cours_ROS2/ros_ws/install/commande_locale/include/commande_locale/commande_locale/srv/detail
[0.463s] -- Up-to-date: /home/user/celluleflexible_en_cours_ROS2/ros_ws/install/commande_locale/include/commande_locale/commande_locale/srv/detail/srv_fin_init__type_support.h
[0.463s] -- Installing: /home/user/celluleflexible_en_cours_ROS2/ros_ws/install/commande_locale/include/commande_locale/commande_locale/srv/detail/srv_add_product_push_back__type_support.c
[0.463s] -- Up-to-date: /home/user/celluleflexible_en_cours_ROS2/ros_ws/install/commande_locale/include/commande_locale/commande_locale/srv/detail/srv_add_product_push_back__description.c
[0.463s] -- Up-to-date: /home/user/celluleflexible_en_cours_ROS2/ros_ws/install/commande_locale/include/commande_locale/commande_locale/srv/detail/srv_add_product__struct.h
[0.463s] -- Up-to-date: /home/user/celluleflexible_en_cours_ROS2/ros_ws/install/commande_locale/include/commande_locale/commande_locale/srv/detail/srv_fin_init__type_support.c
[0.464s] -- Up-to-date: /home/user/celluleflexible_en_cours_ROS2/ros_ws/install/commande_locale/include/commande_locale/commande_locale/srv/detail/srv_add_product__type_support.h
[0.464s] -- Up-to-date: /home/user/celluleflexible_en_cours_ROS2/ros_ws/install/commande_locale/include/commande_locale/commande_locale/srv/detail/srv_fin_init__functions.c
[0.464s] -- Up-to-date: /home/user/celluleflexible_en_cours_ROS2/ros_ws/install/commande_locale/include/commande_locale/commande_locale/srv/detail/srv_add_product__description.c
[0.464s] -- Up-to-date: /home/user/celluleflexible_en_cours_ROS2/ros_ws/install/commande_locale/include/commande_locale/commande_locale/srv/detail/srv_add_product_push_back__functions.h
[0.464s] -- Up-to-date: /home/user/celluleflexible_en_cours_ROS2/ros_ws/install/commande_locale/include/commande_locale/commande_locale/srv/detail/srv_add_product__functions.c
[0.464s] -- Up-to-date: /home/user/celluleflexible_en_cours_ROS2/ros_ws/install/commande_locale/include/commande_locale/commande_locale/srv/detail/srv_fin_init__functions.h
[0.464s] -- Installing: /home/user/celluleflexible_en_cours_ROS2/ros_ws/install/commande_locale/include/commande_locale/commande_locale/srv/detail/srv_add_product__type_support.c
[0.464s] -- Up-to-date: /home/user/celluleflexible_en_cours_ROS2/ros_ws/install/commande_locale/include/commande_locale/commande_locale/srv/detail/srv_add_product_push_back__struct.h
[0.464s] -- Up-to-date: /home/user/celluleflexible_en_cours_ROS2/ros_ws/install/commande_locale/include/commande_locale/commande_locale/srv/detail/srv_fin_init__description.c
[0.464s] -- Up-to-date: /home/user/celluleflexible_en_cours_ROS2/ros_ws/install/commande_locale/include/commande_locale/commande_locale/srv/detail/srv_add_product_push_back__type_support.h
[0.465s] -- Up-to-date: /home/user/celluleflexible_en_cours_ROS2/ros_ws/install/commande_locale/include/commande_locale/commande_locale/srv/detail/srv_fin_init__struct.h
[0.465s] -- Up-to-date: /home/user/celluleflexible_en_cours_ROS2/ros_ws/install/commande_locale/include/commande_locale/commande_locale/srv/detail/srv_add_product_push_back__functions.c
[0.465s] -- Up-to-date: /home/user/celluleflexible_en_cours_ROS2/ros_ws/install/commande_locale/include/commande_locale/commande_locale/srv/detail/srv_add_product__functions.h
[0.465s] -- Up-to-date: /home/user/celluleflexible_en_cours_ROS2/ros_ws/install/commande_locale/share/commande_locale/environment/library_path.sh
[0.465s] -- Up-to-date: /home/user/celluleflexible_en_cours_ROS2/ros_ws/install/commande_locale/share/commande_locale/environment/library_path.dsv
[0.465s] -- Up-to-date: /home/user/celluleflexible_en_cours_ROS2/ros_ws/install/commande_locale/lib/libcommande_locale__rosidl_generator_c.so
[0.465s] -- Up-to-date: /home/user/celluleflexible_en_cours_ROS2/ros_ws/install/commande_locale/include/commande_locale/commande_locale
[0.465s] -- Up-to-date: /home/user/celluleflexible_en_cours_ROS2/ros_ws/install/commande_locale/include/commande_locale/commande_locale/msg
[0.465s] -- Up-to-date: /home/user/celluleflexible_en_cours_ROS2/ros_ws/install/commande_locale/include/commande_locale/commande_locale/msg/rosidl_typesupport_fastrtps_c__visibility_control.h
[0.465s] -- Up-to-date: /home/user/celluleflexible_en_cours_ROS2/ros_ws/install/commande_locale/include/commande_locale/commande_locale/msg/detail
[0.465s] -- Up-to-date: /home/user/celluleflexible_en_cours_ROS2/ros_ws/install/commande_locale/include/commande_locale/commande_locale/msg/detail/capteurs__rosidl_typesupport_fastrtps_c.h
[0.465s] -- Up-to-date: /home/user/celluleflexible_en_cours_ROS2/ros_ws/install/commande_locale/include/commande_locale/commande_locale/msg/detail/msg_erreur__rosidl_typesupport_fastrtps_c.h
[0.465s] -- Up-to-date: /home/user/celluleflexible_en_cours_ROS2/ros_ws/install/commande_locale/include/commande_locale/commande_locale/msg/detail/msg_color__rosidl_typesupport_fastrtps_c.h
[0.465s] -- Up-to-date: /home/user/celluleflexible_en_cours_ROS2/ros_ws/install/commande_locale/include/commande_locale/commande_locale/msg/detail/msg_choix_mode__rosidl_typesupport_fastrtps_c.h
[0.465s] -- Up-to-date: /home/user/celluleflexible_en_cours_ROS2/ros_ws/install/commande_locale/include/commande_locale/commande_locale/msg/detail/tache_finie_msg__rosidl_typesupport_fastrtps_c.h
[0.465s] -- Up-to-date: /home/user/celluleflexible_en_cours_ROS2/ros_ws/install/commande_locale/include/commande_locale/commande_locale/msg/detail/robot_joints__rosidl_typesupport_fastrtps_c.h
[0.465s] -- Up-to-date: /home/user/celluleflexible_en_cours_ROS2/ros_ws/install/commande_locale/include/commande_locale/commande_locale/msg/detail/msg_add_product__rosidl_typesupport_fastrtps_c.h
[0.465s] -- Up-to-date: /home/user/celluleflexible_en_cours_ROS2/ros_ws/install/commande_locale/include/commande_locale/commande_locale/msg/detail/deplacer_piece_msg__rosidl_typesupport_fastrtps_c.h
[0.465s] -- Up-to-date: /home/user/celluleflexible_en_cours_ROS2/ros_ws/install/commande_locale/include/commande_locale/commande_locale/msg/detail/msg_pin_control__rosidl_typesupport_fastrtps_c.h
[0.465s] -- Up-to-date: /home/user/celluleflexible_en_cours_ROS2/ros_ws/install/commande_locale/include/commande_locale/commande_locale/msg/detail/msg_stop_control__rosidl_typesupport_fastrtps_c.h
[0.466s] -- Up-to-date: /home/user/celluleflexible_en_cours_ROS2/ros_ws/install/commande_locale/include/commande_locale/commande_locale/msg/detail/actionneurs__rosidl_typesupport_fastrtps_c.h
[0.466s] -- Up-to-date: /home/user/celluleflexible_en_cours_ROS2/ros_ws/install/commande_locale/include/commande_locale/commande_locale/msg/detail/msg_switch_control__rosidl_typesupport_fastrtps_c.h
[0.466s] -- Up-to-date: /home/user/celluleflexible_en_cours_ROS2/ros_ws/install/commande_locale/include/commande_locale/commande_locale/srv
[0.466s] -- Up-to-date: /home/user/celluleflexible_en_cours_ROS2/ros_ws/install/commande_locale/include/commande_locale/commande_locale/srv/detail
[0.466s] -- Up-to-date: /home/user/celluleflexible_en_cours_ROS2/ros_ws/install/commande_locale/include/commande_locale/commande_locale/srv/detail/srv_add_product_push_back__rosidl_typesupport_fastrtps_c.h
[0.466s] -- Up-to-date: /home/user/celluleflexible_en_cours_ROS2/ros_ws/install/commande_locale/include/commande_locale/commande_locale/srv/detail/srv_add_product__rosidl_typesupport_fastrtps_c.h
[0.466s] -- Up-to-date: /home/user/celluleflexible_en_cours_ROS2/ros_ws/install/commande_locale/include/commande_locale/commande_locale/srv/detail/srv_fin_init__rosidl_typesupport_fastrtps_c.h
[0.466s] -- Up-to-date: /home/user/celluleflexible_en_cours_ROS2/ros_ws/install/commande_locale/lib/libcommande_locale__rosidl_typesupport_fastrtps_c.so
[0.466s] -- Up-to-date: /home/user/celluleflexible_en_cours_ROS2/ros_ws/install/commande_locale/include/commande_locale/commande_locale
[0.466s] -- Up-to-date: /home/user/celluleflexible_en_cours_ROS2/ros_ws/install/commande_locale/include/commande_locale/commande_locale/msg
[0.466s] -- Up-to-date: /home/user/celluleflexible_en_cours_ROS2/ros_ws/install/commande_locale/include/commande_locale/commande_locale/msg/deplacer_piece_msg.hpp
[0.466s] -- Up-to-date: /home/user/celluleflexible_en_cours_ROS2/ros_ws/install/commande_locale/include/commande_locale/commande_locale/msg/capteurs.hpp
[0.466s] -- Up-to-date: /home/user/celluleflexible_en_cours_ROS2/ros_ws/install/commande_locale/include/commande_locale/commande_locale/msg/msg_color.hpp
[0.466s] -- Up-to-date: /home/user/celluleflexible_en_cours_ROS2/ros_ws/install/commande_locale/include/commande_locale/commande_locale/msg/msg_pin_control.hpp
[0.466s] -- Up-to-date: /home/user/celluleflexible_en_cours_ROS2/ros_ws/install/commande_locale/include/commande_locale/commande_locale/msg/msg_switch_control.hpp
[0.466s] -- Up-to-date: /home/user/celluleflexible_en_cours_ROS2/ros_ws/install/commande_locale/include/commande_locale/commande_locale/msg/rosidl_generator_cpp__visibility_control.hpp
[0.466s] -- Up-to-date: /home/user/celluleflexible_en_cours_ROS2/ros_ws/install/commande_locale/include/commande_locale/commande_locale/msg/msg_stop_control.hpp
[0.466s] -- Up-to-date: /home/user/celluleflexible_en_cours_ROS2/ros_ws/install/commande_locale/include/commande_locale/commande_locale/msg/msg_choix_mode.hpp
[0.467s] -- Up-to-date: /home/user/celluleflexible_en_cours_ROS2/ros_ws/install/commande_locale/include/commande_locale/commande_locale/msg/actionneurs.hpp
[0.467s] -- Up-to-date: /home/user/celluleflexible_en_cours_ROS2/ros_ws/install/commande_locale/include/commande_locale/commande_locale/msg/robot_joints.hpp
[0.467s] -- Up-to-date: /home/user/celluleflexible_en_cours_ROS2/ros_ws/install/commande_locale/include/commande_locale/commande_locale/msg/tache_finie_msg.hpp
[0.467s] -- Up-to-date: /home/user/celluleflexible_en_cours_ROS2/ros_ws/install/commande_locale/include/commande_locale/commande_locale/msg/msg_add_product.hpp
[0.467s] -- Up-to-date: /home/user/celluleflexible_en_cours_ROS2/ros_ws/install/commande_locale/include/commande_locale/commande_locale/msg/detail
[0.467s] -- Up-to-date: /home/user/celluleflexible_en_cours_ROS2/ros_ws/install/commande_locale/include/commande_locale/commande_locale/msg/detail/msg_choix_mode__struct.hpp
[0.467s] -- Up-to-date: /home/user/celluleflexible_en_cours_ROS2/ros_ws/install/commande_locale/include/commande_locale/commande_locale/msg/detail/robot_joints__type_support.hpp
[0.467s] -- Up-to-date: /home/user/celluleflexible_en_cours_ROS2/ros_ws/install/commande_locale/include/commande_locale/commande_locale/msg/detail/capteurs__builder.hpp
[0.467s] -- Up-to-date: /home/user/celluleflexible_en_cours_ROS2/ros_ws/install/commande_locale/include/commande_locale/commande_locale/msg/detail/msg_add_product__struct.hpp
[0.467s] -- Up-to-date: /home/user/celluleflexible_en_cours_ROS2/ros_ws/install/commande_locale/include/commande_locale/commande_locale/msg/detail/tache_finie_msg__struct.hpp
[0.467s] -- Up-to-date: /home/user/celluleflexible_en_cours_ROS2/ros_ws/install/commande_locale/include/commande_locale/commande_locale/msg/detail/robot_joints__builder.hpp
[0.467s] -- Up-to-date: /home/user/celluleflexible_en_cours_ROS2/ros_ws/install/commande_locale/include/commande_locale/commande_locale/msg/detail/msg_switch_control__struct.hpp
[0.467s] -- Up-to-date: /home/user/celluleflexible_en_cours_ROS2/ros_ws/install/commande_locale/include/commande_locale/commande_locale/msg/detail/msg_stop_control__traits.hpp
[0.467s] -- Up-to-date: /home/user/celluleflexible_en_cours_ROS2/ros_ws/install/commande_locale/include/commande_locale/commande_locale/msg/detail/msg_color__traits.hpp
[0.468s] -- Up-to-date: /home/user/celluleflexible_en_cours_ROS2/ros_ws/install/commande_locale/include/commande_locale/commande_locale/msg/detail/actionneurs__type_support.hpp
[0.468s] -- Up-to-date: /home/user/celluleflexible_en_cours_ROS2/ros_ws/install/commande_locale/include/commande_locale/commande_locale/msg/detail/tache_finie_msg__type_support.hpp
[0.468s] -- Up-to-date: /home/user/celluleflexible_en_cours_ROS2/ros_ws/install/commande_locale/include/commande_locale/commande_locale/msg/detail/msg_pin_control__builder.hpp
[0.468s] -- Up-to-date: /home/user/celluleflexible_en_cours_ROS2/ros_ws/install/commande_locale/include/commande_locale/commande_locale/msg/detail/capteurs__type_support.hpp
[0.468s] -- Up-to-date: /home/user/celluleflexible_en_cours_ROS2/ros_ws/install/commande_locale/include/commande_locale/commande_locale/msg/detail/msg_switch_control__traits.hpp
[0.468s] -- Up-to-date: /home/user/celluleflexible_en_cours_ROS2/ros_ws/install/commande_locale/include/commande_locale/commande_locale/msg/detail/deplacer_piece_msg__builder.hpp
[0.468s] -- Up-to-date: /home/user/celluleflexible_en_cours_ROS2/ros_ws/install/commande_locale/include/commande_locale/commande_locale/msg/detail/msg_erreur__traits.hpp
[0.468s] -- Up-to-date: /home/user/celluleflexible_en_cours_ROS2/ros_ws/install/commande_locale/include/commande_locale/commande_locale/msg/detail/msg_add_product__builder.hpp
[0.468s] -- Up-to-date: /home/user/celluleflexible_en_cours_ROS2/ros_ws/install/commande_locale/include/commande_locale/commande_locale/msg/detail/msg_stop_control__struct.hpp
[0.468s] -- Up-to-date: /home/user/celluleflexible_en_cours_ROS2/ros_ws/install/commande_locale/include/commande_locale/commande_locale/msg/detail/tache_finie_msg__traits.hpp
[0.468s] -- Up-to-date: /home/user/celluleflexible_en_cours_ROS2/ros_ws/install/commande_locale/include/commande_locale/commande_locale/msg/detail/msg_choix_mode__traits.hpp
[0.468s] -- Up-to-date: /home/user/celluleflexible_en_cours_ROS2/ros_ws/install/commande_locale/include/commande_locale/commande_locale/msg/detail/msg_choix_mode__builder.hpp
[0.468s] -- Up-to-date: /home/user/celluleflexible_en_cours_ROS2/ros_ws/install/commande_locale/include/commande_locale/commande_locale/msg/detail/msg_erreur__struct.hpp
[0.468s] -- Up-to-date: /home/user/celluleflexible_en_cours_ROS2/ros_ws/install/commande_locale/include/commande_locale/commande_locale/msg/detail/msg_color__builder.hpp
[0.469s] -- Up-to-date: /home/user/celluleflexible_en_cours_ROS2/ros_ws/install/commande_locale/include/commande_locale/commande_locale/msg/detail/msg_erreur__type_support.hpp
[0.469s] -- Up-to-date: /home/user/celluleflexible_en_cours_ROS2/ros_ws/install/commande_locale/include/commande_locale/commande_locale/msg/detail/msg_add_product__type_support.hpp
[0.469s] -- Up-to-date: /home/user/celluleflexible_en_cours_ROS2/ros_ws/install/commande_locale/include/commande_locale/commande_locale/msg/detail/deplacer_piece_msg__traits.hpp
[0.469s] -- Up-to-date: /home/user/celluleflexible_en_cours_ROS2/ros_ws/install/commande_locale/include/commande_locale/commande_locale/msg/detail/deplacer_piece_msg__type_support.hpp
[0.469s] -- Up-to-date: /home/user/celluleflexible_en_cours_ROS2/ros_ws/install/commande_locale/include/commande_locale/commande_locale/msg/detail/msg_pin_control__struct.hpp
[0.469s] -- Up-to-date: /home/user/celluleflexible_en_cours_ROS2/ros_ws/install/commande_locale/include/commande_locale/commande_locale/msg/detail/robot_joints__struct.hpp
[0.469s] -- Up-to-date: /home/user/celluleflexible_en_cours_ROS2/ros_ws/install/commande_locale/include/commande_locale/commande_locale/msg/detail/deplacer_piece_msg__struct.hpp
[0.469s] -- Up-to-date: /home/user/celluleflexible_en_cours_ROS2/ros_ws/install/commande_locale/include/commande_locale/commande_locale/msg/detail/actionneurs__builder.hpp
[0.469s] -- Up-to-date: /home/user/celluleflexible_en_cours_ROS2/ros_ws/install/commande_locale/include/commande_locale/commande_locale/msg/detail/tache_finie_msg__builder.hpp
[0.469s] -- Up-to-date: /home/user/celluleflexible_en_cours_ROS2/ros_ws/install/commande_locale/include/commande_locale/commande_locale/msg/detail/msg_erreur__builder.hpp
[0.469s] -- Up-to-date: /home/user/celluleflexible_en_cours_ROS2/ros_ws/install/commande_locale/include/commande_locale/commande_locale/msg/detail/msg_switch_control__type_support.hpp
[0.469s] -- Up-to-date: /home/user/celluleflexible_en_cours_ROS2/ros_ws/install/commande_locale/include/commande_locale/commande_locale/msg/detail/robot_joints__traits.hpp
[0.469s] -- Up-to-date: /home/user/celluleflexible_en_cours_ROS2/ros_ws/install/commande_locale/include/commande_locale/commande_locale/msg/detail/msg_pin_control__traits.hpp
[0.469s] -- Up-to-date: /home/user/celluleflexible_en_cours_ROS2/ros_ws/install/commande_locale/include/commande_locale/commande_locale/msg/detail/msg_add_product__traits.hpp
[0.469s] -- Up-to-date: /home/user/celluleflexible_en_cours_ROS2/ros_ws/install/commande_locale/include/commande_locale/commande_locale/msg/detail/capteurs__traits.hpp
[0.469s] -- Up-to-date: /home/user/celluleflexible_en_cours_ROS2/ros_ws/install/commande_locale/include/commande_locale/commande_locale/msg/detail/actionneurs__struct.hpp
[0.469s] -- Up-to-date: /home/user/celluleflexible_en_cours_ROS2/ros_ws/install/commande_locale/include/commande_locale/commande_locale/msg/detail/msg_choix_mode__type_support.hpp
[0.469s] -- Up-to-date: /home/user/celluleflexible_en_cours_ROS2/ros_ws/install/commande_locale/include/commande_locale/commande_locale/msg/detail/actionneurs__traits.hpp
[0.470s] -- Up-to-date: /home/user/celluleflexible_en_cours_ROS2/ros_ws/install/commande_locale/include/commande_locale/commande_locale/msg/detail/msg_stop_control__type_support.hpp
[0.470s] -- Up-to-date: /home/user/celluleflexible_en_cours_ROS2/ros_ws/install/commande_locale/include/commande_locale/commande_locale/msg/detail/msg_switch_control__builder.hpp
[0.470s] -- Up-to-date: /home/user/celluleflexible_en_cours_ROS2/ros_ws/install/commande_locale/include/commande_locale/commande_locale/msg/detail/msg_stop_control__builder.hpp
[0.470s] -- Up-to-date: /home/user/celluleflexible_en_cours_ROS2/ros_ws/install/commande_locale/include/commande_locale/commande_locale/msg/detail/msg_color__type_support.hpp
[0.470s] -- Up-to-date: /home/user/celluleflexible_en_cours_ROS2/ros_ws/install/commande_locale/include/commande_locale/commande_locale/msg/detail/msg_pin_control__type_support.hpp
[0.470s] -- Up-to-date: /home/user/celluleflexible_en_cours_ROS2/ros_ws/install/commande_locale/include/commande_locale/commande_locale/msg/detail/capteurs__struct.hpp
[0.470s] -- Up-to-date: /home/user/celluleflexible_en_cours_ROS2/ros_ws/install/commande_locale/include/commande_locale/commande_locale/msg/detail/msg_color__struct.hpp
[0.470s] -- Up-to-date: /home/user/celluleflexible_en_cours_ROS2/ros_ws/install/commande_locale/include/commande_locale/commande_locale/msg/msg_erreur.hpp
[0.470s] -- Up-to-date: /home/user/celluleflexible_en_cours_ROS2/ros_ws/install/commande_locale/include/commande_locale/commande_locale/srv
[0.470s] -- Up-to-date: /home/user/celluleflexible_en_cours_ROS2/ros_ws/install/commande_locale/include/commande_locale/commande_locale/srv/srv_add_product.hpp
[0.470s] -- Up-to-date: /home/user/celluleflexible_en_cours_ROS2/ros_ws/install/commande_locale/include/commande_locale/commande_locale/srv/srv_add_product_push_back.hpp
[0.470s] -- Up-to-date: /home/user/celluleflexible_en_cours_ROS2/ros_ws/install/commande_locale/include/commande_locale/commande_locale/srv/srv_fin_init.hpp
[0.470s] -- Up-to-date: /home/user/celluleflexible_en_cours_ROS2/ros_ws/install/commande_locale/include/commande_locale/commande_locale/srv/detail
[0.470s] -- Up-to-date: /home/user/celluleflexible_en_cours_ROS2/ros_ws/install/commande_locale/include/commande_locale/commande_locale/srv/detail/srv_add_product_push_back__builder.hpp
[0.471s] -- Up-to-date: /home/user/celluleflexible_en_cours_ROS2/ros_ws/install/commande_locale/include/commande_locale/commande_locale/srv/detail/srv_fin_init__builder.hpp
[0.471s] -- Up-to-date: /home/user/celluleflexible_en_cours_ROS2/ros_ws/install/commande_locale/include/commande_locale/commande_locale/srv/detail/srv_add_product__struct.hpp
[0.471s] -- Up-to-date: /home/user/celluleflexible_en_cours_ROS2/ros_ws/install/commande_locale/include/commande_locale/commande_locale/srv/detail/srv_fin_init__traits.hpp
[0.471s] -- Up-to-date: /home/user/celluleflexible_en_cours_ROS2/ros_ws/install/commande_locale/include/commande_locale/commande_locale/srv/detail/srv_add_product__type_support.hpp
[0.471s] -- Up-to-date: /home/user/celluleflexible_en_cours_ROS2/ros_ws/install/commande_locale/include/commande_locale/commande_locale/srv/detail/srv_add_product_push_back__struct.hpp
[0.471s] -- Up-to-date: /home/user/celluleflexible_en_cours_ROS2/ros_ws/install/commande_locale/include/commande_locale/commande_locale/srv/detail/srv_add_product_push_back__traits.hpp
[0.471s] -- Up-to-date: /home/user/celluleflexible_en_cours_ROS2/ros_ws/install/commande_locale/include/commande_locale/commande_locale/srv/detail/srv_fin_init__type_support.hpp
[0.471s] -- Up-to-date: /home/user/celluleflexible_en_cours_ROS2/ros_ws/install/commande_locale/include/commande_locale/commande_locale/srv/detail/srv_add_product__builder.hpp
[0.471s] -- Up-to-date: /home/user/celluleflexible_en_cours_ROS2/ros_ws/install/commande_locale/include/commande_locale/commande_locale/srv/detail/srv_fin_init__struct.hpp
[0.472s] -- Up-to-date: /home/user/celluleflexible_en_cours_ROS2/ros_ws/install/commande_locale/include/commande_locale/commande_locale/srv/detail/srv_add_product__traits.hpp
[0.472s] -- Up-to-date: /home/user/celluleflexible_en_cours_ROS2/ros_ws/install/commande_locale/include/commande_locale/commande_locale/srv/detail/srv_add_product_push_back__type_support.hpp
[0.472s] -- Up-to-date: /home/user/celluleflexible_en_cours_ROS2/ros_ws/install/commande_locale/include/commande_locale/commande_locale
[0.472s] -- Up-to-date: /home/user/celluleflexible_en_cours_ROS2/ros_ws/install/commande_locale/include/commande_locale/commande_locale/msg
[0.472s] -- Up-to-date: /home/user/celluleflexible_en_cours_ROS2/ros_ws/install/commande_locale/include/commande_locale/commande_locale/msg/detail
[0.472s] -- Up-to-date: /home/user/celluleflexible_en_cours_ROS2/ros_ws/install/commande_locale/include/commande_locale/commande_locale/msg/detail/msg_pin_control__rosidl_typesupport_fastrtps_cpp.hpp
[0.472s] -- Up-to-date: /home/user/celluleflexible_en_cours_ROS2/ros_ws/install/commande_locale/include/commande_locale/commande_locale/msg/detail/capteurs__rosidl_typesupport_fastrtps_cpp.hpp
[0.472s] -- Up-to-date: /home/user/celluleflexible_en_cours_ROS2/ros_ws/install/commande_locale/include/commande_locale/commande_locale/msg/detail/tache_finie_msg__rosidl_typesupport_fastrtps_cpp.hpp
[0.472s] -- Up-to-date: /home/user/celluleflexible_en_cours_ROS2/ros_ws/install/commande_locale/include/commande_locale/commande_locale/msg/detail/msg_switch_control__rosidl_typesupport_fastrtps_cpp.hpp
[0.472s] -- Up-to-date: /home/user/celluleflexible_en_cours_ROS2/ros_ws/install/commande_locale/include/commande_locale/commande_locale/msg/detail/dds_fastrtps
[0.472s] -- Up-to-date: /home/user/celluleflexible_en_cours_ROS2/ros_ws/install/commande_locale/include/commande_locale/commande_locale/msg/detail/msg_erreur__rosidl_typesupport_fastrtps_cpp.hpp
[0.472s] -- Up-to-date: /home/user/celluleflexible_en_cours_ROS2/ros_ws/install/commande_locale/include/commande_locale/commande_locale/msg/detail/robot_joints__rosidl_typesupport_fastrtps_cpp.hpp
[0.472s] -- Up-to-date: /home/user/celluleflexible_en_cours_ROS2/ros_ws/install/commande_locale/include/commande_locale/commande_locale/msg/detail/msg_add_product__rosidl_typesupport_fastrtps_cpp.hpp
[0.472s] -- Up-to-date: /home/user/celluleflexible_en_cours_ROS2/ros_ws/install/commande_locale/include/commande_locale/commande_locale/msg/detail/msg_stop_control__rosidl_typesupport_fastrtps_cpp.hpp
[0.472s] -- Up-to-date: /home/user/celluleflexible_en_cours_ROS2/ros_ws/install/commande_locale/include/commande_locale/commande_locale/msg/detail/actionneurs__rosidl_typesupport_fastrtps_cpp.hpp
[0.472s] -- Up-to-date: /home/user/celluleflexible_en_cours_ROS2/ros_ws/install/commande_locale/include/commande_locale/commande_locale/msg/detail/msg_color__rosidl_typesupport_fastrtps_cpp.hpp
[0.472s] -- Up-to-date: /home/user/celluleflexible_en_cours_ROS2/ros_ws/install/commande_locale/include/commande_locale/commande_locale/msg/detail/msg_choix_mode__rosidl_typesupport_fastrtps_cpp.hpp
[0.472s] -- Up-to-date: /home/user/celluleflexible_en_cours_ROS2/ros_ws/install/commande_locale/include/commande_locale/commande_locale/msg/detail/deplacer_piece_msg__rosidl_typesupport_fastrtps_cpp.hpp
[0.472s] -- Up-to-date: /home/user/celluleflexible_en_cours_ROS2/ros_ws/install/commande_locale/include/commande_locale/commande_locale/msg/rosidl_typesupport_fastrtps_cpp__visibility_control.h
[0.472s] -- Up-to-date: /home/user/celluleflexible_en_cours_ROS2/ros_ws/install/commande_locale/include/commande_locale/commande_locale/srv
[0.472s] -- Up-to-date: /home/user/celluleflexible_en_cours_ROS2/ros_ws/install/commande_locale/include/commande_locale/commande_locale/srv/detail
[0.473s] -- Up-to-date: /home/user/celluleflexible_en_cours_ROS2/ros_ws/install/commande_locale/include/commande_locale/commande_locale/srv/detail/srv_fin_init__rosidl_typesupport_fastrtps_cpp.hpp
[0.473s] -- Up-to-date: /home/user/celluleflexible_en_cours_ROS2/ros_ws/install/commande_locale/include/commande_locale/commande_locale/srv/detail/srv_add_product__rosidl_typesupport_fastrtps_cpp.hpp
[0.473s] -- Up-to-date: /home/user/celluleflexible_en_cours_ROS2/ros_ws/install/commande_locale/include/commande_locale/commande_locale/srv/detail/srv_add_product_push_back__rosidl_typesupport_fastrtps_cpp.hpp
[0.473s] -- Up-to-date: /home/user/celluleflexible_en_cours_ROS2/ros_ws/install/commande_locale/include/commande_locale/commande_locale/srv/detail/dds_fastrtps
[0.473s] -- Up-to-date: /home/user/celluleflexible_en_cours_ROS2/ros_ws/install/commande_locale/lib/libcommande_locale__rosidl_typesupport_fastrtps_cpp.so
[0.473s] -- Up-to-date: /home/user/celluleflexible_en_cours_ROS2/ros_ws/install/commande_locale/include/commande_locale/commande_locale
[0.473s] -- Up-to-date: /home/user/celluleflexible_en_cours_ROS2/ros_ws/install/commande_locale/include/commande_locale/commande_locale/msg
[0.473s] -- Up-to-date: /home/user/celluleflexible_en_cours_ROS2/ros_ws/install/commande_locale/include/commande_locale/commande_locale/msg/rosidl_typesupport_introspection_c__visibility_control.h
[0.473s] -- Up-to-date: /home/user/celluleflexible_en_cours_ROS2/ros_ws/install/commande_locale/include/commande_locale/commande_locale/msg/detail
[0.473s] -- Up-to-date: /home/user/celluleflexible_en_cours_ROS2/ros_ws/install/commande_locale/include/commande_locale/commande_locale/msg/detail/msg_stop_control__rosidl_typesupport_introspection_c.h
[0.474s] -- Up-to-date: /home/user/celluleflexible_en_cours_ROS2/ros_ws/install/commande_locale/include/commande_locale/commande_locale/msg/detail/msg_color__rosidl_typesupport_introspection_c.h
[0.474s] -- Up-to-date: /home/user/celluleflexible_en_cours_ROS2/ros_ws/install/commande_locale/include/commande_locale/commande_locale/msg/detail/msg_add_product__rosidl_typesupport_introspection_c.h
[0.474s] -- Up-to-date: /home/user/celluleflexible_en_cours_ROS2/ros_ws/install/commande_locale/include/commande_locale/commande_locale/msg/detail/actionneurs__rosidl_typesupport_introspection_c.h
[0.474s] -- Up-to-date: /home/user/celluleflexible_en_cours_ROS2/ros_ws/install/commande_locale/include/commande_locale/commande_locale/msg/detail/tache_finie_msg__rosidl_typesupport_introspection_c.h
[0.474s] -- Installing: /home/user/celluleflexible_en_cours_ROS2/ros_ws/install/commande_locale/include/commande_locale/commande_locale/msg/detail/msg_switch_control__type_support.c
[0.474s] -- Installing: /home/user/celluleflexible_en_cours_ROS2/ros_ws/install/commande_locale/include/commande_locale/commande_locale/msg/detail/msg_stop_control__type_support.c
[0.474s] -- Installing: /home/user/celluleflexible_en_cours_ROS2/ros_ws/install/commande_locale/include/commande_locale/commande_locale/msg/detail/capteurs__type_support.c
[0.474s] -- Installing: /home/user/celluleflexible_en_cours_ROS2/ros_ws/install/commande_locale/include/commande_locale/commande_locale/msg/detail/deplacer_piece_msg__type_support.c
[0.474s] -- Up-to-date: /home/user/celluleflexible_en_cours_ROS2/ros_ws/install/commande_locale/include/commande_locale/commande_locale/msg/detail/msg_pin_control__rosidl_typesupport_introspection_c.h
[0.474s] -- Up-to-date: /home/user/celluleflexible_en_cours_ROS2/ros_ws/install/commande_locale/include/commande_locale/commande_locale/msg/detail/capteurs__rosidl_typesupport_introspection_c.h
[0.474s] -- Installing: /home/user/celluleflexible_en_cours_ROS2/ros_ws/install/commande_locale/include/commande_locale/commande_locale/msg/detail/actionneurs__type_support.c
[0.474s] -- Up-to-date: /home/user/celluleflexible_en_cours_ROS2/ros_ws/install/commande_locale/include/commande_locale/commande_locale/msg/detail/deplacer_piece_msg__rosidl_typesupport_introspection_c.h
[0.474s] -- Up-to-date: /home/user/celluleflexible_en_cours_ROS2/ros_ws/install/commande_locale/include/commande_locale/commande_locale/msg/detail/msg_switch_control__rosidl_typesupport_introspection_c.h
[0.476s] -- Up-to-date: /home/user/celluleflexible_en_cours_ROS2/ros_ws/install/commande_locale/include/commande_locale/commande_locale/msg/detail/robot_joints__rosidl_typesupport_introspection_c.h
[0.476s] -- Installing: /home/user/celluleflexible_en_cours_ROS2/ros_ws/install/commande_locale/include/commande_locale/commande_locale/msg/detail/msg_color__type_support.c
[0.476s] -- Installing: /home/user/celluleflexible_en_cours_ROS2/ros_ws/install/commande_locale/include/commande_locale/commande_locale/msg/detail/msg_add_product__type_support.c
[0.476s] -- Installing: /home/user/celluleflexible_en_cours_ROS2/ros_ws/install/commande_locale/include/commande_locale/commande_locale/msg/detail/msg_choix_mode__type_support.c
[0.476s] -- Up-to-date: /home/user/celluleflexible_en_cours_ROS2/ros_ws/install/commande_locale/include/commande_locale/commande_locale/msg/detail/msg_choix_mode__rosidl_typesupport_introspection_c.h
[0.477s] -- Installing: /home/user/celluleflexible_en_cours_ROS2/ros_ws/install/commande_locale/include/commande_locale/commande_locale/msg/detail/robot_joints__type_support.c
[0.477s] -- Installing: /home/user/celluleflexible_en_cours_ROS2/ros_ws/install/commande_locale/include/commande_locale/commande_locale/msg/detail/msg_pin_control__type_support.c
[0.477s] -- Installing: /home/user/celluleflexible_en_cours_ROS2/ros_ws/install/commande_locale/include/commande_locale/commande_locale/msg/detail/msg_erreur__type_support.c
[0.477s] -- Installing: /home/user/celluleflexible_en_cours_ROS2/ros_ws/install/commande_locale/include/commande_locale/commande_locale/msg/detail/tache_finie_msg__type_support.c
[0.477s] -- Up-to-date: /home/user/celluleflexible_en_cours_ROS2/ros_ws/install/commande_locale/include/commande_locale/commande_locale/msg/detail/msg_erreur__rosidl_typesupport_introspection_c.h
[0.477s] -- Up-to-date: /home/user/celluleflexible_en_cours_ROS2/ros_ws/install/commande_locale/include/commande_locale/commande_locale/srv
[0.477s] -- Up-to-date: /home/user/celluleflexible_en_cours_ROS2/ros_ws/install/commande_locale/include/commande_locale/commande_locale/srv/detail
[0.478s] -- Installing: /home/user/celluleflexible_en_cours_ROS2/ros_ws/install/commande_locale/include/commande_locale/commande_locale/srv/detail/srv_add_product_push_back__type_support.c
[0.478s] -- Up-to-date: /home/user/celluleflexible_en_cours_ROS2/ros_ws/install/commande_locale/include/commande_locale/commande_locale/srv/detail/srv_fin_init__type_support.c
[0.478s] -- Up-to-date: /home/user/celluleflexible_en_cours_ROS2/ros_ws/install/commande_locale/include/commande_locale/commande_locale/srv/detail/srv_add_product_push_back__rosidl_typesupport_introspection_c.h
[0.478s] -- Up-to-date: /home/user/celluleflexible_en_cours_ROS2/ros_ws/install/commande_locale/include/commande_locale/commande_locale/srv/detail/srv_fin_init__rosidl_typesupport_introspection_c.h
[0.478s] -- Up-to-date: /home/user/celluleflexible_en_cours_ROS2/ros_ws/install/commande_locale/include/commande_locale/commande_locale/srv/detail/srv_add_product__rosidl_typesupport_introspection_c.h
[0.479s] -- Installing: /home/user/celluleflexible_en_cours_ROS2/ros_ws/install/commande_locale/include/commande_locale/commande_locale/srv/detail/srv_add_product__type_support.c
[0.479s] -- Up-to-date: /home/user/celluleflexible_en_cours_ROS2/ros_ws/install/commande_locale/lib/libcommande_locale__rosidl_typesupport_introspection_c.so
[0.479s] -- Up-to-date: /home/user/celluleflexible_en_cours_ROS2/ros_ws/install/commande_locale/lib/libcommande_locale__rosidl_typesupport_c.so
[0.479s] -- Up-to-date: /home/user/celluleflexible_en_cours_ROS2/ros_ws/install/commande_locale/include/commande_locale/commande_locale
[0.479s] -- Up-to-date: /home/user/celluleflexible_en_cours_ROS2/ros_ws/install/commande_locale/include/commande_locale/commande_locale/msg
[0.479s] -- Up-to-date: /home/user/celluleflexible_en_cours_ROS2/ros_ws/install/commande_locale/include/commande_locale/commande_locale/msg/detail
[0.479s] -- Up-to-date: /home/user/celluleflexible_en_cours_ROS2/ros_ws/install/commande_locale/include/commande_locale/commande_locale/msg/detail/msg_add_product__type_support.cpp
[0.479s] -- Up-to-date: /home/user/celluleflexible_en_cours_ROS2/ros_ws/install/commande_locale/include/commande_locale/commande_locale/msg/detail/msg_switch_control__rosidl_typesupport_introspection_cpp.hpp
[0.479s] -- Up-to-date: /home/user/celluleflexible_en_cours_ROS2/ros_ws/install/commande_locale/include/commande_locale/commande_locale/msg/detail/msg_pin_control__type_support.cpp
[0.479s] -- Up-to-date: /home/user/celluleflexible_en_cours_ROS2/ros_ws/install/commande_locale/include/commande_locale/commande_locale/msg/detail/actionneurs__rosidl_typesupport_introspection_cpp.hpp
[0.480s] -- Up-to-date: /home/user/celluleflexible_en_cours_ROS2/ros_ws/install/commande_locale/include/commande_locale/commande_locale/msg/detail/msg_stop_control__rosidl_typesupport_introspection_cpp.hpp
[0.480s] -- Up-to-date: /home/user/celluleflexible_en_cours_ROS2/ros_ws/install/commande_locale/include/commande_locale/commande_locale/msg/detail/tache_finie_msg__type_support.cpp
[0.480s] -- Up-to-date: /home/user/celluleflexible_en_cours_ROS2/ros_ws/install/commande_locale/include/commande_locale/commande_locale/msg/detail/capteurs__rosidl_typesupport_introspection_cpp.hpp
[0.480s] -- Up-to-date: /home/user/celluleflexible_en_cours_ROS2/ros_ws/install/commande_locale/include/commande_locale/commande_locale/msg/detail/deplacer_piece_msg__rosidl_typesupport_introspection_cpp.hpp
[0.480s] -- Up-to-date: /home/user/celluleflexible_en_cours_ROS2/ros_ws/install/commande_locale/include/commande_locale/commande_locale/msg/detail/msg_stop_control__type_support.cpp
[0.480s] -- Up-to-date: /home/user/celluleflexible_en_cours_ROS2/ros_ws/install/commande_locale/include/commande_locale/commande_locale/msg/detail/msg_pin_control__rosidl_typesupport_introspection_cpp.hpp
[0.480s] -- Up-to-date: /home/user/celluleflexible_en_cours_ROS2/ros_ws/install/commande_locale/include/commande_locale/commande_locale/msg/detail/msg_erreur__type_support.cpp
[0.480s] -- Up-to-date: /home/user/celluleflexible_en_cours_ROS2/ros_ws/install/commande_locale/include/commande_locale/commande_locale/msg/detail/robot_joints__rosidl_typesupport_introspection_cpp.hpp
[0.480s] -- Up-to-date: /home/user/celluleflexible_en_cours_ROS2/ros_ws/install/commande_locale/include/commande_locale/commande_locale/msg/detail/msg_erreur__rosidl_typesupport_introspection_cpp.hpp
[0.480s] -- Up-to-date: /home/user/celluleflexible_en_cours_ROS2/ros_ws/install/commande_locale/include/commande_locale/commande_locale/msg/detail/msg_choix_mode__type_support.cpp
[0.480s] -- Up-to-date: /home/user/celluleflexible_en_cours_ROS2/ros_ws/install/commande_locale/include/commande_locale/commande_locale/msg/detail/msg_color__rosidl_typesupport_introspection_cpp.hpp
[0.480s] -- Up-to-date: /home/user/celluleflexible_en_cours_ROS2/ros_ws/install/commande_locale/include/commande_locale/commande_locale/msg/detail/msg_choix_mode__rosidl_typesupport_introspection_cpp.hpp
[0.481s] -- Up-to-date: /home/user/celluleflexible_en_cours_ROS2/ros_ws/install/commande_locale/include/commande_locale/commande_locale/msg/detail/deplacer_piece_msg__type_support.cpp
[0.481s] -- Up-to-date: /home/user/celluleflexible_en_cours_ROS2/ros_ws/install/commande_locale/include/commande_locale/commande_locale/msg/detail/msg_switch_control__type_support.cpp
[0.481s] -- Up-to-date: /home/user/celluleflexible_en_cours_ROS2/ros_ws/install/commande_locale/include/commande_locale/commande_locale/msg/detail/robot_joints__type_support.cpp
[0.481s] -- Up-to-date: /home/user/celluleflexible_en_cours_ROS2/ros_ws/install/commande_locale/include/commande_locale/commande_locale/msg/detail/capteurs__type_support.cpp
[0.481s] -- Up-to-date: /home/user/celluleflexible_en_cours_ROS2/ros_ws/install/commande_locale/include/commande_locale/commande_locale/msg/detail/tache_finie_msg__rosidl_typesupport_introspection_cpp.hpp
[0.481s] -- Up-to-date: /home/user/celluleflexible_en_cours_ROS2/ros_ws/install/commande_locale/include/commande_locale/commande_locale/msg/detail/msg_color__type_support.cpp
[0.481s] -- Up-to-date: /home/user/celluleflexible_en_cours_ROS2/ros_ws/install/commande_locale/include/commande_locale/commande_locale/msg/detail/msg_add_product__rosidl_typesupport_introspection_cpp.hpp
[0.481s] -- Up-to-date: /home/user/celluleflexible_en_cours_ROS2/ros_ws/install/commande_locale/include/commande_locale/commande_locale/msg/detail/actionneurs__type_support.cpp
[0.482s] -- Up-to-date: /home/user/celluleflexible_en_cours_ROS2/ros_ws/install/commande_locale/include/commande_locale/commande_locale/srv
[0.482s] -- Up-to-date: /home/user/celluleflexible_en_cours_ROS2/ros_ws/install/commande_locale/include/commande_locale/commande_locale/srv/detail
[0.483s] -- Up-to-date: /home/user/celluleflexible_en_cours_ROS2/ros_ws/install/commande_locale/include/commande_locale/commande_locale/srv/detail/srv_add_product_push_back__rosidl_typesupport_introspection_cpp.hpp
[0.486s] -- Up-to-date: /home/user/celluleflexible_en_cours_ROS2/ros_ws/install/commande_locale/include/commande_locale/commande_locale/srv/detail/srv_add_product__type_support.cpp
[0.486s] -- Up-to-date: /home/user/celluleflexible_en_cours_ROS2/ros_ws/install/commande_locale/include/commande_locale/commande_locale/srv/detail/srv_add_product__rosidl_typesupport_introspection_cpp.hpp
[0.486s] -- Up-to-date: /home/user/celluleflexible_en_cours_ROS2/ros_ws/install/commande_locale/include/commande_locale/commande_locale/srv/detail/srv_fin_init__rosidl_typesupport_introspection_cpp.hpp
[0.486s] -- Up-to-date: /home/user/celluleflexible_en_cours_ROS2/ros_ws/install/commande_locale/include/commande_locale/commande_locale/srv/detail/srv_add_product_push_back__type_support.cpp
[0.486s] -- Up-to-date: /home/user/celluleflexible_en_cours_ROS2/ros_ws/install/commande_locale/include/commande_locale/commande_locale/srv/detail/srv_fin_init__type_support.cpp
[0.486s] -- Up-to-date: /home/user/celluleflexible_en_cours_ROS2/ros_ws/install/commande_locale/lib/libcommande_locale__rosidl_typesupport_introspection_cpp.so
[0.486s] -- Up-to-date: /home/user/celluleflexible_en_cours_ROS2/ros_ws/install/commande_locale/lib/libcommande_locale__rosidl_typesupport_cpp.so
[0.486s] -- Up-to-date: /home/user/celluleflexible_en_cours_ROS2/ros_ws/install/commande_locale/share/commande_locale/environment/pythonpath.sh
[0.486s] -- Up-to-date: /home/user/celluleflexible_en_cours_ROS2/ros_ws/install/commande_locale/share/commande_locale/environment/pythonpath.dsv
[0.486s] -- Up-to-date: /home/user/celluleflexible_en_cours_ROS2/ros_ws/install/commande_locale/lib/python3.12/site-packages/commande_locale-3.1.2-py3.12.egg-info
[0.487s] -- Installing: /home/user/celluleflexible_en_cours_ROS2/ros_ws/install/commande_locale/lib/python3.12/site-packages/commande_locale-3.1.2-py3.12.egg-info/SOURCES.txt
[0.487s] -- Installing: /home/user/celluleflexible_en_cours_ROS2/ros_ws/install/commande_locale/lib/python3.12/site-packages/commande_locale-3.1.2-py3.12.egg-info/top_level.txt
[0.487s] -- Installing: /home/user/celluleflexible_en_cours_ROS2/ros_ws/install/commande_locale/lib/python3.12/site-packages/commande_locale-3.1.2-py3.12.egg-info/PKG-INFO
[0.487s] -- Installing: /home/user/celluleflexible_en_cours_ROS2/ros_ws/install/commande_locale/lib/python3.12/site-packages/commande_locale-3.1.2-py3.12.egg-info/dependency_links.txt
[0.488s] -- Up-to-date: /home/user/celluleflexible_en_cours_ROS2/ros_ws/install/commande_locale/lib/python3.12/site-packages/commande_locale
[0.488s] -- Up-to-date: /home/user/celluleflexible_en_cours_ROS2/ros_ws/install/commande_locale/lib/python3.12/site-packages/commande_locale/msg
[0.488s] -- Up-to-date: /home/user/celluleflexible_en_cours_ROS2/ros_ws/install/commande_locale/lib/python3.12/site-packages/commande_locale/msg/_deplacer_piece_msg.py
[0.488s] -- Up-to-date: /home/user/celluleflexible_en_cours_ROS2/ros_ws/install/commande_locale/lib/python3.12/site-packages/commande_locale/msg/_msg_color_s.c
[0.488s] -- Up-to-date: /home/user/celluleflexible_en_cours_ROS2/ros_ws/install/commande_locale/lib/python3.12/site-packages/commande_locale/msg/_tache_finie_msg_s.c
[0.488s] -- Up-to-date: /home/user/celluleflexible_en_cours_ROS2/ros_ws/install/commande_locale/lib/python3.12/site-packages/commande_locale/msg/_msg_color.py
[0.488s] -- Up-to-date: /home/user/celluleflexible_en_cours_ROS2/ros_ws/install/commande_locale/lib/python3.12/site-packages/commande_locale/msg/_msg_stop_control.py
[0.488s] -- Up-to-date: /home/user/celluleflexible_en_cours_ROS2/ros_ws/install/commande_locale/lib/python3.12/site-packages/commande_locale/msg/_msg_erreur.py
[0.489s] -- Up-to-date: /home/user/celluleflexible_en_cours_ROS2/ros_ws/install/commande_locale/lib/python3.12/site-packages/commande_locale/msg/_msg_choix_mode_s.c
[0.489s] -- Up-to-date: /home/user/celluleflexible_en_cours_ROS2/ros_ws/install/commande_locale/lib/python3.12/site-packages/commande_locale/msg/__init__.py
[0.489s] -- Up-to-date: /home/user/celluleflexible_en_cours_ROS2/ros_ws/install/commande_locale/lib/python3.12/site-packages/commande_locale/msg/_msg_add_product_s.c
[0.489s] -- Up-to-date: /home/user/celluleflexible_en_cours_ROS2/ros_ws/install/commande_locale/lib/python3.12/site-packages/commande_locale/msg/_msg_choix_mode.py
[0.489s] -- Up-to-date: /home/user/celluleflexible_en_cours_ROS2/ros_ws/install/commande_locale/lib/python3.12/site-packages/commande_locale/msg/_actionneurs.py
[0.489s] -- Up-to-date: /home/user/celluleflexible_en_cours_ROS2/ros_ws/install/commande_locale/lib/python3.12/site-packages/commande_locale/msg/_tache_finie_msg.py
[0.489s] -- Up-to-date: /home/user/celluleflexible_en_cours_ROS2/ros_ws/install/commande_locale/lib/python3.12/site-packages/commande_locale/msg/_msg_switch_control.py
[0.489s] -- Up-to-date: /home/user/celluleflexible_en_cours_ROS2/ros_ws/install/commande_locale/lib/python3.12/site-packages/commande_locale/msg/_capteurs.py
[0.489s] -- Up-to-date: /home/user/celluleflexible_en_cours_ROS2/ros_ws/install/commande_locale/lib/python3.12/site-packages/commande_locale/msg/_msg_stop_control_s.c
[0.489s] -- Up-to-date: /home/user/celluleflexible_en_cours_ROS2/ros_ws/install/commande_locale/lib/python3.12/site-packages/commande_locale/msg/_robot_joints_s.c
[0.489s] -- Up-to-date: /home/user/celluleflexible_en_cours_ROS2/ros_ws/install/commande_locale/lib/python3.12/site-packages/commande_locale/msg/_capteurs_s.c
[0.489s] -- Up-to-date: /home/user/celluleflexible_en_cours_ROS2/ros_ws/install/commande_locale/lib/python3.12/site-packages/commande_locale/msg/_deplacer_piece_msg_s.c
[0.489s] -- Up-to-date: /home/user/celluleflexible_en_cours_ROS2/ros_ws/install/commande_locale/lib/python3.12/site-packages/commande_locale/msg/_msg_switch_control_s.c
[0.490s] -- Up-to-date: /home/user/celluleflexible_en_cours_ROS2/ros_ws/install/commande_locale/lib/python3.12/site-packages/commande_locale/msg/_actionneurs_s.c
[0.490s] -- Up-to-date: /home/user/celluleflexible_en_cours_ROS2/ros_ws/install/commande_locale/lib/python3.12/site-packages/commande_locale/msg/_msg_pin_control_s.c
[0.490s] -- Up-to-date: /home/user/celluleflexible_en_cours_ROS2/ros_ws/install/commande_locale/lib/python3.12/site-packages/commande_locale/msg/_msg_erreur_s.c
[0.490s] -- Up-to-date: /home/user/celluleflexible_en_cours_ROS2/ros_ws/install/commande_locale/lib/python3.12/site-packages/commande_locale/msg/_msg_pin_control.py
[0.490s] -- Up-to-date: /home/user/celluleflexible_en_cours_ROS2/ros_ws/install/commande_locale/lib/python3.12/site-packages/commande_locale/msg/_robot_joints.py
[0.490s] -- Up-to-date: /home/user/celluleflexible_en_cours_ROS2/ros_ws/install/commande_locale/lib/python3.12/site-packages/commande_locale/msg/_msg_add_product.py
[0.491s] -- Up-to-date: /home/user/celluleflexible_en_cours_ROS2/ros_ws/install/commande_locale/lib/python3.12/site-packages/commande_locale/__init__.py
[0.491s] -- Up-to-date: /home/user/celluleflexible_en_cours_ROS2/ros_ws/install/commande_locale/lib/python3.12/site-packages/commande_locale/_commande_locale_s.ep.rosidl_typesupport_c.c
[0.491s] -- Up-to-date: /home/user/celluleflexible_en_cours_ROS2/ros_ws/install/commande_locale/lib/python3.12/site-packages/commande_locale/commande_locale_s__rosidl_typesupport_c.so
[0.491s] -- Up-to-date: /home/user/celluleflexible_en_cours_ROS2/ros_ws/install/commande_locale/lib/python3.12/site-packages/commande_locale/commande_locale_s__rosidl_typesupport_fastrtps_c.so
[0.491s] -- Up-to-date: /home/user/celluleflexible_en_cours_ROS2/ros_ws/install/commande_locale/lib/python3.12/site-packages/commande_locale/srv
[0.491s] -- Up-to-date: /home/user/celluleflexible_en_cours_ROS2/ros_ws/install/commande_locale/lib/python3.12/site-packages/commande_locale/srv/_srv_add_product.py
[0.491s] -- Up-to-date: /home/user/celluleflexible_en_cours_ROS2/ros_ws/install/commande_locale/lib/python3.12/site-packages/commande_locale/srv/_srv_add_product_push_back.py
[0.491s] -- Up-to-date: /home/user/celluleflexible_en_cours_ROS2/ros_ws/install/commande_locale/lib/python3.12/site-packages/commande_locale/srv/__init__.py
[0.491s] -- Up-to-date: /home/user/celluleflexible_en_cours_ROS2/ros_ws/install/commande_locale/lib/python3.12/site-packages/commande_locale/srv/_srv_add_product_push_back_s.c
[0.491s] -- Up-to-date: /home/user/celluleflexible_en_cours_ROS2/ros_ws/install/commande_locale/lib/python3.12/site-packages/commande_locale/srv/_srv_fin_init.py
[0.491s] -- Up-to-date: /home/user/celluleflexible_en_cours_ROS2/ros_ws/install/commande_locale/lib/python3.12/site-packages/commande_locale/srv/_srv_fin_init_s.c
[0.491s] -- Up-to-date: /home/user/celluleflexible_en_cours_ROS2/ros_ws/install/commande_locale/lib/python3.12/site-packages/commande_locale/srv/_srv_add_product_s.c
[0.491s] -- Up-to-date: /home/user/celluleflexible_en_cours_ROS2/ros_ws/install/commande_locale/lib/python3.12/site-packages/commande_locale/_commande_locale_s.ep.rosidl_typesupport_introspection_c.c
[0.491s] -- Up-to-date: /home/user/celluleflexible_en_cours_ROS2/ros_ws/install/commande_locale/lib/python3.12/site-packages/commande_locale/commande_locale_s__rosidl_typesupport_introspection_c.so
[0.491s] -- Up-to-date: /home/user/celluleflexible_en_cours_ROS2/ros_ws/install/commande_locale/lib/python3.12/site-packages/commande_locale/_commande_locale_s.ep.rosidl_typesupport_fastrtps_c.c
[0.497s] Listing '/home/user/celluleflexible_en_cours_ROS2/ros_ws/install/commande_locale/lib/python3.12/site-packages/commande_locale'...
[0.497s] Listing '/home/user/celluleflexible_en_cours_ROS2/ros_ws/install/commande_locale/lib/python3.12/site-packages/commande_locale/msg'...
[0.497s] Listing '/home/user/celluleflexible_en_cours_ROS2/ros_ws/install/commande_locale/lib/python3.12/site-packages/commande_locale/srv'...
[0.510s] -- Up-to-date: /home/user/celluleflexible_en_cours_ROS2/ros_ws/install/commande_locale/lib/python3.12/site-packages/commande_locale/commande_locale_s__rosidl_typesupport_fastrtps_c.so
[0.510s] -- Up-to-date: /home/user/celluleflexible_en_cours_ROS2/ros_ws/install/commande_locale/lib/python3.12/site-packages/commande_locale/commande_locale_s__rosidl_typesupport_introspection_c.so
[0.510s] -- Up-to-date: /home/user/celluleflexible_en_cours_ROS2/ros_ws/install/commande_locale/lib/python3.12/site-packages/commande_locale/commande_locale_s__rosidl_typesupport_c.so
[0.511s] -- Up-to-date: /home/user/celluleflexible_en_cours_ROS2/ros_ws/install/commande_locale/lib/libcommande_locale__rosidl_generator_py.so
[0.515s] -- Up-to-date: /home/user/celluleflexible_en_cours_ROS2/ros_ws/install/commande_locale/share/commande_locale/srv/SrvAddProduct.idl
[0.515s] -- Up-to-date: /home/user/celluleflexible_en_cours_ROS2/ros_ws/install/commande_locale/share/commande_locale/srv/SrvFinInit.idl
[0.515s] -- Up-to-date: /home/user/celluleflexible_en_cours_ROS2/ros_ws/install/commande_locale/share/commande_locale/srv/SrvAddProductPushBack.idl
[0.515s] -- Up-to-date: /home/user/celluleflexible_en_cours_ROS2/ros_ws/install/commande_locale/share/commande_locale/msg/MsgAddProduct.idl
[0.515s] -- Up-to-date: /home/user/celluleflexible_en_cours_ROS2/ros_ws/install/commande_locale/share/commande_locale/msg/MsgStopControl.idl
[0.515s] -- Up-to-date: /home/user/celluleflexible_en_cours_ROS2/ros_ws/install/commande_locale/share/commande_locale/msg/MsgColor.idl
[0.515s] -- Up-to-date: /home/user/celluleflexible_en_cours_ROS2/ros_ws/install/commande_locale/share/commande_locale/msg/MsgSwitchControl.idl
[0.515s] -- Up-to-date: /home/user/celluleflexible_en_cours_ROS2/ros_ws/install/commande_locale/share/commande_locale/msg/MsgPinControl.idl
[0.515s] -- Up-to-date: /home/user/celluleflexible_en_cours_ROS2/ros_ws/install/commande_locale/share/commande_locale/msg/MsgErreur.idl
[0.515s] -- Up-to-date: /home/user/celluleflexible_en_cours_ROS2/ros_ws/install/commande_locale/share/commande_locale/msg/RobotJoints.idl
[0.515s] -- Up-to-date: /home/user/celluleflexible_en_cours_ROS2/ros_ws/install/commande_locale/share/commande_locale/msg/TacheFinieMsg.idl
[0.515s] -- Up-to-date: /home/user/celluleflexible_en_cours_ROS2/ros_ws/install/commande_locale/share/commande_locale/msg/DeplacerPieceMsg.idl
[0.515s] -- Up-to-date: /home/user/celluleflexible_en_cours_ROS2/ros_ws/install/commande_locale/share/commande_locale/msg/Actionneurs.idl
[0.518s] -- Up-to-date: /home/user/celluleflexible_en_cours_ROS2/ros_ws/install/commande_locale/share/commande_locale/msg/Capteurs.idl
[0.518s] -- Up-to-date: /home/user/celluleflexible_en_cours_ROS2/ros_ws/install/commande_locale/share/commande_locale/msg/MsgChoixMode.idl
[0.522s] -- Up-to-date: /home/user/celluleflexible_en_cours_ROS2/ros_ws/install/commande_locale/share/commande_locale/srv/SrvAddProduct.srv
[0.522s] -- Up-to-date: /home/user/celluleflexible_en_cours_ROS2/ros_ws/install/commande_locale/share/commande_locale/srv/SrvFinInit.srv
[0.523s] -- Up-to-date: /home/user/celluleflexible_en_cours_ROS2/ros_ws/install/commande_locale/share/commande_locale/srv/SrvAddProductPushBack.srv
[0.523s] -- Up-to-date: /home/user/celluleflexible_en_cours_ROS2/ros_ws/install/commande_locale/share/commande_locale/msg/MsgAddProduct.msg
[0.523s] -- Up-to-date: /home/user/celluleflexible_en_cours_ROS2/ros_ws/install/commande_locale/share/commande_locale/msg/MsgStopControl.msg
[0.523s] -- Up-to-date: /home/user/celluleflexible_en_cours_ROS2/ros_ws/install/commande_locale/share/commande_locale/msg/MsgColor.msg
[0.523s] -- Up-to-date: /home/user/celluleflexible_en_cours_ROS2/ros_ws/install/commande_locale/share/commande_locale/msg/MsgSwitchControl.msg
[0.523s] -- Up-to-date: /home/user/celluleflexible_en_cours_ROS2/ros_ws/install/commande_locale/share/commande_locale/msg/MsgPinControl.msg
[0.523s] -- Up-to-date: /home/user/celluleflexible_en_cours_ROS2/ros_ws/install/commande_locale/share/commande_locale/msg/MsgErreur.msg
[0.523s] -- Up-to-date: /home/user/celluleflexible_en_cours_ROS2/ros_ws/install/commande_locale/share/commande_locale/msg/RobotJoints.msg
[0.523s] -- Up-to-date: /home/user/celluleflexible_en_cours_ROS2/ros_ws/install/commande_locale/share/commande_locale/msg/TacheFinieMsg.msg
[0.525s] -- Up-to-date: /home/user/celluleflexible_en_cours_ROS2/ros_ws/install/commande_locale/share/commande_locale/msg/DeplacerPieceMsg.msg
[0.525s] -- Up-to-date: /home/user/celluleflexible_en_cours_ROS2/ros_ws/install/commande_locale/share/commande_locale/msg/Actionneurs.msg
[0.525s] -- Up-to-date: /home/user/celluleflexible_en_cours_ROS2/ros_ws/install/commande_locale/share/commande_locale/msg/Capteurs.msg
[0.525s] -- Up-to-date: /home/user/celluleflexible_en_cours_ROS2/ros_ws/install/commande_locale/share/commande_locale/msg/MsgChoixMode.msg
[0.525s] -- Up-to-date: /home/user/celluleflexible_en_cours_ROS2/ros_ws/install/commande_locale/lib/commande_locale/simulation
[0.525s] -- Up-to-date: /home/user/celluleflexible_en_cours_ROS2/ros_ws/install/commande_locale/share/ament_index/resource_index/package_run_dependencies/commande_locale
[0.525s] -- Up-to-date: /home/user/celluleflexible_en_cours_ROS2/ros_ws/install/commande_locale/share/ament_index/resource_index/parent_prefix_path/commande_locale
[0.526s] -- Up-to-date: /home/user/celluleflexible_en_cours_ROS2/ros_ws/install/commande_locale/share/commande_locale/environment/ament_prefix_path.sh
[0.526s] -- Up-to-date: /home/user/celluleflexible_en_cours_ROS2/ros_ws/install/commande_locale/share/commande_locale/environment/ament_prefix_path.dsv
[0.526s] -- Up-to-date: /home/user/celluleflexible_en_cours_ROS2/ros_ws/install/commande_locale/share/commande_locale/environment/path.sh
[0.526s] -- Up-to-date: /home/user/celluleflexible_en_cours_ROS2/ros_ws/install/commande_locale/share/commande_locale/environment/path.dsv
[0.526s] -- Up-to-date: /home/user/celluleflexible_en_cours_ROS2/ros_ws/install/commande_locale/share/commande_locale/local_setup.bash
[0.526s] -- Up-to-date: /home/user/celluleflexible_en_cours_ROS2/ros_ws/install/commande_locale/share/commande_locale/local_setup.sh
[0.526s] -- Up-to-date: /home/user/celluleflexible_en_cours_ROS2/ros_ws/install/commande_locale/share/commande_locale/local_setup.zsh
[0.526s] -- Up-to-date: /home/user/celluleflexible_en_cours_ROS2/ros_ws/install/commande_locale/share/commande_locale/local_setup.dsv
[0.526s] -- Installing: /home/user/celluleflexible_en_cours_ROS2/ros_ws/install/commande_locale/share/commande_locale/package.dsv
[0.526s] -- Up-to-date: /home/user/celluleflexible_en_cours_ROS2/ros_ws/install/commande_locale/share/ament_index/resource_index/packages/commande_locale
[0.526s] -- Up-to-date: /home/user/celluleflexible_en_cours_ROS2/ros_ws/install/commande_locale/share/commande_locale/cmake/export_commande_locale__rosidl_generator_cExport.cmake
[0.527s] -- Up-to-date: /home/user/celluleflexible_en_cours_ROS2/ros_ws/install/commande_locale/share/commande_locale/cmake/export_commande_locale__rosidl_generator_cExport-noconfig.cmake
[0.527s] -- Up-to-date: /home/user/celluleflexible_en_cours_ROS2/ros_ws/install/commande_locale/share/commande_locale/cmake/export_commande_locale__rosidl_typesupport_fastrtps_cExport.cmake
[0.527s] -- Up-to-date: /home/user/celluleflexible_en_cours_ROS2/ros_ws/install/commande_locale/share/commande_locale/cmake/export_commande_locale__rosidl_typesupport_fastrtps_cExport-noconfig.cmake
[0.527s] -- Up-to-date: /home/user/celluleflexible_en_cours_ROS2/ros_ws/install/commande_locale/share/commande_locale/cmake/export_commande_locale__rosidl_generator_cppExport.cmake
[0.527s] -- Up-to-date: /home/user/celluleflexible_en_cours_ROS2/ros_ws/install/commande_locale/share/commande_locale/cmake/export_commande_locale__rosidl_typesupport_fastrtps_cppExport.cmake
[0.527s] -- Up-to-date: /home/user/celluleflexible_en_cours_ROS2/ros_ws/install/commande_locale/share/commande_locale/cmake/export_commande_locale__rosidl_typesupport_fastrtps_cppExport-noconfig.cmake
[0.527s] -- Up-to-date: /home/user/celluleflexible_en_cours_ROS2/ros_ws/install/commande_locale/share/commande_locale/cmake/commande_locale__rosidl_typesupport_introspection_cExport.cmake
[0.527s] -- Up-to-date: /home/user/celluleflexible_en_cours_ROS2/ros_ws/install/commande_locale/share/commande_locale/cmake/commande_locale__rosidl_typesupport_introspection_cExport-noconfig.cmake
[0.527s] -- Up-to-date: /home/user/celluleflexible_en_cours_ROS2/ros_ws/install/commande_locale/share/commande_locale/cmake/commande_locale__rosidl_typesupport_cExport.cmake
[0.528s] -- Up-to-date: /home/user/celluleflexible_en_cours_ROS2/ros_ws/install/commande_locale/share/commande_locale/cmake/commande_locale__rosidl_typesupport_cExport-noconfig.cmake
[0.528s] -- Up-to-date: /home/user/celluleflexible_en_cours_ROS2/ros_ws/install/commande_locale/share/commande_locale/cmake/commande_locale__rosidl_typesupport_introspection_cppExport.cmake
[0.528s] -- Up-to-date: /home/user/celluleflexible_en_cours_ROS2/ros_ws/install/commande_locale/share/commande_locale/cmake/commande_locale__rosidl_typesupport_introspection_cppExport-noconfig.cmake
[0.528s] -- Up-to-date: /home/user/celluleflexible_en_cours_ROS2/ros_ws/install/commande_locale/share/commande_locale/cmake/commande_locale__rosidl_typesupport_cppExport.cmake
[0.528s] -- Up-to-date: /home/user/celluleflexible_en_cours_ROS2/ros_ws/install/commande_locale/share/commande_locale/cmake/commande_locale__rosidl_typesupport_cppExport-noconfig.cmake
[0.528s] -- Up-to-date: /home/user/celluleflexible_en_cours_ROS2/ros_ws/install/commande_locale/share/commande_locale/cmake/export_commande_locale__rosidl_generator_pyExport.cmake
[0.528s] -- Up-to-date: /home/user/celluleflexible_en_cours_ROS2/ros_ws/install/commande_locale/share/commande_locale/cmake/export_commande_locale__rosidl_generator_pyExport-noconfig.cmake
[0.528s] -- Up-to-date: /home/user/celluleflexible_en_cours_ROS2/ros_ws/install/commande_locale/share/commande_locale/cmake/rosidl_cmake-extras.cmake
[0.528s] -- Up-to-date: /home/user/celluleflexible_en_cours_ROS2/ros_ws/install/commande_locale/share/commande_locale/cmake/ament_cmake_export_dependencies-extras.cmake
[0.528s] -- Up-to-date: /home/user/celluleflexible_en_cours_ROS2/ros_ws/install/commande_locale/share/commande_locale/cmake/ament_cmake_export_include_directories-extras.cmake
[0.528s] -- Up-to-date: /home/user/celluleflexible_en_cours_ROS2/ros_ws/install/commande_locale/share/commande_locale/cmake/ament_cmake_export_libraries-extras.cmake
[0.528s] -- Up-to-date: /home/user/celluleflexible_en_cours_ROS2/ros_ws/install/commande_locale/share/commande_locale/cmake/ament_cmake_export_targets-extras.cmake
[0.528s] -- Up-to-date: /home/user/celluleflexible_en_cours_ROS2/ros_ws/install/commande_locale/share/commande_locale/cmake/rosidl_cmake_export_typesupport_targets-extras.cmake
[0.528s] -- Up-to-date: /home/user/celluleflexible_en_cours_ROS2/ros_ws/install/commande_locale/share/commande_locale/cmake/rosidl_cmake_export_typesupport_libraries-extras.cmake
[0.528s] -- Up-to-date: /home/user/celluleflexible_en_cours_ROS2/ros_ws/install/commande_locale/share/commande_locale/cmake/commande_localeConfig.cmake
[0.528s] -- Up-to-date: /home/user/celluleflexible_en_cours_ROS2/ros_ws/install/commande_locale/share/commande_locale/cmake/commande_localeConfig-version.cmake
[0.529s] -- Up-to-date: /home/user/celluleflexible_en_cours_ROS2/ros_ws/install/commande_locale/share/commande_locale/package.xml
[0.538s] Invoked command in '/home/user/celluleflexible_en_cours_ROS2/ros_ws/build/commande_locale' returned '0': CMAKE_PREFIX_PATH=/home/user/celluleflexible_en_cours_ROS2/ros_ws/install/aiguillages:/home/user/celluleflexible_en_cours_ROS2/ros_ws/install/commande:/home/user/celluleflexible_en_cours_ROS2/ros_ws/install/shuttles:/home/user/celluleflexible_en_cours_ROS2/ros_ws/install/robots:/home/user/celluleflexible_en_cours_ROS2/ros_ws/install/launcher:/home/user/celluleflexible_en_cours_ROS2/ros_ws/install/commande_locale:/opt/ros/jazzy/opt/gz_math_vendor:/opt/ros/jazzy/opt/gz_utils_vendor:/opt/ros/jazzy/opt/gz_cmake_vendor:/opt/ros/jazzy DEBUGINFOD_URLS=https://debuginfod.ubuntu.com LD_LIBRARY_PATH=/home/user/celluleflexible_en_cours_ROS2/ros_ws/install/aiguillages/lib:/home/user/celluleflexible_en_cours_ROS2/ros_ws/install/shuttles/lib:/home/user/celluleflexible_en_cours_ROS2/ros_ws/install/robots/lib:/home/user/celluleflexible_en_cours_ROS2/ros_ws/install/commande_locale/lib:/opt/ros/jazzy/opt/rviz_ogre_vendor/lib:/opt/ros/jazzy/lib/x86_64-linux-gnu:/opt/ros/jazzy/opt/gz_math_vendor/lib:/opt/ros/jazzy/opt/gz_utils_vendor/lib:/opt/ros/jazzy/opt/gz_cmake_vendor/lib:/opt/ros/jazzy/lib PYTHONPATH=/home/user/celluleflexible_en_cours_ROS2/ros_ws/install/aiguillages/lib/python3.12/site-packages:/home/user/celluleflexible_en_cours_ROS2/ros_ws/install/shuttles/lib/python3.12/site-packages:/home/user/celluleflexible_en_cours_ROS2/ros_ws/install/robots/lib/python3.12/site-packages:/home/user/celluleflexible_en_cours_ROS2/ros_ws/install/commande_locale/lib/python3.12/site-packages:/opt/ros/jazzy/lib/python3.12/site-packages /usr/bin/cmake --install /home/user/celluleflexible_en_cours_ROS2/ros_ws/build/commande_locale
