[0.016s] Invoking command in '/home/user/celluleflexible_en_cours_ROS2/celluleflexible/ros_ws/build/commande_locale': CMAKE_PREFIX_PATH=/home/user/celluleflexible_en_cours_ROS2/celluleflexible/ros_ws/install/shuttles:/home/user/celluleflexible_en_cours_ROS2/celluleflexible/ros_ws/install/aiguillages:/home/user/celluleflexible_en_cours_ROS2/celluleflexible/ros_ws/install/commande:/home/user/celluleflexible_en_cours_ROS2/celluleflexible/ros_ws/install/robots:/home/user/celluleflexible_en_cours_ROS2/celluleflexible/ros_ws/install/launcher:/home/user/celluleflexible_en_cours_ROS2/celluleflexible/ros_ws/install/commande_locale:/opt/ros/jazzy/opt/gz_math_vendor:/opt/ros/jazzy/opt/gz_utils_vendor:/opt/ros/jazzy/opt/gz_cmake_vendor:/opt/ros/jazzy DEBUGINFOD_URLS=https://debuginfod.ubuntu.com LD_LIBRARY_PATH=/home/user/celluleflexible_en_cours_ROS2/celluleflexible/ros_ws/install/shuttles/lib:/home/user/celluleflexible_en_cours_ROS2/celluleflexible/ros_ws/install/aiguillages/lib:/home/user/celluleflexible_en_cours_ROS2/celluleflexible/ros_ws/install/robots/lib:/home/user/celluleflexible_en_cours_ROS2/celluleflexible/ros_ws/install/commande_locale/lib:/opt/ros/jazzy/opt/rviz_ogre_vendor/lib:/opt/ros/jazzy/lib/x86_64-linux-gnu:/opt/ros/jazzy/opt/gz_math_vendor/lib:/opt/ros/jazzy/opt/gz_utils_vendor/lib:/opt/ros/jazzy/opt/gz_cmake_vendor/lib:/opt/ros/jazzy/lib PYTHONPATH=/home/user/celluleflexible_en_cours_ROS2/celluleflexible/ros_ws/install/shuttles/lib/python3.12/site-packages:/home/user/celluleflexible_en_cours_ROS2/celluleflexible/ros_ws/install/aiguillages/lib/python3.12/site-packages:/home/user/celluleflexible_en_cours_ROS2/celluleflexible/ros_ws/install/robots/lib/python3.12/site-packages:/home/user/celluleflexible_en_cours_ROS2/celluleflexible/ros_ws/install/commande_locale/lib/python3.12/site-packages:/opt/ros/jazzy/lib/python3.12/site-packages /usr/bin/cmake --build /home/user/celluleflexible_en_cours_ROS2/celluleflexible/ros_ws/build/commande_locale -- -j8 -l8
[0.041s] -- Found ament_cmake: 2.5.5 (/opt/ros/jazzy/share/ament_cmake/cmake)
[0.060s] -- Found Python3: /usr/bin/python3 (found version "3.12.3") found components: Interpreter 
[0.105s] -- Found rclcpp: 28.1.16 (/opt/ros/jazzy/share/rclcpp/cmake)
[0.120s] -- Found rosidl_generator_c: 4.6.7 (/opt/ros/jazzy/share/rosidl_generator_c/cmake)
[0.124s] -- Found rosidl_generator_cpp: 4.6.7 (/opt/ros/jazzy/share/rosidl_generator_cpp/cmake)
[0.130s] -- Using all available rosidl_typesupport_c: rosidl_typesupport_fastrtps_c;rosidl_typesupport_introspection_c
[0.137s] -- Using all available rosidl_typesupport_cpp: rosidl_typesupport_fastrtps_cpp;rosidl_typesupport_introspection_cpp
[0.172s] -- Found rmw_implementation_cmake: 7.3.3 (/opt/ros/jazzy/share/rmw_implementation_cmake/cmake)
[0.173s] -- Found rmw_fastrtps_cpp: 8.4.3 (/opt/ros/jazzy/share/rmw_fastrtps_cpp/cmake)
[0.216s] -- Using RMW implementation 'rmw_fastrtps_cpp' as default
[0.249s] -- Found std_msgs: 5.3.6 (/opt/ros/jazzy/share/std_msgs/cmake)
[0.256s] -- Found sensor_msgs: 5.3.6 (/opt/ros/jazzy/share/sensor_msgs/cmake)
[0.280s] -- Found image_transport: 5.1.7 (/opt/ros/jazzy/share/image_transport/cmake)
[0.287s] -- Found cv_bridge: 4.1.0 (/opt/ros/jazzy/share/cv_bridge/cmake)
[0.293s] -- Found shuttles: 0.0.0 (/home/user/celluleflexible_en_cours_ROS2/celluleflexible/ros_ws/install/shuttles/share/shuttles/cmake)
[0.317s] -- Found rosidl_default_generators: 1.6.0 (/opt/ros/jazzy/share/rosidl_default_generators/cmake)
[0.321s] -- Found rosidl_adapter: 4.6.7 (/opt/ros/jazzy/share/rosidl_adapter/cmake)
[0.510s] -- Found ament_cmake_ros: 0.12.0 (/opt/ros/jazzy/share/ament_cmake_ros/cmake)
[0.641s] -- Using all available rosidl_typesupport_c: rosidl_typesupport_fastrtps_c;rosidl_typesupport_introspection_c
[0.694s] -- Using all available rosidl_typesupport_cpp: rosidl_typesupport_fastrtps_cpp;rosidl_typesupport_introspection_cpp
[0.694s] -- Found python_cmake_module: 0.11.1 (/opt/ros/jazzy/share/python_cmake_module/cmake)
[0.863s] -- Found Python3: /usr/bin/python3 (found version "3.12.3") found components: Interpreter Development NumPy Development.Module Development.Embed 
[0.890s] -- Configuring done (0.9s)
[0.952s] -- Generating done (0.0s)
[0.966s] -- Build files have been written to: /home/user/celluleflexible_en_cours_ROS2/celluleflexible/ros_ws/build/commande_locale
[1.008s] [  1%] Built target commande_locale__rosidl_generator_type_description
[1.019s] [  1%] Built target ament_cmake_python_copy_commande_locale
[1.031s] [  1%] Built target commande_locale__cpp
[1.042s] [ 26%] Built target commande_locale__rosidl_generator_c
[1.067s] [ 35%] Built target commande_locale__rosidl_typesupport_c
[1.068s] [ 44%] Built target commande_locale__rosidl_typesupport_introspection_c
[1.069s] [ 53%] Built target commande_locale__rosidl_typesupport_cpp
[1.075s] [ 73%] Built target commande_locale__rosidl_typesupport_introspection_cpp
[1.075s] [ 72%] Built target commande_locale__rosidl_typesupport_fastrtps_c
[1.075s] [ 82%] Built target commande_locale__rosidl_typesupport_fastrtps_cpp
[1.087s] [ 83%] [32mBuilding CXX object CMakeFiles/display_node.dir/src/display.cpp.o[0m
[1.091s] [ 84%] [32mBuilding CXX object CMakeFiles/log_manager.dir/src/LogManager.cpp.o[0m
[1.106s] [ 84%] Built target commande_locale
[1.106s] [ 87%] Built target simulation
[1.127s] [ 88%] Built target commande_locale__py
[1.155s] running egg_info
[1.156s] [ 97%] Built target commande_locale__rosidl_generator_py
[1.158s] writing commande_locale.egg-info/PKG-INFO
[1.160s] writing dependency_links to commande_locale.egg-info/dependency_links.txt
[1.160s] writing top-level names to commande_locale.egg-info/top_level.txt
[1.191s] [100%] Built target commande_locale_s__rosidl_typesupport_c
[1.191s] [100%] Built target commande_locale_s__rosidl_typesupport_fastrtps_c
[1.193s] [100%] Built target commande_locale_s__rosidl_typesupport_introspection_c
[1.203s] reading manifest file 'commande_locale.egg-info/SOURCES.txt'
[1.204s] writing manifest file 'commande_locale.egg-info/SOURCES.txt'
[1.227s] [100%] Built target ament_cmake_python_build_commande_locale_egg
[2.545s] [01m[K/home/user/celluleflexible_en_cours_ROS2/celluleflexible/ros_ws/src/commande_locale/src/display.cpp:[m[K In function ‘[01m[Kint[01;32m[K main[m[K(int, char**)[m[K’:
[2.546s] [01m[K/home/user/celluleflexible_en_cours_ROS2/celluleflexible/ros_ws/src/commande_locale/src/display.cpp:51:33:[m[K [01;31m[Kerror: [m[Kno matching function for call to ‘[01m[Kimage_transport::ImageTransport::subscribe(const char [35], int, std::_Bind_helper<false, void (*)(std::shared_ptr<sensor_msgs::msg::Image_<std::allocator<void> > >), const std::_Placeholder<1>&>::type)[m[K’
[2.546s]    51 |     auto subImage = [01;31m[Kit.subscribe("sim_ros_interface/VisionSensorData", 1, std::bind(&getSimuStream, std::placeholders::_1))[m[K;
[2.546s]       |                     [01;31m[K~~~~~~~~~~~~^~~~~~~~~~~~~~~~~~~~~~~~~~~~~~~~~~~~~~~~~~~~~~~~~~~~~~~~~~~~~~~~~~~~~~~~~~~~~~~~~~~~~~~~~~~[m[K
[2.546s] In file included from [01m[K/home/user/celluleflexible_en_cours_ROS2/celluleflexible/ros_ws/src/commande_locale/src/display.cpp:4[m[K:
[2.546s] [01m[K/opt/ros/jazzy/include/image_transport/image_transport/image_transport.hpp:173:14:[m[K [01;36m[Knote: [m[Kcandidate: ‘[01m[Ktemplate<class T> image_transport::Subscriber image_transport::ImageTransport::[01;32m[Ksubscribe[m[K(const std::string&, uint32_t, void (T::*)(const ImageConstPtr&), T*, const image_transport::TransportHints*, rclcpp::SubscriptionOptions)[m[K’
[2.546s]   173 |   Subscriber [01;36m[Ksubscribe[m[K(
[2.546s]       |              [01;36m[K^~~~~~~~~[m[K
[2.546s] [01m[K/opt/ros/jazzy/include/image_transport/image_transport/image_transport.hpp:173:14:[m[K [01;36m[Knote: [m[K  template argument deduction/substitution failed:
[2.546s] [01m[K/home/user/celluleflexible_en_cours_ROS2/celluleflexible/ros_ws/src/commande_locale/src/display.cpp:51:33:[m[K [01;36m[Knote: [m[K  mismatched types ‘[01m[Kvoid (T::*)(const image_transport::ImageTransport::ImageConstPtr&)[m[K’ and ‘[01m[Kstd::_Bind<void (*(std::_Placeholder<1>))(std::shared_ptr<sensor_msgs::msg::Image_<std::allocator<void> > >)>[m[K’
[2.546s]    51 |     auto subImage = [01;36m[Kit.subscribe("sim_ros_interface/VisionSensorData", 1, std::bind(&getSimuStream, std::placeholders::_1))[m[K;
[2.546s]       |                     [01;36m[K~~~~~~~~~~~~^~~~~~~~~~~~~~~~~~~~~~~~~~~~~~~~~~~~~~~~~~~~~~~~~~~~~~~~~~~~~~~~~~~~~~~~~~~~~~~~~~~~~~~~~~~[m[K
[2.546s] [01m[K/opt/ros/jazzy/include/image_transport/image_transport/image_transport.hpp:188:14:[m[K [01;36m[Knote: [m[Kcandidate: ‘[01m[Ktemplate<class T> image_transport::Subscriber image_transport::ImageTransport::[01;32m[Ksubscribe[m[K(const std::string&, uint32_t, void (T::*)(const ImageConstPtr&), const std::shared_ptr<_Tp>&, const image_transport::TransportHints*, rclcpp::SubscriptionOptions)[m[K’
[2.546s]   188 |   Subscriber [01;36m[Ksubscribe[m[K(
[2.546s]       |              [01;36m[K^~~~~~~~~[m[K
[2.546s] [01m[K/opt/ros/jazzy/include/image_transport/image_transport/image_transport.hpp:188:14:[m[K [01;36m[Knote: [m[K  template argument deduction/substitution failed:
[2.546s] [01m[K/home/user/celluleflexible_en_cours_ROS2/celluleflexible/ros_ws/src/commande_locale/src/display.cpp:51:33:[m[K [01;36m[Knote: [m[K  mismatched types ‘[01m[Kvoid (T::*)(const image_transport::ImageTransport::ImageConstPtr&)[m[K’ and ‘[01m[Kstd::_Bind<void (*(std::_Placeholder<1>))(std::shared_ptr<sensor_msgs::msg::Image_<std::allocator<void> > >)>[m[K’
[2.546s]    51 |     auto subImage = [01;36m[Kit.subscribe("sim_ros_interface/VisionSensorData", 1, std::bind(&getSimuStream, std::placeholders::_1))[m[K;
[2.546s]       |                     [01;36m[K~~~~~~~~~~~~^~~~~~~~~~~~~~~~~~~~~~~~~~~~~~~~~~~~~~~~~~~~~~~~~~~~~~~~~~~~~~~~~~~~~~~~~~~~~~~~~~~~~~~~~~~[m[K
[2.546s] [01m[K/opt/ros/jazzy/include/image_transport/image_transport/image_transport.hpp:231:14:[m[K [01;36m[Knote: [m[Kcandidate: ‘[01m[Ktemplate<class T> image_transport::Subscriber image_transport::ImageTransport::[01;32m[Ksubscribe[m[K(const std::string&, rmw_qos_profile_t, void (T::*)(const ImageConstPtr&), T*, const image_transport::TransportHints*, rclcpp::SubscriptionOptions)[m[K’
[2.546s]   231 |   Subscriber [01;36m[Ksubscribe[m[K(
[2.546s]       |              [01;36m[K^~~~~~~~~[m[K
[2.546s] [01m[K/opt/ros/jazzy/include/image_transport/image_transport/image_transport.hpp:231:14:[m[K [01;36m[Knote: [m[K  template argument deduction/substitution failed:
[2.546s] [01m[K/home/user/celluleflexible_en_cours_ROS2/celluleflexible/ros_ws/src/commande_locale/src/display.cpp:51:33:[m[K [01;36m[Knote: [m[K  mismatched types ‘[01m[Kvoid (T::*)(const image_transport::ImageTransport::ImageConstPtr&)[m[K’ and ‘[01m[Kstd::_Bind<void (*(std::_Placeholder<1>))(std::shared_ptr<sensor_msgs::msg::Image_<std::allocator<void> > >)>[m[K’
[2.546s]    51 |     auto subImage = [01;36m[Kit.subscribe("sim_ros_interface/VisionSensorData", 1, std::bind(&getSimuStream, std::placeholders::_1))[m[K;
[2.546s]       |                     [01;36m[K~~~~~~~~~~~~^~~~~~~~~~~~~~~~~~~~~~~~~~~~~~~~~~~~~~~~~~~~~~~~~~~~~~~~~~~~~~~~~~~~~~~~~~~~~~~~~~~~~~~~~~~[m[K
[2.546s] [01m[K/opt/ros/jazzy/include/image_transport/image_transport/image_transport.hpp:246:14:[m[K [01;36m[Knote: [m[Kcandidate: ‘[01m[Ktemplate<class T> image_transport::Subscriber image_transport::ImageTransport::[01;32m[Ksubscribe[m[K(const std::string&, rmw_qos_profile_t, void (T::*)(const ImageConstPtr&), const std::shared_ptr<_Tp>&, const image_transport::TransportHints*, rclcpp::SubscriptionOptions)[m[K’
[2.546s]   246 |   Subscriber [01;36m[Ksubscribe[m[K(
[2.546s]       |              [01;36m[K^~~~~~~~~[m[K
[2.546s] [01m[K/opt/ros/jazzy/include/image_transport/image_transport/image_transport.hpp:246:14:[m[K [01;36m[Knote: [m[K  template argument deduction/substitution failed:
[2.547s] [01m[K/home/user/celluleflexible_en_cours_ROS2/celluleflexible/ros_ws/src/commande_locale/src/display.cpp:51:33:[m[K [01;36m[Knote: [m[K  mismatched types ‘[01m[Kvoid (T::*)(const image_transport::ImageTransport::ImageConstPtr&)[m[K’ and ‘[01m[Kstd::_Bind<void (*(std::_Placeholder<1>))(std::shared_ptr<sensor_msgs::msg::Image_<std::allocator<void> > >)>[m[K’
[2.547s]    51 |     auto subImage = [01;36m[Kit.subscribe("sim_ros_interface/VisionSensorData", 1, std::bind(&getSimuStream, std::placeholders::_1))[m[K;
[2.547s]       |                     [01;36m[K~~~~~~~~~~~~^~~~~~~~~~~~~~~~~~~~~~~~~~~~~~~~~~~~~~~~~~~~~~~~~~~~~~~~~~~~~~~~~~~~~~~~~~~~~~~~~~~~~~~~~~~[m[K
[2.547s] [01m[K/opt/ros/jazzy/include/image_transport/image_transport/image_transport.hpp:146:14:[m[K [01;36m[Knote: [m[Kcandidate: ‘[01m[Kimage_transport::Subscriber image_transport::ImageTransport::[01;32m[Ksubscribe[m[K(const std::string&, uint32_t, const image_transport::Subscriber::Callback&, const VoidPtr&, const image_transport::TransportHints*, rclcpp::SubscriptionOptions)[m[K’
[2.547s]   146 |   Subscriber [01;36m[Ksubscribe[m[K(
[2.547s]       |              [01;36m[K^~~~~~~~~[m[K
[2.547s] [01m[K/opt/ros/jazzy/include/image_transport/image_transport/image_transport.hpp:148:34:[m[K [01;36m[Knote: [m[K  no known conversion for argument 3 from ‘[01m[Kstd::_Bind_helper<false, void (*)(std::shared_ptr<sensor_msgs::msg::Image_<std::allocator<void> > >), const std::_Placeholder<1>&>::type[m[K’ to ‘[01m[Kconst image_transport::Subscriber::Callback&[m[K’ {aka ‘[01m[Kconst std::function<void(const std::shared_ptr<const sensor_msgs::msg::Image_<std::allocator<void> > >&)>&[m[K’}
[2.547s]   148 |     [01;36m[Kconst Subscriber::Callback & callback[m[K,
[2.547s]       |     [01;36m[K~~~~~~~~~~~~~~~~~~~~~~~~~~~~~^~~~~~~~[m[K
[2.547s] [01m[K/opt/ros/jazzy/include/image_transport/image_transport/image_transport.hpp:157:14:[m[K [01;36m[Knote: [m[Kcandidate: ‘[01m[Kimage_transport::Subscriber image_transport::ImageTransport::[01;32m[Ksubscribe[m[K(const std::string&, uint32_t, void (*)(const ImageConstPtr&), const image_transport::TransportHints*, rclcpp::SubscriptionOptions)[m[K’
[2.547s]   157 |   Subscriber [01;36m[Ksubscribe[m[K(
[2.547s]       |              [01;36m[K^~~~~~~~~[m[K
[2.547s] [01m[K/opt/ros/jazzy/include/image_transport/image_transport/image_transport.hpp:159:13:[m[K [01;36m[Knote: [m[K  no known conversion for argument 3 from ‘[01m[Kstd::_Bind_helper<false, void (*)(std::shared_ptr<sensor_msgs::msg::Image_<std::allocator<void> > >), const std::_Placeholder<1>&>::type[m[K’ to ‘[01m[Kvoid (*)(const image_transport::ImageTransport::ImageConstPtr&)[m[K’ {aka ‘[01m[Kvoid (*)(const std::shared_ptr<const sensor_msgs::msg::Image_<std::allocator<void> > >&)[m[K’}
[2.547s]   159 |     [01;36m[Kvoid (* fp)(const ImageConstPtr &)[m[K,
[2.547s]       |     [01;36m[K~~~~~~~~^~~~~~~~~~~~~~~~~~~~~~~~~~[m[K
[2.547s] [01m[K/opt/ros/jazzy/include/image_transport/image_transport/image_transport.hpp:204:14:[m[K [01;36m[Knote: [m[Kcandidate: ‘[01m[Kimage_transport::Subscriber image_transport::ImageTransport::[01;32m[Ksubscribe[m[K(const std::string&, rmw_qos_profile_t, const image_transport::Subscriber::Callback&, const VoidPtr&, const image_transport::TransportHints*, rclcpp::SubscriptionOptions)[m[K’
[2.547s]   204 |   Subscriber [01;36m[Ksubscribe[m[K(
[2.547s]       |              [01;36m[K^~~~~~~~~[m[K
[2.547s] [01m[K/opt/ros/jazzy/include/image_transport/image_transport/image_transport.hpp:204:14:[m[K [01;36m[Knote: [m[K  candidate expects 6 arguments, 3 provided
[2.547s] [01m[K/opt/ros/jazzy/include/image_transport/image_transport/image_transport.hpp:215:14:[m[K [01;36m[Knote: [m[Kcandidate: ‘[01m[Kimage_transport::Subscriber image_transport::ImageTransport::[01;32m[Ksubscribe[m[K(const std::string&, rmw_qos_profile_t, void (*)(const ImageConstPtr&), const image_transport::TransportHints*, rclcpp::SubscriptionOptions)[m[K’
[2.547s]   215 |   Subscriber [01;36m[Ksubscribe[m[K(
[2.547s]       |              [01;36m[K^~~~~~~~~[m[K
[2.547s] [01m[K/opt/ros/jazzy/include/image_transport/image_transport/image_transport.hpp:216:55:[m[K [01;36m[Knote: [m[K  no known conversion for argument 2 from ‘[01m[Kint[m[K’ to ‘[01m[Krmw_qos_profile_t[m[K’ {aka ‘[01m[Krmw_qos_profile_s[m[K’}
[2.547s]   216 |     const std::string & base_topic, [01;36m[Krmw_qos_profile_t custom_qos[m[K,
[2.547s]       |                                     [01;36m[K~~~~~~~~~~~~~~~~~~^~~~~~~~~~[m[K
[3.981s] gmake[2]: *** [CMakeFiles/display_node.dir/build.make:76: CMakeFiles/display_node.dir/src/display.cpp.o] Error 1
[3.981s] gmake[1]: *** [CMakeFiles/Makefile2:657: CMakeFiles/display_node.dir/all] Error 2
[3.981s] gmake[1]: *** Waiting for unfinished jobs....
[11.206s] [100%] [32m[1mLinking CXX executable log_manager[0m
[11.679s] [100%] Built target log_manager
[11.680s] gmake: *** [Makefile:146: all] Error 2
[11.682s] Invoked command in '/home/user/celluleflexible_en_cours_ROS2/celluleflexible/ros_ws/build/commande_locale' returned '2': CMAKE_PREFIX_PATH=/home/user/celluleflexible_en_cours_ROS2/celluleflexible/ros_ws/install/shuttles:/home/user/celluleflexible_en_cours_ROS2/celluleflexible/ros_ws/install/aiguillages:/home/user/celluleflexible_en_cours_ROS2/celluleflexible/ros_ws/install/commande:/home/user/celluleflexible_en_cours_ROS2/celluleflexible/ros_ws/install/robots:/home/user/celluleflexible_en_cours_ROS2/celluleflexible/ros_ws/install/launcher:/home/user/celluleflexible_en_cours_ROS2/celluleflexible/ros_ws/install/commande_locale:/opt/ros/jazzy/opt/gz_math_vendor:/opt/ros/jazzy/opt/gz_utils_vendor:/opt/ros/jazzy/opt/gz_cmake_vendor:/opt/ros/jazzy DEBUGINFOD_URLS=https://debuginfod.ubuntu.com LD_LIBRARY_PATH=/home/user/celluleflexible_en_cours_ROS2/celluleflexible/ros_ws/install/shuttles/lib:/home/user/celluleflexible_en_cours_ROS2/celluleflexible/ros_ws/install/aiguillages/lib:/home/user/celluleflexible_en_cours_ROS2/celluleflexible/ros_ws/install/robots/lib:/home/user/celluleflexible_en_cours_ROS2/celluleflexible/ros_ws/install/commande_locale/lib:/opt/ros/jazzy/opt/rviz_ogre_vendor/lib:/opt/ros/jazzy/lib/x86_64-linux-gnu:/opt/ros/jazzy/opt/gz_math_vendor/lib:/opt/ros/jazzy/opt/gz_utils_vendor/lib:/opt/ros/jazzy/opt/gz_cmake_vendor/lib:/opt/ros/jazzy/lib PYTHONPATH=/home/user/celluleflexible_en_cours_ROS2/celluleflexible/ros_ws/install/shuttles/lib/python3.12/site-packages:/home/user/celluleflexible_en_cours_ROS2/celluleflexible/ros_ws/install/aiguillages/lib/python3.12/site-packages:/home/user/celluleflexible_en_cours_ROS2/celluleflexible/ros_ws/install/robots/lib/python3.12/site-packages:/home/user/celluleflexible_en_cours_ROS2/celluleflexible/ros_ws/install/commande_locale/lib/python3.12/site-packages:/opt/ros/jazzy/lib/python3.12/site-packages /usr/bin/cmake --build /home/user/celluleflexible_en_cours_ROS2/celluleflexible/ros_ws/build/commande_locale -- -j8 -l8
