-- The C compiler identification is GNU 13.3.0
-- The CXX compiler identification is GNU 13.3.0
-- Detecting C compiler ABI info
-- Detecting C compiler ABI info - done
-- Check for working C compiler: /usr/bin/cc - skipped
-- Detecting C compile features
-- Detecting C compile features - done
-- Detecting CXX compiler ABI info
-- Detecting CXX compiler ABI info - done
-- Check for working CXX compiler: /usr/bin/c++ - skipped
-- Detecting CXX compile features
-- Detecting CXX compile features - done
-- Found ament_cmake: 2.5.5 (/opt/ros/jazzy/share/ament_cmake/cmake)
-- Found Python3: /usr/bin/python3 (found version "3.12.3") found components: Interpreter 
-- Found rclcpp: 28.1.16 (/opt/ros/jazzy/share/rclcpp/cmake)
-- Found rosidl_generator_c: 4.6.7 (/opt/ros/jazzy/share/rosidl_generator_c/cmake)
-- Found rosidl_generator_cpp: 4.6.7 (/opt/ros/jazzy/share/rosidl_generator_cpp/cmake)
-- Using all available rosidl_typesupport_c: rosidl_typesupport_fastrtps_c;rosidl_typesupport_introspection_c
-- Using all available rosidl_typesupport_cpp: rosidl_typesupport_fastrtps_cpp;rosidl_typesupport_introspection_cpp
-- Found rmw_implementation_cmake: 7.3.3 (/opt/ros/jazzy/share/rmw_implementation_cmake/cmake)
-- Found rmw_fastrtps_cpp: 8.4.3 (/opt/ros/jazzy/share/rmw_fastrtps_cpp/cmake)
-- Found OpenSSL: /usr/lib/x86_64-linux-gnu/libcrypto.so (found version "3.0.13")  
-- Found FastRTPS: /opt/ros/jazzy/include (Required is at least version "2.13") 
-- Using RMW implementation 'rmw_fastrtps_cpp' as default
-- Found std_msgs: 5.3.6 (/opt/ros/jazzy/share/std_msgs/cmake)
-- Found sensor_msgs: 5.3.6 (/opt/ros/jazzy/share/sensor_msgs/cmake)
-- Found image_transport: 5.1.7 (/opt/ros/jazzy/share/image_transport/cmake)
-- Found cv_bridge: 4.1.0 (/opt/ros/jazzy/share/cv_bridge/cmake)
-- Found aiguillages: 3.1.2 (/home/user/celluleflexible/ros_ws/install/aiguillages/share/aiguillages/cmake)
-- Found OpenCV: /usr (found version "4.6.0") 
-- Found rosidl_default_generators: 1.6.0 (/opt/ros/jazzy/share/rosidl_default_generators/cmake)
-- Found rosidl_adapter: 4.6.7 (/opt/ros/jazzy/share/rosidl_adapter/cmake)
-- Found ament_cmake_ros: 0.12.0 (/opt/ros/jazzy/share/ament_cmake_ros/cmake)
-- Using all available rosidl_typesupport_c: rosidl_typesupport_fastrtps_c;rosidl_typesupport_introspection_c
-- Using all available rosidl_typesupport_cpp: rosidl_typesupport_fastrtps_cpp;rosidl_typesupport_introspection_cpp
-- Found python_cmake_module: 0.11.1 (/opt/ros/jazzy/share/python_cmake_module/cmake)
-- Found PythonExtra: /usr/bin/python3  
-- Found Python3: /usr/bin/python3 (found version "3.12.3") found components: Interpreter Development NumPy Development.Module Development.Embed 
-- Configuring done (2.4s)
-- Generating done (0.0s)
-- Build files have been written to: /home/user/celluleflexible/ros_ws/build/commande_locale
[  0%] [34m[1mGenerating type hashes for ROS interfaces[0m
[  0%] Built target ament_cmake_python_copy_commande_locale
running egg_info
creating commande_locale.egg-info
writing commande_locale.egg-info/PKG-INFO
writing dependency_links to commande_locale.egg-info/dependency_links.txt
writing top-level names to commande_locale.egg-info/top_level.txt
writing manifest file 'commande_locale.egg-info/SOURCES.txt'
[  0%] Built target commande_locale__rosidl_generator_type_description
reading manifest file 'commande_locale.egg-info/SOURCES.txt'
writing manifest file 'commande_locale.egg-info/SOURCES.txt'
[  1%] [34m[1mGenerating C code for ROS interfaces[0m
[  1%] [34m[1mGenerating C++ code for ROS interfaces[0m
[  1%] Built target ament_cmake_python_build_commande_locale_egg
[  1%] Built target commande_locale__cpp
[  2%] [32mBuilding C object CMakeFiles/commande_locale__rosidl_generator_c.dir/rosidl_generator_c/commande_locale/srv/detail/srv_fin_init__description.c.o[0m
[  3%] [32mBuilding C object CMakeFiles/commande_locale__rosidl_generator_c.dir/rosidl_generator_c/commande_locale/srv/detail/srv_add_product__description.c.o[0m
[  4%] [32mBuilding C object CMakeFiles/commande_locale__rosidl_generator_c.dir/rosidl_generator_c/commande_locale/srv/detail/srv_fin_init__functions.c.o[0m
[  5%] [32mBuilding C object CMakeFiles/commande_locale__rosidl_generator_c.dir/rosidl_generator_c/commande_locale/srv/detail/srv_fin_init__type_support.c.o[0m
[  5%] [32mBuilding C object CMakeFiles/commande_locale__rosidl_generator_c.dir/rosidl_generator_c/commande_locale/srv/detail/srv_add_product__functions.c.o[0m
[  6%] [32mBuilding C object CMakeFiles/commande_locale__rosidl_generator_c.dir/rosidl_generator_c/commande_locale/srv/detail/srv_add_product__type_support.c.o[0m
[  6%] [32mBuilding C object CMakeFiles/commande_locale__rosidl_generator_c.dir/rosidl_generator_c/commande_locale/srv/detail/srv_add_product_push_back__description.c.o[0m
[  7%] [32mBuilding C object CMakeFiles/commande_locale__rosidl_generator_c.dir/rosidl_generator_c/commande_locale/srv/detail/srv_add_product_push_back__functions.c.o[0m
[  8%] [32mBuilding C object CMakeFiles/commande_locale__rosidl_generator_c.dir/rosidl_generator_c/commande_locale/srv/detail/srv_add_product_push_back__type_support.c.o[0m
[  8%] [32mBuilding C object CMakeFiles/commande_locale__rosidl_generator_c.dir/rosidl_generator_c/commande_locale/msg/detail/msg_add_product__functions.c.o[0m
[  9%] [32mBuilding C object CMakeFiles/commande_locale__rosidl_generator_c.dir/rosidl_generator_c/commande_locale/msg/detail/msg_add_product__description.c.o[0m
[ 10%] [32mBuilding C object CMakeFiles/commande_locale__rosidl_generator_c.dir/rosidl_generator_c/commande_locale/msg/detail/msg_add_product__type_support.c.o[0m
[ 11%] [32mBuilding C object CMakeFiles/commande_locale__rosidl_generator_c.dir/rosidl_generator_c/commande_locale/msg/detail/msg_stop_control__description.c.o[0m
[ 12%] [32mBuilding C object CMakeFiles/commande_locale__rosidl_generator_c.dir/rosidl_generator_c/commande_locale/msg/detail/msg_stop_control__functions.c.o[0m
[ 13%] [32mBuilding C object CMakeFiles/commande_locale__rosidl_generator_c.dir/rosidl_generator_c/commande_locale/msg/detail/msg_stop_control__type_support.c.o[0m
[ 13%] [32mBuilding C object CMakeFiles/commande_locale__rosidl_generator_c.dir/rosidl_generator_c/commande_locale/msg/detail/msg_color__description.c.o[0m
[ 14%] [32mBuilding C object CMakeFiles/commande_locale__rosidl_generator_c.dir/rosidl_generator_c/commande_locale/msg/detail/msg_color__functions.c.o[0m
[ 15%] [32mBuilding C object CMakeFiles/commande_locale__rosidl_generator_c.dir/rosidl_generator_c/commande_locale/msg/detail/msg_color__type_support.c.o[0m
[ 15%] [32mBuilding C object CMakeFiles/commande_locale__rosidl_generator_c.dir/rosidl_generator_c/commande_locale/msg/detail/msg_switch_control__functions.c.o[0m
[ 16%] [32mBuilding C object CMakeFiles/commande_locale__rosidl_generator_c.dir/rosidl_generator_c/commande_locale/msg/detail/msg_switch_control__description.c.o[0m
[ 17%] [32mBuilding C object CMakeFiles/commande_locale__rosidl_generator_c.dir/rosidl_generator_c/commande_locale/msg/detail/msg_switch_control__type_support.c.o[0m
[ 18%] [32mBuilding C object CMakeFiles/commande_locale__rosidl_generator_c.dir/rosidl_generator_c/commande_locale/msg/detail/msg_pin_control__description.c.o[0m
[ 19%] [32mBuilding C object CMakeFiles/commande_locale__rosidl_generator_c.dir/rosidl_generator_c/commande_locale/msg/detail/msg_pin_control__functions.c.o[0m
[ 20%] [32mBuilding C object CMakeFiles/commande_locale__rosidl_generator_c.dir/rosidl_generator_c/commande_locale/msg/detail/msg_pin_control__type_support.c.o[0m
[ 20%] [32mBuilding C object CMakeFiles/commande_locale__rosidl_generator_c.dir/rosidl_generator_c/commande_locale/msg/detail/msg_erreur__description.c.o[0m
[ 21%] [32mBuilding C object CMakeFiles/commande_locale__rosidl_generator_c.dir/rosidl_generator_c/commande_locale/msg/detail/msg_erreur__functions.c.o[0m
[ 22%] [32mBuilding C object CMakeFiles/commande_locale__rosidl_generator_c.dir/rosidl_generator_c/commande_locale/msg/detail/msg_erreur__type_support.c.o[0m
[ 23%] [32mBuilding C object CMakeFiles/commande_locale__rosidl_generator_c.dir/rosidl_generator_c/commande_locale/msg/detail/msg_choix_mode__description.c.o[0m
[ 24%] [32mBuilding C object CMakeFiles/commande_locale__rosidl_generator_c.dir/rosidl_generator_c/commande_locale/msg/detail/msg_choix_mode__functions.c.o[0m
[ 24%] [32mBuilding C object CMakeFiles/commande_locale__rosidl_generator_c.dir/rosidl_generator_c/commande_locale/msg/detail/msg_choix_mode__type_support.c.o[0m
[ 25%] [32m[1mLinking C shared library libcommande_locale__rosidl_generator_c.so[0m
[ 25%] Built target commande_locale__rosidl_generator_c
[ 28%] [34m[1mGenerating C type support for eProsima Fast-RTPS[0m
[ 28%] [34m[1mGenerating C type support dispatch for ROS interfaces[0m
[ 28%] [34m[1mGenerating C++ type support for eProsima Fast-RTPS[0m
[ 30%] [34m[1mGenerating C++ introspection for ROS interfaces[0m
[ 29%] [34m[1mGenerating C++ type support dispatch for ROS interfaces[0m
[ 30%] [34m[1mGenerating C introspection for ROS interfaces[0m
[ 31%] [32mBuilding CXX object CMakeFiles/commande_locale__rosidl_typesupport_c.dir/rosidl_typesupport_c/commande_locale/srv/srv_fin_init__type_support.cpp.o[0m
[ 32%] [32mBuilding CXX object CMakeFiles/commande_locale__rosidl_typesupport_c.dir/rosidl_typesupport_c/commande_locale/srv/srv_add_product__type_support.cpp.o[0m
[ 32%] [32mBuilding CXX object CMakeFiles/commande_locale__rosidl_typesupport_cpp.dir/rosidl_typesupport_cpp/commande_locale/srv/srv_add_product__type_support.cpp.o[0m
[ 33%] [32mBuilding CXX object CMakeFiles/commande_locale__rosidl_typesupport_c.dir/rosidl_typesupport_c/commande_locale/srv/srv_add_product_push_back__type_support.cpp.o[0m
[ 33%] [32mBuilding CXX object CMakeFiles/commande_locale__rosidl_typesupport_c.dir/rosidl_typesupport_c/commande_locale/msg/msg_add_product__type_support.cpp.o[0m
[ 34%] [32mBuilding CXX object CMakeFiles/commande_locale__rosidl_typesupport_c.dir/rosidl_typesupport_c/commande_locale/msg/msg_stop_control__type_support.cpp.o[0m
[ 35%] [32mBuilding CXX object CMakeFiles/commande_locale__rosidl_typesupport_c.dir/rosidl_typesupport_c/commande_locale/msg/msg_color__type_support.cpp.o[0m
[ 36%] [32mBuilding CXX object CMakeFiles/commande_locale__rosidl_typesupport_c.dir/rosidl_typesupport_c/commande_locale/msg/msg_switch_control__type_support.cpp.o[0m
[ 36%] [32mBuilding CXX object CMakeFiles/commande_locale__rosidl_typesupport_c.dir/rosidl_typesupport_c/commande_locale/msg/msg_pin_control__type_support.cpp.o[0m
[ 37%] [32mBuilding CXX object CMakeFiles/commande_locale__rosidl_typesupport_c.dir/rosidl_typesupport_c/commande_locale/msg/msg_erreur__type_support.cpp.o[0m
[ 38%] [32mBuilding CXX object CMakeFiles/commande_locale__rosidl_typesupport_cpp.dir/rosidl_typesupport_cpp/commande_locale/srv/srv_fin_init__type_support.cpp.o[0m
[ 39%] [32mBuilding CXX object CMakeFiles/commande_locale__rosidl_typesupport_c.dir/rosidl_typesupport_c/commande_locale/msg/msg_choix_mode__type_support.cpp.o[0m
[ 40%] [32m[1mLinking CXX shared library libcommande_locale__rosidl_typesupport_c.so[0m
[ 41%] [32mBuilding CXX object CMakeFiles/commande_locale__rosidl_typesupport_cpp.dir/rosidl_typesupport_cpp/commande_locale/srv/srv_add_product_push_back__type_support.cpp.o[0m
[ 42%] [32mBuilding CXX object CMakeFiles/commande_locale__rosidl_typesupport_introspection_cpp.dir/rosidl_typesupport_introspection_cpp/commande_locale/srv/detail/srv_add_product__type_support.cpp.o[0m
[ 43%] [32mBuilding C object CMakeFiles/commande_locale__rosidl_typesupport_introspection_c.dir/rosidl_typesupport_introspection_c/commande_locale/srv/detail/srv_add_product__type_support.c.o[0m
[ 43%] Built target commande_locale__rosidl_typesupport_c
[ 43%] [32mBuilding C object CMakeFiles/commande_locale__rosidl_typesupport_introspection_c.dir/rosidl_typesupport_introspection_c/commande_locale/srv/detail/srv_fin_init__type_support.c.o[0m
[ 44%] [32mBuilding CXX object CMakeFiles/commande_locale__rosidl_typesupport_cpp.dir/rosidl_typesupport_cpp/commande_locale/msg/msg_add_product__type_support.cpp.o[0m
[ 45%] [32mBuilding C object CMakeFiles/commande_locale__rosidl_typesupport_introspection_c.dir/rosidl_typesupport_introspection_c/commande_locale/srv/detail/srv_add_product_push_back__type_support.c.o[0m
[ 46%] [32mBuilding CXX object CMakeFiles/commande_locale__rosidl_typesupport_cpp.dir/rosidl_typesupport_cpp/commande_locale/msg/msg_stop_control__type_support.cpp.o[0m
[ 47%] [32mBuilding CXX object CMakeFiles/commande_locale__rosidl_typesupport_fastrtps_cpp.dir/rosidl_typesupport_fastrtps_cpp/commande_locale/srv/detail/dds_fastrtps/srv_add_product__type_support.cpp.o[0m
[ 48%] [32mBuilding C object CMakeFiles/commande_locale__rosidl_typesupport_introspection_c.dir/rosidl_typesupport_introspection_c/commande_locale/msg/detail/msg_add_product__type_support.c.o[0m
[ 49%] [32mBuilding CXX object CMakeFiles/commande_locale__rosidl_typesupport_fastrtps_c.dir/rosidl_typesupport_fastrtps_c/commande_locale/srv/detail/srv_add_product__type_support_c.cpp.o[0m
[ 50%] [32mBuilding C object CMakeFiles/commande_locale__rosidl_typesupport_introspection_c.dir/rosidl_typesupport_introspection_c/commande_locale/msg/detail/msg_stop_control__type_support.c.o[0m
[ 50%] [32mBuilding C object CMakeFiles/commande_locale__rosidl_typesupport_introspection_c.dir/rosidl_typesupport_introspection_c/commande_locale/msg/detail/msg_color__type_support.c.o[0m
[ 50%] [32mBuilding CXX object CMakeFiles/commande_locale__rosidl_typesupport_cpp.dir/rosidl_typesupport_cpp/commande_locale/msg/msg_color__type_support.cpp.o[0m
[ 51%] [32mBuilding C object CMakeFiles/commande_locale__rosidl_typesupport_introspection_c.dir/rosidl_typesupport_introspection_c/commande_locale/msg/detail/msg_switch_control__type_support.c.o[0m
[ 52%] [32mBuilding CXX object CMakeFiles/commande_locale__rosidl_typesupport_introspection_cpp.dir/rosidl_typesupport_introspection_cpp/commande_locale/srv/detail/srv_fin_init__type_support.cpp.o[0m
[ 53%] [32mBuilding CXX object CMakeFiles/commande_locale__rosidl_typesupport_fastrtps_cpp.dir/rosidl_typesupport_fastrtps_cpp/commande_locale/srv/detail/dds_fastrtps/srv_fin_init__type_support.cpp.o[0m
[ 54%] [32mBuilding C object CMakeFiles/commande_locale__rosidl_typesupport_introspection_c.dir/rosidl_typesupport_introspection_c/commande_locale/msg/detail/msg_pin_control__type_support.c.o[0m
[ 55%] [32mBuilding C object CMakeFiles/commande_locale__rosidl_typesupport_introspection_c.dir/rosidl_typesupport_introspection_c/commande_locale/msg/detail/msg_erreur__type_support.c.o[0m
[ 56%] [32mBuilding C object CMakeFiles/commande_locale__rosidl_typesupport_introspection_c.dir/rosidl_typesupport_introspection_c/commande_locale/msg/detail/msg_choix_mode__type_support.c.o[0m
[ 57%] [32mBuilding CXX object CMakeFiles/commande_locale__rosidl_typesupport_fastrtps_cpp.dir/rosidl_typesupport_fastrtps_cpp/commande_locale/srv/detail/dds_fastrtps/srv_add_product_push_back__type_support.cpp.o[0m
[ 57%] [32mBuilding CXX object CMakeFiles/commande_locale__rosidl_typesupport_introspection_cpp.dir/rosidl_typesupport_introspection_cpp/commande_locale/srv/detail/srv_add_product_push_back__type_support.cpp.o[0m
[ 57%] [32m[1mLinking C shared library libcommande_locale__rosidl_typesupport_introspection_c.so[0m
[ 58%] [32mBuilding CXX object CMakeFiles/commande_locale__rosidl_typesupport_cpp.dir/rosidl_typesupport_cpp/commande_locale/msg/msg_switch_control__type_support.cpp.o[0m
[ 58%] Built target commande_locale__rosidl_typesupport_introspection_c
[ 59%] [32mBuilding CXX object CMakeFiles/commande_locale__rosidl_typesupport_cpp.dir/rosidl_typesupport_cpp/commande_locale/msg/msg_pin_control__type_support.cpp.o[0m
[ 60%] [32mBuilding CXX object CMakeFiles/commande_locale__rosidl_typesupport_fastrtps_c.dir/rosidl_typesupport_fastrtps_c/commande_locale/srv/detail/srv_fin_init__type_support_c.cpp.o[0m
[ 61%] [32mBuilding CXX object CMakeFiles/commande_locale__rosidl_typesupport_introspection_cpp.dir/rosidl_typesupport_introspection_cpp/commande_locale/msg/detail/msg_add_product__type_support.cpp.o[0m
[ 61%] [32mBuilding CXX object CMakeFiles/commande_locale__rosidl_typesupport_fastrtps_cpp.dir/rosidl_typesupport_fastrtps_cpp/commande_locale/msg/detail/dds_fastrtps/msg_add_product__type_support.cpp.o[0m
[ 62%] [32mBuilding CXX object CMakeFiles/commande_locale__rosidl_typesupport_introspection_cpp.dir/rosidl_typesupport_introspection_cpp/commande_locale/msg/detail/msg_stop_control__type_support.cpp.o[0m
[ 63%] [32mBuilding CXX object CMakeFiles/commande_locale__rosidl_typesupport_cpp.dir/rosidl_typesupport_cpp/commande_locale/msg/msg_erreur__type_support.cpp.o[0m
[ 63%] [32mBuilding CXX object CMakeFiles/commande_locale__rosidl_typesupport_cpp.dir/rosidl_typesupport_cpp/commande_locale/msg/msg_choix_mode__type_support.cpp.o[0m
[ 64%] [32mBuilding CXX object CMakeFiles/commande_locale__rosidl_typesupport_fastrtps_cpp.dir/rosidl_typesupport_fastrtps_cpp/commande_locale/msg/detail/dds_fastrtps/msg_stop_control__type_support.cpp.o[0m
[ 65%] [32mBuilding CXX object CMakeFiles/commande_locale__rosidl_typesupport_fastrtps_cpp.dir/rosidl_typesupport_fastrtps_cpp/commande_locale/msg/detail/dds_fastrtps/msg_color__type_support.cpp.o[0m
[ 66%] [32mBuilding CXX object CMakeFiles/commande_locale__rosidl_typesupport_introspection_cpp.dir/rosidl_typesupport_introspection_cpp/commande_locale/msg/detail/msg_color__type_support.cpp.o[0m
[ 67%] [32mBuilding CXX object CMakeFiles/commande_locale__rosidl_typesupport_introspection_cpp.dir/rosidl_typesupport_introspection_cpp/commande_locale/msg/detail/msg_switch_control__type_support.cpp.o[0m
[ 67%] [32mBuilding CXX object CMakeFiles/commande_locale__rosidl_typesupport_fastrtps_c.dir/rosidl_typesupport_fastrtps_c/commande_locale/srv/detail/srv_add_product_push_back__type_support_c.cpp.o[0m
[ 68%] [32mBuilding CXX object CMakeFiles/commande_locale__rosidl_typesupport_fastrtps_c.dir/rosidl_typesupport_fastrtps_c/commande_locale/msg/detail/msg_add_product__type_support_c.cpp.o[0m
[ 69%] [32m[1mLinking CXX shared library libcommande_locale__rosidl_typesupport_cpp.so[0m
[ 70%] [32mBuilding CXX object CMakeFiles/commande_locale__rosidl_typesupport_fastrtps_cpp.dir/rosidl_typesupport_fastrtps_cpp/commande_locale/msg/detail/dds_fastrtps/msg_switch_control__type_support.cpp.o[0m
[ 70%] Built target commande_locale__rosidl_typesupport_cpp
[ 70%] [32mBuilding CXX object CMakeFiles/commande_locale__rosidl_typesupport_introspection_cpp.dir/rosidl_typesupport_introspection_cpp/commande_locale/msg/detail/msg_pin_control__type_support.cpp.o[0m
[ 71%] [32mBuilding CXX object CMakeFiles/simulation.dir/src/commande_locale.cpp.o[0m
[ 72%] [32mBuilding CXX object CMakeFiles/commande_locale__rosidl_typesupport_fastrtps_cpp.dir/rosidl_typesupport_fastrtps_cpp/commande_locale/msg/detail/dds_fastrtps/msg_pin_control__type_support.cpp.o[0m
[ 73%] [32mBuilding CXX object CMakeFiles/commande_locale__rosidl_typesupport_fastrtps_c.dir/rosidl_typesupport_fastrtps_c/commande_locale/msg/detail/msg_stop_control__type_support_c.cpp.o[0m
[ 73%] [32mBuilding CXX object CMakeFiles/commande_locale__rosidl_typesupport_fastrtps_cpp.dir/rosidl_typesupport_fastrtps_cpp/commande_locale/msg/detail/dds_fastrtps/msg_erreur__type_support.cpp.o[0m
[ 74%] [32mBuilding CXX object CMakeFiles/commande_locale__rosidl_typesupport_fastrtps_c.dir/rosidl_typesupport_fastrtps_c/commande_locale/msg/detail/msg_color__type_support_c.cpp.o[0m
[ 75%] [32mBuilding CXX object CMakeFiles/commande_locale__rosidl_typesupport_introspection_cpp.dir/rosidl_typesupport_introspection_cpp/commande_locale/msg/detail/msg_erreur__type_support.cpp.o[0m
[ 76%] [32mBuilding CXX object CMakeFiles/commande_locale__rosidl_typesupport_fastrtps_cpp.dir/rosidl_typesupport_fastrtps_cpp/commande_locale/msg/detail/dds_fastrtps/msg_choix_mode__type_support.cpp.o[0m
[ 77%] [32mBuilding CXX object CMakeFiles/simulation.dir/src/vrepController.cpp.o[0m
[ 78%] [32mBuilding CXX object CMakeFiles/simulation.dir/src/inOutController.cpp.o[0m
[ 78%] [32mBuilding CXX object CMakeFiles/commande_locale__rosidl_typesupport_fastrtps_c.dir/rosidl_typesupport_fastrtps_c/commande_locale/msg/detail/msg_switch_control__type_support_c.cpp.o[0m
[ 79%] [32mBuilding CXX object CMakeFiles/commande_locale__rosidl_typesupport_fastrtps_c.dir/rosidl_typesupport_fastrtps_c/commande_locale/msg/detail/msg_pin_control__type_support_c.cpp.o[0m
[ 80%] [32mBuilding CXX object CMakeFiles/commande_locale__rosidl_typesupport_introspection_cpp.dir/rosidl_typesupport_introspection_cpp/commande_locale/msg/detail/msg_choix_mode__type_support.cpp.o[0m
[ 81%] [32mBuilding CXX object CMakeFiles/commande_locale__rosidl_typesupport_fastrtps_c.dir/rosidl_typesupport_fastrtps_c/commande_locale/msg/detail/msg_erreur__type_support_c.cpp.o[0m
[ 82%] [32m[1mLinking CXX shared library libcommande_locale__rosidl_typesupport_fastrtps_cpp.so[0m
[ 82%] Built target commande_locale__rosidl_typesupport_fastrtps_cpp
[ 83%] [32mBuilding CXX object CMakeFiles/commande_locale__rosidl_typesupport_fastrtps_c.dir/rosidl_typesupport_fastrtps_c/commande_locale/msg/detail/msg_choix_mode__type_support_c.cpp.o[0m
[ 84%] [32m[1mLinking CXX shared library libcommande_locale__rosidl_typesupport_introspection_cpp.so[0m
[ 84%] Built target commande_locale__rosidl_typesupport_introspection_cpp
[ 85%] [32m[1mLinking CXX shared library libcommande_locale__rosidl_typesupport_fastrtps_c.so[0m
[ 85%] Built target commande_locale__rosidl_typesupport_fastrtps_c
[ 85%] Built target commande_locale
[ 86%] [34m[1mGenerating Python code for ROS interfaces[0m
[ 86%] Built target commande_locale__py
[ 87%] [32mBuilding C object CMakeFiles/commande_locale__rosidl_generator_py.dir/rosidl_generator_py/commande_locale/srv/_srv_add_product_s.c.o[0m
[ 88%] [32mBuilding C object CMakeFiles/commande_locale__rosidl_generator_py.dir/rosidl_generator_py/commande_locale/srv/_srv_add_product_push_back_s.c.o[0m
[ 89%] [32mBuilding C object CMakeFiles/commande_locale__rosidl_generator_py.dir/rosidl_generator_py/commande_locale/msg/_msg_stop_control_s.c.o[0m
[ 90%] [32mBuilding C object CMakeFiles/commande_locale__rosidl_generator_py.dir/rosidl_generator_py/commande_locale/msg/_msg_add_product_s.c.o[0m
[ 90%] [32mBuilding C object CMakeFiles/commande_locale__rosidl_generator_py.dir/rosidl_generator_py/commande_locale/srv/_srv_fin_init_s.c.o[0m
[ 91%] [32mBuilding C object CMakeFiles/commande_locale__rosidl_generator_py.dir/rosidl_generator_py/commande_locale/msg/_msg_color_s.c.o[0m
[ 92%] [32mBuilding C object CMakeFiles/commande_locale__rosidl_generator_py.dir/rosidl_generator_py/commande_locale/msg/_msg_switch_control_s.c.o[0m
[ 92%] [32mBuilding C object CMakeFiles/commande_locale__rosidl_generator_py.dir/rosidl_generator_py/commande_locale/msg/_msg_pin_control_s.c.o[0m
[ 93%] [32mBuilding C object CMakeFiles/commande_locale__rosidl_generator_py.dir/rosidl_generator_py/commande_locale/msg/_msg_erreur_s.c.o[0m
[ 94%] [32mBuilding C object CMakeFiles/commande_locale__rosidl_generator_py.dir/rosidl_generator_py/commande_locale/msg/_msg_choix_mode_s.c.o[0m
[ 95%] [32m[1mLinking C shared library libcommande_locale__rosidl_generator_py.so[0m
[ 95%] Built target commande_locale__rosidl_generator_py
[ 97%] [32mBuilding C object CMakeFiles/commande_locale_s__rosidl_typesupport_fastrtps_c.dir/rosidl_generator_py/commande_locale/_commande_locale_s.ep.rosidl_typesupport_fastrtps_c.c.o[0m
[ 97%] [32mBuilding C object CMakeFiles/commande_locale_s__rosidl_typesupport_c.dir/rosidl_generator_py/commande_locale/_commande_locale_s.ep.rosidl_typesupport_c.c.o[0m
[ 97%] [32mBuilding C object CMakeFiles/commande_locale_s__rosidl_typesupport_introspection_c.dir/rosidl_generator_py/commande_locale/_commande_locale_s.ep.rosidl_typesupport_introspection_c.c.o[0m
[ 98%] [32m[1mLinking C shared module rosidl_generator_py/commande_locale/commande_locale_s__rosidl_typesupport_c.so[0m
[ 99%] [32m[1mLinking C shared module rosidl_generator_py/commande_locale/commande_locale_s__rosidl_typesupport_fastrtps_c.so[0m
[ 99%] [32m[1mLinking C shared module rosidl_generator_py/commande_locale/commande_locale_s__rosidl_typesupport_introspection_c.so[0m
[ 99%] Built target commande_locale_s__rosidl_typesupport_introspection_c
[ 99%] Built target commande_locale_s__rosidl_typesupport_c
[ 99%] Built target commande_locale_s__rosidl_typesupport_fastrtps_c
