[0.034s] Invoking command in '/home/user/Desktop/New_2/CoppeliaSim/build/sim_ros2_interface': CMAKE_PREFIX_PATH=${CMAKE_PREFIX_PATH}:/opt/ros/jazzy DEBUGINFOD_URLS=https://debuginfod.ubuntu.com /usr/bin/cmake /home/user/Desktop/New_2/CoppeliaSim/programming/ros2_packages/sim_ros2_interface -DAMENT_CMAKE_SYMLINK_INSTALL=1 -DCMAKE_INSTALL_PREFIX=/home/user/Desktop/New_2/CoppeliaSim/install/sim_ros2_interface
[0.065s] -- Found ament_cmake: 2.5.5 (/opt/ros/jazzy/share/ament_cmake/cmake)
[0.390s] -- Override CMake install command with custom implementation using symlinks instead of copying resources
[0.424s] -- Found ament_cmake_ros: 0.12.0 (/opt/ros/jazzy/share/ament_cmake_ros/cmake)
[0.433s] -- Found diagnostic_msgs: 5.3.6 (/opt/ros/jazzy/share/diagnostic_msgs/cmake)
[0.474s] -- Found rosidl_generator_c: 4.6.7 (/opt/ros/jazzy/share/rosidl_generator_c/cmake)
[0.485s] -- Found rosidl_generator_cpp: 4.6.7 (/opt/ros/jazzy/share/rosidl_generator_cpp/cmake)
[0.503s] -- Using all available rosidl_typesupport_c: rosidl_typesupport_fastrtps_c;rosidl_typesupport_introspection_c
[0.518s] -- Using all available rosidl_typesupport_cpp: rosidl_typesupport_fastrtps_cpp;rosidl_typesupport_introspection_cpp
[0.582s] -- Found geometry_msgs: 5.3.6 (/opt/ros/jazzy/share/geometry_msgs/cmake)
[0.598s] -- Found lifecycle_msgs: 2.0.3 (/opt/ros/jazzy/share/lifecycle_msgs/cmake)
[0.616s] -- Found map_msgs: 2.4.1 (/opt/ros/jazzy/share/map_msgs/cmake)
[0.707s] -- Found pendulum_msgs: 0.33.9 (/opt/ros/jazzy/share/pendulum_msgs/cmake)
[0.722s] -- Found rosgraph_msgs: 2.0.3 (/opt/ros/jazzy/share/rosgraph_msgs/cmake)
[0.737s] -- Found shape_msgs: 5.3.6 (/opt/ros/jazzy/share/shape_msgs/cmake)
[0.754s] -- Found stereo_msgs: 5.3.6 (/opt/ros/jazzy/share/stereo_msgs/cmake)
[0.777s] -- Found tf2_geometry_msgs: 0.36.19 (/opt/ros/jazzy/share/tf2_geometry_msgs/cmake)
[0.781s] -- Found eigen3_cmake_module: 0.3.0 (/opt/ros/jazzy/share/eigen3_cmake_module/cmake)
[0.783s] -- Ensuring Eigen3 include directory is part of orocos-kdl CMake target
[0.861s] -- Found rmw_implementation_cmake: 7.3.3 (/opt/ros/jazzy/share/rmw_implementation_cmake/cmake)
[0.865s] -- Found rmw_fastrtps_cpp: 8.4.3 (/opt/ros/jazzy/share/rmw_fastrtps_cpp/cmake)
[0.952s] -- Using RMW implementation 'rmw_fastrtps_cpp' as default
[1.106s] -- Found trajectory_msgs: 5.3.6 (/opt/ros/jazzy/share/trajectory_msgs/cmake)
[1.132s] -- Found visualization_msgs: 5.3.6 (/opt/ros/jazzy/share/visualization_msgs/cmake)
[1.164s] -- Found std_srvs: 5.3.6 (/opt/ros/jazzy/share/std_srvs/cmake)
[1.182s] -- Found example_interfaces: 0.12.0 (/opt/ros/jazzy/share/example_interfaces/cmake)
[1.204s] -- Found image_transport: 5.1.7 (/opt/ros/jazzy/share/image_transport/cmake)
[1.211s] -- CoppeliaSim: LIBPLUGIN_DIR: /home/user/Desktop/New_2/CoppeliaSim/programming/libPlugin.
[1.212s] -- CoppeliaSim: COPPELIASIM_ROOT_DIR: /home/user/Desktop/New_2/CoppeliaSim.
[1.212s] -- Found CoppeliaSim installation at /home/user/Desktop/New_2/CoppeliaSim.
[1.212s] -- Checking CoppeliaSim header version...
[1.796s] -- CoppeliaSim headers version 4.3.0 rev3
[1.821s] -- Found Boost: /usr/lib/x86_64-linux-gnu/cmake/Boost-1.83.0/BoostConfig.cmake (found version "1.83.0") found components: regex 
[1.830s] -- Found Git: /usr/bin/git (found version "2.43.0") 
[2.077s] -- Found Boost: /usr/lib/x86_64-linux-gnu/cmake/Boost-1.83.0/BoostConfig.cmake (found version "1.83.0")  
[2.078s] -- Adding simStubsGen command...
[2.278s] -- Reading plugin metadata...
[2.332s] warning: missing python package "xmlschema"; input file callbacks.xml will not be validated.
[2.389s] warning: missing python package "xmlschema"; input file callbacks.xml will not be validated.
[2.419s] -- Plugin: ROS2
[2.616s] -- Configuring done (2.6s)
[2.674s] -- Generating done (0.0s)
[2.684s] -- Build files have been written to: /home/user/Desktop/New_2/CoppeliaSim/build/sim_ros2_interface
[2.708s] Invoked command in '/home/user/Desktop/New_2/CoppeliaSim/build/sim_ros2_interface' returned '0': CMAKE_PREFIX_PATH=${CMAKE_PREFIX_PATH}:/opt/ros/jazzy DEBUGINFOD_URLS=https://debuginfod.ubuntu.com /usr/bin/cmake /home/user/Desktop/New_2/CoppeliaSim/programming/ros2_packages/sim_ros2_interface -DAMENT_CMAKE_SYMLINK_INSTALL=1 -DCMAKE_INSTALL_PREFIX=/home/user/Desktop/New_2/CoppeliaSim/install/sim_ros2_interface
[2.711s] Invoking command in '/home/user/Desktop/New_2/CoppeliaSim/build/sim_ros2_interface': CMAKE_PREFIX_PATH=${CMAKE_PREFIX_PATH}:/opt/ros/jazzy DEBUGINFOD_URLS=https://debuginfod.ubuntu.com /usr/bin/cmake --build /home/user/Desktop/New_2/CoppeliaSim/build/sim_ros2_interface -- -j4 -l4
[2.823s] [  2%] [34m[1mGenerating generated/actcli_cancelLastGoal.cpp[0m
[2.823s] [  4%] [34m[1mGenerating generated/actcli_new.cpp[0m
[2.829s] [  7%] [34m[1mGenerating generated/actcli_del.cpp[0m
[2.854s] [  9%] [34m[1mGenerating generated/actcli_sendGoal.cpp[0m
[3.255s] [ 14%] [34m[1mGenerating generated/actsrv_action_canceled.cpp[0m
[3.256s] [ 14%] [34m[1mGenerating generated/actsrv_action_abort.cpp[0m
[3.265s] [ 17%] [34m[1mGenerating generated/actsrv_action_execute.cpp[0m
[3.321s] [ 19%] [34m[1mGenerating generated/actsrv_action_is_active.cpp[0m
[3.584s] [ 21%] [34m[1mGenerating generated/actsrv_action_is_canceling.cpp[0m
[3.607s] [ 24%] [34m[1mGenerating generated/actsrv_action_is_executing.cpp[0m
[3.626s] [ 26%] [34m[1mGenerating generated/actsrv_action_publish_feedback.cpp[0m
[3.660s] [ 29%] [34m[1mGenerating generated/actsrv_action_succeed.cpp[0m
[3.926s] [ 31%] [34m[1mGenerating generated/actsrv_new.cpp[0m
[3.926s] [ 34%] [34m[1mGenerating generated/actsrv_del.cpp[0m
[3.976s] [ 36%] [34m[1mGenerating generated/callbacks.cpp[0m
[4.017s] [ 39%] [34m[1mGenerating generated/callbacks.h[0m
[4.302s] [ 41%] [34m[1mGenerating generated/cli_call.cpp[0m
[4.302s] [ 43%] [34m[1mGenerating generated/cli_del.cpp[0m
[4.327s] [ 46%] [34m[1mGenerating generated/cli_new.cpp[0m
[4.330s] [ 48%] [34m[1mGenerating generated/cli_wait.cpp[0m
[4.548s] [ 51%] [34m[1mGenerating generated/if_const.cpp[0m
[4.589s] [ 53%] [34m[1mGenerating generated/if_list.cpp[0m
[4.756s] [ 56%] [34m[1mGenerating generated/if_new.cpp[0m
[4.811s] [ 58%] [34m[1mGenerating generated/pub_del.cpp[0m
[4.896s] [ 60%] [34m[1mGenerating generated/pub_new.cpp[0m
[4.989s] [ 63%] [34m[1mGenerating generated/pub_publish.cpp[0m
[5.123s] [ 65%] [34m[1mGenerating generated/srv_del.cpp[0m
[5.143s] [ 68%] [34m[1mGenerating generated/srv_new.cpp[0m
[5.211s] [ 70%] [34m[1mGenerating generated/sub_del.cpp[0m
[5.335s] [ 73%] [34m[1mGenerating generated/sub_new.cpp[0m
[5.630s] [ 73%] Built target generate_ros_code
[5.654s] [ 75%] [34m[1mGenerating generated/stubs.cpp, generated/stubs.h, generated/plugin.h, generated/stubsPlusPlus.cpp, generated/index.json, generated/reference.html, generated/lua_calltips.cpp, generated/simROS2-typecheck.lua[0m
[5.724s] /home/user/Desktop/New_2/CoppeliaSim/programming/libPlugin/simStubsGen/generate.py --verbose --xml-file /home/user/Desktop/New_2/CoppeliaSim/programming/ros2_packages/sim_ros2_interface/meta/callbacks.xml --gen-all /home/user/Desktop/New_2/CoppeliaSim/build/sim_ros2_interface/generated --lua-file /home/user/Desktop/New_2/CoppeliaSim/programming/ros2_packages/sim_ros2_interface/simROS2.lua
[5.724s] warning: missing python package "xmlschema"; input file callbacks.xml will not be validated.
[5.727s] /usr/bin/python3 /home/user/Desktop/New_2/CoppeliaSim/programming/libPlugin/simStubsGen/generate_lua_xml.py /home/user/Desktop/New_2/CoppeliaSim/programming/ros2_packages/sim_ros2_interface/meta/callbacks.xml /home/user/Desktop/New_2/CoppeliaSim/programming/ros2_packages/sim_ros2_interface/simROS2.lua /home/user/Desktop/New_2/CoppeliaSim/build/sim_ros2_interface/generated/lua.xml
[5.774s] warning: missing python package "xmlschema"; input file callbacks.xml will not be validated.
[5.794s] /usr/bin/python3 /home/user/Desktop/New_2/CoppeliaSim/programming/libPlugin/simStubsGen/merge_xml.py /home/user/Desktop/New_2/CoppeliaSim/programming/ros2_packages/sim_ros2_interface/meta/callbacks.xml /home/user/Desktop/New_2/CoppeliaSim/build/sim_ros2_interface/generated/lua.xml /home/user/Desktop/New_2/CoppeliaSim/build/sim_ros2_interface/generated/reference.xml
[5.857s] xsltproc -o /home/user/Desktop/New_2/CoppeliaSim/build/sim_ros2_interface/generated/reference.html /home/user/Desktop/New_2/CoppeliaSim/programming/libPlugin/simStubsGen/xsl/reference.xsl /home/user/Desktop/New_2/CoppeliaSim/build/sim_ros2_interface/generated/reference.xml
[5.905s] /usr/bin/python3 /home/user/Desktop/New_2/CoppeliaSim/programming/libPlugin/simStubsGen/generate_lua_calltips.py /home/user/Desktop/New_2/CoppeliaSim/build/sim_ros2_interface/generated/lua.xml /home/user/Desktop/New_2/CoppeliaSim/build/sim_ros2_interface/generated/lua_calltips.cpp
[5.963s] warning: missing python package "xmlschema"; input file lua.xml will not be validated.
[5.981s] /usr/bin/python3 /home/user/Desktop/New_2/CoppeliaSim/programming/libPlugin/simStubsGen/generate_lua_typechecker.py /home/user/Desktop/New_2/CoppeliaSim/programming/ros2_packages/sim_ros2_interface/simROS2.lua /home/user/Desktop/New_2/CoppeliaSim/build/sim_ros2_interface/generated/lua.xml /home/user/Desktop/New_2/CoppeliaSim/build/sim_ros2_interface/generated/simROS2-typecheck.lua
[6.030s] warning: missing python package "xmlschema"; input file lua.xml will not be validated.
[6.045s] /usr/bin/python3 /home/user/Desktop/New_2/CoppeliaSim/programming/libPlugin/simStubsGen/generate_api_index.py /home/user/Desktop/New_2/CoppeliaSim/build/sim_ros2_interface/generated/reference.xml /home/user/Desktop/New_2/CoppeliaSim/build/sim_ros2_interface/generated/index.json
[6.104s] warning: missing python package "xmlschema"; input file reference.xml will not be validated.
[6.121s] /usr/bin/python3 /home/user/Desktop/New_2/CoppeliaSim/programming/libPlugin/simStubsGen/external/pycpp/pycpp.py -p xml_file=/home/user/Desktop/New_2/CoppeliaSim/programming/ros2_packages/sim_ros2_interface/meta/callbacks.xml -p have_lua_calltips=True -P /home/user/Desktop/New_2/CoppeliaSim/programming/libPlugin/simStubsGen -p lua_require=simROS2-typecheck -i /home/user/Desktop/New_2/CoppeliaSim/programming/libPlugin/simStubsGen/cpp/stubs.cpp -o /home/user/Desktop/New_2/CoppeliaSim/build/sim_ros2_interface/generated/stubs.cpp
[6.184s] warning: missing python package "xmlschema"; input file callbacks.xml will not be validated.
[6.209s] /usr/bin/python3 /home/user/Desktop/New_2/CoppeliaSim/programming/libPlugin/simStubsGen/external/pycpp/pycpp.py -p xml_file=/home/user/Desktop/New_2/CoppeliaSim/programming/ros2_packages/sim_ros2_interface/meta/callbacks.xml -p have_lua_calltips=True -P /home/user/Desktop/New_2/CoppeliaSim/programming/libPlugin/simStubsGen -p lua_require=simROS2-typecheck -i /home/user/Desktop/New_2/CoppeliaSim/programming/libPlugin/simStubsGen/cpp/stubs.h -o /home/user/Desktop/New_2/CoppeliaSim/build/sim_ros2_interface/generated/stubs.h
[6.266s] warning: missing python package "xmlschema"; input file callbacks.xml will not be validated.
[6.283s] /usr/bin/python3 /home/user/Desktop/New_2/CoppeliaSim/programming/libPlugin/simStubsGen/external/pycpp/pycpp.py -p xml_file=/home/user/Desktop/New_2/CoppeliaSim/programming/ros2_packages/sim_ros2_interface/meta/callbacks.xml -p have_lua_calltips=True -P /home/user/Desktop/New_2/CoppeliaSim/programming/libPlugin/simStubsGen -p lua_require=simROS2-typecheck -i /home/user/Desktop/New_2/CoppeliaSim/programming/libPlugin/simStubsGen/cpp/plugin.h -o /home/user/Desktop/New_2/CoppeliaSim/build/sim_ros2_interface/generated/plugin.h
[6.337s] warning: missing python package "xmlschema"; input file callbacks.xml will not be validated.
[6.354s] /usr/bin/python3 /home/user/Desktop/New_2/CoppeliaSim/programming/libPlugin/simStubsGen/external/pycpp/pycpp.py -p xml_file=/home/user/Desktop/New_2/CoppeliaSim/programming/ros2_packages/sim_ros2_interface/meta/callbacks.xml -p have_lua_calltips=True -P /home/user/Desktop/New_2/CoppeliaSim/programming/libPlugin/simStubsGen -p lua_require=simROS2-typecheck -i /home/user/Desktop/New_2/CoppeliaSim/programming/libPlugin/simStubsGen/cpp/stubsPlusPlus.cpp -o /home/user/Desktop/New_2/CoppeliaSim/build/sim_ros2_interface/generated/stubsPlusPlus.cpp
[6.412s] warning: missing python package "xmlschema"; input file callbacks.xml will not be validated.
[6.528s] [ 78%] [32mBuilding CXX object CMakeFiles/simExtROS2.dir/home/user/Desktop/New_2/CoppeliaSim/programming/libPlugin/simPlusPlus/Lib.cpp.o[0m
[6.528s] [ 80%] [32mBuilding CXX object CMakeFiles/simExtROS2.dir/home/user/Desktop/New_2/CoppeliaSim/programming/common/simLib.cpp.o[0m
[6.539s] [ 82%] [32mBuilding CXX object CMakeFiles/simExtROS2.dir/generated/stubs.cpp.o[0m
[6.544s] [ 85%] [32mBuilding CXX object CMakeFiles/simExtROS2.dir/home/user/Desktop/New_2/CoppeliaSim/programming/libPlugin/simPlusPlus/Plugin.cpp.o[0m
[7.186s] [ 87%] [32mBuilding CXX object CMakeFiles/simExtROS2.dir/home/user/Desktop/New_2/CoppeliaSim/programming/libPlugin/simPlusPlus/Handle.cpp.o[0m
[7.973s] [ 90%] [32mBuilding CXX object CMakeFiles/simExtROS2.dir/src/sim_ros2_interface.cpp.o[0m
[8.840s] [ 92%] [32mBuilding CXX object CMakeFiles/simExtROS2.dir/src/ros_msg_builtin_io.cpp.o[0m
[9.907s] [ 95%] [32mBuilding CXX object CMakeFiles/simExtROS2.dir/generated/callbacks.cpp.o[0m
[173.359s] [ 97%] [32m[1mLinking CXX shared library libsimExtROS2.so[0m
[186.417s] [100%] Built target simExtROS2
[186.447s] Invoked command in '/home/user/Desktop/New_2/CoppeliaSim/build/sim_ros2_interface' returned '0': CMAKE_PREFIX_PATH=${CMAKE_PREFIX_PATH}:/opt/ros/jazzy DEBUGINFOD_URLS=https://debuginfod.ubuntu.com /usr/bin/cmake --build /home/user/Desktop/New_2/CoppeliaSim/build/sim_ros2_interface -- -j4 -l4
[186.479s] Invoking command in '/home/user/Desktop/New_2/CoppeliaSim/build/sim_ros2_interface': CMAKE_PREFIX_PATH=${CMAKE_PREFIX_PATH}:/opt/ros/jazzy DEBUGINFOD_URLS=https://debuginfod.ubuntu.com /usr/bin/cmake --install /home/user/Desktop/New_2/CoppeliaSim/build/sim_ros2_interface
[186.497s] -- Install configuration: ""
[186.498s] -- Execute custom install script
[186.499s] -- Symlinking: /home/user/Desktop/New_2/CoppeliaSim/lua/simROS2-typecheck.lua
[186.521s] -- Symlinking: /home/user/Desktop/New_2/CoppeliaSim/lua/simROS2.lua
[186.549s] -- Symlinking: /home/user/Desktop/New_2/CoppeliaSim/helpFiles/en/simROS2.htm
[186.571s] -- Symlinking: /home/user/Desktop/New_2/CoppeliaSim/helpFiles/index/simROS2.json
[186.593s] -- Symlinking: /home/user/Desktop/New_2/CoppeliaSim/libsimExtROS2.so
[186.618s] -- Symlinking: /home/user/Desktop/New_2/CoppeliaSim/install/sim_ros2_interface/share/ament_index/resource_index/package_run_dependencies/sim_ros2_interface
[186.645s] -- Symlinking: /home/user/Desktop/New_2/CoppeliaSim/install/sim_ros2_interface/share/ament_index/resource_index/parent_prefix_path/sim_ros2_interface
[186.671s] -- Up-to-date symlink: /home/user/Desktop/New_2/CoppeliaSim/install/sim_ros2_interface/share/sim_ros2_interface/environment/ament_prefix_path.sh
[186.672s] -- Symlinking: /home/user/Desktop/New_2/CoppeliaSim/install/sim_ros2_interface/share/sim_ros2_interface/environment/ament_prefix_path.dsv
[186.691s] -- Up-to-date symlink: /home/user/Desktop/New_2/CoppeliaSim/install/sim_ros2_interface/share/sim_ros2_interface/environment/path.sh
[186.692s] -- Symlinking: /home/user/Desktop/New_2/CoppeliaSim/install/sim_ros2_interface/share/sim_ros2_interface/environment/path.dsv
[186.716s] -- Symlinking: /home/user/Desktop/New_2/CoppeliaSim/install/sim_ros2_interface/share/sim_ros2_interface/local_setup.bash
[186.733s] -- Symlinking: /home/user/Desktop/New_2/CoppeliaSim/install/sim_ros2_interface/share/sim_ros2_interface/local_setup.sh
[186.750s] -- Symlinking: /home/user/Desktop/New_2/CoppeliaSim/install/sim_ros2_interface/share/sim_ros2_interface/local_setup.zsh
[186.772s] -- Symlinking: /home/user/Desktop/New_2/CoppeliaSim/install/sim_ros2_interface/share/sim_ros2_interface/local_setup.dsv
[186.790s] -- Symlinking: /home/user/Desktop/New_2/CoppeliaSim/install/sim_ros2_interface/share/sim_ros2_interface/package.dsv
[186.821s] -- Symlinking: /home/user/Desktop/New_2/CoppeliaSim/install/sim_ros2_interface/share/ament_index/resource_index/packages/sim_ros2_interface
[186.837s] -- Symlinking: /home/user/Desktop/New_2/CoppeliaSim/install/sim_ros2_interface/share/sim_ros2_interface/cmake/sim_ros2_interfaceConfig.cmake
[186.853s] -- Symlinking: /home/user/Desktop/New_2/CoppeliaSim/install/sim_ros2_interface/share/sim_ros2_interface/cmake/sim_ros2_interfaceConfig-version.cmake
[186.868s] -- Symlinking: /home/user/Desktop/New_2/CoppeliaSim/install/sim_ros2_interface/share/sim_ros2_interface/package.xml
[186.891s] Invoked command in '/home/user/Desktop/New_2/CoppeliaSim/build/sim_ros2_interface' returned '0': CMAKE_PREFIX_PATH=${CMAKE_PREFIX_PATH}:/opt/ros/jazzy DEBUGINFOD_URLS=https://debuginfod.ubuntu.com /usr/bin/cmake --install /home/user/Desktop/New_2/CoppeliaSim/build/sim_ros2_interface
