[0.017s] Invoking command in '/home/user/celluleflexible_en_cours_ROS2/celluleflexible/ros_ws/build/robots': AMENT_PREFIX_PATH=/home/user/celluleflexible_en_cours_ROS2/celluleflexible/ros_ws/install/shuttles:/home/user/celluleflexible_en_cours_ROS2/celluleflexible/ros_ws/install/commande_locale:/home/user/celluleflexible_en_cours_ROS2/celluleflexible/ros_ws/install/aiguillages:${AMENT_PREFIX_PATH} CMAKE_PREFIX_PATH=/home/user/celluleflexible_en_cours_ROS2/celluleflexible/ros_ws/install/shuttles:/home/user/celluleflexible_en_cours_ROS2/celluleflexible/ros_ws/install/commande_locale:/home/user/celluleflexible_en_cours_ROS2/celluleflexible/ros_ws/install/aiguillages:/opt/ros/jazzy/opt/gz_math_vendor:/opt/ros/jazzy/opt/gz_utils_vendor:/opt/ros/jazzy/opt/gz_cmake_vendor:/opt/ros/jazzy DEBUGINFOD_URLS=https://debuginfod.ubuntu.com LD_LIBRARY_PATH=/home/user/celluleflexible_en_cours_ROS2/celluleflexible/ros_ws/install/shuttles/lib:/home/user/celluleflexible_en_cours_ROS2/celluleflexible/ros_ws/install/commande_locale/lib:/home/user/celluleflexible_en_cours_ROS2/celluleflexible/ros_ws/install/aiguillages/lib:${LD_LIBRARY_PATH} PYTHONPATH=/home/user/celluleflexible_en_cours_ROS2/celluleflexible/ros_ws/install/shuttles/lib/python3.12/site-packages:/home/user/celluleflexible_en_cours_ROS2/celluleflexible/ros_ws/install/commande_locale/lib/python3.12/site-packages:/home/user/celluleflexible_en_cours_ROS2/celluleflexible/ros_ws/install/aiguillages/lib/python3.12/site-packages:${PYTHONPATH} /usr/bin/cmake /home/user/celluleflexible_en_cours_ROS2/celluleflexible/ros_ws/src/robots -DCMAKE_INSTALL_PREFIX=/home/user/celluleflexible_en_cours_ROS2/celluleflexible/ros_ws/install/robots
[0.061s] -- The C compiler identification is GNU 13.3.0
[0.109s] -- The CXX compiler identification is GNU 13.3.0
[0.123s] -- Detecting C compiler ABI info
[0.195s] -- Detecting C compiler ABI info - done
[0.202s] -- Check for working C compiler: /usr/bin/cc - skipped
[0.202s] -- Detecting C compile features
[0.202s] -- Detecting C compile features - done
[0.213s] -- Detecting CXX compiler ABI info
[0.306s] -- Detecting CXX compiler ABI info - done
[0.311s] -- Check for working CXX compiler: /usr/bin/c++ - skipped
[0.311s] -- Detecting CXX compile features
[0.312s] -- Detecting CXX compile features - done
[0.313s] -- Found ament_cmake: 2.5.5 (/opt/ros/jazzy/share/ament_cmake/cmake)
[0.415s] -- Found Python3: /usr/bin/python3 (found version "3.12.3") found components: Interpreter 
[0.470s] -- Found rclcpp: 28.1.16 (/opt/ros/jazzy/share/rclcpp/cmake)
[0.489s] -- Found rosidl_generator_c: 4.6.7 (/opt/ros/jazzy/share/rosidl_generator_c/cmake)
[0.496s] -- Found rosidl_generator_cpp: 4.6.7 (/opt/ros/jazzy/share/rosidl_generator_cpp/cmake)
[0.508s] -- Using all available rosidl_typesupport_c: rosidl_typesupport_fastrtps_c;rosidl_typesupport_introspection_c
[0.517s] -- Using all available rosidl_typesupport_cpp: rosidl_typesupport_fastrtps_cpp;rosidl_typesupport_introspection_cpp
[0.556s] -- Found rmw_implementation_cmake: 7.3.3 (/opt/ros/jazzy/share/rmw_implementation_cmake/cmake)
[0.557s] -- Found rmw_fastrtps_cpp: 8.4.3 (/opt/ros/jazzy/share/rmw_fastrtps_cpp/cmake)
[0.631s] -- Found OpenSSL: /usr/lib/x86_64-linux-gnu/libcrypto.so (found version "3.0.13")  
[0.644s] -- Found FastRTPS: /opt/ros/jazzy/include (Required is at least version "2.13") 
[0.660s] -- Using RMW implementation 'rmw_fastrtps_cpp' as default
[0.699s] -- Found std_msgs: 5.3.6 (/opt/ros/jazzy/share/std_msgs/cmake)
[0.711s] -- Found sensor_msgs: 5.3.6 (/opt/ros/jazzy/share/sensor_msgs/cmake)
[0.731s] -- Found commande_locale: 3.1.2 (/home/user/celluleflexible_en_cours_ROS2/celluleflexible/ros_ws/install/commande_locale/share/commande_locale/cmake)
[0.742s] -- Found shuttles: 0.0.0 (/home/user/celluleflexible_en_cours_ROS2/celluleflexible/ros_ws/install/shuttles/share/shuttles/cmake)
[0.764s] -- Found rosidl_default_generators: 1.6.0 (/opt/ros/jazzy/share/rosidl_default_generators/cmake)
[0.771s] -- Found rosidl_adapter: 4.6.7 (/opt/ros/jazzy/share/rosidl_adapter/cmake)
[1.157s] -- Found ament_cmake_ros: 0.12.0 (/opt/ros/jazzy/share/ament_cmake_ros/cmake)
[1.643s] -- Using all available rosidl_typesupport_c: rosidl_typesupport_fastrtps_c;rosidl_typesupport_introspection_c
[1.844s] -- Using all available rosidl_typesupport_cpp: rosidl_typesupport_fastrtps_cpp;rosidl_typesupport_introspection_cpp
[1.846s] -- Found python_cmake_module: 0.11.1 (/opt/ros/jazzy/share/python_cmake_module/cmake)
[1.952s] -- Found PythonExtra: /usr/bin/python3  
[2.233s] -- Found Python3: /usr/bin/python3 (found version "3.12.3") found components: Interpreter Development NumPy Development.Module Development.Embed 
[2.266s] -- Configuring done (2.2s)
[2.292s] -- Generating done (0.0s)
[2.299s] -- Build files have been written to: /home/user/celluleflexible_en_cours_ROS2/celluleflexible/ros_ws/build/robots
[2.308s] Invoked command in '/home/user/celluleflexible_en_cours_ROS2/celluleflexible/ros_ws/build/robots' returned '0': AMENT_PREFIX_PATH=/home/user/celluleflexible_en_cours_ROS2/celluleflexible/ros_ws/install/shuttles:/home/user/celluleflexible_en_cours_ROS2/celluleflexible/ros_ws/install/commande_locale:/home/user/celluleflexible_en_cours_ROS2/celluleflexible/ros_ws/install/aiguillages:${AMENT_PREFIX_PATH} CMAKE_PREFIX_PATH=/home/user/celluleflexible_en_cours_ROS2/celluleflexible/ros_ws/install/shuttles:/home/user/celluleflexible_en_cours_ROS2/celluleflexible/ros_ws/install/commande_locale:/home/user/celluleflexible_en_cours_ROS2/celluleflexible/ros_ws/install/aiguillages:/opt/ros/jazzy/opt/gz_math_vendor:/opt/ros/jazzy/opt/gz_utils_vendor:/opt/ros/jazzy/opt/gz_cmake_vendor:/opt/ros/jazzy DEBUGINFOD_URLS=https://debuginfod.ubuntu.com LD_LIBRARY_PATH=/home/user/celluleflexible_en_cours_ROS2/celluleflexible/ros_ws/install/shuttles/lib:/home/user/celluleflexible_en_cours_ROS2/celluleflexible/ros_ws/install/commande_locale/lib:/home/user/celluleflexible_en_cours_ROS2/celluleflexible/ros_ws/install/aiguillages/lib:${LD_LIBRARY_PATH} PYTHONPATH=/home/user/celluleflexible_en_cours_ROS2/celluleflexible/ros_ws/install/shuttles/lib/python3.12/site-packages:/home/user/celluleflexible_en_cours_ROS2/celluleflexible/ros_ws/install/commande_locale/lib/python3.12/site-packages:/home/user/celluleflexible_en_cours_ROS2/celluleflexible/ros_ws/install/aiguillages/lib/python3.12/site-packages:${PYTHONPATH} /usr/bin/cmake /home/user/celluleflexible_en_cours_ROS2/celluleflexible/ros_ws/src/robots -DCMAKE_INSTALL_PREFIX=/home/user/celluleflexible_en_cours_ROS2/celluleflexible/ros_ws/install/robots
[2.309s] Invoking command in '/home/user/celluleflexible_en_cours_ROS2/celluleflexible/ros_ws/build/robots': AMENT_PREFIX_PATH=/home/user/celluleflexible_en_cours_ROS2/celluleflexible/ros_ws/install/shuttles:/home/user/celluleflexible_en_cours_ROS2/celluleflexible/ros_ws/install/commande_locale:/home/user/celluleflexible_en_cours_ROS2/celluleflexible/ros_ws/install/aiguillages:${AMENT_PREFIX_PATH} CMAKE_PREFIX_PATH=/home/user/celluleflexible_en_cours_ROS2/celluleflexible/ros_ws/install/shuttles:/home/user/celluleflexible_en_cours_ROS2/celluleflexible/ros_ws/install/commande_locale:/home/user/celluleflexible_en_cours_ROS2/celluleflexible/ros_ws/install/aiguillages:/opt/ros/jazzy/opt/gz_math_vendor:/opt/ros/jazzy/opt/gz_utils_vendor:/opt/ros/jazzy/opt/gz_cmake_vendor:/opt/ros/jazzy DEBUGINFOD_URLS=https://debuginfod.ubuntu.com LD_LIBRARY_PATH=/home/user/celluleflexible_en_cours_ROS2/celluleflexible/ros_ws/install/shuttles/lib:/home/user/celluleflexible_en_cours_ROS2/celluleflexible/ros_ws/install/commande_locale/lib:/home/user/celluleflexible_en_cours_ROS2/celluleflexible/ros_ws/install/aiguillages/lib:${LD_LIBRARY_PATH} PYTHONPATH=/home/user/celluleflexible_en_cours_ROS2/celluleflexible/ros_ws/install/shuttles/lib/python3.12/site-packages:/home/user/celluleflexible_en_cours_ROS2/celluleflexible/ros_ws/install/commande_locale/lib/python3.12/site-packages:/home/user/celluleflexible_en_cours_ROS2/celluleflexible/ros_ws/install/aiguillages/lib/python3.12/site-packages:${PYTHONPATH} /usr/bin/cmake --build /home/user/celluleflexible_en_cours_ROS2/celluleflexible/ros_ws/build/robots -- -j8 -l8
[2.365s] [  1%] [34m[1mGenerating type hashes for ROS interfaces[0m
[2.373s] [  1%] Built target ament_cmake_python_copy_robots
[2.490s] [  1%] Built target robots__rosidl_generator_type_description
[2.501s] [  3%] [34m[1mGenerating C code for ROS interfaces[0m
[2.505s] running egg_info
[2.506s] creating robots.egg-info
[2.512s] [  5%] [34m[1mGenerating C++ code for ROS interfaces[0m
[2.519s] writing robots.egg-info/PKG-INFO
[2.519s] writing dependency_links to robots.egg-info/dependency_links.txt
[2.519s] writing top-level names to robots.egg-info/top_level.txt
[2.519s] writing manifest file 'robots.egg-info/SOURCES.txt'
[2.554s] reading manifest file 'robots.egg-info/SOURCES.txt'
[2.554s] writing manifest file 'robots.egg-info/SOURCES.txt'
[2.577s] [  5%] Built target ament_cmake_python_build_robots_egg
[2.691s] [  5%] Built target robots__cpp
[2.724s] [  8%] [32mBuilding C object CMakeFiles/robots__rosidl_generator_c.dir/rosidl_generator_c/robots/msg/detail/move_robot__functions.c.o[0m
[2.724s] [  8%] [32mBuilding C object CMakeFiles/robots__rosidl_generator_c.dir/rosidl_generator_c/robots/msg/detail/move_robot__description.c.o[0m
[2.727s] [ 10%] [32mBuilding C object CMakeFiles/robots__rosidl_generator_c.dir/rosidl_generator_c/robots/msg/detail/move_robot__type_support.c.o[0m
[2.727s] [ 12%] [32mBuilding C object CMakeFiles/robots__rosidl_generator_c.dir/rosidl_generator_c/robots/msg/detail/faire_tache_msg__description.c.o[0m
[2.727s] [ 13%] [32mBuilding C object CMakeFiles/robots__rosidl_generator_c.dir/rosidl_generator_c/robots/msg/detail/faire_tache_msg__functions.c.o[0m
[2.727s] [ 15%] [32mBuilding C object CMakeFiles/robots__rosidl_generator_c.dir/rosidl_generator_c/robots/msg/detail/faire_tache_msg__type_support.c.o[0m
[2.727s] [ 17%] [32mBuilding C object CMakeFiles/robots__rosidl_generator_c.dir/rosidl_generator_c/robots/msg/detail/msg_num_robot__description.c.o[0m
[2.727s] [ 18%] [32mBuilding C object CMakeFiles/robots__rosidl_generator_c.dir/rosidl_generator_c/robots/msg/detail/msg_num_robot__functions.c.o[0m
[2.751s] [ 20%] [32mBuilding C object CMakeFiles/robots__rosidl_generator_c.dir/rosidl_generator_c/robots/msg/detail/msg_num_robot__type_support.c.o[0m
[2.777s] [ 22%] [32m[1mLinking C shared library librobots__rosidl_generator_c.so[0m
[2.820s] [ 22%] Built target robots__rosidl_generator_c
[2.833s] [ 25%] [34m[1mGenerating C++ type support dispatch for ROS interfaces[0m
[2.833s] [ 27%] [34m[1mGenerating C introspection for ROS interfaces[0m
[2.833s] [ 29%] [34m[1mGenerating C++ type support for eProsima Fast-RTPS[0m
[2.835s] [ 25%] [34m[1mGenerating C type support for eProsima Fast-RTPS[0m
[2.836s] [ 31%] [34m[1mGenerating C++ introspection for ROS interfaces[0m
[2.836s] [ 32%] [34m[1mGenerating C type support dispatch for ROS interfaces[0m
[2.978s] [ 34%] [32mBuilding CXX object CMakeFiles/robots__rosidl_typesupport_cpp.dir/rosidl_typesupport_cpp/robots/msg/faire_tache_msg__type_support.cpp.o[0m
[2.979s] [ 36%] [32mBuilding CXX object CMakeFiles/robots__rosidl_typesupport_cpp.dir/rosidl_typesupport_cpp/robots/msg/move_robot__type_support.cpp.o[0m
[2.984s] [ 37%] [32mBuilding CXX object CMakeFiles/robots__rosidl_typesupport_c.dir/rosidl_typesupport_c/robots/msg/move_robot__type_support.cpp.o[0m
[2.984s] [ 39%] [32mBuilding CXX object CMakeFiles/robots__rosidl_typesupport_c.dir/rosidl_typesupport_c/robots/msg/faire_tache_msg__type_support.cpp.o[0m
[2.992s] [ 41%] [32mBuilding C object CMakeFiles/robots__rosidl_typesupport_introspection_c.dir/rosidl_typesupport_introspection_c/robots/msg/detail/move_robot__type_support.c.o[0m
[3.013s] [ 43%] [32mBuilding CXX object CMakeFiles/robots__rosidl_typesupport_c.dir/rosidl_typesupport_c/robots/msg/msg_num_robot__type_support.cpp.o[0m
[3.014s] [ 44%] [32mBuilding CXX object CMakeFiles/robots__rosidl_typesupport_cpp.dir/rosidl_typesupport_cpp/robots/msg/msg_num_robot__type_support.cpp.o[0m
[3.015s] [ 46%] [32mBuilding CXX object CMakeFiles/robots__rosidl_typesupport_introspection_cpp.dir/rosidl_typesupport_introspection_cpp/robots/msg/detail/move_robot__type_support.cpp.o[0m
[3.019s] [ 48%] [32mBuilding C object CMakeFiles/robots__rosidl_typesupport_introspection_c.dir/rosidl_typesupport_introspection_c/robots/msg/detail/faire_tache_msg__type_support.c.o[0m
[3.024s] [ 50%] [32mBuilding CXX object CMakeFiles/robots__rosidl_typesupport_fastrtps_cpp.dir/rosidl_typesupport_fastrtps_cpp/robots/msg/detail/dds_fastrtps/move_robot__type_support.cpp.o[0m
[3.035s] [ 51%] [32mBuilding CXX object CMakeFiles/robots__rosidl_typesupport_fastrtps_c.dir/rosidl_typesupport_fastrtps_c/robots/msg/detail/move_robot__type_support_c.cpp.o[0m
[3.041s] [ 53%] [32m[1mLinking CXX shared library librobots__rosidl_typesupport_c.so[0m
[3.045s] [ 55%] [32mBuilding C object CMakeFiles/robots__rosidl_typesupport_introspection_c.dir/rosidl_typesupport_introspection_c/robots/msg/detail/msg_num_robot__type_support.c.o[0m
[3.069s] [ 56%] [32m[1mLinking C shared library librobots__rosidl_typesupport_introspection_c.so[0m
[3.070s] [ 56%] Built target robots__rosidl_typesupport_c
[3.086s] [ 58%] [32mBuilding CXX object CMakeFiles/robots__rosidl_typesupport_fastrtps_cpp.dir/rosidl_typesupport_fastrtps_cpp/robots/msg/detail/dds_fastrtps/faire_tache_msg__type_support.cpp.o[0m
[3.102s] [ 58%] Built target robots__rosidl_typesupport_introspection_c
[3.112s] [ 60%] [32mBuilding CXX object CMakeFiles/robots__rosidl_typesupport_fastrtps_cpp.dir/rosidl_typesupport_fastrtps_cpp/robots/msg/detail/dds_fastrtps/msg_num_robot__type_support.cpp.o[0m
[3.147s] [ 62%] [32mBuilding CXX object CMakeFiles/robots__rosidl_typesupport_fastrtps_c.dir/rosidl_typesupport_fastrtps_c/robots/msg/detail/faire_tache_msg__type_support_c.cpp.o[0m
[3.147s] [ 63%] [32mBuilding CXX object CMakeFiles/robots__rosidl_typesupport_fastrtps_c.dir/rosidl_typesupport_fastrtps_c/robots/msg/detail/msg_num_robot__type_support_c.cpp.o[0m
[3.186s] [ 65%] [32mBuilding CXX object CMakeFiles/robots__rosidl_typesupport_introspection_cpp.dir/rosidl_typesupport_introspection_cpp/robots/msg/detail/faire_tache_msg__type_support.cpp.o[0m
[3.200s] [ 67%] [32m[1mLinking CXX shared library librobots__rosidl_typesupport_cpp.so[0m
[3.232s] [ 67%] Built target robots__rosidl_typesupport_cpp
[3.253s] [ 68%] [32mBuilding CXX object CMakeFiles/robot.dir/src/main_robot.cpp.o[0m
[3.264s] [ 70%] [32mBuilding CXX object CMakeFiles/robot.dir/src/Robot.cpp.o[0m
[3.281s] [ 72%] [32mBuilding CXX object CMakeFiles/robot.dir/src/Poste.cpp.o[0m
[3.323s] [ 74%] [32mBuilding CXX object CMakeFiles/robots__rosidl_typesupport_introspection_cpp.dir/rosidl_typesupport_introspection_cpp/robots/msg/detail/msg_num_robot__type_support.cpp.o[0m
[3.354s] [ 75%] [32m[1mLinking CXX shared library librobots__rosidl_typesupport_fastrtps_cpp.so[0m
[3.379s] [ 77%] [32m[1mLinking CXX shared library librobots__rosidl_typesupport_fastrtps_c.so[0m
[3.405s] [ 77%] Built target robots__rosidl_typesupport_fastrtps_cpp
[3.426s] [ 77%] Built target robots__rosidl_typesupport_fastrtps_c
[3.524s] [ 79%] [32m[1mLinking CXX shared library librobots__rosidl_typesupport_introspection_cpp.so[0m
[3.569s] [ 79%] Built target robots__rosidl_typesupport_introspection_cpp
[3.592s] [ 79%] Built target robots
[3.615s] [ 81%] [34m[1mGenerating Python code for ROS interfaces[0m
[3.831s] [ 81%] Built target robots__py
[3.859s] [ 82%] [32mBuilding C object CMakeFiles/robots__rosidl_generator_py.dir/rosidl_generator_py/robots/msg/_move_robot_s.c.o[0m
[3.860s] [ 84%] [32mBuilding C object CMakeFiles/robots__rosidl_generator_py.dir/rosidl_generator_py/robots/msg/_msg_num_robot_s.c.o[0m
[3.863s] [ 86%] [32mBuilding C object CMakeFiles/robots__rosidl_generator_py.dir/rosidl_generator_py/robots/msg/_faire_tache_msg_s.c.o[0m
[3.932s] [ 87%] [32m[1mLinking C shared library librobots__rosidl_generator_py.so[0m
[3.984s] [ 87%] Built target robots__rosidl_generator_py
[4.007s] [ 93%] [32mBuilding C object CMakeFiles/robots_s__rosidl_typesupport_introspection_c.dir/rosidl_generator_py/robots/_robots_s.ep.rosidl_typesupport_introspection_c.c.o[0m
[4.007s] [ 93%] [32mBuilding C object CMakeFiles/robots_s__rosidl_typesupport_fastrtps_c.dir/rosidl_generator_py/robots/_robots_s.ep.rosidl_typesupport_fastrtps_c.c.o[0m
[4.008s] [ 93%] [32mBuilding C object CMakeFiles/robots_s__rosidl_typesupport_c.dir/rosidl_generator_py/robots/_robots_s.ep.rosidl_typesupport_c.c.o[0m
[4.095s] [ 94%] [32m[1mLinking C shared module rosidl_generator_py/robots/robots_s__rosidl_typesupport_introspection_c.so[0m
[4.096s] [ 96%] [32m[1mLinking C shared module rosidl_generator_py/robots/robots_s__rosidl_typesupport_c.so[0m
[4.103s] [ 98%] [32m[1mLinking C shared module rosidl_generator_py/robots/robots_s__rosidl_typesupport_fastrtps_c.so[0m
[4.126s] [ 98%] Built target robots_s__rosidl_typesupport_introspection_c
[4.126s] [ 98%] Built target robots_s__rosidl_typesupport_c
[4.132s] [ 98%] Built target robots_s__rosidl_typesupport_fastrtps_c
[20.627s] [100%] [32m[1mLinking CXX executable robot[0m
[21.406s] [100%] Built target robot
[21.416s] Invoked command in '/home/user/celluleflexible_en_cours_ROS2/celluleflexible/ros_ws/build/robots' returned '0': AMENT_PREFIX_PATH=/home/user/celluleflexible_en_cours_ROS2/celluleflexible/ros_ws/install/shuttles:/home/user/celluleflexible_en_cours_ROS2/celluleflexible/ros_ws/install/commande_locale:/home/user/celluleflexible_en_cours_ROS2/celluleflexible/ros_ws/install/aiguillages:${AMENT_PREFIX_PATH} CMAKE_PREFIX_PATH=/home/user/celluleflexible_en_cours_ROS2/celluleflexible/ros_ws/install/shuttles:/home/user/celluleflexible_en_cours_ROS2/celluleflexible/ros_ws/install/commande_locale:/home/user/celluleflexible_en_cours_ROS2/celluleflexible/ros_ws/install/aiguillages:/opt/ros/jazzy/opt/gz_math_vendor:/opt/ros/jazzy/opt/gz_utils_vendor:/opt/ros/jazzy/opt/gz_cmake_vendor:/opt/ros/jazzy DEBUGINFOD_URLS=https://debuginfod.ubuntu.com LD_LIBRARY_PATH=/home/user/celluleflexible_en_cours_ROS2/celluleflexible/ros_ws/install/shuttles/lib:/home/user/celluleflexible_en_cours_ROS2/celluleflexible/ros_ws/install/commande_locale/lib:/home/user/celluleflexible_en_cours_ROS2/celluleflexible/ros_ws/install/aiguillages/lib:${LD_LIBRARY_PATH} PYTHONPATH=/home/user/celluleflexible_en_cours_ROS2/celluleflexible/ros_ws/install/shuttles/lib/python3.12/site-packages:/home/user/celluleflexible_en_cours_ROS2/celluleflexible/ros_ws/install/commande_locale/lib/python3.12/site-packages:/home/user/celluleflexible_en_cours_ROS2/celluleflexible/ros_ws/install/aiguillages/lib/python3.12/site-packages:${PYTHONPATH} /usr/bin/cmake --build /home/user/celluleflexible_en_cours_ROS2/celluleflexible/ros_ws/build/robots -- -j8 -l8
[21.418s] Invoking command in '/home/user/celluleflexible_en_cours_ROS2/celluleflexible/ros_ws/build/robots': AMENT_PREFIX_PATH=/home/user/celluleflexible_en_cours_ROS2/celluleflexible/ros_ws/install/shuttles:/home/user/celluleflexible_en_cours_ROS2/celluleflexible/ros_ws/install/commande_locale:/home/user/celluleflexible_en_cours_ROS2/celluleflexible/ros_ws/install/aiguillages:${AMENT_PREFIX_PATH} CMAKE_PREFIX_PATH=/home/user/celluleflexible_en_cours_ROS2/celluleflexible/ros_ws/install/shuttles:/home/user/celluleflexible_en_cours_ROS2/celluleflexible/ros_ws/install/commande_locale:/home/user/celluleflexible_en_cours_ROS2/celluleflexible/ros_ws/install/aiguillages:/opt/ros/jazzy/opt/gz_math_vendor:/opt/ros/jazzy/opt/gz_utils_vendor:/opt/ros/jazzy/opt/gz_cmake_vendor:/opt/ros/jazzy DEBUGINFOD_URLS=https://debuginfod.ubuntu.com LD_LIBRARY_PATH=/home/user/celluleflexible_en_cours_ROS2/celluleflexible/ros_ws/install/shuttles/lib:/home/user/celluleflexible_en_cours_ROS2/celluleflexible/ros_ws/install/commande_locale/lib:/home/user/celluleflexible_en_cours_ROS2/celluleflexible/ros_ws/install/aiguillages/lib:${LD_LIBRARY_PATH} PYTHONPATH=/home/user/celluleflexible_en_cours_ROS2/celluleflexible/ros_ws/install/shuttles/lib/python3.12/site-packages:/home/user/celluleflexible_en_cours_ROS2/celluleflexible/ros_ws/install/commande_locale/lib/python3.12/site-packages:/home/user/celluleflexible_en_cours_ROS2/celluleflexible/ros_ws/install/aiguillages/lib/python3.12/site-packages:${PYTHONPATH} /usr/bin/cmake --install /home/user/celluleflexible_en_cours_ROS2/celluleflexible/ros_ws/build/robots
[21.424s] -- Install configuration: ""
[21.424s] -- Installing: /home/user/celluleflexible_en_cours_ROS2/celluleflexible/ros_ws/install/robots/share/ament_index/resource_index/rosidl_interfaces/robots
[21.424s] -- Installing: /home/user/celluleflexible_en_cours_ROS2/celluleflexible/ros_ws/install/robots/share/robots/msg/MoveRobot.json
[21.425s] -- Installing: /home/user/celluleflexible_en_cours_ROS2/celluleflexible/ros_ws/install/robots/share/robots/msg/FaireTacheMsg.json
[21.425s] -- Installing: /home/user/celluleflexible_en_cours_ROS2/celluleflexible/ros_ws/install/robots/share/robots/msg/MsgNumRobot.json
[21.425s] -- Installing: /home/user/celluleflexible_en_cours_ROS2/celluleflexible/ros_ws/install/robots/include/robots/robots
[21.425s] -- Installing: /home/user/celluleflexible_en_cours_ROS2/celluleflexible/ros_ws/install/robots/include/robots/robots/msg
[21.426s] -- Installing: /home/user/celluleflexible_en_cours_ROS2/celluleflexible/ros_ws/install/robots/include/robots/robots/msg/move_robot.h
[21.426s] -- Installing: /home/user/celluleflexible_en_cours_ROS2/celluleflexible/ros_ws/install/robots/include/robots/robots/msg/rosidl_generator_c__visibility_control.h
[21.426s] -- Installing: /home/user/celluleflexible_en_cours_ROS2/celluleflexible/ros_ws/install/robots/include/robots/robots/msg/faire_tache_msg.h
[21.426s] -- Installing: /home/user/celluleflexible_en_cours_ROS2/celluleflexible/ros_ws/install/robots/include/robots/robots/msg/msg_num_robot.h
[21.426s] -- Installing: /home/user/celluleflexible_en_cours_ROS2/celluleflexible/ros_ws/install/robots/include/robots/robots/msg/detail
[21.426s] -- Installing: /home/user/celluleflexible_en_cours_ROS2/celluleflexible/ros_ws/install/robots/include/robots/robots/msg/detail/move_robot__functions.c
[21.426s] -- Installing: /home/user/celluleflexible_en_cours_ROS2/celluleflexible/ros_ws/install/robots/include/robots/robots/msg/detail/faire_tache_msg__type_support.h
[21.426s] -- Installing: /home/user/celluleflexible_en_cours_ROS2/celluleflexible/ros_ws/install/robots/include/robots/robots/msg/detail/msg_num_robot__description.c
[21.427s] -- Installing: /home/user/celluleflexible_en_cours_ROS2/celluleflexible/ros_ws/install/robots/include/robots/robots/msg/detail/move_robot__struct.h
[21.427s] -- Installing: /home/user/celluleflexible_en_cours_ROS2/celluleflexible/ros_ws/install/robots/include/robots/robots/msg/detail/faire_tache_msg__functions.c
[21.427s] -- Installing: /home/user/celluleflexible_en_cours_ROS2/celluleflexible/ros_ws/install/robots/include/robots/robots/msg/detail/move_robot__type_support.h
[21.427s] -- Installing: /home/user/celluleflexible_en_cours_ROS2/celluleflexible/ros_ws/install/robots/include/robots/robots/msg/detail/msg_num_robot__type_support.c
[21.428s] -- Installing: /home/user/celluleflexible_en_cours_ROS2/celluleflexible/ros_ws/install/robots/include/robots/robots/msg/detail/faire_tache_msg__description.c
[21.428s] -- Installing: /home/user/celluleflexible_en_cours_ROS2/celluleflexible/ros_ws/install/robots/include/robots/robots/msg/detail/faire_tache_msg__struct.h
[21.428s] -- Installing: /home/user/celluleflexible_en_cours_ROS2/celluleflexible/ros_ws/install/robots/include/robots/robots/msg/detail/msg_num_robot__functions.h
[21.428s] -- Installing: /home/user/celluleflexible_en_cours_ROS2/celluleflexible/ros_ws/install/robots/include/robots/robots/msg/detail/move_robot__type_support.c
[21.428s] -- Installing: /home/user/celluleflexible_en_cours_ROS2/celluleflexible/ros_ws/install/robots/include/robots/robots/msg/detail/msg_num_robot__struct.h
[21.428s] -- Installing: /home/user/celluleflexible_en_cours_ROS2/celluleflexible/ros_ws/install/robots/include/robots/robots/msg/detail/msg_num_robot__type_support.h
[21.428s] -- Installing: /home/user/celluleflexible_en_cours_ROS2/celluleflexible/ros_ws/install/robots/include/robots/robots/msg/detail/faire_tache_msg__type_support.c
[21.428s] -- Installing: /home/user/celluleflexible_en_cours_ROS2/celluleflexible/ros_ws/install/robots/include/robots/robots/msg/detail/msg_num_robot__functions.c
[21.429s] -- Installing: /home/user/celluleflexible_en_cours_ROS2/celluleflexible/ros_ws/install/robots/include/robots/robots/msg/detail/move_robot__description.c
[21.429s] -- Installing: /home/user/celluleflexible_en_cours_ROS2/celluleflexible/ros_ws/install/robots/include/robots/robots/msg/detail/move_robot__functions.h
[21.429s] -- Installing: /home/user/celluleflexible_en_cours_ROS2/celluleflexible/ros_ws/install/robots/include/robots/robots/msg/detail/faire_tache_msg__functions.h
[21.429s] -- Installing: /home/user/celluleflexible_en_cours_ROS2/celluleflexible/ros_ws/install/robots/share/robots/environment/library_path.sh
[21.429s] -- Installing: /home/user/celluleflexible_en_cours_ROS2/celluleflexible/ros_ws/install/robots/share/robots/environment/library_path.dsv
[21.429s] -- Installing: /home/user/celluleflexible_en_cours_ROS2/celluleflexible/ros_ws/install/robots/lib/librobots__rosidl_generator_c.so
[21.429s] -- Set non-toolchain portion of runtime path of "/home/user/celluleflexible_en_cours_ROS2/celluleflexible/ros_ws/install/robots/lib/librobots__rosidl_generator_c.so" to ""
[21.430s] -- Up-to-date: /home/user/celluleflexible_en_cours_ROS2/celluleflexible/ros_ws/install/robots/include/robots/robots
[21.430s] -- Up-to-date: /home/user/celluleflexible_en_cours_ROS2/celluleflexible/ros_ws/install/robots/include/robots/robots/msg
[21.430s] -- Installing: /home/user/celluleflexible_en_cours_ROS2/celluleflexible/ros_ws/install/robots/include/robots/robots/msg/rosidl_typesupport_fastrtps_c__visibility_control.h
[21.430s] -- Up-to-date: /home/user/celluleflexible_en_cours_ROS2/celluleflexible/ros_ws/install/robots/include/robots/robots/msg/detail
[21.430s] -- Installing: /home/user/celluleflexible_en_cours_ROS2/celluleflexible/ros_ws/install/robots/include/robots/robots/msg/detail/move_robot__rosidl_typesupport_fastrtps_c.h
[21.430s] -- Installing: /home/user/celluleflexible_en_cours_ROS2/celluleflexible/ros_ws/install/robots/include/robots/robots/msg/detail/msg_num_robot__rosidl_typesupport_fastrtps_c.h
[21.431s] -- Installing: /home/user/celluleflexible_en_cours_ROS2/celluleflexible/ros_ws/install/robots/include/robots/robots/msg/detail/faire_tache_msg__rosidl_typesupport_fastrtps_c.h
[21.431s] -- Installing: /home/user/celluleflexible_en_cours_ROS2/celluleflexible/ros_ws/install/robots/lib/librobots__rosidl_typesupport_fastrtps_c.so
[21.431s] -- Set non-toolchain portion of runtime path of "/home/user/celluleflexible_en_cours_ROS2/celluleflexible/ros_ws/install/robots/lib/librobots__rosidl_typesupport_fastrtps_c.so" to ""
[21.431s] -- Up-to-date: /home/user/celluleflexible_en_cours_ROS2/celluleflexible/ros_ws/install/robots/include/robots/robots
[21.431s] -- Up-to-date: /home/user/celluleflexible_en_cours_ROS2/celluleflexible/ros_ws/install/robots/include/robots/robots/msg
[21.431s] -- Installing: /home/user/celluleflexible_en_cours_ROS2/celluleflexible/ros_ws/install/robots/include/robots/robots/msg/faire_tache_msg.hpp
[21.431s] -- Installing: /home/user/celluleflexible_en_cours_ROS2/celluleflexible/ros_ws/install/robots/include/robots/robots/msg/rosidl_generator_cpp__visibility_control.hpp
[21.431s] -- Installing: /home/user/celluleflexible_en_cours_ROS2/celluleflexible/ros_ws/install/robots/include/robots/robots/msg/move_robot.hpp
[21.431s] -- Installing: /home/user/celluleflexible_en_cours_ROS2/celluleflexible/ros_ws/install/robots/include/robots/robots/msg/msg_num_robot.hpp
[21.431s] -- Up-to-date: /home/user/celluleflexible_en_cours_ROS2/celluleflexible/ros_ws/install/robots/include/robots/robots/msg/detail
[21.431s] -- Installing: /home/user/celluleflexible_en_cours_ROS2/celluleflexible/ros_ws/install/robots/include/robots/robots/msg/detail/msg_num_robot__traits.hpp
[21.431s] -- Installing: /home/user/celluleflexible_en_cours_ROS2/celluleflexible/ros_ws/install/robots/include/robots/robots/msg/detail/faire_tache_msg__traits.hpp
[21.432s] -- Installing: /home/user/celluleflexible_en_cours_ROS2/celluleflexible/ros_ws/install/robots/include/robots/robots/msg/detail/faire_tache_msg__type_support.hpp
[21.432s] -- Installing: /home/user/celluleflexible_en_cours_ROS2/celluleflexible/ros_ws/install/robots/include/robots/robots/msg/detail/move_robot__type_support.hpp
[21.432s] -- Installing: /home/user/celluleflexible_en_cours_ROS2/celluleflexible/ros_ws/install/robots/include/robots/robots/msg/detail/faire_tache_msg__builder.hpp
[21.432s] -- Installing: /home/user/celluleflexible_en_cours_ROS2/celluleflexible/ros_ws/install/robots/include/robots/robots/msg/detail/move_robot__builder.hpp
[21.432s] -- Installing: /home/user/celluleflexible_en_cours_ROS2/celluleflexible/ros_ws/install/robots/include/robots/robots/msg/detail/move_robot__traits.hpp
[21.432s] -- Installing: /home/user/celluleflexible_en_cours_ROS2/celluleflexible/ros_ws/install/robots/include/robots/robots/msg/detail/msg_num_robot__struct.hpp
[21.432s] -- Installing: /home/user/celluleflexible_en_cours_ROS2/celluleflexible/ros_ws/install/robots/include/robots/robots/msg/detail/faire_tache_msg__struct.hpp
[21.433s] -- Installing: /home/user/celluleflexible_en_cours_ROS2/celluleflexible/ros_ws/install/robots/include/robots/robots/msg/detail/msg_num_robot__builder.hpp
[21.433s] -- Installing: /home/user/celluleflexible_en_cours_ROS2/celluleflexible/ros_ws/install/robots/include/robots/robots/msg/detail/move_robot__struct.hpp
[21.433s] -- Installing: /home/user/celluleflexible_en_cours_ROS2/celluleflexible/ros_ws/install/robots/include/robots/robots/msg/detail/msg_num_robot__type_support.hpp
[21.433s] -- Up-to-date: /home/user/celluleflexible_en_cours_ROS2/celluleflexible/ros_ws/install/robots/include/robots/robots
[21.433s] -- Up-to-date: /home/user/celluleflexible_en_cours_ROS2/celluleflexible/ros_ws/install/robots/include/robots/robots/msg
[21.433s] -- Up-to-date: /home/user/celluleflexible_en_cours_ROS2/celluleflexible/ros_ws/install/robots/include/robots/robots/msg/detail
[21.433s] -- Installing: /home/user/celluleflexible_en_cours_ROS2/celluleflexible/ros_ws/install/robots/include/robots/robots/msg/detail/msg_num_robot__rosidl_typesupport_fastrtps_cpp.hpp
[21.433s] -- Installing: /home/user/celluleflexible_en_cours_ROS2/celluleflexible/ros_ws/install/robots/include/robots/robots/msg/detail/faire_tache_msg__rosidl_typesupport_fastrtps_cpp.hpp
[21.433s] -- Installing: /home/user/celluleflexible_en_cours_ROS2/celluleflexible/ros_ws/install/robots/include/robots/robots/msg/detail/move_robot__rosidl_typesupport_fastrtps_cpp.hpp
[21.433s] -- Installing: /home/user/celluleflexible_en_cours_ROS2/celluleflexible/ros_ws/install/robots/include/robots/robots/msg/detail/dds_fastrtps
[21.433s] -- Installing: /home/user/celluleflexible_en_cours_ROS2/celluleflexible/ros_ws/install/robots/include/robots/robots/msg/rosidl_typesupport_fastrtps_cpp__visibility_control.h
[21.434s] -- Installing: /home/user/celluleflexible_en_cours_ROS2/celluleflexible/ros_ws/install/robots/lib/librobots__rosidl_typesupport_fastrtps_cpp.so
[21.434s] -- Set non-toolchain portion of runtime path of "/home/user/celluleflexible_en_cours_ROS2/celluleflexible/ros_ws/install/robots/lib/librobots__rosidl_typesupport_fastrtps_cpp.so" to ""
[21.434s] -- Up-to-date: /home/user/celluleflexible_en_cours_ROS2/celluleflexible/ros_ws/install/robots/include/robots/robots
[21.435s] -- Up-to-date: /home/user/celluleflexible_en_cours_ROS2/celluleflexible/ros_ws/install/robots/include/robots/robots/msg
[21.435s] -- Installing: /home/user/celluleflexible_en_cours_ROS2/celluleflexible/ros_ws/install/robots/include/robots/robots/msg/rosidl_typesupport_introspection_c__visibility_control.h
[21.435s] -- Up-to-date: /home/user/celluleflexible_en_cours_ROS2/celluleflexible/ros_ws/install/robots/include/robots/robots/msg/detail
[21.435s] -- Installing: /home/user/celluleflexible_en_cours_ROS2/celluleflexible/ros_ws/install/robots/include/robots/robots/msg/detail/faire_tache_msg__rosidl_typesupport_introspection_c.h
[21.435s] -- Installing: /home/user/celluleflexible_en_cours_ROS2/celluleflexible/ros_ws/install/robots/include/robots/robots/msg/detail/msg_num_robot__rosidl_typesupport_introspection_c.h
[21.435s] -- Up-to-date: /home/user/celluleflexible_en_cours_ROS2/celluleflexible/ros_ws/install/robots/include/robots/robots/msg/detail/msg_num_robot__type_support.c
[21.435s] -- Up-to-date: /home/user/celluleflexible_en_cours_ROS2/celluleflexible/ros_ws/install/robots/include/robots/robots/msg/detail/move_robot__type_support.c
[21.435s] -- Installing: /home/user/celluleflexible_en_cours_ROS2/celluleflexible/ros_ws/install/robots/include/robots/robots/msg/detail/move_robot__rosidl_typesupport_introspection_c.h
[21.435s] -- Up-to-date: /home/user/celluleflexible_en_cours_ROS2/celluleflexible/ros_ws/install/robots/include/robots/robots/msg/detail/faire_tache_msg__type_support.c
[21.435s] -- Installing: /home/user/celluleflexible_en_cours_ROS2/celluleflexible/ros_ws/install/robots/lib/librobots__rosidl_typesupport_introspection_c.so
[21.435s] -- Set non-toolchain portion of runtime path of "/home/user/celluleflexible_en_cours_ROS2/celluleflexible/ros_ws/install/robots/lib/librobots__rosidl_typesupport_introspection_c.so" to ""
[21.436s] -- Installing: /home/user/celluleflexible_en_cours_ROS2/celluleflexible/ros_ws/install/robots/lib/librobots__rosidl_typesupport_c.so
[21.436s] -- Set non-toolchain portion of runtime path of "/home/user/celluleflexible_en_cours_ROS2/celluleflexible/ros_ws/install/robots/lib/librobots__rosidl_typesupport_c.so" to ""
[21.436s] -- Up-to-date: /home/user/celluleflexible_en_cours_ROS2/celluleflexible/ros_ws/install/robots/include/robots/robots
[21.436s] -- Up-to-date: /home/user/celluleflexible_en_cours_ROS2/celluleflexible/ros_ws/install/robots/include/robots/robots/msg
[21.436s] -- Up-to-date: /home/user/celluleflexible_en_cours_ROS2/celluleflexible/ros_ws/install/robots/include/robots/robots/msg/detail
[21.436s] -- Installing: /home/user/celluleflexible_en_cours_ROS2/celluleflexible/ros_ws/install/robots/include/robots/robots/msg/detail/faire_tache_msg__type_support.cpp
[21.436s] -- Installing: /home/user/celluleflexible_en_cours_ROS2/celluleflexible/ros_ws/install/robots/include/robots/robots/msg/detail/msg_num_robot__type_support.cpp
[21.437s] -- Installing: /home/user/celluleflexible_en_cours_ROS2/celluleflexible/ros_ws/install/robots/include/robots/robots/msg/detail/move_robot__rosidl_typesupport_introspection_cpp.hpp
[21.437s] -- Installing: /home/user/celluleflexible_en_cours_ROS2/celluleflexible/ros_ws/install/robots/include/robots/robots/msg/detail/msg_num_robot__rosidl_typesupport_introspection_cpp.hpp
[21.437s] -- Installing: /home/user/celluleflexible_en_cours_ROS2/celluleflexible/ros_ws/install/robots/include/robots/robots/msg/detail/faire_tache_msg__rosidl_typesupport_introspection_cpp.hpp
[21.437s] -- Installing: /home/user/celluleflexible_en_cours_ROS2/celluleflexible/ros_ws/install/robots/include/robots/robots/msg/detail/move_robot__type_support.cpp
[21.437s] -- Installing: /home/user/celluleflexible_en_cours_ROS2/celluleflexible/ros_ws/install/robots/lib/librobots__rosidl_typesupport_introspection_cpp.so
[21.437s] -- Set non-toolchain portion of runtime path of "/home/user/celluleflexible_en_cours_ROS2/celluleflexible/ros_ws/install/robots/lib/librobots__rosidl_typesupport_introspection_cpp.so" to ""
[21.437s] -- Installing: /home/user/celluleflexible_en_cours_ROS2/celluleflexible/ros_ws/install/robots/lib/librobots__rosidl_typesupport_cpp.so
[21.438s] -- Set non-toolchain portion of runtime path of "/home/user/celluleflexible_en_cours_ROS2/celluleflexible/ros_ws/install/robots/lib/librobots__rosidl_typesupport_cpp.so" to ""
[21.438s] -- Installing: /home/user/celluleflexible_en_cours_ROS2/celluleflexible/ros_ws/install/robots/share/robots/environment/pythonpath.sh
[21.438s] -- Installing: /home/user/celluleflexible_en_cours_ROS2/celluleflexible/ros_ws/install/robots/share/robots/environment/pythonpath.dsv
[21.438s] -- Installing: /home/user/celluleflexible_en_cours_ROS2/celluleflexible/ros_ws/install/robots/lib/python3.12/site-packages/robots-3.1.2-py3.12.egg-info
[21.438s] -- Installing: /home/user/celluleflexible_en_cours_ROS2/celluleflexible/ros_ws/install/robots/lib/python3.12/site-packages/robots-3.1.2-py3.12.egg-info/SOURCES.txt
[21.438s] -- Installing: /home/user/celluleflexible_en_cours_ROS2/celluleflexible/ros_ws/install/robots/lib/python3.12/site-packages/robots-3.1.2-py3.12.egg-info/top_level.txt
[21.438s] -- Installing: /home/user/celluleflexible_en_cours_ROS2/celluleflexible/ros_ws/install/robots/lib/python3.12/site-packages/robots-3.1.2-py3.12.egg-info/PKG-INFO
[21.439s] -- Installing: /home/user/celluleflexible_en_cours_ROS2/celluleflexible/ros_ws/install/robots/lib/python3.12/site-packages/robots-3.1.2-py3.12.egg-info/dependency_links.txt
[21.439s] -- Installing: /home/user/celluleflexible_en_cours_ROS2/celluleflexible/ros_ws/install/robots/lib/python3.12/site-packages/robots
[21.439s] -- Installing: /home/user/celluleflexible_en_cours_ROS2/celluleflexible/ros_ws/install/robots/lib/python3.12/site-packages/robots/robots_s__rosidl_typesupport_c.so
[21.439s] -- Installing: /home/user/celluleflexible_en_cours_ROS2/celluleflexible/ros_ws/install/robots/lib/python3.12/site-packages/robots/_robots_s.ep.rosidl_typesupport_c.c
[21.439s] -- Installing: /home/user/celluleflexible_en_cours_ROS2/celluleflexible/ros_ws/install/robots/lib/python3.12/site-packages/robots/msg
[21.439s] -- Installing: /home/user/celluleflexible_en_cours_ROS2/celluleflexible/ros_ws/install/robots/lib/python3.12/site-packages/robots/msg/_move_robot_s.c
[21.439s] -- Installing: /home/user/celluleflexible_en_cours_ROS2/celluleflexible/ros_ws/install/robots/lib/python3.12/site-packages/robots/msg/_move_robot.py
[21.439s] -- Installing: /home/user/celluleflexible_en_cours_ROS2/celluleflexible/ros_ws/install/robots/lib/python3.12/site-packages/robots/msg/_msg_num_robot.py
[21.440s] -- Installing: /home/user/celluleflexible_en_cours_ROS2/celluleflexible/ros_ws/install/robots/lib/python3.12/site-packages/robots/msg/__init__.py
[21.440s] -- Installing: /home/user/celluleflexible_en_cours_ROS2/celluleflexible/ros_ws/install/robots/lib/python3.12/site-packages/robots/msg/_msg_num_robot_s.c
[21.440s] -- Installing: /home/user/celluleflexible_en_cours_ROS2/celluleflexible/ros_ws/install/robots/lib/python3.12/site-packages/robots/msg/_faire_tache_msg_s.c
[21.440s] -- Installing: /home/user/celluleflexible_en_cours_ROS2/celluleflexible/ros_ws/install/robots/lib/python3.12/site-packages/robots/msg/_faire_tache_msg.py
[21.440s] -- Installing: /home/user/celluleflexible_en_cours_ROS2/celluleflexible/ros_ws/install/robots/lib/python3.12/site-packages/robots/__init__.py
[21.440s] -- Installing: /home/user/celluleflexible_en_cours_ROS2/celluleflexible/ros_ws/install/robots/lib/python3.12/site-packages/robots/robots_s__rosidl_typesupport_introspection_c.so
[21.440s] -- Installing: /home/user/celluleflexible_en_cours_ROS2/celluleflexible/ros_ws/install/robots/lib/python3.12/site-packages/robots/_robots_s.ep.rosidl_typesupport_introspection_c.c
[21.440s] -- Installing: /home/user/celluleflexible_en_cours_ROS2/celluleflexible/ros_ws/install/robots/lib/python3.12/site-packages/robots/_robots_s.ep.rosidl_typesupport_fastrtps_c.c
[21.440s] -- Installing: /home/user/celluleflexible_en_cours_ROS2/celluleflexible/ros_ws/install/robots/lib/python3.12/site-packages/robots/robots_s__rosidl_typesupport_fastrtps_c.so
[21.465s] Listing '/home/user/celluleflexible_en_cours_ROS2/celluleflexible/ros_ws/install/robots/lib/python3.12/site-packages/robots'...
[21.465s] Compiling '/home/user/celluleflexible_en_cours_ROS2/celluleflexible/ros_ws/install/robots/lib/python3.12/site-packages/robots/__init__.py'...
[21.465s] Listing '/home/user/celluleflexible_en_cours_ROS2/celluleflexible/ros_ws/install/robots/lib/python3.12/site-packages/robots/msg'...
[21.465s] Compiling '/home/user/celluleflexible_en_cours_ROS2/celluleflexible/ros_ws/install/robots/lib/python3.12/site-packages/robots/msg/__init__.py'...
[21.465s] Compiling '/home/user/celluleflexible_en_cours_ROS2/celluleflexible/ros_ws/install/robots/lib/python3.12/site-packages/robots/msg/_faire_tache_msg.py'...
[21.465s] Compiling '/home/user/celluleflexible_en_cours_ROS2/celluleflexible/ros_ws/install/robots/lib/python3.12/site-packages/robots/msg/_move_robot.py'...
[21.465s] Compiling '/home/user/celluleflexible_en_cours_ROS2/celluleflexible/ros_ws/install/robots/lib/python3.12/site-packages/robots/msg/_msg_num_robot.py'...
[21.469s] -- Installing: /home/user/celluleflexible_en_cours_ROS2/celluleflexible/ros_ws/install/robots/lib/python3.12/site-packages/robots/robots_s__rosidl_typesupport_fastrtps_c.so
[21.469s] -- Set non-toolchain portion of runtime path of "/home/user/celluleflexible_en_cours_ROS2/celluleflexible/ros_ws/install/robots/lib/python3.12/site-packages/robots/robots_s__rosidl_typesupport_fastrtps_c.so" to ""
[21.469s] -- Installing: /home/user/celluleflexible_en_cours_ROS2/celluleflexible/ros_ws/install/robots/lib/python3.12/site-packages/robots/robots_s__rosidl_typesupport_introspection_c.so
[21.469s] -- Set non-toolchain portion of runtime path of "/home/user/celluleflexible_en_cours_ROS2/celluleflexible/ros_ws/install/robots/lib/python3.12/site-packages/robots/robots_s__rosidl_typesupport_introspection_c.so" to ""
[21.470s] -- Installing: /home/user/celluleflexible_en_cours_ROS2/celluleflexible/ros_ws/install/robots/lib/python3.12/site-packages/robots/robots_s__rosidl_typesupport_c.so
[21.470s] -- Set non-toolchain portion of runtime path of "/home/user/celluleflexible_en_cours_ROS2/celluleflexible/ros_ws/install/robots/lib/python3.12/site-packages/robots/robots_s__rosidl_typesupport_c.so" to ""
[21.470s] -- Installing: /home/user/celluleflexible_en_cours_ROS2/celluleflexible/ros_ws/install/robots/lib/librobots__rosidl_generator_py.so
[21.470s] -- Set non-toolchain portion of runtime path of "/home/user/celluleflexible_en_cours_ROS2/celluleflexible/ros_ws/install/robots/lib/librobots__rosidl_generator_py.so" to ""
[21.471s] -- Installing: /home/user/celluleflexible_en_cours_ROS2/celluleflexible/ros_ws/install/robots/share/robots/msg/MoveRobot.idl
[21.471s] -- Installing: /home/user/celluleflexible_en_cours_ROS2/celluleflexible/ros_ws/install/robots/share/robots/msg/FaireTacheMsg.idl
[21.471s] -- Installing: /home/user/celluleflexible_en_cours_ROS2/celluleflexible/ros_ws/install/robots/share/robots/msg/MsgNumRobot.idl
[21.471s] -- Installing: /home/user/celluleflexible_en_cours_ROS2/celluleflexible/ros_ws/install/robots/share/robots/msg/MoveRobot.msg
[21.471s] -- Installing: /home/user/celluleflexible_en_cours_ROS2/celluleflexible/ros_ws/install/robots/share/robots/msg/FaireTacheMsg.msg
[21.471s] -- Installing: /home/user/celluleflexible_en_cours_ROS2/celluleflexible/ros_ws/install/robots/share/robots/msg/MsgNumRobot.msg
[21.471s] -- Installing: /home/user/celluleflexible_en_cours_ROS2/celluleflexible/ros_ws/install/robots/lib/robots/robot
[21.485s] -- Set non-toolchain portion of runtime path of "/home/user/celluleflexible_en_cours_ROS2/celluleflexible/ros_ws/install/robots/lib/robots/robot" to ""
[21.485s] -- Up-to-date: /home/user/celluleflexible_en_cours_ROS2/celluleflexible/ros_ws/install/robots/share/robots
[21.485s] -- Installing: /home/user/celluleflexible_en_cours_ROS2/celluleflexible/ros_ws/install/robots/share/robots/robotsGauche.launch.py
[21.486s] -- Installing: /home/user/celluleflexible_en_cours_ROS2/celluleflexible/ros_ws/install/robots/share/robots/robotsDroite.launch.py
[21.486s] -- Installing: /home/user/celluleflexible_en_cours_ROS2/celluleflexible/ros_ws/install/robots/share/ament_index/resource_index/package_run_dependencies/robots
[21.486s] -- Installing: /home/user/celluleflexible_en_cours_ROS2/celluleflexible/ros_ws/install/robots/share/ament_index/resource_index/parent_prefix_path/robots
[21.486s] -- Installing: /home/user/celluleflexible_en_cours_ROS2/celluleflexible/ros_ws/install/robots/share/robots/environment/ament_prefix_path.sh
[21.486s] -- Installing: /home/user/celluleflexible_en_cours_ROS2/celluleflexible/ros_ws/install/robots/share/robots/environment/ament_prefix_path.dsv
[21.486s] -- Installing: /home/user/celluleflexible_en_cours_ROS2/celluleflexible/ros_ws/install/robots/share/robots/environment/path.sh
[21.486s] -- Installing: /home/user/celluleflexible_en_cours_ROS2/celluleflexible/ros_ws/install/robots/share/robots/environment/path.dsv
[21.486s] -- Installing: /home/user/celluleflexible_en_cours_ROS2/celluleflexible/ros_ws/install/robots/share/robots/local_setup.bash
[21.486s] -- Installing: /home/user/celluleflexible_en_cours_ROS2/celluleflexible/ros_ws/install/robots/share/robots/local_setup.sh
[21.486s] -- Installing: /home/user/celluleflexible_en_cours_ROS2/celluleflexible/ros_ws/install/robots/share/robots/local_setup.zsh
[21.486s] -- Installing: /home/user/celluleflexible_en_cours_ROS2/celluleflexible/ros_ws/install/robots/share/robots/local_setup.dsv
[21.486s] -- Installing: /home/user/celluleflexible_en_cours_ROS2/celluleflexible/ros_ws/install/robots/share/robots/package.dsv
[21.486s] -- Installing: /home/user/celluleflexible_en_cours_ROS2/celluleflexible/ros_ws/install/robots/share/ament_index/resource_index/packages/robots
[21.487s] -- Installing: /home/user/celluleflexible_en_cours_ROS2/celluleflexible/ros_ws/install/robots/share/robots/cmake/export_robots__rosidl_generator_cExport.cmake
[21.487s] -- Installing: /home/user/celluleflexible_en_cours_ROS2/celluleflexible/ros_ws/install/robots/share/robots/cmake/export_robots__rosidl_generator_cExport-noconfig.cmake
[21.487s] -- Installing: /home/user/celluleflexible_en_cours_ROS2/celluleflexible/ros_ws/install/robots/share/robots/cmake/export_robots__rosidl_typesupport_fastrtps_cExport.cmake
[21.487s] -- Installing: /home/user/celluleflexible_en_cours_ROS2/celluleflexible/ros_ws/install/robots/share/robots/cmake/export_robots__rosidl_typesupport_fastrtps_cExport-noconfig.cmake
[21.487s] -- Installing: /home/user/celluleflexible_en_cours_ROS2/celluleflexible/ros_ws/install/robots/share/robots/cmake/export_robots__rosidl_generator_cppExport.cmake
[21.487s] -- Installing: /home/user/celluleflexible_en_cours_ROS2/celluleflexible/ros_ws/install/robots/share/robots/cmake/export_robots__rosidl_typesupport_fastrtps_cppExport.cmake
[21.487s] -- Installing: /home/user/celluleflexible_en_cours_ROS2/celluleflexible/ros_ws/install/robots/share/robots/cmake/export_robots__rosidl_typesupport_fastrtps_cppExport-noconfig.cmake
[21.487s] -- Installing: /home/user/celluleflexible_en_cours_ROS2/celluleflexible/ros_ws/install/robots/share/robots/cmake/robots__rosidl_typesupport_introspection_cExport.cmake
[21.487s] -- Installing: /home/user/celluleflexible_en_cours_ROS2/celluleflexible/ros_ws/install/robots/share/robots/cmake/robots__rosidl_typesupport_introspection_cExport-noconfig.cmake
[21.487s] -- Installing: /home/user/celluleflexible_en_cours_ROS2/celluleflexible/ros_ws/install/robots/share/robots/cmake/robots__rosidl_typesupport_cExport.cmake
[21.487s] -- Installing: /home/user/celluleflexible_en_cours_ROS2/celluleflexible/ros_ws/install/robots/share/robots/cmake/robots__rosidl_typesupport_cExport-noconfig.cmake
[21.487s] -- Installing: /home/user/celluleflexible_en_cours_ROS2/celluleflexible/ros_ws/install/robots/share/robots/cmake/robots__rosidl_typesupport_introspection_cppExport.cmake
[21.487s] -- Installing: /home/user/celluleflexible_en_cours_ROS2/celluleflexible/ros_ws/install/robots/share/robots/cmake/robots__rosidl_typesupport_introspection_cppExport-noconfig.cmake
[21.487s] -- Installing: /home/user/celluleflexible_en_cours_ROS2/celluleflexible/ros_ws/install/robots/share/robots/cmake/robots__rosidl_typesupport_cppExport.cmake
[21.487s] -- Installing: /home/user/celluleflexible_en_cours_ROS2/celluleflexible/ros_ws/install/robots/share/robots/cmake/robots__rosidl_typesupport_cppExport-noconfig.cmake
[21.488s] -- Installing: /home/user/celluleflexible_en_cours_ROS2/celluleflexible/ros_ws/install/robots/share/robots/cmake/export_robots__rosidl_generator_pyExport.cmake
[21.488s] -- Installing: /home/user/celluleflexible_en_cours_ROS2/celluleflexible/ros_ws/install/robots/share/robots/cmake/export_robots__rosidl_generator_pyExport-noconfig.cmake
[21.488s] -- Installing: /home/user/celluleflexible_en_cours_ROS2/celluleflexible/ros_ws/install/robots/share/robots/cmake/rosidl_cmake-extras.cmake
[21.488s] -- Installing: /home/user/celluleflexible_en_cours_ROS2/celluleflexible/ros_ws/install/robots/share/robots/cmake/ament_cmake_export_dependencies-extras.cmake
[21.488s] -- Installing: /home/user/celluleflexible_en_cours_ROS2/celluleflexible/ros_ws/install/robots/share/robots/cmake/ament_cmake_export_include_directories-extras.cmake
[21.488s] -- Installing: /home/user/celluleflexible_en_cours_ROS2/celluleflexible/ros_ws/install/robots/share/robots/cmake/ament_cmake_export_libraries-extras.cmake
[21.488s] -- Installing: /home/user/celluleflexible_en_cours_ROS2/celluleflexible/ros_ws/install/robots/share/robots/cmake/ament_cmake_export_targets-extras.cmake
[21.488s] -- Installing: /home/user/celluleflexible_en_cours_ROS2/celluleflexible/ros_ws/install/robots/share/robots/cmake/rosidl_cmake_export_typesupport_targets-extras.cmake
[21.488s] -- Installing: /home/user/celluleflexible_en_cours_ROS2/celluleflexible/ros_ws/install/robots/share/robots/cmake/rosidl_cmake_export_typesupport_libraries-extras.cmake
[21.488s] -- Installing: /home/user/celluleflexible_en_cours_ROS2/celluleflexible/ros_ws/install/robots/share/robots/cmake/robotsConfig.cmake
[21.488s] -- Installing: /home/user/celluleflexible_en_cours_ROS2/celluleflexible/ros_ws/install/robots/share/robots/cmake/robotsConfig-version.cmake
[21.488s] -- Installing: /home/user/celluleflexible_en_cours_ROS2/celluleflexible/ros_ws/install/robots/share/robots/package.xml
[21.490s] Invoked command in '/home/user/celluleflexible_en_cours_ROS2/celluleflexible/ros_ws/build/robots' returned '0': AMENT_PREFIX_PATH=/home/user/celluleflexible_en_cours_ROS2/celluleflexible/ros_ws/install/shuttles:/home/user/celluleflexible_en_cours_ROS2/celluleflexible/ros_ws/install/commande_locale:/home/user/celluleflexible_en_cours_ROS2/celluleflexible/ros_ws/install/aiguillages:${AMENT_PREFIX_PATH} CMAKE_PREFIX_PATH=/home/user/celluleflexible_en_cours_ROS2/celluleflexible/ros_ws/install/shuttles:/home/user/celluleflexible_en_cours_ROS2/celluleflexible/ros_ws/install/commande_locale:/home/user/celluleflexible_en_cours_ROS2/celluleflexible/ros_ws/install/aiguillages:/opt/ros/jazzy/opt/gz_math_vendor:/opt/ros/jazzy/opt/gz_utils_vendor:/opt/ros/jazzy/opt/gz_cmake_vendor:/opt/ros/jazzy DEBUGINFOD_URLS=https://debuginfod.ubuntu.com LD_LIBRARY_PATH=/home/user/celluleflexible_en_cours_ROS2/celluleflexible/ros_ws/install/shuttles/lib:/home/user/celluleflexible_en_cours_ROS2/celluleflexible/ros_ws/install/commande_locale/lib:/home/user/celluleflexible_en_cours_ROS2/celluleflexible/ros_ws/install/aiguillages/lib:${LD_LIBRARY_PATH} PYTHONPATH=/home/user/celluleflexible_en_cours_ROS2/celluleflexible/ros_ws/install/shuttles/lib/python3.12/site-packages:/home/user/celluleflexible_en_cours_ROS2/celluleflexible/ros_ws/install/commande_locale/lib/python3.12/site-packages:/home/user/celluleflexible_en_cours_ROS2/celluleflexible/ros_ws/install/aiguillages/lib/python3.12/site-packages:${PYTHONPATH} /usr/bin/cmake --install /home/user/celluleflexible_en_cours_ROS2/celluleflexible/ros_ws/build/robots
