[0.056s] DEBUG:colcon:Command line arguments: ['/usr/bin/colcon', 'build']
[0.056s] DEBUG:colcon:Parsed command line arguments: Namespace(log_base=None, log_level=None, verb_name='build', build_base='build', install_base='install', merge_install=False, symlink_install=False, test_result_base=None, continue_on_error=False, executor='parallel', parallel_workers=8, event_handlers=None, ignore_user_meta=False, metas=['./colcon.meta'], base_paths=['.'], packages_ignore=None, packages_ignore_regex=None, paths=None, packages_up_to=None, packages_up_to_regex=None, packages_above=None, packages_above_and_dependencies=None, packages_above_depth=None, packages_select_by_dep=None, packages_skip_by_dep=None, packages_skip_up_to=None, packages_select_build_failed=False, packages_skip_build_finished=False, packages_select_test_failures=False, packages_skip_test_passed=False, packages_select=None, packages_skip=None, packages_select_regex=None, packages_skip_regex=None, packages_start=None, packages_end=None, allow_overriding=[], cmake_args=None, cmake_target=None, cmake_target_skip_unavailable=False, cmake_clean_cache=False, cmake_clean_first=False, cmake_force_configure=False, ament_cmake_args=None, catkin_cmake_args=None, catkin_skip_building_tests=False, mixin_files=None, mixin=None, verb_parser=<colcon_mixin.mixin.mixin_argument.MixinArgumentDecorator object at 0x746e7529c500>, verb_extension=<colcon_core.verb.build.BuildVerb object at 0x746e753c42f0>, main=<bound method BuildVerb.main of <colcon_core.verb.build.BuildVerb object at 0x746e753c42f0>>, mixin_verb=('build',))
[0.085s] Level 1:colcon.colcon_core.package_discovery:discover_packages(colcon_meta) check parameters
[0.085s] Level 1:colcon.colcon_core.package_discovery:discover_packages(recursive) check parameters
[0.085s] Level 1:colcon.colcon_core.package_discovery:discover_packages(ignore) check parameters
[0.085s] Level 1:colcon.colcon_core.package_discovery:discover_packages(path) check parameters
[0.085s] Level 1:colcon.colcon_core.package_discovery:discover_packages(colcon_meta) discover
[0.085s] Level 1:colcon.colcon_core.package_discovery:discover_packages(recursive) discover
[0.085s] INFO:colcon.colcon_core.package_discovery:Crawling recursively for packages in '/home/user/celluleflexible/ros_ws'
[0.085s] Level 1:colcon.colcon_core.package_identification:_identify(.) by extensions ['ignore', 'ignore_ament_install']
[0.085s] Level 1:colcon.colcon_core.package_identification:_identify(.) by extension 'ignore'
[0.085s] Level 1:colcon.colcon_core.package_identification:_identify(.) by extension 'ignore_ament_install'
[0.085s] Level 1:colcon.colcon_core.package_identification:_identify(.) by extensions ['colcon_pkg']
[0.085s] Level 1:colcon.colcon_core.package_identification:_identify(.) by extension 'colcon_pkg'
[0.085s] Level 1:colcon.colcon_core.package_identification:_identify(.) by extensions ['colcon_meta']
[0.085s] Level 1:colcon.colcon_core.package_identification:_identify(.) by extension 'colcon_meta'
[0.085s] Level 1:colcon.colcon_core.package_identification:_identify(.) by extensions ['ros']
[0.085s] Level 1:colcon.colcon_core.package_identification:_identify(.) by extension 'ros'
[0.099s] Level 1:colcon.colcon_core.package_identification:_identify(.) by extensions ['cmake', 'python']
[0.099s] Level 1:colcon.colcon_core.package_identification:_identify(.) by extension 'cmake'
[0.099s] Level 1:colcon.colcon_core.package_identification:_identify(.) by extension 'python'
[0.100s] Level 1:colcon.colcon_core.package_identification:_identify(.) by extensions ['python_setup_py']
[0.100s] Level 1:colcon.colcon_core.package_identification:_identify(.) by extension 'python_setup_py'
[0.100s] Level 1:colcon.colcon_core.package_identification:_identify(build) by extensions ['ignore', 'ignore_ament_install']
[0.100s] Level 1:colcon.colcon_core.package_identification:_identify(build) by extension 'ignore'
[0.100s] Level 1:colcon.colcon_core.package_identification:_identify(build) ignored
[0.100s] Level 1:colcon.colcon_core.package_identification:_identify(install) by extensions ['ignore', 'ignore_ament_install']
[0.100s] Level 1:colcon.colcon_core.package_identification:_identify(install) by extension 'ignore'
[0.100s] Level 1:colcon.colcon_core.package_identification:_identify(install) ignored
[0.100s] Level 1:colcon.colcon_core.package_identification:_identify(log) by extensions ['ignore', 'ignore_ament_install']
[0.100s] Level 1:colcon.colcon_core.package_identification:_identify(log) by extension 'ignore'
[0.100s] Level 1:colcon.colcon_core.package_identification:_identify(log) ignored
[0.100s] Level 1:colcon.colcon_core.package_identification:_identify(src) by extensions ['ignore', 'ignore_ament_install']
[0.100s] Level 1:colcon.colcon_core.package_identification:_identify(src) by extension 'ignore'
[0.100s] Level 1:colcon.colcon_core.package_identification:_identify(src) by extension 'ignore_ament_install'
[0.100s] Level 1:colcon.colcon_core.package_identification:_identify(src) by extensions ['colcon_pkg']
[0.100s] Level 1:colcon.colcon_core.package_identification:_identify(src) by extension 'colcon_pkg'
[0.100s] Level 1:colcon.colcon_core.package_identification:_identify(src) by extensions ['colcon_meta']
[0.100s] Level 1:colcon.colcon_core.package_identification:_identify(src) by extension 'colcon_meta'
[0.100s] Level 1:colcon.colcon_core.package_identification:_identify(src) by extensions ['ros']
[0.100s] Level 1:colcon.colcon_core.package_identification:_identify(src) by extension 'ros'
[0.100s] Level 1:colcon.colcon_core.package_identification:_identify(src) by extensions ['cmake', 'python']
[0.100s] Level 1:colcon.colcon_core.package_identification:_identify(src) by extension 'cmake'
[0.100s] Level 1:colcon.colcon_core.package_identification:_identify(src) by extension 'python'
[0.100s] Level 1:colcon.colcon_core.package_identification:_identify(src) by extensions ['python_setup_py']
[0.100s] Level 1:colcon.colcon_core.package_identification:_identify(src) by extension 'python_setup_py'
[0.100s] Level 1:colcon.colcon_core.package_identification:_identify(src/aiguillages) by extensions ['ignore', 'ignore_ament_install']
[0.100s] Level 1:colcon.colcon_core.package_identification:_identify(src/aiguillages) by extension 'ignore'
[0.100s] Level 1:colcon.colcon_core.package_identification:_identify(src/aiguillages) by extension 'ignore_ament_install'
[0.100s] Level 1:colcon.colcon_core.package_identification:_identify(src/aiguillages) by extensions ['colcon_pkg']
[0.100s] Level 1:colcon.colcon_core.package_identification:_identify(src/aiguillages) by extension 'colcon_pkg'
[0.100s] Level 1:colcon.colcon_core.package_identification:_identify(src/aiguillages) by extensions ['colcon_meta']
[0.100s] Level 1:colcon.colcon_core.package_identification:_identify(src/aiguillages) by extension 'colcon_meta'
[0.100s] Level 1:colcon.colcon_core.package_identification:_identify(src/aiguillages) by extensions ['ros']
[0.101s] Level 1:colcon.colcon_core.package_identification:_identify(src/aiguillages) by extension 'ros'
[0.102s] DEBUG:colcon.colcon_core.package_identification:Package 'src/aiguillages' with type 'ros.ament_cmake' and name 'aiguillages'
[0.102s] Level 1:colcon.colcon_core.package_identification:_identify(src/commande_locale) by extensions ['ignore', 'ignore_ament_install']
[0.102s] Level 1:colcon.colcon_core.package_identification:_identify(src/commande_locale) by extension 'ignore'
[0.102s] Level 1:colcon.colcon_core.package_identification:_identify(src/commande_locale) by extension 'ignore_ament_install'
[0.102s] Level 1:colcon.colcon_core.package_identification:_identify(src/commande_locale) by extensions ['colcon_pkg']
[0.102s] Level 1:colcon.colcon_core.package_identification:_identify(src/commande_locale) by extension 'colcon_pkg'
[0.102s] Level 1:colcon.colcon_core.package_identification:_identify(src/commande_locale) by extensions ['colcon_meta']
[0.102s] Level 1:colcon.colcon_core.package_identification:_identify(src/commande_locale) by extension 'colcon_meta'
[0.102s] Level 1:colcon.colcon_core.package_identification:_identify(src/commande_locale) by extensions ['ros']
[0.102s] Level 1:colcon.colcon_core.package_identification:_identify(src/commande_locale) by extension 'ros'
[0.103s] DEBUG:colcon.colcon_core.package_identification:Package 'src/commande_locale' with type 'ros.ament_cmake' and name 'commande_locale'
[0.103s] Level 1:colcon.colcon_core.package_discovery:discover_packages(recursive) using defaults
[0.103s] Level 1:colcon.colcon_core.package_discovery:discover_packages(ignore) discover
[0.103s] Level 1:colcon.colcon_core.package_discovery:discover_packages(ignore) using defaults
[0.103s] Level 1:colcon.colcon_core.package_discovery:discover_packages(path) discover
[0.103s] Level 1:colcon.colcon_core.package_discovery:discover_packages(path) using defaults
[0.113s] Level 1:colcon.colcon_core.package_discovery:discover_packages(prefix_path) check parameters
[0.113s] Level 1:colcon.colcon_core.package_discovery:discover_packages(prefix_path) discover
[0.114s] DEBUG:colcon.colcon_installed_package_information.package_discovery:Found 286 installed packages in /opt/ros/jazzy
[0.114s] Level 1:colcon.colcon_core.package_discovery:discover_packages(prefix_path) using defaults
[0.133s] Level 5:colcon.colcon_core.verb:set package 'aiguillages' build argument 'cmake_args' from command line to 'None'
[0.133s] Level 5:colcon.colcon_core.verb:set package 'aiguillages' build argument 'cmake_target' from command line to 'None'
[0.133s] Level 5:colcon.colcon_core.verb:set package 'aiguillages' build argument 'cmake_target_skip_unavailable' from command line to 'False'
[0.133s] Level 5:colcon.colcon_core.verb:set package 'aiguillages' build argument 'cmake_clean_cache' from command line to 'False'
[0.133s] Level 5:colcon.colcon_core.verb:set package 'aiguillages' build argument 'cmake_clean_first' from command line to 'False'
[0.133s] Level 5:colcon.colcon_core.verb:set package 'aiguillages' build argument 'cmake_force_configure' from command line to 'False'
[0.133s] Level 5:colcon.colcon_core.verb:set package 'aiguillages' build argument 'ament_cmake_args' from command line to 'None'
[0.133s] Level 5:colcon.colcon_core.verb:set package 'aiguillages' build argument 'catkin_cmake_args' from command line to 'None'
[0.133s] Level 5:colcon.colcon_core.verb:set package 'aiguillages' build argument 'catkin_skip_building_tests' from command line to 'False'
[0.133s] DEBUG:colcon.colcon_core.verb:Building package 'aiguillages' with the following arguments: {'ament_cmake_args': None, 'build_base': '/home/user/celluleflexible/ros_ws/build/aiguillages', 'catkin_cmake_args': None, 'catkin_skip_building_tests': False, 'cmake_args': None, 'cmake_clean_cache': False, 'cmake_clean_first': False, 'cmake_force_configure': False, 'cmake_target': None, 'cmake_target_skip_unavailable': False, 'install_base': '/home/user/celluleflexible/ros_ws/install/aiguillages', 'merge_install': False, 'path': '/home/user/celluleflexible/ros_ws/src/aiguillages', 'symlink_install': False, 'test_result_base': None}
[0.133s] Level 5:colcon.colcon_core.verb:set package 'commande_locale' build argument 'cmake_args' from command line to 'None'
[0.133s] Level 5:colcon.colcon_core.verb:set package 'commande_locale' build argument 'cmake_target' from command line to 'None'
[0.133s] Level 5:colcon.colcon_core.verb:set package 'commande_locale' build argument 'cmake_target_skip_unavailable' from command line to 'False'
[0.133s] Level 5:colcon.colcon_core.verb:set package 'commande_locale' build argument 'cmake_clean_cache' from command line to 'False'
[0.133s] Level 5:colcon.colcon_core.verb:set package 'commande_locale' build argument 'cmake_clean_first' from command line to 'False'
[0.133s] Level 5:colcon.colcon_core.verb:set package 'commande_locale' build argument 'cmake_force_configure' from command line to 'False'
[0.133s] Level 5:colcon.colcon_core.verb:set package 'commande_locale' build argument 'ament_cmake_args' from command line to 'None'
[0.133s] Level 5:colcon.colcon_core.verb:set package 'commande_locale' build argument 'catkin_cmake_args' from command line to 'None'
[0.133s] Level 5:colcon.colcon_core.verb:set package 'commande_locale' build argument 'catkin_skip_building_tests' from command line to 'False'
[0.133s] DEBUG:colcon.colcon_core.verb:Building package 'commande_locale' with the following arguments: {'ament_cmake_args': None, 'build_base': '/home/user/celluleflexible/ros_ws/build/commande_locale', 'catkin_cmake_args': None, 'catkin_skip_building_tests': False, 'cmake_args': None, 'cmake_clean_cache': False, 'cmake_clean_first': False, 'cmake_force_configure': False, 'cmake_target': None, 'cmake_target_skip_unavailable': False, 'install_base': '/home/user/celluleflexible/ros_ws/install/commande_locale', 'merge_install': False, 'path': '/home/user/celluleflexible/ros_ws/src/commande_locale', 'symlink_install': False, 'test_result_base': None}
[0.133s] INFO:colcon.colcon_core.executor:Executing jobs using 'parallel' executor
[0.134s] DEBUG:colcon.colcon_parallel_executor.executor.parallel:run_until_complete
[0.134s] INFO:colcon.colcon_ros.task.ament_cmake.build:Building ROS package in '/home/user/celluleflexible/ros_ws/src/aiguillages' with build type 'ament_cmake'
[0.134s] INFO:colcon.colcon_cmake.task.cmake.build:Building CMake package in '/home/user/celluleflexible/ros_ws/src/aiguillages'
[0.136s] INFO:colcon.colcon_core.plugin_system:Skipping extension 'colcon_core.shell.bat': Not used on non-Windows systems
[0.136s] INFO:colcon.colcon_core.shell:Skip shell extension 'powershell' for command environment: Not usable outside of PowerShell
[0.136s] DEBUG:colcon.colcon_core.shell:Skip shell extension 'dsv' for command environment
[0.144s] DEBUG:colcon.colcon_core.event_handler.log_command:Invoking command in '/home/user/celluleflexible/ros_ws/build/aiguillages': CMAKE_PREFIX_PATH=${CMAKE_PREFIX_PATH}:/opt/ros/jazzy DEBUGINFOD_URLS=https://debuginfod.ubuntu.com /usr/bin/cmake /home/user/celluleflexible/ros_ws/src/aiguillages -DCMAKE_INSTALL_PREFIX=/home/user/celluleflexible/ros_ws/install/aiguillages
[2.496s] DEBUG:colcon.colcon_core.event_handler.log_command:Invoked command in '/home/user/celluleflexible/ros_ws/build/aiguillages' returned '0': CMAKE_PREFIX_PATH=${CMAKE_PREFIX_PATH}:/opt/ros/jazzy DEBUGINFOD_URLS=https://debuginfod.ubuntu.com /usr/bin/cmake /home/user/celluleflexible/ros_ws/src/aiguillages -DCMAKE_INSTALL_PREFIX=/home/user/celluleflexible/ros_ws/install/aiguillages
[2.497s] DEBUG:colcon.colcon_core.event_handler.log_command:Invoking command in '/home/user/celluleflexible/ros_ws/build/aiguillages': CMAKE_PREFIX_PATH=${CMAKE_PREFIX_PATH}:/opt/ros/jazzy DEBUGINFOD_URLS=https://debuginfod.ubuntu.com /usr/bin/cmake --build /home/user/celluleflexible/ros_ws/build/aiguillages -- -j8 -l8
[10.412s] DEBUG:colcon.colcon_core.event_handler.log_command:Invoked command in '/home/user/celluleflexible/ros_ws/build/aiguillages' returned '0': CMAKE_PREFIX_PATH=${CMAKE_PREFIX_PATH}:/opt/ros/jazzy DEBUGINFOD_URLS=https://debuginfod.ubuntu.com /usr/bin/cmake --build /home/user/celluleflexible/ros_ws/build/aiguillages -- -j8 -l8
[10.431s] DEBUG:colcon.colcon_core.event_handler.log_command:Invoking command in '/home/user/celluleflexible/ros_ws/build/aiguillages': CMAKE_PREFIX_PATH=${CMAKE_PREFIX_PATH}:/opt/ros/jazzy DEBUGINFOD_URLS=https://debuginfod.ubuntu.com /usr/bin/cmake --install /home/user/celluleflexible/ros_ws/build/aiguillages
[10.476s] Level 1:colcon.colcon_core.environment:create_environment_scripts_only(aiguillages)
[10.477s] DEBUG:colcon.colcon_core.event_handler.log_command:Invoked command in '/home/user/celluleflexible/ros_ws/build/aiguillages' returned '0': CMAKE_PREFIX_PATH=${CMAKE_PREFIX_PATH}:/opt/ros/jazzy DEBUGINFOD_URLS=https://debuginfod.ubuntu.com /usr/bin/cmake --install /home/user/celluleflexible/ros_ws/build/aiguillages
[10.478s] Level 1:colcon.colcon_core.environment:checking '/home/user/celluleflexible/ros_ws/install/aiguillages' for CMake module files
[10.478s] Level 1:colcon.colcon_core.environment:checking '/home/user/celluleflexible/ros_ws/install/aiguillages' for CMake config files
[10.478s] Level 1:colcon.colcon_core.shell:create_environment_hook('aiguillages', 'cmake_prefix_path')
[10.478s] INFO:colcon.colcon_core.shell:Creating environment hook '/home/user/celluleflexible/ros_ws/install/aiguillages/share/aiguillages/hook/cmake_prefix_path.ps1'
[10.486s] INFO:colcon.colcon_core.shell:Creating environment descriptor '/home/user/celluleflexible/ros_ws/install/aiguillages/share/aiguillages/hook/cmake_prefix_path.dsv'
[10.487s] INFO:colcon.colcon_core.shell:Creating environment hook '/home/user/celluleflexible/ros_ws/install/aiguillages/share/aiguillages/hook/cmake_prefix_path.sh'
[10.487s] Level 1:colcon.colcon_core.environment:checking '/home/user/celluleflexible/ros_ws/install/aiguillages/lib'
[10.487s] Level 1:colcon.colcon_core.shell:create_environment_hook('aiguillages', 'ld_library_path_lib')
[10.487s] INFO:colcon.colcon_core.shell:Creating environment hook '/home/user/celluleflexible/ros_ws/install/aiguillages/share/aiguillages/hook/ld_library_path_lib.ps1'
[10.487s] INFO:colcon.colcon_core.shell:Creating environment descriptor '/home/user/celluleflexible/ros_ws/install/aiguillages/share/aiguillages/hook/ld_library_path_lib.dsv'
[10.487s] INFO:colcon.colcon_core.shell:Creating environment hook '/home/user/celluleflexible/ros_ws/install/aiguillages/share/aiguillages/hook/ld_library_path_lib.sh'
[10.488s] Level 1:colcon.colcon_core.environment:checking '/home/user/celluleflexible/ros_ws/install/aiguillages/bin'
[10.488s] Level 1:colcon.colcon_core.environment:checking '/home/user/celluleflexible/ros_ws/install/aiguillages/lib/pkgconfig/aiguillages.pc'
[10.488s] Level 1:colcon.colcon_core.environment:checking '/home/user/celluleflexible/ros_ws/install/aiguillages/lib/python3.12/site-packages'
[10.488s] Level 1:colcon.colcon_core.shell:create_environment_hook('aiguillages', 'pythonpath')
[10.488s] INFO:colcon.colcon_core.shell:Creating environment hook '/home/user/celluleflexible/ros_ws/install/aiguillages/share/aiguillages/hook/pythonpath.ps1'
[10.488s] INFO:colcon.colcon_core.shell:Creating environment descriptor '/home/user/celluleflexible/ros_ws/install/aiguillages/share/aiguillages/hook/pythonpath.dsv'
[10.488s] INFO:colcon.colcon_core.shell:Creating environment hook '/home/user/celluleflexible/ros_ws/install/aiguillages/share/aiguillages/hook/pythonpath.sh'
[10.488s] Level 1:colcon.colcon_core.environment:checking '/home/user/celluleflexible/ros_ws/install/aiguillages/bin'
[10.489s] INFO:colcon.colcon_core.shell:Creating package script '/home/user/celluleflexible/ros_ws/install/aiguillages/share/aiguillages/package.ps1'
[10.489s] INFO:colcon.colcon_core.shell:Creating package descriptor '/home/user/celluleflexible/ros_ws/install/aiguillages/share/aiguillages/package.dsv'
[10.489s] INFO:colcon.colcon_core.shell:Creating package script '/home/user/celluleflexible/ros_ws/install/aiguillages/share/aiguillages/package.sh'
[10.490s] INFO:colcon.colcon_core.shell:Creating package script '/home/user/celluleflexible/ros_ws/install/aiguillages/share/aiguillages/package.bash'
[10.490s] INFO:colcon.colcon_core.shell:Creating package script '/home/user/celluleflexible/ros_ws/install/aiguillages/share/aiguillages/package.zsh'
[10.490s] Level 1:colcon.colcon_core.environment:create_file_with_runtime_dependencies(/home/user/celluleflexible/ros_ws/install/aiguillages/share/colcon-core/packages/aiguillages)
[10.490s] Level 1:colcon.colcon_core.environment:create_environment_scripts_only(aiguillages)
[10.490s] Level 1:colcon.colcon_core.environment:checking '/home/user/celluleflexible/ros_ws/install/aiguillages' for CMake module files
[10.491s] Level 1:colcon.colcon_core.environment:checking '/home/user/celluleflexible/ros_ws/install/aiguillages' for CMake config files
[10.491s] Level 1:colcon.colcon_core.shell:create_environment_hook('aiguillages', 'cmake_prefix_path')
[10.491s] INFO:colcon.colcon_core.shell:Creating environment hook '/home/user/celluleflexible/ros_ws/install/aiguillages/share/aiguillages/hook/cmake_prefix_path.ps1'
[10.491s] INFO:colcon.colcon_core.shell:Creating environment descriptor '/home/user/celluleflexible/ros_ws/install/aiguillages/share/aiguillages/hook/cmake_prefix_path.dsv'
[10.492s] INFO:colcon.colcon_core.shell:Creating environment hook '/home/user/celluleflexible/ros_ws/install/aiguillages/share/aiguillages/hook/cmake_prefix_path.sh'
[10.492s] Level 1:colcon.colcon_core.environment:checking '/home/user/celluleflexible/ros_ws/install/aiguillages/lib'
[10.492s] Level 1:colcon.colcon_core.shell:create_environment_hook('aiguillages', 'ld_library_path_lib')
[10.492s] INFO:colcon.colcon_core.shell:Creating environment hook '/home/user/celluleflexible/ros_ws/install/aiguillages/share/aiguillages/hook/ld_library_path_lib.ps1'
[10.492s] INFO:colcon.colcon_core.shell:Creating environment descriptor '/home/user/celluleflexible/ros_ws/install/aiguillages/share/aiguillages/hook/ld_library_path_lib.dsv'
[10.493s] INFO:colcon.colcon_core.shell:Creating environment hook '/home/user/celluleflexible/ros_ws/install/aiguillages/share/aiguillages/hook/ld_library_path_lib.sh'
[10.493s] Level 1:colcon.colcon_core.environment:checking '/home/user/celluleflexible/ros_ws/install/aiguillages/bin'
[10.493s] Level 1:colcon.colcon_core.environment:checking '/home/user/celluleflexible/ros_ws/install/aiguillages/lib/pkgconfig/aiguillages.pc'
[10.493s] Level 1:colcon.colcon_core.environment:checking '/home/user/celluleflexible/ros_ws/install/aiguillages/lib/python3.12/site-packages'
[10.493s] Level 1:colcon.colcon_core.shell:create_environment_hook('aiguillages', 'pythonpath')
[10.494s] INFO:colcon.colcon_core.shell:Creating environment hook '/home/user/celluleflexible/ros_ws/install/aiguillages/share/aiguillages/hook/pythonpath.ps1'
[10.494s] INFO:colcon.colcon_core.shell:Creating environment descriptor '/home/user/celluleflexible/ros_ws/install/aiguillages/share/aiguillages/hook/pythonpath.dsv'
[10.494s] INFO:colcon.colcon_core.shell:Creating environment hook '/home/user/celluleflexible/ros_ws/install/aiguillages/share/aiguillages/hook/pythonpath.sh'
[10.495s] Level 1:colcon.colcon_core.environment:checking '/home/user/celluleflexible/ros_ws/install/aiguillages/bin'
[10.495s] INFO:colcon.colcon_core.shell:Creating package script '/home/user/celluleflexible/ros_ws/install/aiguillages/share/aiguillages/package.ps1'
[10.495s] INFO:colcon.colcon_core.shell:Creating package descriptor '/home/user/celluleflexible/ros_ws/install/aiguillages/share/aiguillages/package.dsv'
[10.495s] INFO:colcon.colcon_core.shell:Creating package script '/home/user/celluleflexible/ros_ws/install/aiguillages/share/aiguillages/package.sh'
[10.496s] INFO:colcon.colcon_core.shell:Creating package script '/home/user/celluleflexible/ros_ws/install/aiguillages/share/aiguillages/package.bash'
[10.496s] INFO:colcon.colcon_core.shell:Creating package script '/home/user/celluleflexible/ros_ws/install/aiguillages/share/aiguillages/package.zsh'
[10.496s] Level 1:colcon.colcon_core.environment:create_file_with_runtime_dependencies(/home/user/celluleflexible/ros_ws/install/aiguillages/share/colcon-core/packages/aiguillages)
[10.497s] INFO:colcon.colcon_ros.task.ament_cmake.build:Building ROS package in '/home/user/celluleflexible/ros_ws/src/commande_locale' with build type 'ament_cmake'
[10.497s] INFO:colcon.colcon_cmake.task.cmake.build:Building CMake package in '/home/user/celluleflexible/ros_ws/src/commande_locale'
[10.497s] INFO:colcon.colcon_core.shell:Skip shell extension 'powershell' for command environment: Not usable outside of PowerShell
[10.497s] DEBUG:colcon.colcon_core.shell:Skip shell extension 'dsv' for command environment
[10.515s] DEBUG:colcon.colcon_core.event_handler.log_command:Invoking command in '/home/user/celluleflexible/ros_ws/build/commande_locale': AMENT_PREFIX_PATH=/home/user/celluleflexible/ros_ws/install/aiguillages:${AMENT_PREFIX_PATH} CMAKE_PREFIX_PATH=/home/user/celluleflexible/ros_ws/install/aiguillages:/opt/ros/jazzy/opt/gz_math_vendor:/opt/ros/jazzy/opt/gz_utils_vendor:/opt/ros/jazzy/opt/gz_cmake_vendor:/opt/ros/jazzy DEBUGINFOD_URLS=https://debuginfod.ubuntu.com LD_LIBRARY_PATH=/home/user/celluleflexible/ros_ws/install/aiguillages/lib:${LD_LIBRARY_PATH} PYTHONPATH=/home/user/celluleflexible/ros_ws/install/aiguillages/lib/python3.12/site-packages:${PYTHONPATH} /usr/bin/cmake /home/user/celluleflexible/ros_ws/src/commande_locale -DCMAKE_INSTALL_PREFIX=/home/user/celluleflexible/ros_ws/install/commande_locale
[12.956s] DEBUG:colcon.colcon_core.event_handler.log_command:Invoked command in '/home/user/celluleflexible/ros_ws/build/commande_locale' returned '0': AMENT_PREFIX_PATH=/home/user/celluleflexible/ros_ws/install/aiguillages:${AMENT_PREFIX_PATH} CMAKE_PREFIX_PATH=/home/user/celluleflexible/ros_ws/install/aiguillages:/opt/ros/jazzy/opt/gz_math_vendor:/opt/ros/jazzy/opt/gz_utils_vendor:/opt/ros/jazzy/opt/gz_cmake_vendor:/opt/ros/jazzy DEBUGINFOD_URLS=https://debuginfod.ubuntu.com LD_LIBRARY_PATH=/home/user/celluleflexible/ros_ws/install/aiguillages/lib:${LD_LIBRARY_PATH} PYTHONPATH=/home/user/celluleflexible/ros_ws/install/aiguillages/lib/python3.12/site-packages:${PYTHONPATH} /usr/bin/cmake /home/user/celluleflexible/ros_ws/src/commande_locale -DCMAKE_INSTALL_PREFIX=/home/user/celluleflexible/ros_ws/install/commande_locale
[12.956s] DEBUG:colcon.colcon_core.event_handler.log_command:Invoking command in '/home/user/celluleflexible/ros_ws/build/commande_locale': AMENT_PREFIX_PATH=/home/user/celluleflexible/ros_ws/install/aiguillages:${AMENT_PREFIX_PATH} CMAKE_PREFIX_PATH=/home/user/celluleflexible/ros_ws/install/aiguillages:/opt/ros/jazzy/opt/gz_math_vendor:/opt/ros/jazzy/opt/gz_utils_vendor:/opt/ros/jazzy/opt/gz_cmake_vendor:/opt/ros/jazzy DEBUGINFOD_URLS=https://debuginfod.ubuntu.com LD_LIBRARY_PATH=/home/user/celluleflexible/ros_ws/install/aiguillages/lib:${LD_LIBRARY_PATH} PYTHONPATH=/home/user/celluleflexible/ros_ws/install/aiguillages/lib/python3.12/site-packages:${PYTHONPATH} /usr/bin/cmake --build /home/user/celluleflexible/ros_ws/build/commande_locale -- -j8 -l8
[24.121s] DEBUG:colcon.colcon_core.event_handler.log_command:Invoked command in '/home/user/celluleflexible/ros_ws/build/commande_locale' returned '2': AMENT_PREFIX_PATH=/home/user/celluleflexible/ros_ws/install/aiguillages:${AMENT_PREFIX_PATH} CMAKE_PREFIX_PATH=/home/user/celluleflexible/ros_ws/install/aiguillages:/opt/ros/jazzy/opt/gz_math_vendor:/opt/ros/jazzy/opt/gz_utils_vendor:/opt/ros/jazzy/opt/gz_cmake_vendor:/opt/ros/jazzy DEBUGINFOD_URLS=https://debuginfod.ubuntu.com LD_LIBRARY_PATH=/home/user/celluleflexible/ros_ws/install/aiguillages/lib:${LD_LIBRARY_PATH} PYTHONPATH=/home/user/celluleflexible/ros_ws/install/aiguillages/lib/python3.12/site-packages:${PYTHONPATH} /usr/bin/cmake --build /home/user/celluleflexible/ros_ws/build/commande_locale -- -j8 -l8
[24.123s] Level 1:colcon.colcon_core.environment:create_environment_scripts_only(commande_locale)
[24.123s] Level 1:colcon.colcon_core.environment:checking '/home/user/celluleflexible/ros_ws/install/commande_locale' for CMake module files
[24.123s] Level 1:colcon.colcon_core.environment:checking '/home/user/celluleflexible/ros_ws/install/commande_locale' for CMake config files
[24.123s] Level 1:colcon.colcon_core.environment:checking '/home/user/celluleflexible/ros_ws/install/commande_locale/bin'
[24.123s] Level 1:colcon.colcon_core.environment:checking '/home/user/celluleflexible/ros_ws/install/commande_locale/lib/pkgconfig/commande_locale.pc'
[24.123s] Level 1:colcon.colcon_core.environment:checking '/home/user/celluleflexible/ros_ws/install/commande_locale/lib/python3.12/site-packages'
[24.124s] Level 1:colcon.colcon_core.environment:checking '/home/user/celluleflexible/ros_ws/install/commande_locale/bin'
[24.124s] INFO:colcon.colcon_core.shell:Creating package script '/home/user/celluleflexible/ros_ws/install/commande_locale/share/commande_locale/package.ps1'
[24.124s] INFO:colcon.colcon_core.shell:Creating package descriptor '/home/user/celluleflexible/ros_ws/install/commande_locale/share/commande_locale/package.dsv'
[24.124s] INFO:colcon.colcon_core.shell:Creating package script '/home/user/celluleflexible/ros_ws/install/commande_locale/share/commande_locale/package.sh'
[24.124s] INFO:colcon.colcon_core.shell:Creating package script '/home/user/celluleflexible/ros_ws/install/commande_locale/share/commande_locale/package.bash'
[24.125s] INFO:colcon.colcon_core.shell:Creating package script '/home/user/celluleflexible/ros_ws/install/commande_locale/share/commande_locale/package.zsh'
[24.125s] Level 1:colcon.colcon_core.environment:create_file_with_runtime_dependencies(/home/user/celluleflexible/ros_ws/install/commande_locale/share/colcon-core/packages/commande_locale)
[24.137s] DEBUG:colcon.colcon_parallel_executor.executor.parallel:closing loop
[24.137s] DEBUG:colcon.colcon_parallel_executor.executor.parallel:loop closed
[24.137s] DEBUG:colcon.colcon_parallel_executor.executor.parallel:run_until_complete finished with '2'
[24.137s] DEBUG:colcon.colcon_core.event_reactor:joining thread
[24.143s] INFO:colcon.colcon_core.plugin_system:Skipping extension 'colcon_notification.desktop_notification.terminal_notifier': Not used on non-Darwin systems
[24.143s] INFO:colcon.colcon_core.plugin_system:Skipping extension 'colcon_notification.desktop_notification.win32': Not used on non-Windows systems
[24.143s] INFO:colcon.colcon_notification.desktop_notification:Sending desktop notification using 'notify2'
[24.163s] DEBUG:colcon.colcon_core.event_reactor:joined thread
[24.164s] INFO:colcon.colcon_core.shell:Creating prefix script '/home/user/celluleflexible/ros_ws/install/local_setup.ps1'
[24.164s] INFO:colcon.colcon_core.shell:Creating prefix util module '/home/user/celluleflexible/ros_ws/install/_local_setup_util_ps1.py'
[24.165s] INFO:colcon.colcon_core.shell:Creating prefix chain script '/home/user/celluleflexible/ros_ws/install/setup.ps1'
[24.165s] INFO:colcon.colcon_core.shell:Creating prefix script '/home/user/celluleflexible/ros_ws/install/local_setup.sh'
[24.165s] INFO:colcon.colcon_core.shell:Creating prefix util module '/home/user/celluleflexible/ros_ws/install/_local_setup_util_sh.py'
[24.166s] INFO:colcon.colcon_core.shell:Creating prefix chain script '/home/user/celluleflexible/ros_ws/install/setup.sh'
[24.166s] INFO:colcon.colcon_core.shell:Creating prefix script '/home/user/celluleflexible/ros_ws/install/local_setup.bash'
[24.166s] INFO:colcon.colcon_core.shell:Creating prefix chain script '/home/user/celluleflexible/ros_ws/install/setup.bash'
[24.167s] INFO:colcon.colcon_core.shell:Creating prefix script '/home/user/celluleflexible/ros_ws/install/local_setup.zsh'
[24.167s] INFO:colcon.colcon_core.shell:Creating prefix chain script '/home/user/celluleflexible/ros_ws/install/setup.zsh'
